FMT, 128, 89, FMT, BBnNZ, Type,Length,Name,Format,Columns
FMT, 129, 23, PARM, Nf, Name,Value
FMT, 130, 45, GPS, BIHBcLLeeEefI, Status,TimeMS,Week,NSats,HDop,Lat,Lng,RelAlt,Alt,Spd,GCrs,VZ,T
FMT, 131, 31, IMU, Iffffff, TimeMS,GyrX,GyrY,GyrZ,AccX,AccY,AccZ
FMT, 132, 67, MSG, Z, Message
FMT, 133, 35, RCIN, Ihhhhhhhhhhhhhh, TimeMS,C1,C2,C3,C4,C5,C6,C7,C8,C9,C10,C11,C12,C13,C14
FMT, 134, 23, RCOU, Ihhhhhhhh, TimeMS,Chan1,Chan2,Chan3,Chan4,Chan5,Chan6,Chan7,Chan8
FMT, 136, 21, BARO, Iffcf, TimeMS,Alt,Press,Temp,CRt
FMT, 137, 13, POWR, ICCH, TimeMS,Vcc,VServo,Flags
FMT, 145, 41, CMD, IHHHfffffff, TimeMS,CTot,CNum,CId,Prm1,Prm2,Prm3,Prm4,Lat,Lng,Alt
FMT, 146, 16, RAD, IBBBBBHH, TimeMS,RSSI,RemRSSI,TxBuf,Noise,RemNoise,RxErrors,Fixed
FMT, 148, 31, CAM, IHLLeeccC, GPSTime,GPSWeek,Lat,Lng,Alt,RelAlt,Roll,Pitch,Yaw
FMT, 25, 25, ATUN, BBfffff, Axis,TuneStep,RateMin,RateMax,RPGain,RDGain,SPGain
FMT, 26, 9, ATDE, cf, Angle,Rate
FMT, 9, 23, CURR, IhIhhhf, TimeMS,ThrOut,ThrInt,Volt,Curr,Vcc,CurrTot
FMT, 12, 20, OF, hhBccee, Dx,Dy,SQual,X,Y,Roll,Pitch
FMT, 5, 47, NTUN, Iffffffffff, TimeMS,DPosX,DPosY,PosX,PosY,DVelX,DVelY,VelX,VelY,DAccX,DAccY
FMT, 4, 33, CTUN, Ihhhffecchh, TimeMS,ThrIn,AngBst,ThrOut,DAlt,Alt,BarAlt,DSAlt,SAlt,DCRt,CRt
FMT, 15, 25, MAG, Ihhhhhhhhh, TimeMS,MagX,MagY,MagZ,OfsX,OfsY,OfsZ,MOfsX,MOfsY,MOfsZ
FMT, 6, 17, PM, HHIhBHB, NLon,NLoop,MaxT,PMT,I2CErr,INSErr,INAVErr
FMT, 1, 23, ATT, IccccCCCC, TimeMS,DesRoll,Roll,DesPitch,Pitch,DesYaw,Yaw,ErrRP,ErrYaw
FMT, 3, 6, MODE, Mh, Mode,ThrCrs
FMT, 10, 3, STRT, , 
FMT, 13, 4, EV, B, Id
FMT, 20, 6, D16, Bh, Id,Value
FMT, 21, 6, DU16, BH, Id,Value
FMT, 22, 8, D32, Bi, Id,Value
FMT, 23, 8, DU32, BI, Id,Value
FMT, 24, 8, DFLT, Bf, Id,Value
FMT, 19, 5, ERR, BB, Subsys,ECode
PARM, SYSID_SW_MREV, 120
PARM, SYSID_SW_TYPE, 10
PARM, SYSID_THISMAV, 1
PARM, SYSID_MYGCS, 255
PARM, SERIAL0_BAUD, 115
PARM, SERIAL1_BAUD, 57
PARM, TELEM_DELAY, 0
PARM, RTL_ALT, 1500
PARM, RNGFND_GAIN, 0.8
PARM, FS_BATT_ENABLE, 0
PARM, FS_BATT_VOLTAGE, 10.5
PARM, FS_BATT_MAH, 0
PARM, FS_GPS_ENABLE, 1
PARM, FS_GCS_ENABLE, 1
PARM, GPS_HDOP_GOOD, 230
PARM, MAG_ENABLE, 1
PARM, FLOW_ENABLE, 0
PARM, SUPER_SIMPLE, 0
PARM, RTL_ALT_FINAL, 0
PARM, RSSI_PIN, -1
PARM, RSSI_RANGE, 5
PARM, WP_YAW_BEHAVIOR, 2
PARM, RTL_LOIT_TIME, 5000
PARM, LAND_SPEED, 50
PARM, PILOT_VELZ_MAX, 250
PARM, PILOT_ACCEL_Z, 250
PARM, THR_MIN, 130
PARM, THR_MAX, 1000
PARM, FS_THR_ENABLE, 0
PARM, FS_THR_VALUE, 975
PARM, TRIM_THROTTLE, 450
PARM, THR_MID, 500
PARM, THR_DZ, 100
PARM, FLTMODE1, 0
PARM, FLTMODE2, 0
PARM, FLTMODE3, 0
PARM, FLTMODE4, 0
PARM, FLTMODE5, 0
PARM, FLTMODE6, 0
PARM, SIMPLE, 0
PARM, LOG_BITMASK, 894
PARM, ESC, 0
PARM, TUNE, 0
PARM, TUNE_LOW, 0
PARM, TUNE_HIGH, 1000
PARM, FRAME, 1
PARM, CH7_OPT, 0
PARM, CH8_OPT, 0
PARM, ARMING_CHECK, 0
PARM, ANGLE_MAX, 4500
PARM, RC_FEEL_RP, 100
PARM, PHLD_BRAKE_RATE, 8
PARM, PHLD_BRAKE_ANGLE, 3000
PARM, LAND_REPOSITION, 1
PARM, EKF_CHECK_THRESH, 0.8
PARM, DCM_CHECK_THRESH, 0.8
PARM, RC1_MIN, 1100
PARM, RC1_TRIM, 900
PARM, RC1_MAX, 1900
PARM, RC1_REV, 1
PARM, RC1_DZ, 30
PARM, RC2_MIN, 1100
PARM, RC2_TRIM, 900
PARM, RC2_MAX, 1900
PARM, RC2_REV, 1
PARM, RC2_DZ, 30
PARM, RC3_MIN, 1100
PARM, RC3_TRIM, 900
PARM, RC3_MAX, 1900
PARM, RC3_REV, 1
PARM, RC3_DZ, 30
PARM, RC4_MIN, 1100
PARM, RC4_TRIM, 900
PARM, RC4_MAX, 1900
PARM, RC4_REV, 1
PARM, RC4_DZ, 40
PARM, RC5_MIN, 1100
PARM, RC5_TRIM, 900
PARM, RC5_MAX, 1900
PARM, RC5_REV, 1
PARM, RC5_DZ, 0
PARM, RC5_FUNCTION, 0
PARM, RC6_MIN, 1100
PARM, RC6_TRIM, 900
PARM, RC6_MAX, 1900
PARM, RC6_REV, 1
PARM, RC6_DZ, 0
PARM, RC6_FUNCTION, 0
PARM, RC7_MIN, 1100
PARM, RC7_TRIM, 900
PARM, RC7_MAX, 1900
PARM, RC7_REV, 1
PARM, RC7_DZ, 0
PARM, RC7_FUNCTION, 0
PARM, RC8_MIN, 1100
PARM, RC8_TRIM, 900
PARM, RC8_MAX, 1900
PARM, RC8_REV, 1
PARM, RC8_DZ, 0
PARM, RC8_FUNCTION, 0
PARM, RC10_MIN, 1100
PARM, RC10_TRIM, 0
PARM, RC10_MAX, 1900
PARM, RC10_REV, 1
PARM, RC10_DZ, 0
PARM, RC10_FUNCTION, 0
PARM, RC11_MIN, 1100
PARM, RC11_TRIM, 0
PARM, RC11_MAX, 1900
PARM, RC11_REV, 1
PARM, RC11_DZ, 0
PARM, RC11_FUNCTION, 0
PARM, RC_SPEED, 490
PARM, ACRO_RP_P, 4.5
PARM, ACRO_YAW_P, 4.5
PARM, ACRO_BAL_ROLL, 1
PARM, ACRO_BAL_PITCH, 1
PARM, ACRO_TRAINER, 2
PARM, ACRO_EXPO, 0.3
PARM, RATE_RLL_P, 0.15
PARM, RATE_RLL_I, 0.1
PARM, RATE_RLL_D, 0.004
PARM, RATE_RLL_IMAX, 1000
PARM, RATE_PIT_P, 0.15
PARM, RATE_PIT_I, 0.1
PARM, RATE_PIT_D, 0.004
PARM, RATE_PIT_IMAX, 1000
PARM, RATE_YAW_P, 0.2
PARM, RATE_YAW_I, 0.02
PARM, RATE_YAW_D, 0
PARM, RATE_YAW_IMAX, 1000
PARM, LOITER_LAT_P, 1
PARM, LOITER_LAT_I, 0.5
PARM, LOITER_LAT_D, 0
PARM, LOITER_LAT_IMAX, 1000
PARM, LOITER_LON_P, 1
PARM, LOITER_LON_I, 0.5
PARM, LOITER_LON_D, 0
PARM, LOITER_LON_IMAX, 1000
PARM, THR_RATE_P, 5
PARM, THR_ACCEL_P, 0.5
PARM, THR_ACCEL_I, 1
PARM, THR_ACCEL_D, 0
PARM, THR_ACCEL_IMAX, 800
PARM, OF_RLL_P, 2.5
PARM, OF_RLL_I, 0.5
PARM, OF_RLL_D, 0.12
PARM, OF_RLL_IMAX, 100
PARM, OF_PIT_P, 2.5
PARM, OF_PIT_I, 0.5
PARM, OF_PIT_D, 0.12
PARM, OF_PIT_IMAX, 100
PARM, STB_RLL_P, 4.5
PARM, STB_PIT_P, 4.5
PARM, STB_YAW_P, 4.5
PARM, THR_ALT_P, 1
PARM, HLD_LAT_P, 1
PARM, CAM_TRIGG_TYPE, 0
PARM, CAM_DURATION, 10
PARM, CAM_SERVO_ON, 1300
PARM, CAM_SERVO_OFF, 1100
PARM, CAM_TRIGG_DIST, 0
PARM, RELAY_PIN, 13
PARM, RELAY_PIN2, -1
PARM, COMPASS_OFS_X, 25.54709
PARM, COMPASS_OFS_Y, 0.2121663
PARM, COMPASS_OFS_Z, 18.00717
PARM, COMPASS_DEC, 0
PARM, COMPASS_LEARN, 0
PARM, COMPASS_USE, 1
PARM, COMPASS_AUTODEC, 1
PARM, COMPASS_MOTCT, 0
PARM, COMPASS_MOT_X, 0
PARM, COMPASS_MOT_Y, 0
PARM, COMPASS_MOT_Z, 0
PARM, COMPASS_ORIENT, 0
PARM, COMPASS_EXTERNAL, 0
PARM, INS_PRODUCT_ID, 0
PARM, INS_ACCSCAL_X, 1
PARM, INS_ACCSCAL_Y, 1
PARM, INS_ACCSCAL_Z, 1
PARM, INS_ACCOFFS_X, 0
PARM, INS_ACCOFFS_Y, 0
PARM, INS_ACCOFFS_Z, 0
PARM, INS_GYROFFS_X, 0.01096678
PARM, INS_GYROFFS_Y, -0.01303137
PARM, INS_GYROFFS_Z, 0.008002931
PARM, INS_MPU6K_FILTER, 0
PARM, INAV_TC_XY, 2.5
PARM, INAV_TC_Z, 5
PARM, WPNAV_SPEED, 500
PARM, WPNAV_RADIUS, 200
PARM, WPNAV_SPEED_UP, 250
PARM, WPNAV_SPEED_DN, 150
PARM, WPNAV_LOIT_SPEED, 500
PARM, WPNAV_ACCEL, 100
PARM, WPNAV_ACCEL_Z, 100
PARM, WPNAV_LOIT_JERK, 1000
PARM, CIRCLE_RADIUS, 1000
PARM, CIRCLE_RATE, 20
PARM, ATC_RATE_RP_MAX, 18000
PARM, ATC_RATE_Y_MAX, 9000
PARM, ATC_SLEW_YAW, 1000
PARM, ATC_ACCEL_RP_MAX, 0
PARM, ATC_ACCEL_Y_MAX, 0
PARM, ATC_RATE_FF_ENAB, 0
PARM, POSCON_THR_HOVER, 450
PARM, SR0_RAW_SENS, 2
PARM, SR0_EXT_STAT, 2
PARM, SR0_RC_CHAN, 2
PARM, SR0_RAW_CTRL, 0
PARM, SR0_POSITION, 2
PARM, SR0_EXTRA1, 4
PARM, SR0_EXTRA2, 4
PARM, SR0_EXTRA3, 2
PARM, SR0_PARAMS, 10
PARM, SR1_RAW_SENS, 0
PARM, SR1_EXT_STAT, 0
PARM, SR1_RC_CHAN, 0
PARM, SR1_RAW_CTRL, 0
PARM, SR1_POSITION, 0
PARM, SR1_EXTRA1, 0
PARM, SR1_EXTRA2, 0
PARM, SR1_EXTRA3, 0
PARM, SR1_PARAMS, 0
PARM, AHRS_GPS_GAIN, 1
PARM, AHRS_GPS_USE, 1
PARM, AHRS_YAW_P, 0.1
PARM, AHRS_RP_P, 0.1
PARM, AHRS_WIND_MAX, 0
PARM, AHRS_TRIM_X, 0
PARM, AHRS_TRIM_Y, 0
PARM, AHRS_TRIM_Z, 0
PARM, AHRS_ORIENTATION, 0
PARM, AHRS_COMP_BETA, 0.1
PARM, AHRS_GPS_MINSATS, 6
PARM, MNT_MODE, 0
PARM, MNT_RETRACT_X, 0
PARM, MNT_RETRACT_Y, 0
PARM, MNT_RETRACT_Z, 0
PARM, MNT_NEUTRAL_X, 0
PARM, MNT_NEUTRAL_Y, 0
PARM, MNT_NEUTRAL_Z, 0
PARM, MNT_CONTROL_X, 0
PARM, MNT_CONTROL_Y, 0
PARM, MNT_CONTROL_Z, 0
PARM, MNT_STAB_ROLL, 0
PARM, MNT_STAB_TILT, 0
PARM, MNT_STAB_PAN, 0
PARM, MNT_RC_IN_ROLL, 0
PARM, MNT_ANGMIN_ROL, -4500
PARM, MNT_ANGMAX_ROL, 4500
PARM, MNT_RC_IN_TILT, 0
PARM, MNT_ANGMIN_TIL, -4500
PARM, MNT_ANGMAX_TIL, 4500
PARM, MNT_RC_IN_PAN, 0
PARM, MNT_ANGMIN_PAN, -4500
PARM, MNT_ANGMAX_PAN, 4500
PARM, MNT_JSTICK_SPD, 0
PARM, BATT_MONITOR, 0
PARM, BATT_VOLT_PIN, -1
PARM, BATT_CURR_PIN, -1
PARM, BATT_VOLT_MULT, 10.1
PARM, BATT_AMP_PERVOLT, 17
PARM, BATT_AMP_OFFSET, 0
PARM, BATT_CAPACITY, 3300
PARM, BATT_VOLT2_PIN, -1
PARM, BATT_VOLT2_MULT, 1
PARM, GND_ABS_PRESS, 41541.91
PARM, GND_TEMP, 25.01445
PARM, GND_ALT_OFFSET, 0
PARM, GPS_TYPE, 1
PARM, GPS_NAVFILTER, 8
PARM, SCHED_DEBUG, 0
PARM, FENCE_ENABLE, 0
PARM, FENCE_TYPE, 3
PARM, FENCE_ACTION, 1
PARM, FENCE_ALT_MAX, 100
PARM, FENCE_RADIUS, 300
PARM, FENCE_MARGIN, 2
PARM, GPSGLITCH_ENABLE, 1
PARM, GPSGLITCH_RADIUS, 200
PARM, GPSGLITCH_ACCEL, 1000
PARM, BAROGLTCH_ENABLE, 1
PARM, BAROGLTCH_DIST, 500
PARM, BAROGLTCH_ACCEL, 1500
PARM, MOT_TCRV_ENABLE, 1
PARM, MOT_TCRV_MIDPCT, 52
PARM, MOT_TCRV_MAXPCT, 93
PARM, MOT_SPIN_ARMED, 70
PARM, RCMAP_ROLL, 1
PARM, RCMAP_PITCH, 2
PARM, RCMAP_THROTTLE, 3
PARM, RCMAP_YAW, 4
PARM, MIS_TOTAL, 0
PARM, MIS_RESTART, 0
PARM, RNGFND_TYPE, 0
PARM, RNGFND_PIN, -1
PARM, RNGFND_SCALING, 3
PARM, RNGFND_OFFSET, 0
PARM, RNGFND_FUNCTION, 0
PARM, RNGFND_MIN_CM, 20
PARM, RNGFND_MAX_CM, 700
PARM, RNGFND_STOP_PIN, -1
PARM, RNGFND_SETTLE_MS, 0
PARM, RNGFND_RMETRIC, 1
MSG, ArduCopter V3.2.1 (36b405fb)
MSG, Frame: QUAD
MODE, Stabilize, 450
EV, 10
MODE, Stabilize, 450
GPS, 1, 0, 0, 0, 99.99, 34.9372615, -159.9142691, 0, 6984.91, 0, 0, 0, 278344
GPS, 1, 0, 0, 0, 99.99, 34.9372615, -159.9142691, 0, 6984.91, 0, 0, 0, 278383
CTUN, 278384, 0, 0, 0, 0, 0, -0.2, 0, 0, 0, -1
ATT, 278402, 0, -0.95, 0, -0.27, 92.16, 92.16, 0, 0
RCIN, 278402, 900, 900, 900, 900, 900, 900, 900, 900, 0, 0, 0, 0, 0, 0
CTUN, 278483, 0, 0, 0, 0, 0.01, 0.11, 0, 0, 0, -1
ATT, 278503, 0, -0.94, 0, -0.26, 92.16, 92.16, 0, 0
RCIN, 278503, 900, 900, 900, 900, 900, 900, 900, 900, 0, 0, 0, 0, 0, 0
GPS, 1, 0, 0, 0, 99.99, 34.9372615, -159.9142691, 0.01, 6984.91, 0, 0, 0, 278583
CTUN, 278584, 0, 0, 0, 0, 0.01, -0.24, 0, 0, 0, -1
ATT, 278603, 0, -0.94, 0, -0.26, 92.16, 92.16, 0, 0
RCIN, 278603, 900, 900, 900, 900, 900, 900, 900, 900, 0, 0, 0, 0, 0, 0
CTUN, 278683, 0, 0, 0, 0, 0, -0.05, 0, 0, 0, -1
ATT, 278703, 0, -0.94, 0, -0.26, 92.16, 92.16, 0, 0
RCIN, 278704, 900, 900, 900, 900, 900, 900, 900, 900, 0, 0, 0, 0, 0, 0
GPS, 1, 0, 0, 0, 99.99, 34.9372615, -159.9142691, 0, 6984.91, 0, 0, 0, 278783
CTUN, 278784, 0, 0, 0, 0, 0, -0.19, 0, 0, 0, -1
DU32, 7, 663768
CURR, 278791, 0, 0, 0, 0, 5028, 0
ATT, 278802, 0, -0.94, 0, -0.25, 92.16, 92.16, 0, 0
RCIN, 278803, 900, 900, 900, 900, 900, 900, 900, 900, 0, 0, 0, 0, 0, 0
CTUN, 278883, 0, 0, 0, 0, -0.01, -0.39, 0, 0, 0, -2
ATT, 278903, 0, -0.94, 0, -0.26, 92.16, 92.16, 0, 0
RCIN, 278904, 900, 900, 900, 900, 900, 900, 900, 900, 0, 0, 0, 0, 0, 0
CTUN, 278984, 0, 0, 0, 0, -0.04, -0.28, 0, 0, 0, -2
GPS, 1, 0, 0, 0, 99.99, 34.9372615, -159.9142691, -0.04, 6984.91, 0, 0, 0, 279002
ATT, 279003, 0, -0.94, 0, -0.26, 92.16, 92.16, 0, 0
RCIN, 279003, 900, 900, 900, 900, 900, 900, 900, 900, 0, 0, 0, 0, 0, 0
CTUN, 279083, 0, 0, 0, 0, -0.06, -0.21, 0, 0, 0, -3
ATT, 279104, 0, -0.94, 0, -0.25, 92.16, 92.16, 0, 0
RCIN, 279104, 900, 900, 900, 900, 900, 900, 900, 900, 0, 0, 0, 0, 0, 0
CTUN, 279184, 0, 0, 0, 0, -0.07, -0.05, 0, 0, 0, -3
GPS, 1, 0, 0, 0, 99.99, 34.9372615, -159.9142691, -0.07, 6984.91, 0, 0, 0, 279202
ATT, 279203, 0, -0.94, 0, -0.25, 92.15, 92.15, 0, 0
RCIN, 279203, 900, 900, 900, 900, 900, 900, 900, 900, 0, 0, 0, 0, 0, 0
CTUN, 279283, 0, 0, 0, 0, -0.07, 0.08, 0, 0, 0, -3
ATT, 279302, 0, -0.93, 0, -0.25, 92.15, 92.15, 0, 0
RCIN, 279302, 900, 900, 900, 900, 900, 900, 900, 900, 0, 0, 0, 0, 0, 0
GPS, 1, 0, 0, 0, 99.99, 34.9372615, -159.9142691, -0.06, 6984.91, 0, 0, 0, 279383
CTUN, 279384, 0, 0, 0, 0, -0.06, -0.05, 0, 0, 0, -3
ATT, 279402, 0, -0.93, 0, -0.25, 92.15, 92.15, 0, 0
RCIN, 279403, 900, 900, 900, 900, 900, 900, 900, 900, 0, 0, 0, 0, 0, 0
CTUN, 279483, 0, 0, 0, 0, -0.07, -0.18, 0, 0, 0, -3
ATT, 279502, 0, -0.93, 0, -0.24, 92.15, 92.15, 0, 0
RCIN, 279502, 900, 900, 900, 900, 900, 900, 900, 900, 0, 0, 0, 0, 0, 0
CTUN, 279584, 0, 0, 0, 0, -0.08, -0.14, 0, 0, 0, -3
GPS, 1, 0, 0, 0, 99.99, 34.9372615, -159.9142691, -0.08, 6984.91, 0, 0, 0, 279602
ATT, 279603, 0, -0.93, 0, -0.24, 92.15, 92.15, 0, 0.01
RCIN, 279603, 900, 900, 900, 900, 900, 900, 900, 900, 0, 0, 0, 0, 0, 0
CTUN, 279683, 0, 0, 0, 0, -0.08, -0.15, 0, 0, 0, -3
ATT, 279703, 0, -0.93, 0, -0.24, 92.16, 92.16, 0, 0
RCIN, 279703, 900, 900, 900, 900, 900, 900, 900, 900, 0, 0, 0, 0, 0, 0
CTUN, 279784, 0, 0, 0, 0, -0.09, -0.17, 0, 0, 0, -3
DU32, 7, 663768
CURR, 279792, 0, 0, 0, 0, 5006, 0
GPS, 1, 0, 0, 0, 99.99, 34.9372615, -159.9142691, -0.09, 6984.91, 0, 0, 0, 279801
ATT, 279803, 0, -0.93, 0, -0.24, 92.16, 92.16, 0, 0
RCIN, 279803, 900, 900, 900, 900, 900, 900, 900, 900, 0, 0, 0, 0, 0, 0
CTUN, 279883, 0, 0, 0, 0, -0.1, 0.02, 0, 0, 0, -3
ATT, 279902, 0, -0.93, 0, -0.24, 92.17, 92.17, 0, 0.01
RCIN, 279902, 900, 900, 900, 900, 900, 900, 900, 900, 0, 0, 0, 0, 0, 0
CTUN, 279984, 0, 0, 0, 0, -0.1, -0.36, 0, 0, 0, -3
GPS, 1, 0, 0, 0, 99.99, 34.9372615, -159.9142691, -0.1, 6984.91, 0, 0, 0, 280001
ATT, 280002, 0, -0.93, 0, -0.24, 92.17, 92.17, 0, 0
RCIN, 280003, 900, 900, 900, 900, 900, 900, 900, 900, 0, 0, 0, 0, 0, 0
CTUN, 280083, 0, 0, 0, 0, -0.12, 0.18, 0, 0, 0, -3
ATT, 280102, 0, -0.93, 0, -0.24, 92.18, 92.18, 0, 0.01
RCIN, 280102, 900, 900, 900, 900, 900, 900, 900, 900, 0, 0, 0, 0, 0, 0
GPS, 1, 0, 0, 0, 99.99, 34.9372615, -159.9142691, -0.1, 6984.91, 0, 0, 0, 280183
CTUN, 280185, 0, 0, 0, 0, -0.1, -0.27, 0, 0, 0, -3
ATT, 280202, 0, -0.93, 0, -0.24, 92.18, 92.18, 0, 0.01
RCIN, 280202, 900, 900, 900, 900, 900, 900, 900, 900, 0, 0, 0, 0, 0, 0
CTUN, 280283, 0, 0, 0, 0, -0.12, 0.14, 0, 0, 0, -3
ATT, 280302, 0, -0.93, 0, -0.24, 92.19, 92.19, 0, 0
RCIN, 280302, 900, 900, 900, 900, 900, 900, 900, 900, 0, 0, 0, 0, 0, 0
CTUN, 280384, 0, 0, 0, 0, -0.1, -0.33, 0, 0, 0, -3
GPS, 1, 0, 0, 0, 99.99, 34.9372615, -159.9142691, -0.11, 6984.91, 0, 0, 0, 280402
ATT, 280402, 0, -0.93, 0, -0.24, 92.19, 92.19, 0, 0
RCIN, 280403, 900, 900, 900, 900, 900, 900, 900, 900, 0, 0, 0, 0, 0, 0
CTUN, 280483, 0, 0, 0, 0, -0.12, -0.15, 0, 0, 0, -3
ATT, 280502, 0, -0.93, 0, -0.23, 92.19, 92.19, 0, 0
RCIN, 280502, 900, 900, 900, 900, 900, 900, 900, 900, 0, 0, 0, 0, 0, 0
CTUN, 280584, 0, 0, 0, 0, -0.13, 0.01, 0, 0, 0, -3
GPS, 1, 0, 0, 0, 99.99, 34.9372615, -159.9142691, -0.13, 6984.91, 0, 0, 0, 280602
ATT, 280602, 0, -0.93, 0, -0.23, 92.18, 92.18, 0, 0
RCIN, 280603, 900, 900, 900, 900, 900, 900, 900, 900, 0, 0, 0, 0, 0, 0
CTUN, 280683, 0, 0, 0, 0, -0.12, -0.16, 0, 0, 0, -3
ATT, 280702, 0, -0.93, 0, -0.23, 92.18, 92.18, 0, 0
RCIN, 280702, 900, 900, 900, 900, 900, 900, 900, 900, 0, 0, 0, 0, 0, 0
CTUN, 280784, 0, 0, 0, 0, -0.13, -0.27, 0, 0, 0, -3
DU32, 7, 663768
CURR, 280792, 0, 0, 0, 0, 5028, 0
GPS, 1, 0, 0, 0, 99.99, 34.9372615, -159.9142691, -0.13, 6984.91, 0, 0, 0, 280802
ATT, 280802, 0, -0.93, 0, -0.23, 92.18, 92.18, 0, 0
RCIN, 280803, 900, 900, 900, 900, 900, 900, 900, 900, 0, 0, 0, 0, 0, 0
CTUN, 280883, 0, 0, 0, 0, -0.14, 0.02, 0, 0, 0, -3
ATT, 280902, 0, -0.92, 0, -0.22, 92.18, 92.18, 0, 0
RCIN, 280902, 900, 900, 900, 900, 900, 900, 900, 900, 0, 0, 0, 0, 0, 0
CTUN, 280984, 0, 0, 0, 0, -0.14, -0.13, 0, 0, 0, -3
GPS, 1, 0, 0, 0, 99.99, 34.9372615, -159.9142691, -0.14, 6984.91, 0, 0, 0, 281001
ATT, 281002, 0, -0.92, 0, -0.22, 92.18, 92.18, 0, 0
RCIN, 281003, 900, 900, 900, 900, 900, 900, 900, 900, 0, 0, 0, 0, 0, 0
CTUN, 281083, 0, 0, 0, 0, -0.14, -0.36, 0, 0, 0, -3
ATT, 281102, 0, -0.92, 0, -0.22, 92.18, 92.18, 0, 0
RCIN, 281102, 900, 900, 900, 900, 900, 900, 900, 900, 0, 0, 0, 0, 0, 0
CTUN, 281184, 0, 0, 0, 0, -0.16, -0.16, 0, 0, 0, -4
GPS, 1, 0, 0, 0, 99.99, 34.9372615, -159.9142691, -0.16, 6984.91, 0, 0, 0, 281202
ATT, 281202, 0, -0.92, 0, -0.22, 92.18, 92.18, 0, 0
RCIN, 281203, 900, 900, 900, 900, 900, 900, 900, 900, 0, 0, 0, 0, 0, 0
CTUN, 281283, 0, 0, 0, 0, -0.16, -0.08, 0, 0, 0, -4
ATT, 281302, 0, -0.92, 0, -0.22, 92.18, 92.18, 0, 0.01
RCIN, 281302, 900, 900, 900, 900, 900, 900, 900, 900, 0, 0, 0, 0, 0, 0
CTUN, 281384, 0, 0, 0, 0, -0.16, -0.07, 0, 0, 0, -4
GPS, 1, 0, 0, 0, 99.99, 34.9372615, -159.9142691, -0.16, 6984.91, 0, 0, 0, 281401
ATT, 281402, 0, -0.92, 0, -0.21, 92.18, 92.18, 0, 0
RCIN, 281402, 900, 900, 900, 900, 900, 900, 900, 900, 0, 0, 0, 0, 0, 0
CTUN, 281483, 0, 0, 0, 0, -0.16, -0.41, 0, 0, 0, -4
ATT, 281502, 0, -0.92, 0, -0.22, 92.18, 92.18, 0, 0.01
RCIN, 281502, 900, 900, 900, 900, 900, 900, 900, 900, 0, 0, 0, 0, 0, 0
CTUN, 281584, 0, 0, 0, 0, -0.18, -0.02, 0, 0, 0, -4
GPS, 1, 0, 0, 0, 99.99, 34.9372615, -159.9142691, -0.18, 6984.91, 0, 0, 0, 281602
ATT, 281602, 0, -0.92, 0, -0.21, 92.19, 92.19, 0, 0.02
RCIN, 281603, 900, 900, 900, 900, 900, 900, 900, 900, 0, 0, 0, 0, 0, 0
CTUN, 281683, 0, 0, 0, 0, -0.17, -0.21, 0, 0, 0, -4
ATT, 281702, 0, -0.92, 0, -0.21, 92.2, 92.2, 0, 0.01
RCIN, 281702, 900, 900, 900, 900, 900, 900, 900, 900, 0, 0, 0, 0, 0, 0
CTUN, 281784, 0, 0, 0, 0, -0.18, -0.13, 0, 0, 0, -4
DU32, 7, 663768
CURR, 281792, 0, 0, 0, 0, 5006, 0
GPS, 1, 0, 0, 0, 99.99, 34.9372615, -159.9142691, -0.18, 6984.91, 0, 0, 0, 281802
ATT, 281803, 0, -0.92, 0, -0.21, 92.21, 92.21, 0, 0.01
RCIN, 281803, 900, 900, 900, 900, 900, 900, 900, 900, 0, 0, 0, 0, 0, 0
CTUN, 281883, 0, 0, 0, 0, -0.18, -0.13, 0, 0, 0, -4
ATT, 281902, 0, -0.91, 0, -0.21, 92.21, 92.21, 0, 0
RCIN, 281902, 900, 900, 900, 900, 900, 900, 900, 900, 0, 0, 0, 0, 0, 0
CTUN, 281984, 0, 0, 0, 0, -0.19, -0.27, 0, 0, 0, -4
GPS, 1, 0, 0, 0, 99.99, 34.9372615, -159.9142691, -0.19, 6984.91, 0, 0, 0, 282001
ATT, 282003, 0, -0.91, 0, -0.21, 92.21, 92.21, 0, 0
RCIN, 282003, 900, 900, 900, 900, 900, 900, 900, 900, 0, 0, 0, 0, 0, 0
CTUN, 282083, 0, 0, 0, 0, -0.2, -0.01, 0, 0, 0, -4
ATT, 282102, 0, -0.91, 0, -0.21, 92.21, 92.21, 0, 0
RCIN, 282102, 900, 900, 900, 900, 900, 900, 900, 900, 0, 0, 0, 0, 0, 0
CTUN, 282184, 0, 0, 0, 0, -0.19, -0.21, 0, 0, 0, -4
GPS, 1, 0, 0, 0, 99.99, 34.9372615, -159.9142691, -0.19, 6984.91, 0, 0, 0, 282202
ATT, 282203, 0, -0.92, 0, -0.21, 92.21, 92.21, 0, 0
RCIN, 282203, 900, 900, 900, 900, 900, 900, 900, 900, 0, 0, 0, 0, 0, 0
CTUN, 282283, 0, 0, 0, 0, -0.2, -0.21, 0, 0, 0, -4
ATT, 282302, 0, -0.92, 0, -0.21, 92.21, 92.21, 0, 0
RCIN, 282302, 900, 900, 900, 900, 900, 900, 900, 900, 0, 0, 0, 0, 0, 0
CTUN, 282384, 0, 0, 0, 0, -0.2, -0.11, 0, 0, 0, -4
GPS, 1, 0, 0, 0, 99.99, 34.9372615, -159.9142691, -0.2, 6984.91, 0, 0, 0, 282402
ATT, 282402, 0, -0.92, 0, -0.21, 92.21, 92.21, 0, 0
RCIN, 282403, 900, 900, 900, 900, 900, 900, 900, 900, 0, 0, 0, 0, 0, 0
CTUN, 282483, 0, 0, 0, 0, -0.2, -0.02, 0, 0, 0, -4
ATT, 282502, 0, -0.92, 0, -0.2, 92.21, 92.21, 0, 0
RCIN, 282502, 900, 900, 900, 900, 900, 900, 900, 900, 0, 0, 0, 0, 0, 0
CTUN, 282584, 0, 0, 0, 0, -0.2, -0.12, 0, 0, 0, -4
GPS, 1, 0, 0, 0, 99.99, 34.9372615, -159.9142691, -0.2, 6984.91, 0, 0, 0, 282601
ATT, 282602, 0, -0.92, 0, -0.2, 92.21, 92.21, 0, 0
RCIN, 282602, 900, 900, 900, 900, 900, 900, 900, 900, 0, 0, 0, 0, 0, 0
CTUN, 282683, 0, 0, 0, 0, -0.2, -0.04, 0, 0, 0, -4
ATT, 282702, 0, -0.91, 0, -0.2, 92.21, 92.21, 0, 0
RCIN, 282703, 900, 900, 900, 900, 900, 900, 900, 900, 0, 0, 0, 0, 0, 0
GPS, 1, 0, 0, 0, 99.99, 34.9372615, -159.9142691, -0.19, 6984.91, 0, 0, 0, 282784
CTUN, 282785, 0, 0, 0, 0, -0.19, -0.23, 0, 0, 0, -4
DU32, 7, 663768
CURR, 282792, 0, 0, 0, 0, 5006, 0
ATT, 282802, 0, -0.92, 0, -0.2, 92.21, 92.21, 0, 0
RCIN, 282802, 900, 900, 900, 900, 900, 900, 900, 900, 0, 0, 0, 0, 0, 0
CTUN, 282883, 0, 0, 0, 0, -0.2, -0.31, 0, 0, 0, -4
ATT, 282902, 0, -0.92, 0, -0.2, 92.21, 92.21, 0, 0
RCIN, 282902, 900, 900, 900, 900, 900, 900, 900, 900, 0, 0, 0, 0, 0, 0
CTUN, 282984, 0, 0, 0, 0, -0.21, 0.14, 0, 0, 0, -4
GPS, 1, 0, 0, 0, 99.99, 34.9372615, -159.9142691, -0.21, 6984.91, 0, 0, 0, 283002
ATT, 283002, 0, -0.92, 0, -0.2, 92.2, 92.2, 0, 0
RCIN, 283003, 900, 900, 900, 900, 900, 900, 900, 900, 0, 0, 0, 0, 0, 0
CTUN, 283083, 0, 0, 0, 0, -0.19, -0.09, 0, 0, 0, -4
ATT, 283102, 0, -0.92, 0, -0.2, 92.2, 92.2, 0, 0
RCIN, 283102, 900, 900, 900, 900, 900, 900, 900, 900, 0, 0, 0, 0, 0, 0
CTUN, 283184, 0, 0, 0, 0, -0.19, -0.13, 0, 0, 0, -4
GPS, 1, 0, 0, 0, 99.99, 34.9372615, -159.9142691, -0.19, 6984.91, 0, 0, 0, 283201
ATT, 283202, 0, -0.92, 0, -0.2, 92.2, 92.2, 0, 0
RCIN, 283203, 900, 900, 900, 900, 900, 900, 900, 900, 0, 0, 0, 0, 0, 0
CTUN, 283283, 0, 0, 0, 0, -0.19, 0, 0, 0, 0, -4
ATT, 283302, 0, -0.92, 0, -0.2, 92.2, 92.2, 0, 0
RCIN, 283302, 900, 900, 900, 900, 900, 900, 900, 900, 0, 0, 0, 0, 0, 0
CTUN, 283384, 0, 0, 0, 0, -0.19, 0.01, 0, 0, 0, -4
GPS, 1, 0, 0, 0, 99.99, 34.9372615, -159.9142691, -0.19, 6984.91, 0, 0, 0, 283402
ATT, 283402, 0, -0.92, 0, -0.2, 92.2, 92.2, 0, 0
RCIN, 283403, 900, 900, 900, 900, 900, 900, 900, 900, 0, 0, 0, 0, 0, 0
CTUN, 283483, 0, 0, 0, 0, -0.18, -0.28, 0, 0, 0, -4
ATT, 283502, 0, -0.91, 0, -0.19, 92.19, 92.19, 0, 0
RCIN, 283502, 900, 900, 900, 900, 900, 900, 900, 900, 0, 0, 0, 0, 0, 0
CTUN, 283584, 0, 0, 0, 0, -0.19, -0.2, 0, 0, 0, -4
GPS, 1, 0, 0, 0, 99.99, 34.9372615, -159.9142691, -0.19, 6984.91, 0, 0, 0, 283603
ATT, 283604, 0, -0.91, 0, -0.19, 92.19, 92.19, 0, 0
RCIN, 283604, 900, 900, 900, 900, 900, 900, 900, 900, 0, 0, 0, 0, 0, 0
CTUN, 283683, 0, 0, 0, 0, -0.2, -0.18, 0, 0, 0, -4
ATT, 283702, 0, -0.91, 0, -0.19, 92.19, 92.19, 0, 0
RCIN, 283702, 900, 900, 900, 900, 900, 900, 900, 900, 0, 0, 0, 0, 0, 0
CTUN, 283784, 0, 0, 0, 0, -0.2, -0.07, 0, 0, 0, -4
DU32, 7, 663768
CURR, 283792, 0, 0, 0, 0, 5006, 0
GPS, 1, 0, 0, 0, 99.99, 34.9372615, -159.9142691, -0.2, 6984.91, 0, 0, 0, 283802
ATT, 283803, 0, -0.91, 0, -0.19, 92.2, 92.2, 0, 0
RCIN, 283804, 900, 900, 900, 900, 900, 900, 900, 900, 0, 0, 0, 0, 0, 0
CTUN, 283883, 0, 0, 0, 0, -0.2, -0.2, 0, 0, 0, -4
ATT, 283902, 0, -0.91, 0, -0.19, 92.19, 92.19, 0, 0
RCIN, 283902, 900, 900, 900, 900, 900, 900, 900, 900, 0, 0, 0, 0, 0, 0
CTUN, 283984, 0, 0, 0, 0, -0.2, -0.22, 0, 0, 0, -4
GPS, 1, 0, 0, 0, 99.99, 34.9372615, -159.9142691, -0.2, 6984.91, 0, 0, 0, 284003
ATT, 284004, 0, -0.91, 0, -0.19, 92.19, 92.19, 0, 0
RCIN, 284004, 900, 900, 900, 900, 900, 900, 900, 900, 0, 0, 0, 0, 0, 0
CTUN, 284083, 0, 0, 0, 0, -0.21, 0.01, 0, 0, 0, -4
ATT, 284102, 0, -0.91, 0, -0.19, 92.19, 92.19, 0, 0
RCIN, 284102, 900, 900, 900, 900, 900, 900, 900, 900, 0, 0, 0, 0, 0, 0
CTUN, 284184, 0, 0, 0, 0, -0.2, 0, 0, 0, 0, -4
GPS, 1, 0, 0, 0, 99.99, 34.9372615, -159.9142691, -0.2, 6984.91, 0, 0, 0, 284202
ATT, 284202, 0, -0.91, 0, -0.19, 92.19, 92.19, 0, 0
RCIN, 284203, 900, 900, 900, 900, 900, 900, 900, 900, 0, 0, 0, 0, 0, 0
CTUN, 284283, 0, 0, 0, 0, -0.19, -0.09, 0, 0, 0, -4
ATT, 284302, 0, -0.9, 0, -0.19, 92.19, 92.19, 0, 0
RCIN, 284302, 900, 900, 900, 900, 900, 900, 900, 900, 0, 0, 0, 0, 0, 0
CTUN, 284384, 0, 0, 0, 0, -0.19, -0.07, 0, 0, 0, -4
GPS, 1, 0, 0, 0, 99.99, 34.9372615, -159.9142691, -0.19, 6984.91, 0, 0, 0, 284402
ATT, 284402, 0, -0.9, 0, -0.19, 92.2, 92.2, 0, 0
RCIN, 284403, 900, 900, 900, 900, 900, 900, 900, 900, 0, 0, 0, 0, 0, 0
CTUN, 284483, 0, 0, 0, 0, -0.19, -0.17, 0, 0, 0, -4
ATT, 284502, 0, -0.91, 0, -0.18, 92.2, 92.2, 0, 0
RCIN, 284502, 900, 900, 900, 900, 900, 900, 900, 900, 0, 0, 0, 0, 0, 0
CTUN, 284584, 0, 0, 0, 0, -0.19, -0.09, 0, 0, 0, -4
GPS, 1, 0, 0, 0, 99.99, 34.9372615, -159.9142691, -0.19, 6984.91, 0, 0, 0, 284601
ATT, 284602, 0, -0.91, 0, -0.18, 92.2, 92.2, 0, 0
RCIN, 284602, 900, 900, 900, 900, 900, 900, 900, 900, 0, 0, 0, 0, 0, 0
CTUN, 284683, 0, 0, 0, 0, -0.19, -0.36, 0, 0, 0, -4
ATT, 284702, 0, -0.91, 0, -0.18, 92.2, 92.2, 0, 0
RCIN, 284702, 900, 900, 900, 900, 900, 900, 900, 900, 0, 0, 0, 0, 0, 0
CTUN, 284784, 0, 0, 0, 0, -0.2, -0.17, 0, 0, 0, -4
DU32, 7, 663768
CURR, 284792, 0, 0, 0, 0, 5006, 0
GPS, 1, 0, 0, 0, 99.99, 34.9372615, -159.9142691, -0.2, 6984.91, 0, 0, 0, 284802
ATT, 284802, 0, -0.9, 0, -0.18, 92.2, 92.2, 0, 0
RCIN, 284803, 900, 900, 900, 900, 900, 900, 900, 900, 0, 0, 0, 0, 0, 0
CTUN, 284883, 0, 0, 0, 0, -0.21, 0.15, 0, 0, 0, -4
ATT, 284902, 0, -0.9, 0, -0.18, 92.2, 92.2, 0, 0
RCIN, 284902, 900, 900, 900, 900, 900, 900, 900, 900, 0, 0, 0, 0, 0, 0
CTUN, 284984, 0, 0, 0, 0, -0.19, -0.24, 0, 0, 0, -4
GPS, 1, 0, 0, 0, 99.99, 34.9372615, -159.9142691, -0.19, 6984.91, 0, 0, 0, 285002
ATT, 285002, 0, -0.9, 0, -0.17, 92.2, 92.2, 0, 0
RCIN, 285003, 900, 900, 900, 900, 900, 900, 900, 900, 0, 0, 0, 0, 0, 0
CTUN, 285083, 0, 0, 0, 0, -0.2, -0.22, 0, 0, 0, -4
ATT, 285102, 0, -0.9, 0, -0.17, 92.2, 92.2, 0, 0
RCIN, 285102, 900, 900, 900, 900, 900, 900, 900, 900, 0, 0, 0, 0, 0, 0
CTUN, 285184, 0, 0, 0, 0, -0.2, 0.04, 0, 0, 0, -4
GPS, 1, 0, 0, 0, 99.99, 34.9372615, -159.9142691, -0.2, 6984.91, 0, 0, 0, 285202
ATT, 285202, 0, -0.9, 0, -0.17, 92.19, 92.19, 0, 0
RCIN, 285203, 900, 900, 900, 900, 900, 900, 900, 900, 0, 0, 0, 0, 0, 0
CTUN, 285283, 0, 0, 0, 0, -0.19, -0.28, 0, 0, 0, -4
ATT, 285302, 0, -0.9, 0, -0.17, 92.19, 92.19, 0, 0
RCIN, 285302, 900, 900, 900, 900, 900, 900, 900, 900, 0, 0, 0, 0, 0, 0
CTUN, 285384, 0, 0, 0, 0, -0.2, -0.06, 0, 0, 0, -4
GPS, 1, 0, 0, 0, 99.99, 34.9372615, -159.9142691, -0.2, 6984.91, 0, 0, 0, 285401
ATT, 285402, 0, -0.9, 0, -0.17, 92.19, 92.19, 0, 0
RCIN, 285403, 900, 900, 900, 900, 900, 900, 900, 900, 0, 0, 0, 0, 0, 0
CTUN, 285483, 0, 0, 0, 0, -0.2, 0.01, 0, 0, 0, -4
ATT, 285502, 0, -0.9, 0, -0.16, 92.18, 92.18, 0, 0
RCIN, 285502, 900, 900, 900, 900, 900, 900, 900, 900, 0, 0, 0, 0, 0, 0
CTUN, 285584, 0, 0, 0, 0, -0.19, -0.38, 0, 0, 0, -3
GPS, 1, 0, 0, 0, 99.99, 34.9372615, -159.9142691, -0.19, 6984.91, 0, 0, 0, 285602
ATT, 285603, 0, -0.9, 0, -0.16, 92.19, 92.19, 0, 0.01
RCIN, 285603, 900, 900, 900, 900, 900, 900, 900, 900, 0, 0, 0, 0, 0, 0
CTUN, 285683, 0, 0, 0, 0, -0.2, -0.23, 0, 0, 0, -4
ATT, 285702, 0, -0.9, 0, -0.16, 92.18, 92.18, 0, 0.01
RCIN, 285702, 900, 900, 900, 900, 900, 900, 900, 900, 0, 0, 0, 0, 0, 0
CTUN, 285784, 0, 0, 0, 0, -0.21, 0.13, 0, 0, 0, -4
DU32, 7, 663768
CURR, 285792, 0, 0, 0, 0, 5028, 0
GPS, 1, 0, 0, 0, 99.99, 34.9372615, -159.9142691, -0.21, 6984.91, 0, 0, 0, 285802
ATT, 285802, 0, -0.9, 0, -0.16, 92.18, 92.18, 0, 0
RCIN, 285803, 900, 900, 900, 900, 900, 900, 900, 900, 0, 0, 0, 0, 0, 0
CTUN, 285883, 0, 0, 0, 0, -0.19, -0.15, 0, 0, 0, -3
ATT, 285902, 0, -0.9, 0, -0.16, 92.18, 92.18, 0, 0
RCIN, 285902, 900, 900, 900, 900, 900, 900, 900, 900, 0, 0, 0, 0, 0, 0
CTUN, 285984, 0, 0, 0, 0, -0.2, -0.11, 0, 0, 0, -3
GPS, 1, 0, 0, 0, 99.99, 34.9372615, -159.9142691, -0.2, 6984.91, 0, 0, 0, 286002
ATT, 286002, 0, -0.89, 0, -0.15, 92.18, 92.18, 0, 0
RCIN, 286003, 900, 900, 900, 900, 900, 900, 900, 900, 0, 0, 0, 0, 0, 0
CTUN, 286083, 0, 0, 0, 0, -0.19, -0.2, 0, 0, 0, -3
ATT, 286102, 0, -0.89, 0, -0.15, 92.17, 92.17, 0, 0
RCIN, 286102, 900, 900, 900, 900, 900, 900, 900, 900, 0, 0, 0, 0, 0, 0
CTUN, 286184, 0, 0, 0, 0, -0.2, -0.16, 0, 0, 0, -3
GPS, 1, 0, 0, 0, 99.99, 34.9372615, -159.9142691, -0.2, 6984.91, 0, 0, 0, 286202
ATT, 286202, 0, -0.89, 0, -0.15, 92.17, 92.17, 0, 0
RCIN, 286203, 900, 900, 900, 900, 900, 900, 900, 900, 0, 0, 0, 0, 0, 0
CTUN, 286283, 0, 0, 0, 0, -0.2, -0.18, 0, 0, 0, -3
ATT, 286302, 0, -0.89, 0, -0.15, 92.17, 92.17, 0, 0
RCIN, 286302, 900, 900, 900, 900, 900, 900, 900, 900, 0, 0, 0, 0, 0, 0
CTUN, 286384, 0, 0, 0, 0, -0.2, -0.14, 0, 0, 0, -4
GPS, 1, 0, 0, 0, 99.99, 34.9372615, -159.9142691, -0.2, 6984.91, 0, 0, 0, 286402
ATT, 286402, 0, -0.89, 0, -0.15, 92.17, 92.17, 0, 0
RCIN, 286403, 900, 900, 900, 900, 900, 900, 900, 900, 0, 0, 0, 0, 0, 0
CTUN, 286483, 0, 0, 0, 0, -0.2, -0.27, 0, 0, 0, -4
ATT, 286502, 0, -0.89, 0, -0.15, 92.17, 92.17, 0, 0
RCIN, 286502, 900, 900, 900, 900, 900, 900, 900, 900, 0, 0, 0, 0, 0, 0
CTUN, 286584, 0, 0, 0, 0, -0.21, -0.14, 0, 0, 0, -4
GPS, 1, 0, 0, 0, 99.99, 34.9372615, -159.9142691, -0.21, 6984.91, 0, 0, 0, 286601
ATT, 286602, 0, -0.89, 0, -0.14, 92.17, 92.17, 0, 0
RCIN, 286602, 900, 900, 900, 900, 900, 900, 900, 900, 0, 0, 0, 0, 0, 0
CTUN, 286684, 0, 0, 0, 0, -0.21, -0.22, 0, 0, 0, -4
ATT, 286702, 0, -0.89, 0, -0.14, 92.17, 92.17, 0, 0
RCIN, 286702, 900, 900, 900, 900, 900, 900, 900, 900, 0, 0, 0, 0, 0, 0
CTUN, 286784, 0, 0, 0, 0, -0.22, -0.07, 0, 0, 0, -4
DU32, 7, 663768
CURR, 286791, 0, 0, 0, 0, 5028, 0
PM, 2, 1000, 1817568, 11, 0, 0, 0
GPS, 1, 0, 0, 0, 99.99, 34.9372615, -159.9142691, -0.22, 6984.91, 0, 0, 0, 286802
ATT, 286802, 0, -0.89, 0, -0.14, 92.17, 92.17, 0, 0
RCIN, 286802, 900, 900, 900, 900, 900, 900, 900, 900, 0, 0, 0, 0, 0, 0
CTUN, 286883, 0, 0, 0, 0, -0.21, 0, 0, 0, 0, -4
ATT, 286902, 0, -0.89, 0, -0.14, 92.16, 92.16, 0, 0
RCIN, 286902, 900, 900, 900, 900, 900, 900, 900, 900, 0, 0, 0, 0, 0, 0
CTUN, 286984, 0, 0, 0, 0, -0.2, -0.25, 0, 0, 0, -3
GPS, 1, 0, 0, 0, 99.99, 34.9372615, -159.9142691, -0.21, 6984.91, 0, 0, 0, 287002
ATT, 287003, 0, -0.89, 0, -0.14, 92.16, 92.16, 0, 0
RCIN, 287003, 900, 900, 900, 900, 900, 900, 900, 900, 0, 0, 0, 0, 0, 0
CTUN, 287083, 0, 0, 0, 0, -0.21, -0.33, 0, 0, 0, -4
ATT, 287103, 0, -0.89, 0, -0.14, 92.16, 92.16, 0, 0
RCIN, 287103, 900, 900, 900, 900, 900, 900, 900, 900, 0, 0, 0, 0, 0, 0
CTUN, 287184, 0, 0, 0, 0, -0.22, -0.11, 0, 0, 0, -4
GPS, 1, 0, 0, 0, 99.99, 34.9372615, -159.9142691, -0.22, 6984.91, 0, 0, 0, 287202
ATT, 287203, 0, -0.89, 0, -0.13, 92.17, 92.17, 0, 0
RCIN, 287203, 900, 900, 900, 900, 900, 900, 900, 900, 0, 0, 0, 0, 0, 0
CTUN, 287283, 0, 0, 0, 0, -0.22, -0.16, 0, 0, 0, -4
ATT, 287302, 0, -0.89, 0, -0.13, 92.17, 92.17, 0, 0
RCIN, 287302, 900, 900, 900, 900, 900, 900, 900, 900, 0, 0, 0, 0, 0, 0
CTUN, 287384, 0, 0, 0, 0, -0.22, -0.07, 0, 0, 0, -4
GPS, 1, 0, 0, 0, 99.99, 34.9372615, -159.9142691, -0.22, 6984.91, 0, 0, 0, 287402
ATT, 287403, 0, -0.89, 0, -0.13, 92.17, 92.17, 0, 0
RCIN, 287403, 900, 900, 900, 900, 900, 900, 900, 900, 0, 0, 0, 0, 0, 0
CTUN, 287483, 0, 0, 0, 0, -0.22, -0.05, 0, 0, 0, -4
ATT, 287502, 0, -0.89, 0, -0.13, 92.17, 92.17, 0, 0
RCIN, 287502, 900, 900, 900, 900, 900, 900, 900, 900, 0, 0, 0, 0, 0, 0
CTUN, 287584, 0, 0, 0, 0, -0.21, 0.01, 0, 0, 0, -3
GPS, 1, 0, 0, 0, 99.99, 34.9372615, -159.9142691, -0.21, 6984.91, 0, 0, 0, 287602
ATT, 287602, 0, -0.89, 0, -0.13, 92.16, 92.16, 0, 0
RCIN, 287603, 900, 900, 900, 900, 900, 900, 900, 900, 0, 0, 0, 0, 0, 0
CTUN, 287683, 0, 0, 0, 0, -0.2, -0.13, 0, 0, 0, -3
ATT, 287702, 0, -0.89, 0, -0.13, 92.16, 92.16, 0, 0
RCIN, 287702, 900, 900, 900, 900, 900, 900, 900, 900, 0, 0, 0, 0, 0, 0
CTUN, 287784, 0, 0, 0, 0, -0.2, 0.01, 0, 0, 0, -3
DU32, 7, 663768
CURR, 287792, 0, 0, 0, 0, 5006, 0
GPS, 1, 0, 0, 0, 99.99, 34.9372615, -159.9142691, -0.2, 6984.91, 0, 0, 0, 287802
ATT, 287802, 0, -0.89, 0, -0.12, 92.16, 92.16, 0, 0
RCIN, 287803, 900, 900, 900, 900, 900, 900, 900, 900, 0, 0, 0, 0, 0, 0
CTUN, 287883, 0, 0, 0, 0, -0.19, -0.05, 0, 0, 0, -3
ATT, 287902, 0, -0.89, 0, -0.12, 92.16, 92.16, 0, 0
RCIN, 287903, 900, 900, 900, 900, 900, 900, 900, 900, 0, 0, 0, 0, 0, 0
CTUN, 287984, 0, 0, 0, 0, -0.19, 0.03, 0, 0, 0, -3
GPS, 1, 0, 0, 0, 99.99, 34.9372615, -159.9142691, -0.19, 6984.91, 0, 0, 0, 288002
ATT, 288002, 0, -0.89, 0, -0.12, 92.16, 92.16, 0, 0
RCIN, 288003, 900, 900, 900, 900, 900, 900, 900, 900, 0, 0, 0, 0, 0, 0
CTUN, 288083, 0, 0, 0, 0, -0.18, 0, 0, 0, 0, -3
ATT, 288102, 0, -0.89, 0, -0.12, 92.16, 92.16, 0, 0
RCIN, 288102, 900, 900, 900, 900, 900, 900, 900, 900, 0, 0, 0, 0, 0, 0
CTUN, 288184, 0, 0, 0, 0, -0.17, -0.12, 0, 0, 0, -2
GPS, 1, 0, 0, 0, 99.99, 34.9372615, -159.9142691, -0.17, 6984.91, 0, 0, 0, 288201
ATT, 288202, 0, -0.89, 0, -0.12, 92.15, 92.15, 0, 0
RCIN, 288203, 900, 900, 900, 900, 900, 900, 900, 900, 0, 0, 0, 0, 0, 0
CTUN, 288283, 0, 0, 0, 0, -0.17, 0.02, 0, 0, 0, -2
ATT, 288302, 0, -0.89, 0, -0.11, 92.15, 92.15, 0, 0
RCIN, 288302, 900, 900, 900, 900, 900, 900, 900, 900, 0, 0, 0, 0, 0, 0
CTUN, 288384, 0, 0, 0, 0, -0.16, 0, 0, 0, 0, -2
GPS, 1, 0, 0, 0, 99.99, 34.9372615, -159.9142691, -0.16, 6984.91, 0, 0, 0, 288402
ATT, 288402, 0, -0.89, 0, -0.11, 92.15, 92.15, 0, 0
RCIN, 288403, 900, 900, 900, 900, 900, 900, 900, 900, 0, 0, 0, 0, 0, 0
CTUN, 288483, 0, 0, 0, 0, -0.15, 0.09, 0, 0, 0, -2
ATT, 288502, 0, -0.89, 0, -0.11, 92.15, 92.15, 0, 0
RCIN, 288502, 900, 900, 900, 900, 900, 900, 900, 900, 0, 0, 0, 0, 0, 0
CTUN, 288584, 0, 0, 0, 0, -0.14, -0.25, 0, 0, 0, -2
GPS, 1, 0, 0, 0, 99.99, 34.9372615, -159.9142691, -0.14, 6984.91, 0, 0, 0, 288602
ATT, 288602, 0, -0.88, 0, -0.11, 92.15, 92.15, 0, 0
RCIN, 288603, 900, 900, 900, 900, 900, 900, 900, 900, 0, 0, 0, 0, 0, 0
CTUN, 288683, 0, 0, 0, 0, -0.15, -0.05, 0, 0, 0, -2
ATT, 288702, 0, -0.88, 0, -0.11, 92.15, 92.15, 0, 0
RCIN, 288702, 900, 900, 900, 900, 900, 900, 900, 900, 0, 0, 0, 0, 0, 0
CTUN, 288784, 0, 0, 0, 0, -0.15, -0.2, 0, 0, 0, -2
DU32, 7, 663768
CURR, 288792, 0, 0, 0, 0, 4984, 0
GPS, 1, 0, 0, 0, 99.99, 34.9372615, -159.9142691, -0.15, 6984.91, 0, 0, 0, 288802
ATT, 288802, 0, -0.88, 0, -0.11, 92.14, 92.14, 0, 0
RCIN, 288803, 900, 900, 900, 900, 900, 900, 900, 900, 0, 0, 0, 0, 0, 0
CTUN, 288883, 0, 0, 0, 0, -0.15, 0.08, 0, 0, 0, -2
ATT, 288902, 0, -0.88, 0, -0.11, 92.15, 92.15, 0, 0
RCIN, 288902, 900, 900, 900, 900, 900, 900, 900, 900, 0, 0, 0, 0, 0, 0
CTUN, 288984, 0, 0, 0, 0, -0.14, -0.03, 0, 0, 0, -2
GPS, 1, 0, 0, 0, 99.99, 34.9372615, -159.9142691, -0.14, 6984.91, 0, 0, 0, 289001
ATT, 289002, 0, -0.88, 0, -0.1, 92.15, 92.15, 0, 0
RCIN, 289002, 900, 900, 900, 900, 900, 900, 900, 900, 0, 0, 0, 0, 0, 0
CTUN, 289083, 0, 0, 0, 0, -0.14, 0, 0, 0, 0, -2
ATT, 289102, 0, -0.88, 0, -0.1, 92.15, 92.15, 0, 0
RCIN, 289102, 900, 900, 900, 900, 900, 900, 900, 900, 0, 0, 0, 0, 0, 0
CTUN, 289184, 0, 0, 0, 0, -0.13, -0.09, 0, 0, 0, -2
GPS, 1, 0, 0, 0, 99.99, 34.9372615, -159.9142691, -0.13, 6984.91, 0, 0, 0, 289201
ATT, 289202, 0, -0.88, 0, -0.1, 92.14, 92.14, 0, 0
RCIN, 289203, 900, 900, 900, 900, 900, 900, 900, 900, 0, 0, 0, 0, 0, 0
CTUN, 289283, 0, 0, 0, 0, -0.13, 0, 0, 0, 0, -2
ATT, 289302, 0, -0.88, 0, -0.1, 92.14, 92.14, 0, 0.01
RCIN, 289302, 900, 900, 900, 900, 900, 900, 900, 900, 0, 0, 0, 0, 0, 0
CTUN, 289384, 0, 0, 0, 0, -0.13, -0.18, 0, 0, 0, -2
GPS, 1, 0, 0, 0, 99.99, 34.9372615, -159.9142691, -0.13, 6984.91, 0, 0, 0, 289402
ATT, 289403, 0, -0.88, 0, -0.1, 92.13, 92.13, 0, 0
RCIN, 289403, 900, 900, 900, 900, 900, 900, 900, 900, 0, 0, 0, 0, 0, 0
CTUN, 289483, 0, 0, 0, 0, -0.13, -0.14, 0, 0, 0, -2
ATT, 289502, 0, -0.88, 0, -0.1, 92.13, 92.13, 0, 0
RCIN, 289502, 900, 900, 900, 900, 900, 900, 900, 900, 0, 0, 0, 0, 0, 0
CTUN, 289585, 0, 0, 0, 0, -0.13, 0.09, 0, 0, 0, -2
GPS, 1, 0, 0, 0, 99.99, 34.9372615, -159.9142691, -0.13, 6984.91, 0, 0, 0, 289602
ATT, 289602, 0, -0.88, 0, -0.1, 92.13, 92.13, 0, 0
RCIN, 289603, 900, 900, 900, 900, 900, 900, 900, 900, 0, 0, 0, 0, 0, 0
CTUN, 289683, 0, 0, 0, 0, -0.12, -0.07, 0, 0, 0, -2
ATT, 289702, 0, -0.88, 0, -0.09, 92.13, 92.13, 0, 0
RCIN, 289702, 900, 900, 900, 900, 900, 900, 900, 900, 0, 0, 0, 0, 0, 0
CTUN, 289785, 0, 0, 0, 0, -0.12, -0.12, 0, 0, 0, -2
DU32, 7, 663768
CURR, 289792, 0, 0, 0, 0, 5028, 0
GPS, 1, 0, 0, 0, 99.99, 34.9372615, -159.9142691, -0.12, 6984.91, 0, 0, 0, 289802
ATT, 289802, 0, -0.88, 0, -0.09, 92.13, 92.13, 0, 0
RCIN, 289803, 900, 900, 900, 900, 900, 900, 900, 900, 0, 0, 0, 0, 0, 0
CTUN, 289883, 0, 0, 0, 0, -0.12, -0.17, 0, 0, 0, -2
ATT, 289902, 0, -0.88, 0, -0.09, 92.13, 92.13, 0, 0
RCIN, 289902, 900, 900, 900, 900, 900, 900, 900, 900, 0, 0, 0, 0, 0, 0
CTUN, 289984, 0, 0, 0, 0, -0.13, -0.07, 0, 0, 0, -2
GPS, 1, 0, 0, 0, 99.99, 34.9372615, -159.9142691, -0.13, 6984.91, 0, 0, 0, 290002
ATT, 290002, 0, -0.88, 0, -0.09, 92.12, 92.12, 0, 0
RCIN, 290003, 900, 900, 900, 900, 900, 900, 900, 900, 0, 0, 0, 0, 0, 0
CTUN, 290083, 0, 0, 0, 0, -0.13, -0.03, 0, 0, 0, -2
ATT, 290102, 0, -0.88, 0, -0.09, 92.12, 92.12, 0, 0
RCIN, 290102, 900, 900, 900, 900, 900, 900, 900, 900, 0, 0, 0, 0, 0, 0
CTUN, 290184, 0, 0, 0, 0, -0.12, 0.12, 0, 0, 0, -2
GPS, 1, 0, 0, 0, 99.99, 34.9372615, -159.9142691, -0.12, 6984.91, 0, 0, 0, 290203
ATT, 290203, 0, -0.88, 0, -0.09, 92.12, 92.12, 0, 0
RCIN, 290204, 900, 900, 900, 900, 900, 900, 900, 900, 0, 0, 0, 0, 0, 0
CTUN, 290283, 0, 0, 0, 0, -0.11, -0.25, 0, 0, 0, -1
ATT, 290302, 0, -0.88, 0, -0.08, 92.11, 92.11, 0, 0
RCIN, 290302, 900, 900, 900, 900, 900, 900, 900, 900, 0, 0, 0, 0, 0, 0
CTUN, 290384, 0, 0, 0, 0, -0.12, -0.18, 0, 0, 0, -2
GPS, 1, 0, 0, 0, 99.99, 34.9372615, -159.9142691, -0.12, 6984.91, 0, 0, 0, 290402
ATT, 290402, 0, -0.88, 0, -0.08, 92.11, 92.11, 0, 0
RCIN, 290403, 900, 900, 900, 900, 900, 900, 900, 900, 0, 0, 0, 0, 0, 0
CTUN, 290483, 0, 0, 0, 0, -0.13, 0.15, 0, 0, 0, -2
ATT, 290502, 0, -0.88, 0, -0.08, 92.11, 92.11, 0, 0
RCIN, 290502, 900, 900, 900, 900, 900, 900, 900, 900, 0, 0, 0, 0, 0, 0
CTUN, 290584, 0, 0, 0, 0, -0.11, -0.23, 0, 0, 0, -1
GPS, 1, 0, 0, 0, 99.99, 34.9372615, -159.9142691, -0.11, 6984.91, 0, 0, 0, 290602
ATT, 290603, 0, -0.88, 0, -0.08, 92.11, 92.11, 0, 0
RCIN, 290603, 900, 900, 900, 900, 900, 900, 900, 900, 0, 0, 0, 0, 0, 0
CTUN, 290683, 0, 0, 0, 0, -0.12, -0.09, 0, 0, 0, -2
ATT, 290702, 0, -0.88, 0, -0.08, 92.11, 92.11, 0, 0
RCIN, 290702, 900, 900, 900, 900, 900, 900, 900, 900, 0, 0, 0, 0, 0, 0
EV, 10
MODE, Stabilize, 450
GPS, 1, 0, 0, 0, 99.99, 34.9372615, -159.9142691, 0, 6984.91, 0, 0, 0, 324013
CTUN, 324015, 0, 0, 0, 0, 0, -0.03, 0, 0, 0, -4
ATT, 324031, 0, -1.12, 0, 0.2, 92.81, 92.81, 0, 0
RCIN, 324031, 900, 900, 900, 900, 900, 900, 900, 900, 0, 0, 0, 0, 0, 0
CTUN, 324112, 0, 0, 0, 0, -0.01, 0.12, 0, 0, 0, -4
ATT, 324131, 0, -1.14, 0, 0.2, 92.82, 92.82, 0, 0
RCIN, 324132, 900, 900, 900, 900, 900, 900, 900, 900, 0, 0, 0, 0, 0, 0
GPS, 1, 0, 0, 0, 99.99, 34.9372615, -159.9142691, 0, 6984.91, 0, 0, 0, 324212
CTUN, 324214, 0, 0, 0, 0, 0, 0.23, 0, 0, 0, -4
ATT, 324231, 0, -1.15, 0, 0.19, 92.83, 92.83, 0, 0
RCIN, 324231, 900, 900, 900, 900, 900, 900, 900, 900, 0, 0, 0, 0, 0, 0
CTUN, 324312, 0, 0, 0, 0, 0, 0.09, 0, 0, 0, -4
ATT, 324331, 0, -1.16, 0, 0.19, 92.83, 92.83, 0, 0
RCIN, 324331, 900, 900, 900, 900, 900, 900, 900, 900, 0, 0, 0, 0, 0, 0
GPS, 1, 0, 0, 0, 99.99, 34.9372615, -159.9142691, 0, 6984.91, 0, 0, 0, 324413
CTUN, 324414, 0, 0, 0, 0, 0, 0.12, 0, 0, 0, -4
ATT, 324431, 0, -1.17, 0, 0.19, 92.84, 92.84, 0, 0
RCIN, 324431, 900, 900, 900, 900, 900, 900, 900, 900, 0, 0, 0, 0, 0, 0
CTUN, 324512, 0, 0, 0, 0, 0, 0.2, 0, 0, 0, -4
ATT, 324531, 0, -1.19, 0, 0.19, 92.85, 92.85, 0, 0
RCIN, 324531, 900, 900, 900, 900, 900, 900, 900, 900, 0, 0, 0, 0, 0, 0
GPS, 1, 0, 0, 0, 99.99, 34.9372615, -159.9142691, 0.01, 6984.91, 0, 0, 0, 324611
CTUN, 324613, 0, 0, 0, 0, 0.01, 0.28, 0, 0, 0, -4
ATT, 324631, 0, -1.2, 0, 0.18, 92.86, 92.86, 0, 0
RCIN, 324632, 900, 900, 900, 900, 900, 900, 900, 900, 0, 0, 0, 0, 0, 0
CTUN, 324712, 0, 0, 0, 0, 0.02, 0.09, 0, 0, 0, -4
ATT, 324731, 0, -1.21, 0, 0.18, 92.88, 92.88, 0, 0
RCIN, 324731, 900, 900, 900, 900, 900, 900, 900, 900, 0, 0, 0, 0, 0, 0
GPS, 1, 0, 0, 0, 99.99, 34.9372615, -159.9142691, 0.02, 6984.91, 0, 0, 0, 324811
CTUN, 324813, 0, 0, 0, 0, 0.02, 0.06, 0, 0, 0, -4
DU32, 7, 663768
CURR, 324822, 0, 0, 0, 0, 5028, 0
ATT, 324832, 0, -1.22, 0, 0.18, 92.88, 92.88, 0, 0
RCIN, 324832, 900, 900, 900, 900, 900, 900, 900, 900, 0, 0, 0, 0, 0, 0
CTUN, 324913, 0, 0, 0, 0, 0.02, -0.08, 0, 0, 0, -4
ATT, 324931, 0, -1.23, 0, 0.18, 92.89, 92.89, 0, 0
RCIN, 324931, 900, 900, 900, 900, 900, 900, 900, 900, 0, 0, 0, 0, 0, 0
GPS, 1, 0, 0, 0, 99.99, 34.9372615, -159.9142691, 0.01, 6984.91, 0, 0, 0, 325011
CTUN, 325013, 0, 0, 0, 0, 0.01, 0.11, 0, 0, 0, -4
ATT, 325031, 0, -1.24, 0, 0.18, 92.9, 92.9, 0, 0
RCIN, 325031, 900, 900, 900, 900, 900, 900, 900, 900, 0, 0, 0, 0, 0, 0
CTUN, 325112, 0, 0, 0, 0, 0.01, 0.08, 0, 0, 0, -4
ATT, 325131, 0, -1.25, 0, 0.18, 92.91, 92.91, 0, 0
RCIN, 325131, 900, 900, 900, 900, 900, 900, 900, 900, 0, 0, 0, 0, 0, 0
GPS, 1, 0, 0, 0, 99.99, 34.9372615, -159.9142691, 0.01, 6984.91, 0, 0, 0, 325211
CTUN, 325213, 0, 0, 0, 0, 0.01, 0.22, 0, 0, 0, -4
ATT, 325231, 0, -1.26, 0, 0.17, 92.92, 92.92, 0, 0
RCIN, 325231, 900, 900, 900, 900, 900, 900, 900, 900, 0, 0, 0, 0, 0, 0
CTUN, 325312, 0, 0, 0, 0, 0.02, 0.27, 0, 0, 0, -3
ATT, 325331, 0, -1.27, 0, 0.17, 92.93, 92.93, 0, 0
RCIN, 325331, 900, 900, 900, 900, 900, 900, 900, 900, 0, 0, 0, 0, 0, 0
GPS, 1, 0, 0, 0, 99.99, 34.9372615, -159.9142691, 0.03, 6984.91, 0, 0, 0, 325412
CTUN, 325413, 0, 0, 0, 0, 0.03, 0.24, 0, 0, 0, -3
ATT, 325431, 0, -1.28, 0, 0.17, 92.94, 92.94, 0, 0
RCIN, 325431, 900, 900, 900, 900, 900, 900, 900, 900, 0, 0, 0, 0, 0, 0
CTUN, 325512, 0, 0, 0, 0, 0.04, 0, 0, 0, 0, -3
ATT, 325531, 0, -1.29, 0, 0.17, 92.94, 92.94, 0, 0
RCIN, 325531, 900, 900, 900, 900, 900, 900, 900, 900, 0, 0, 0, 0, 0, 0
GPS, 1, 0, 0, 0, 99.99, 34.9372615, -159.9142691, 0.03, 6984.91, 0, 0, 0, 325611
CTUN, 325613, 0, 0, 0, 0, 0.03, 0.15, 0, 0, 0, -3
ATT, 325631, 0, -1.3, 0, 0.17, 92.95, 92.95, 0, 0
RCIN, 325631, 900, 900, 900, 900, 900, 900, 900, 900, 0, 0, 0, 0, 0, 0
CTUN, 325712, 0, 0, 0, 0, 0.03, 0.01, 0, 0, 0, -3
ATT, 325731, 0, -1.31, 0, 0.17, 92.96, 92.96, 0, 0.01
RCIN, 325731, 900, 900, 900, 900, 900, 900, 900, 900, 0, 0, 0, 0, 0, 0
GPS, 1, 0, 0, 0, 99.99, 34.9372615, -159.9142691, 0.03, 6984.91, 0, 0, 0, 325811
CTUN, 325813, 0, 0, 0, 0, 0.03, -0.16, 0, 0, 0, -3
DU32, 7, 663768
CURR, 325822, 0, 0, 0, 0, 5006, 0
ATT, 325831, 0, -1.32, 0, 0.16, 92.98, 92.98, 0, 0
RCIN, 325831, 900, 900, 900, 900, 900, 900, 900, 900, 0, 0, 0, 0, 0, 0
CTUN, 325912, 0, 0, 0, 0, 0.01, 0.07, 0, 0, 0, -4
ATT, 325931, 0, -1.33, 0, 0.16, 92.98, 92.98, 0, 0
RCIN, 325931, 900, 900, 900, 900, 900, 900, 900, 900, 0, 0, 0, 0, 0, 0
GPS, 1, 0, 0, 0, 99.99, 34.9372615, -159.9142691, 0.01, 6984.91, 0, 0, 0, 326011
CTUN, 326013, 0, 0, 0, 0, 0.01, 0.15, 0, 0, 0, -3
ATT, 326031, 0, -1.34, 0, 0.16, 92.99, 92.99, 0, 0
RCIN, 326031, 900, 900, 900, 900, 900, 900, 900, 900, 0, 0, 0, 0, 0, 0
CTUN, 326112, 0, 0, 0, 0, 0.01, 0.28, 0, 0, 0, -3
ATT, 326131, 0, -1.35, 0, 0.16, 93, 93, 0, 0
RCIN, 326131, 900, 900, 900, 900, 900, 900, 900, 900, 0, 0, 0, 0, 0, 0
GPS, 1, 0, 0, 0, 99.99, 34.9372615, -159.9142691, 0.03, 6984.91, 0, 0, 0, 326211
CTUN, 326213, 0, 0, 0, 0, 0.03, 0.12, 0, 0, 0, -3
ATT, 326231, 0, -1.36, 0, 0.16, 93.01, 93.01, 0, 0
RCIN, 326231, 900, 900, 900, 900, 900, 900, 900, 900, 0, 0, 0, 0, 0, 0
CTUN, 326312, 0, 0, 0, 0, 0.03, -0.09, 0, 0, 0, -3
ATT, 326331, 0, -1.37, 0, 0.16, 93.02, 93.02, 0, 0
RCIN, 326331, 900, 900, 900, 900, 900, 900, 900, 900, 0, 0, 0, 0, 0, 0
GPS, 1, 0, 0, 0, 99.99, 34.9372615, -159.9142691, 0.02, 6984.91, 0, 0, 0, 326411
CTUN, 326413, 0, 0, 0, 0, 0.02, 0.1, 0, 0, 0, -3
ATT, 326431, 0, -1.38, 0, 0.15, 93.02, 93.02, 0, 0
RCIN, 326431, 900, 900, 900, 900, 900, 900, 900, 900, 0, 0, 0, 0, 0, 0
CTUN, 326512, 0, 0, 0, 0, 0.02, 0.17, 0, 0, 0, -3
ATT, 326531, 0, -1.39, 0, 0.15, 93.03, 93.03, 0, 0
RCIN, 326531, 900, 900, 900, 900, 900, 900, 900, 900, 0, 0, 0, 0, 0, 0
GPS, 1, 0, 0, 0, 99.99, 34.9372615, -159.9142691, 0.02, 6984.91, 0, 0, 0, 326611
CTUN, 326613, 0, 0, 0, 0, 0.02, 0, 0, 0, 0, -3
ATT, 326631, 0, -1.4, 0, 0.15, 93.04, 93.04, 0, 0
RCIN, 326631, 900, 900, 900, 900, 900, 900, 900, 900, 0, 0, 0, 0, 0, 0
CTUN, 326712, 0, 0, 0, 0, 0.02, 0.16, 0, 0, 0, -3
ATT, 326731, 0, -1.41, 0, 0.15, 93.05, 93.05, 0, 0
RCIN, 326731, 900, 900, 900, 900, 900, 900, 900, 900, 0, 0, 0, 0, 0, 0
GPS, 1, 0, 0, 0, 99.99, 34.9372615, -159.9142691, 0.02, 6984.91, 0, 0, 0, 326811
CTUN, 326813, 0, 0, 0, 0, 0.02, 0.18, 0, 0, 0, -3
DU32, 7, 663768
CURR, 326822, 0, 0, 0, 0, 5028, 0
PM, 5, 1000, 38125, 10, 0, 0, 0
ATT, 326831, 0, -1.42, 0, 0.15, 93.06, 93.06, 0, 0
RCIN, 326831, 900, 900, 900, 900, 900, 900, 900, 900, 0, 0, 0, 0, 0, 0
CTUN, 326912, 0, 0, 0, 0, 0.03, 0.34, 0, 0, 0, -3
ATT, 326931, 0, -1.44, 0, 0.14, 93.07, 93.07, 0, 0.01
RCIN, 326931, 900, 900, 900, 900, 900, 900, 900, 900, 0, 0, 0, 0, 0, 0
GPS, 1, 0, 0, 0, 99.99, 34.9372615, -159.9142691, 0.04, 6984.91, 0, 0, 0, 327011
CTUN, 327013, 0, 0, 0, 0, 0.04, 0.13, 0, 0, 0, -3
ATT, 327031, 0, -1.44, 0, 0.14, 93.08, 93.08, 0, 0
RCIN, 327031, 900, 900, 900, 900, 900, 900, 900, 900, 0, 0, 0, 0, 0, 0
CTUN, 327112, 0, 0, 0, 0, 0.04, 0.2, 0, 0, 0, -3
ATT, 327131, 0, -1.45, 0, 0.14, 93.08, 93.08, 0, 0
RCIN, 327131, 900, 900, 900, 900, 900, 900, 900, 900, 0, 0, 0, 0, 0, 0
GPS, 1, 0, 0, 0, 99.99, 34.9372615, -159.9142691, 0.05, 6984.91, 0, 0, 0, 327211
CTUN, 327213, 0, 0, 0, 0, 0.05, 0, 0, 0, 0, -3
ATT, 327231, 0, -1.46, 0, 0.14, 93.09, 93.09, 0, 0
RCIN, 327231, 900, 900, 900, 900, 900, 900, 900, 900, 0, 0, 0, 0, 0, 0
CTUN, 327312, 0, 0, 0, 0, 0.04, -0.14, 0, 0, 0, -3
ATT, 327331, 0, -1.47, 0, 0.14, 93.1, 93.1, 0, 0
RCIN, 327331, 900, 900, 900, 900, 900, 900, 900, 900, 0, 0, 0, 0, 0, 0
GPS, 1, 0, 0, 0, 99.99, 34.9372615, -159.9142691, 0.03, 6984.91, 0, 0, 0, 327411
CTUN, 327413, 0, 0, 0, 0, 0.03, 0.3, 0, 0, 0, -3
ATT, 327431, 0, -1.48, 0, 0.14, 93.11, 93.11, 0, 0
RCIN, 327431, 900, 900, 900, 900, 900, 900, 900, 900, 0, 0, 0, 0, 0, 0
CTUN, 327512, 0, 0, 0, 0, 0.04, 0.05, 0, 0, 0, -3
ATT, 327531, 0, -1.49, 0, 0.14, 93.12, 93.12, 0, 0
RCIN, 327531, 900, 900, 900, 900, 900, 900, 900, 900, 0, 0, 0, 0, 0, 0
GPS, 1, 0, 0, 0, 99.99, 34.9372615, -159.9142691, 0.04, 6984.91, 0, 0, 0, 327611
CTUN, 327613, 0, 0, 0, 0, 0.04, 0.16, 0, 0, 0, -3
ATT, 327631, 0, -1.5, 0, 0.14, 93.13, 93.13, 0, 0
RCIN, 327631, 900, 900, 900, 900, 900, 900, 900, 900, 0, 0, 0, 0, 0, 0
CTUN, 327712, 0, 0, 0, 0, 0.04, 0.08, 0, 0, 0, -3
ATT, 327731, 0, -1.51, 0, 0.14, 93.13, 93.13, 0, 0
RCIN, 327731, 900, 900, 900, 900, 900, 900, 900, 900, 0, 0, 0, 0, 0, 0
GPS, 1, 0, 0, 0, 99.99, 34.9372615, -159.9142691, 0.04, 6984.91, 0, 0, 0, 327811
CTUN, 327813, 0, 0, 0, 0, 0.04, 0.07, 0, 0, 0, -3
DU32, 7, 663768
CURR, 327822, 0, 0, 0, 0, 5006, 0
ATT, 327831, 0, -1.51, 0, 0.14, 93.14, 93.14, 0, 0
RCIN, 327831, 900, 900, 900, 900, 900, 900, 900, 900, 0, 0, 0, 0, 0, 0
CTUN, 327913, 0, 0, 0, 0, 0.04, 0.13, 0, 0, 0, -3
ATT, 327931, 0, -1.52, 0, 0.13, 93.15, 93.15, 0, 0
RCIN, 327931, 900, 900, 900, 900, 900, 900, 900, 900, 0, 0, 0, 0, 0, 0
GPS, 1, 0, 0, 0, 99.99, 34.9372615, -159.9142691, 0.04, 6984.91, 0, 0, 0, 328011
CTUN, 328013, 0, 0, 0, 0, 0.04, 0.16, 0, 0, 0, -3
ATT, 328031, 0, -1.53, 0, 0.13, 93.16, 93.16, 0, 0
RCIN, 328031, 900, 900, 900, 900, 900, 900, 900, 900, 0, 0, 0, 0, 0, 0
CTUN, 328112, 0, 0, 0, 0, 0.05, -0.05, 0, 0, 0, -3
ATT, 328131, 0, -1.53, 0, 0.13, 93.17, 93.17, 0.01, 0
RCIN, 328131, 900, 900, 900, 900, 900, 900, 900, 900, 0, 0, 0, 0, 0, 0
GPS, 1, 0, 0, 0, 99.99, 34.9372615, -159.9142691, 0.04, 6984.91, 0, 0, 0, 328211
CTUN, 328213, 0, 0, 0, 0, 0.04, 0.03, 0, 0, 0, -3
ATT, 328231, 0, -1.54, 0, 0.13, 93.18, 93.18, 0.01, 0
RCIN, 328231, 900, 900, 900, 900, 900, 900, 900, 900, 0, 0, 0, 0, 0, 0
CTUN, 328312, 0, 0, 0, 0, 0.03, 0.28, 0, 0, 0, -3
ATT, 328331, 0, -1.55, 0, 0.13, 93.19, 93.19, 0.01, 0
RCIN, 328331, 900, 900, 900, 900, 900, 900, 900, 900, 0, 0, 0, 0, 0, 0
GPS, 1, 0, 0, 0, 99.99, 34.9372615, -159.9142691, 0.04, 6984.91, 0, 0, 0, 328411
CTUN, 328413, 0, 0, 0, 0, 0.04, 0.15, 0, 0, 0, -3
ATT, 328431, 0, -1.56, 0, 0.12, 93.2, 93.2, 0.01, 0
RCIN, 328431, 900, 900, 900, 900, 900, 900, 900, 900, 0, 0, 0, 0, 0, 0
CTUN, 328512, 0, 0, 0, 0, 0.05, 0.14, 0, 0, 0, -3
ATT, 328531, 0, -1.56, 0, 0.12, 93.2, 93.2, 0.01, 0
RCIN, 328531, 900, 900, 900, 900, 900, 900, 900, 900, 0, 0, 0, 0, 0, 0
GPS, 1, 0, 0, 0, 99.99, 34.9372615, -159.9142691, 0.05, 6984.91, 0, 0, 0, 328611
CTUN, 328613, 0, 0, 0, 0, 0.05, 0.15, 0, 0, 0, -2
ATT, 328631, 0, -1.57, 0, 0.12, 93.21, 93.21, 0.01, 0
RCIN, 328631, 900, 900, 900, 900, 900, 900, 900, 900, 0, 0, 0, 0, 0, 0
CTUN, 328712, 0, 0, 0, 0, 0.05, 0.18, 0, 0, 0, -2
ATT, 328732, 0, -1.58, 0, 0.12, 93.22, 93.22, 0.01, 0
RCIN, 328732, 900, 900, 900, 900, 900, 900, 900, 900, 0, 0, 0, 0, 0, 0
GPS, 1, 0, 0, 0, 99.99, 34.9372615, -159.9142691, 0.06, 6984.91, 0, 0, 0, 328811
CTUN, 328813, 0, 0, 0, 0, 0.06, 0, 0, 0, 0, -2
DU32, 7, 663768
CURR, 328822, 0, 0, 0, 0, 5028, 0
ATT, 328831, 0, -1.59, 0, 0.12, 93.23, 93.23, 0.01, 0
RCIN, 328831, 900, 900, 900, 900, 900, 900, 900, 900, 0, 0, 0, 0, 0, 0
CTUN, 328912, 0, 0, 0, 0, 0.05, 0.09, 0, 0, 0, -2
ATT, 328932, 0, -1.59, 0, 0.12, 93.24, 93.24, 0.01, 0
RCIN, 328932, 900, 900, 900, 900, 900, 900, 900, 900, 0, 0, 0, 0, 0, 0
GPS, 1, 0, 0, 0, 99.99, 34.9372615, -159.9142691, 0.05, 6984.91, 0, 0, 0, 329011
CTUN, 329013, 0, 0, 0, 0, 0.05, 0.05, 0, 0, 0, -2
ATT, 329031, 0, -1.6, 0, 0.12, 93.25, 93.25, 0.01, 0
RCIN, 329032, 900, 900, 900, 900, 900, 900, 900, 900, 0, 0, 0, 0, 0, 0
CTUN, 329112, 0, 0, 0, 0, 0.05, -0.05, 0, 0, 0, -2
ATT, 329132, 0, -1.61, 0, 0.12, 93.26, 93.26, 0.01, 0
RCIN, 329132, 900, 900, 900, 900, 900, 900, 900, 900, 0, 0, 0, 0, 0, 0
GPS, 1, 0, 0, 0, 99.99, 34.9372615, -159.9142691, 0.04, 6984.91, 0, 0, 0, 329211
CTUN, 329213, 0, 0, 0, 0, 0.04, 0.21, 0, 0, 0, -3
ATT, 329231, 0, -1.62, 0, 0.12, 93.27, 93.27, 0.01, 0
RCIN, 329231, 900, 900, 900, 900, 900, 900, 900, 900, 0, 0, 0, 0, 0, 0
CTUN, 329312, 0, 0, 0, 0, 0.04, 0.28, 0, 0, 0, -2
ATT, 329331, 0, -1.63, 0, 0.12, 93.27, 93.27, 0.01, 0.01
RCIN, 329332, 900, 900, 900, 900, 900, 900, 900, 900, 0, 0, 0, 0, 0, 0
GPS, 1, 0, 0, 0, 99.99, 34.9372615, -159.9142691, 0.05, 6984.91, 0, 0, 0, 329411
CTUN, 329413, 0, 0, 0, 0, 0.05, -0.06, 0, 0, 0, -2
ATT, 329431, 0, -1.63, 0, 0.11, 93.28, 93.28, 0.01, 0
RCIN, 329431, 900, 900, 900, 900, 900, 900, 900, 900, 0, 0, 0, 0, 0, 0
CTUN, 329512, 0, 0, 0, 0, 0.04, 0.22, 0, 0, 0, -2
ATT, 329532, 0, -1.64, 0, 0.12, 93.28, 93.28, 0.01, 0
RCIN, 329532, 900, 900, 900, 900, 900, 900, 900, 900, 0, 0, 0, 0, 0, 0
GPS, 1, 0, 0, 0, 99.99, 34.9372615, -159.9142691, 0.05, 6984.91, 0, 0, 0, 329611
CTUN, 329613, 0, 0, 0, 0, 0.05, 0.08, 0, 0, 0, -2
ATT, 329631, 0, -1.64, 0, 0.11, 93.3, 93.3, 0.01, 0
RCIN, 329631, 900, 900, 900, 900, 900, 900, 900, 900, 0, 0, 0, 0, 0, 0
CTUN, 329712, 0, 0, 0, 0, 0.05, 0.02, 0, 0, 0, -2
ATT, 329732, 0, -1.65, 0, 0.11, 93.3, 93.3, 0.01, 0.01
RCIN, 329732, 900, 900, 900, 900, 900, 900, 900, 900, 0, 0, 0, 0, 0, 0
GPS, 1, 0, 0, 0, 99.99, 34.9372615, -159.9142691, 0.05, 6984.91, 0, 0, 0, 329811
CTUN, 329813, 0, 0, 0, 0, 0.05, 0.2, 0, 0, 0, -2
DU32, 7, 663768
CURR, 329822, 0, 0, 0, 0, 4984, 0
ATT, 329831, 0, -1.65, 0, 0.11, 93.3, 93.3, 0.01, 0
RCIN, 329831, 900, 900, 900, 900, 900, 900, 900, 900, 0, 0, 0, 0, 0, 0
CTUN, 329912, 0, 0, 0, 0, 0.05, 0.28, 0, 0, 0, -2
ATT, 329931, 0, -1.66, 0, 0.11, 93.31, 93.31, 0.01, 0
RCIN, 329931, 900, 900, 900, 900, 900, 900, 900, 900, 0, 0, 0, 0, 0, 0
GPS, 1, 0, 0, 0, 99.99, 34.9372615, -159.9142691, 0.06, 6984.91, 0, 0, 0, 330011
CTUN, 330013, 0, 0, 0, 0, 0.06, 0, 0, 0, 0, -2
ATT, 330031, 0, -1.66, 0, 0.11, 93.32, 93.32, 0.01, 0
RCIN, 330031, 900, 900, 900, 900, 900, 900, 900, 900, 0, 0, 0, 0, 0, 0
CTUN, 330112, 0, 0, 0, 0, 0.06, 0.11, 0, 0, 0, -2
ATT, 330132, 0, -1.66, 0, 0.11, 93.32, 93.32, 0.01, 0
RCIN, 330132, 900, 900, 900, 900, 900, 900, 900, 900, 0, 0, 0, 0, 0, 0
GPS, 1, 0, 0, 0, 99.99, 34.9372615, -159.9142691, 0.06, 6984.91, 0, 0, 0, 330211
CTUN, 330213, 0, 0, 0, 0, 0.06, 0.2, 0, 0, 0, -2
ATT, 330231, 0, -1.67, 0, 0.11, 93.33, 93.33, 0.01, 0
RCIN, 330231, 900, 900, 900, 900, 900, 900, 900, 900, 0, 0, 0, 0, 0, 0
CTUN, 330312, 0, 0, 0, 0, 0.06, 0.06, 0, 0, 0, -2
ATT, 330331, 0, -1.67, 0, 0.11, 93.34, 93.34, 0.01, 0
RCIN, 330331, 900, 900, 900, 900, 900, 900, 900, 900, 0, 0, 0, 0, 0, 0
GPS, 1, 0, 0, 0, 99.99, 34.9372615, -159.9142691, 0.06, 6984.91, 0, 0, 0, 330411
CTUN, 330413, 0, 0, 0, 0, 0.06, 0.19, 0, 0, 0, -2
ATT, 330432, 0, -1.67, 0, 0.11, 93.34, 93.34, 0.01, 0
RCIN, 330432, 900, 900, 900, 900, 900, 900, 900, 900, 0, 0, 0, 0, 0, 0
CTUN, 330512, 0, 0, 0, 0, 0.07, 0.09, 0, 0, 0, -2
ATT, 330531, 0, -1.68, 0, 0.11, 93.35, 93.35, 0.01, 0
RCIN, 330531, 900, 900, 900, 900, 900, 900, 900, 900, 0, 0, 0, 0, 0, 0
GPS, 1, 0, 0, 0, 99.99, 34.9372615, -159.9142691, 0.06, 6984.91, 0, 0, 0, 330611
CTUN, 330613, 0, 0, 0, 0, 0.06, 0.27, 0, 0, 0, -2
ATT, 330631, 0, -1.68, 0, 0.11, 93.35, 93.35, 0.01, 0
RCIN, 330631, 900, 900, 900, 900, 900, 900, 900, 900, 0, 0, 0, 0, 0, 0
CTUN, 330712, 0, 0, 0, 0, 0.07, -0.03, 0, 0, 0, -2
ATT, 330731, 0, -1.68, 0, 0.11, 93.36, 93.36, 0.01, 0
RCIN, 330732, 900, 900, 900, 900, 900, 900, 900, 900, 0, 0, 0, 0, 0, 0
GPS, 1, 0, 0, 0, 99.99, 34.9372615, -159.9142691, 0.06, 6984.91, 0, 0, 0, 330811
CTUN, 330813, 0, 0, 0, 0, 0.06, 0.14, 0, 0, 0, -2
DU32, 7, 663768
CURR, 330822, 0, 0, 0, 0, 4984, 0
ATT, 330831, 0, -1.69, 0, 0.11, 93.37, 93.37, 0.01, 0
RCIN, 330831, 900, 900, 900, 900, 900, 900, 900, 900, 0, 0, 0, 0, 0, 0
CTUN, 330912, 0, 0, 0, 0, 0.07, 0.39, 0, 0, 0, -2
ATT, 330931, 0, -1.69, 0, 0.11, 93.38, 93.38, 0.01, 0
RCIN, 330932, 900, 900, 900, 900, 900, 900, 900, 900, 0, 0, 0, 0, 0, 0
GPS, 1, 0, 0, 0, 99.99, 34.9372615, -159.9142691, 0.08, 6984.91, 0, 0, 0, 331011
CTUN, 331013, 0, 0, 0, 0, 0.08, 0.15, 0, 0, 0, -2
ATT, 331031, 0, -1.69, 0, 0.11, 93.38, 93.38, 0.01, 0
RCIN, 331031, 900, 900, 900, 900, 900, 900, 900, 900, 0, 0, 0, 0, 0, 0
CTUN, 331112, 0, 0, 0, 0, 0.08, 0.09, 0, 0, 0, -2
ATT, 331132, 0, -1.7, 0, 0.11, 93.39, 93.39, 0.01, 0
RCIN, 331132, 900, 900, 900, 900, 900, 900, 900, 900, 0, 0, 0, 0, 0, 0
GPS, 1, 0, 0, 0, 99.99, 34.9372615, -159.9142691, 0.08, 6984.91, 0, 0, 0, 331211
CTUN, 331213, 0, 0, 0, 0, 0.08, -0.08, 0, 0, 0, -2
ATT, 331231, 0, -1.7, 0, 0.11, 93.4, 93.4, 0.01, 0
RCIN, 331232, 900, 900, 900, 900, 900, 900, 900, 900, 0, 0, 0, 0, 0, 0
CTUN, 331312, 0, 0, 0, 0, 0.07, -0.26, 0, 0, 0, -2
ATT, 331331, 0, -1.7, 0, 0.11, 93.41, 93.41, 0.01, 0
RCIN, 331331, 900, 900, 900, 900, 900, 900, 900, 900, 0, 0, 0, 0, 0, 0
GPS, 1, 0, 0, 0, 99.99, 34.9372615, -159.9142691, 0.05, 6984.91, 0, 0, 0, 331411
CTUN, 331413, 0, 0, 0, 0, 0.05, -0.05, 0, 0, 0, -2
ATT, 331431, 0, -1.71, 0, 0.11, 93.42, 93.42, 0.01, 0
RCIN, 331431, 900, 900, 900, 900, 900, 900, 900, 900, 0, 0, 0, 0, 0, 0
CTUN, 331512, 0, 0, 0, 0, 0.04, 0.44, 0, 0, 0, -3
ATT, 331531, 0, -1.71, 0, 0.11, 93.42, 93.42, 0.01, 0
RCIN, 331531, 900, 900, 900, 900, 900, 900, 900, 900, 0, 0, 0, 0, 0, 0
GPS, 1, 0, 0, 0, 99.99, 34.9372615, -159.9142691, 0.06, 6984.91, 0, 0, 0, 331611
CTUN, 331613, 0, 0, 0, 0, 0.06, -0.11, 0, 0, 0, -2
ATT, 331631, 0, -1.71, 0, 0.11, 93.42, 93.42, 0.01, 0
RCIN, 331631, 900, 900, 900, 900, 900, 900, 900, 900, 0, 0, 0, 0, 0, 0
CTUN, 331712, 0, 0, 0, 0, 0.04, 0.13, 0, 0, 0, -2
ATT, 331731, 0, -1.72, 0, 0.11, 93.42, 93.42, 0.01, 0
RCIN, 331731, 900, 900, 900, 900, 900, 900, 900, 900, 0, 0, 0, 0, 0, 0
GPS, 1, 0, 0, 0, 99.99, 34.9372615, -159.9142691, 0.05, 6984.91, 0, 0, 0, 331811
CTUN, 331813, 0, 0, 0, 0, 0.05, 0.16, 0, 0, 0, -2
DU32, 7, 663768
CURR, 331822, 0, 0, 0, 0, 5006, 0
ATT, 331831, 0, -1.72, 0, 0.11, 93.44, 93.44, 0.01, 0
RCIN, 331831, 900, 900, 900, 900, 900, 900, 900, 900, 0, 0, 0, 0, 0, 0
CTUN, 331912, 0, 0, 0, 0, 0.05, -0.27, 0, 0, 0, -2
ATT, 331931, 0, -1.73, 0, 0.11, 93.44, 93.44, 0.01, 0
RCIN, 331931, 900, 900, 900, 900, 900, 900, 900, 900, 0, 0, 0, 0, 0, 0
GPS, 1, 0, 0, 0, 99.99, 34.9372615, -159.9142691, 0.03, 6984.91, 0, 0, 0, 332011
CTUN, 332013, 0, 0, 0, 0, 0.03, 0.04, 0, 0, 0, -3
ATT, 332031, 0, -1.73, 0, 0.11, 93.45, 93.45, 0.01, 0
RCIN, 332031, 900, 900, 900, 900, 900, 900, 900, 900, 0, 0, 0, 0, 0, 0
CTUN, 332112, 0, 0, 0, 0, 0.02, 0.18, 0, 0, 0, -3
ATT, 332132, 0, -1.73, 0, 0.11, 93.45, 93.45, 0.01, 0
RCIN, 332132, 900, 900, 900, 900, 900, 900, 900, 900, 0, 0, 0, 0, 0, 0
GPS, 1, 0, 0, 0, 99.99, 34.9372615, -159.9142691, 0.03, 6984.91, 0, 0, 0, 332211
CTUN, 332213, 0, 0, 0, 0, 0.03, -0.11, 0, 0, 0, -3
ATT, 332231, 0, -1.74, 0, 0.11, 93.45, 93.45, 0.01, 0
RCIN, 332231, 900, 900, 900, 900, 900, 900, 900, 900, 0, 0, 0, 0, 0, 0
CTUN, 332312, 0, 0, 0, 0, 0.02, -0.15, 0, 0, 0, -3
ATT, 332331, 0, -1.74, 0, 0.11, 93.46, 93.46, 0.01, 0
RCIN, 332331, 900, 900, 900, 900, 900, 900, 900, 900, 0, 0, 0, 0, 0, 0
GPS, 1, 0, 0, 0, 99.99, 34.9372615, -159.9142691, 0, 6984.91, 0, 0, 0, 332411
CTUN, 332413, 0, 0, 0, 0, 0, 0.12, 0, 0, 0, -3
ATT, 332432, 0, -1.74, 0, 0.11, 93.47, 93.47, 0.01, 0.01
RCIN, 332432, 900, 900, 900, 900, 900, 900, 900, 900, 0, 0, 0, 0, 0, 0
CTUN, 332512, 0, 0, 0, 0, 0.01, 0.26, 0, 0, 0, -3
ATT, 332531, 0, -1.74, 0, 0.11, 93.47, 93.47, 0.01, 0.01
RCIN, 332531, 900, 900, 900, 900, 900, 900, 900, 900, 0, 0, 0, 0, 0, 0
GPS, 1, 0, 0, 0, 99.99, 34.9372615, -159.9142691, 0.02, 6984.91, 0, 0, 0, 332612
CTUN, 332614, 0, 0, 0, 0, 0.02, 0.07, 0, 0, 0, -3
ATT, 332631, 0, -1.75, 0, 0.11, 93.47, 93.47, 0.01, 0
RCIN, 332631, 900, 900, 900, 900, 900, 900, 900, 900, 0, 0, 0, 0, 0, 0
CTUN, 332712, 0, 0, 0, 0, 0.02, 0.23, 0, 0, 0, -3
ATT, 332731, 0, -1.75, 0, 0.11, 93.48, 93.48, 0.01, 0
RCIN, 332732, 900, 900, 900, 900, 900, 900, 900, 900, 0, 0, 0, 0, 0, 0
GPS, 1, 0, 0, 0, 99.99, 34.9372615, -159.9142691, 0.03, 6984.91, 0, 0, 0, 332812
CTUN, 332814, 0, 0, 0, 0, 0.03, -0.02, 0, 0, 0, -3
DU32, 7, 663768
CURR, 332822, 0, 0, 0, 0, 5006, 0
ATT, 332831, 0, -1.76, 0, 0.1, 93.48, 93.48, 0.01, 0
RCIN, 332831, 900, 900, 900, 900, 900, 900, 900, 900, 0, 0, 0, 0, 0, 0
CTUN, 332912, 0, 0, 0, 0, 0.02, 0.36, 0, 0, 0, -3
ATT, 332931, 0, -1.76, 0, 0.11, 93.49, 93.49, 0.01, 0
RCIN, 332931, 900, 900, 900, 900, 900, 900, 900, 900, 0, 0, 0, 0, 0, 0
GPS, 1, 0, 0, 0, 99.99, 34.9372615, -159.9142691, 0.04, 6984.91, 0, 0, 0, 333012
CTUN, 333014, 0, 0, 0, 0, 0.04, 0.14, 0, 0, 0, -2
ATT, 333032, 0, -1.76, 0, 0.1, 93.51, 93.51, 0.01, 0.01
RCIN, 333032, 900, 900, 900, 900, 900, 900, 900, 900, 0, 0, 0, 0, 0, 0
CTUN, 333112, 0, 0, 0, 0, 0.04, 0.04, 0, 0, 0, -2
ATT, 333131, 0, -1.76, 0, 0.1, 93.51, 93.51, 0.01, 0
RCIN, 333131, 900, 900, 900, 900, 900, 900, 900, 900, 0, 0, 0, 0, 0, 0
GPS, 1, 0, 0, 0, 99.99, 34.9372615, -159.9142691, 0.04, 6984.91, 0, 0, 0, 333211
CTUN, 333213, 0, 0, 0, 0, 0.04, 0.31, 0, 0, 0, -2
ATT, 333231, 0, -1.77, 0, 0.1, 93.52, 93.52, 0.01, 0
RCIN, 333231, 900, 900, 900, 900, 900, 900, 900, 900, 0, 0, 0, 0, 0, 0
CTUN, 333312, 0, 0, 0, 0, 0.05, 0.02, 0, 0, 0, -2
ATT, 333331, 0, -1.77, 0, 0.1, 93.52, 93.52, 0.01, 0
RCIN, 333331, 900, 900, 900, 900, 900, 900, 900, 900, 0, 0, 0, 0, 0, 0
GPS, 1, 0, 0, 0, 99.99, 34.9372615, -159.9142691, 0.05, 6984.91, 0, 0, 0, 333411
CTUN, 333413, 0, 0, 0, 0, 0.05, 0, 0, 0, 0, -2
ATT, 333431, 0, -1.78, 0, 0.1, 93.53, 93.53, 0.01, 0.01
RCIN, 333431, 900, 900, 900, 900, 900, 900, 900, 900, 0, 0, 0, 0, 0, 0
CTUN, 333512, 0, 0, 0, 0, 0.04, -0.05, 0, 0, 0, -2
ATT, 333531, 0, -1.78, 0, 0.1, 93.54, 93.54, 0.01, 0.01
RCIN, 333531, 900, 900, 900, 900, 900, 900, 900, 900, 0, 0, 0, 0, 0, 0
GPS, 1, 0, 0, 0, 99.99, 34.9372615, -159.9142691, 0.03, 6984.91, 0, 0, 0, 333611
CTUN, 333613, 0, 0, 0, 0, 0.03, 0.28, 0, 0, 0, -2
ATT, 333632, 0, -1.78, 0, 0.1, 93.54, 93.54, 0.01, 0
RCIN, 333632, 900, 900, 900, 900, 900, 900, 900, 900, 0, 0, 0, 0, 0, 0
CTUN, 333712, 0, 0, 0, 0, 0.04, 0.2, 0, 0, 0, -2
ATT, 333732, 0, -1.78, 0, 0.1, 93.55, 93.55, 0.01, 0
RCIN, 333732, 900, 900, 900, 900, 900, 900, 900, 900, 0, 0, 0, 0, 0, 0
GPS, 1, 0, 0, 0, 99.99, 34.9372615, -159.9142691, 0.05, 6984.91, 0, 0, 0, 333811
CTUN, 333813, 0, 0, 0, 0, 0.05, 0.05, 0, 0, 0, -2
DU32, 7, 663768
CURR, 333822, 0, 0, 0, 0, 5006, 0
ATT, 333832, 0, -1.79, 0, 0.1, 93.56, 93.56, 0.01, 0
RCIN, 333832, 900, 900, 900, 900, 900, 900, 900, 900, 0, 0, 0, 0, 0, 0
CTUN, 333912, 0, 0, 0, 0, 0.05, 0.08, 0, 0, 0, -2
ATT, 333931, 0, -1.79, 0, 0.1, 93.57, 93.57, 0.01, 0
RCIN, 333931, 900, 900, 900, 900, 900, 900, 900, 900, 0, 0, 0, 0, 0, 0
GPS, 1, 0, 0, 0, 99.99, 34.9372615, -159.9142691, 0.05, 6984.91, 0, 0, 0, 334011
CTUN, 334013, 0, 0, 0, 0, 0.05, 0.09, 0, 0, 0, -2
ATT, 334031, 0, -1.79, 0, 0.1, 93.58, 93.58, 0.01, 0
RCIN, 334031, 900, 900, 900, 900, 900, 900, 900, 900, 0, 0, 0, 0, 0, 0
CTUN, 334112, 0, 0, 0, 0, 0.05, -0.06, 0, 0, 0, -2
ATT, 334131, 0, -1.79, 0, 0.1, 93.58, 93.58, 0.01, 0
RCIN, 334131, 900, 900, 900, 900, 900, 900, 900, 900, 0, 0, 0, 0, 0, 0
GPS, 1, 0, 0, 0, 99.99, 34.9372615, -159.9142691, 0.04, 6984.91, 0, 0, 0, 334211
CTUN, 334213, 0, 0, 0, 0, 0.04, 0.02, 0, 0, 0, -2
ATT, 334231, 0, -1.79, 0, 0.1, 93.59, 93.59, 0.01, 0.01
RCIN, 334231, 900, 900, 900, 900, 900, 900, 900, 900, 0, 0, 0, 0, 0, 0
CTUN, 334312, 0, 0, 0, 0, 0.03, -0.05, 0, 0, 0, -2
ATT, 334331, 0, -1.79, 0, 0.1, 93.59, 93.59, 0.01, 0
RCIN, 334331, 900, 900, 900, 900, 900, 900, 900, 900, 0, 0, 0, 0, 0, 0
GPS, 1, 0, 0, 0, 99.99, 34.9372615, -159.9142691, 0.02, 6984.91, 0, 0, 0, 334411
CTUN, 334413, 0, 0, 0, 0, 0.02, 0.01, 0, 0, 0, -3
ATT, 334431, 0, -1.8, 0, 0.1, 93.6, 93.6, 0.01, 0.01
RCIN, 334431, 900, 900, 900, 900, 900, 900, 900, 900, 0, 0, 0, 0, 0, 0
CTUN, 334512, 0, 0, 0, 0, 0.02, 0.11, 0, 0, 0, -3
ATT, 334531, 0, -1.8, 0, 0.1, 93.6, 93.6, 0.01, 0
RCIN, 334531, 900, 900, 900, 900, 900, 900, 900, 900, 0, 0, 0, 0, 0, 0
GPS, 1, 0, 0, 0, 99.99, 34.9372615, -159.9142691, 0.02, 6984.91, 0, 0, 0, 334611
CTUN, 334613, 0, 0, 0, 0, 0.02, -0.05, 0, 0, 0, -3
ATT, 334631, 0, -1.8, 0, 0.1, 93.62, 93.62, 0.01, 0.01
RCIN, 334631, 900, 900, 900, 900, 900, 900, 900, 900, 0, 0, 0, 0, 0, 0
CTUN, 334712, 0, 0, 0, 0, 0.01, 0.08, 0, 0, 0, -3
ATT, 334731, 0, -1.8, 0, 0.1, 93.62, 93.62, 0.01, 0.01
RCIN, 334731, 900, 900, 900, 900, 900, 900, 900, 900, 0, 0, 0, 0, 0, 0
GPS, 1, 0, 0, 0, 99.99, 34.9372615, -159.9142691, 0.01, 6984.91, 0, 0, 0, 334811
CTUN, 334813, 0, 0, 0, 0, 0.01, 0.13, 0, 0, 0, -3
DU32, 7, 663768
CURR, 334822, 0, 0, 0, 0, 5028, 0
ATT, 334831, 0, -1.8, 0, 0.1, 93.63, 93.63, 0.01, 0.01
RCIN, 334831, 900, 900, 900, 900, 900, 900, 900, 900, 0, 0, 0, 0, 0, 0
CTUN, 334912, 0, 0, 0, 0, 0.02, 0.28, 0, 0, 0, -3
ATT, 334932, 0, -1.8, 0, 0.1, 93.63, 93.63, 0.01, 0
RCIN, 334932, 900, 900, 900, 900, 900, 900, 900, 900, 0, 0, 0, 0, 0, 0
GPS, 1, 0, 0, 0, 99.99, 34.9372615, -159.9142691, 0.03, 6984.91, 0, 0, 0, 335011
CTUN, 335013, 0, 0, 0, 0, 0.03, 0.17, 0, 0, 0, -3
ATT, 335031, 0, -1.8, 0, 0.1, 93.63, 93.63, 0.01, 0
RCIN, 335031, 900, 900, 900, 900, 900, 900, 900, 900, 0, 0, 0, 0, 0, 0
CTUN, 335112, 0, 0, 0, 0, 0.03, -0.24, 0, 0, 0, -3
ATT, 335132, 0, -1.79, 0, 0.1, 93.64, 93.64, 0.01, 0.01
RCIN, 335132, 900, 900, 900, 900, 900, 900, 900, 900, 0, 0, 0, 0, 0, 0
GPS, 1, 0, 0, 0, 99.99, 34.9372615, -159.9142691, 0.01, 6984.91, 0, 0, 0, 335211
CTUN, 335213, 0, 0, 0, 0, 0.01, -0.12, 0, 0, 0, -3
ATT, 335231, 0, -1.79, 0, 0.1, 93.64, 93.64, 0.01, 0.01
RCIN, 335232, 900, 900, 900, 900, 900, 900, 900, 900, 0, 0, 0, 0, 0, 0
CTUN, 335312, 0, 0, 0, 0, 0, -0.17, 0, 0, 0, -3
ATT, 335331, 0, -1.79, 0, 0.1, 93.64, 93.64, 0.01, 0.01
RCIN, 335331, 900, 900, 900, 900, 900, 900, 900, 900, 0, 0, 0, 0, 0, 0
GPS, 1, 0, 0, 0, 99.99, 34.9372615, -159.9142691, 0, 6984.91, 0, 0, 0, 335411
CTUN, 335413, 0, 0, 0, 0, 0, 0.02, 0, 0, 0, -3
ATT, 335431, 0, -1.8, 0, 0.1, 93.64, 93.64, 0.01, 0
RCIN, 335432, 900, 900, 900, 900, 900, 900, 900, 900, 0, 0, 0, 0, 0, 0
CTUN, 335512, 0, 0, 0, 0, -0.01, 0.06, 0, 0, 0, -4
ATT, 335531, 0, -1.8, 0, 0.1, 93.64, 93.64, 0.01, 0.01
RCIN, 335531, 900, 900, 900, 900, 900, 900, 900, 900, 0, 0, 0, 0, 0, 0
GPS, 1, 0, 0, 0, 99.99, 34.9372615, -159.9142691, -0.01, 6984.91, 0, 0, 0, 335611
CTUN, 335613, 0, 0, 0, 0, -0.01, 0.1, 0, 0, 0, -4
ATT, 335631, 0, -1.79, 0, 0.1, 93.64, 93.64, 0.01, 0
RCIN, 335631, 900, 900, 900, 900, 900, 900, 900, 900, 0, 0, 0, 0, 0, 0
CTUN, 335713, 0, 0, 0, 0, 0, -0.15, 0, 0, 0, -4
ATT, 335731, 0, -1.79, 0, 0.1, 93.65, 93.65, 0.01, 0.01
RCIN, 335731, 900, 900, 900, 900, 900, 900, 900, 900, 0, 0, 0, 0, 0, 0
GPS, 1, 0, 0, 0, 99.99, 34.9372615, -159.9142691, -0.02, 6984.91, 0, 0, 0, 335811
CTUN, 335813, 0, 0, 0, 0, -0.02, 0, 0, 0, 0, -4
DU32, 7, 663768
CURR, 335822, 0, 0, 0, 0, 5028, 0
ATT, 335831, 0, -1.79, 0, 0.09, 93.65, 93.65, 0.01, 0
RCIN, 335832, 900, 900, 900, 900, 900, 900, 900, 900, 0, 0, 0, 0, 0, 0
CTUN, 335912, 0, 0, 0, 0, -0.02, 0.01, 0, 0, 0, -4
ATT, 335931, 0, -1.79, 0, 0.1, 93.66, 93.66, 0.01, 0
RCIN, 335931, 900, 900, 900, 900, 900, 900, 900, 900, 0, 0, 0, 0, 0, 0
GPS, 1, 0, 0, 0, 99.99, 34.9372615, -159.9142691, -0.02, 6984.91, 0, 0, 0, 336011
CTUN, 336013, 0, 0, 0, 0, -0.02, 0.1, 0, 0, 0, -4
ATT, 336031, 0, -1.79, 0, 0.1, 93.66, 93.66, 0.01, 0
RCIN, 336031, 900, 900, 900, 900, 900, 900, 900, 900, 0, 0, 0, 0, 0, 0
CTUN, 336112, 0, 0, 0, 0, -0.02, 0.24, 0, 0, 0, -4
ATT, 336132, 0, -1.79, 0, 0.1, 93.66, 93.66, 0.01, 0.01
RCIN, 336132, 900, 900, 900, 900, 900, 900, 900, 900, 0, 0, 0, 0, 0, 0
GPS, 1, 0, 0, 0, 99.99, 34.9372615, -159.9142691, -0.01, 6984.91, 0, 0, 0, 336211
CTUN, 336213, 0, 0, 0, 0, -0.01, -0.12, 0, 0, 0, -4
ATT, 336231, 0, -1.79, 0, 0.1, 93.67, 93.67, 0.01, 0.01
RCIN, 336231, 900, 900, 900, 900, 900, 900, 900, 900, 0, 0, 0, 0, 0, 0
CTUN, 336312, 0, 0, 0, 0, -0.02, 0.1, 0, 0, 0, -4
ATT, 336332, 0, -1.79, 0, 0.1, 93.67, 93.67, 0.01, 0
RCIN, 336332, 900, 900, 900, 900, 900, 900, 900, 900, 0, 0, 0, 0, 0, 0
GPS, 1, 0, 0, 0, 99.99, 34.9372615, -159.9142691, -0.02, 6984.91, 0, 0, 0, 336411
CTUN, 336413, 0, 0, 0, 0, -0.02, -0.06, 0, 0, 0, -4
ATT, 336431, 0, -1.79, 0, 0.1, 93.68, 93.68, 0.01, 0.01
RCIN, 336431, 900, 900, 900, 900, 900, 900, 900, 900, 0, 0, 0, 0, 0, 0
CTUN, 336512, 0, 0, 0, 0, -0.02, -0.1, 0, 0, 0, -4
ATT, 336532, 0, -1.79, 0, 0.1, 93.68, 93.68, 0.01, 0.01
RCIN, 336532, 900, 900, 900, 900, 900, 900, 900, 900, 0, 0, 0, 0, 0, 0
GPS, 1, 0, 0, 0, 99.99, 34.9372615, -159.9142691, -0.03, 6984.91, 0, 0, 0, 336611
CTUN, 336613, 0, 0, 0, 0, -0.03, -0.01, 0, 0, 0, -4
ATT, 336632, 0, -1.79, 0, 0.1, 93.68, 93.68, 0.01, 0.01
RCIN, 336632, 900, 900, 900, 900, 900, 900, 900, 900, 0, 0, 0, 0, 0, 0
CTUN, 336712, 0, 0, 0, 0, -0.03, 0.07, 0, 0, 0, -4
ATT, 336731, 0, -1.79, 0, 0.1, 93.68, 93.68, 0.01, 0
RCIN, 336731, 900, 900, 900, 900, 900, 900, 900, 900, 0, 0, 0, 0, 0, 0
GPS, 1, 0, 0, 0, 99.99, 34.9372615, -159.9142691, -0.03, 6984.91, 0, 0, 0, 336811
CTUN, 336813, 0, 0, 0, 0, -0.03, -0.36, 0, 0, 0, -4
DU32, 7, 663768
CURR, 336822, 0, 0, 0, 0, 5006, 0
PM, 0, 1000, 10432, 10, 0, 0, 0
ATT, 336831, 0, -1.79, 0, 0.1, 93.68, 93.68, 0.01, 0
RCIN, 336832, 900, 900, 900, 900, 900, 900, 900, 900, 0, 0, 0, 0, 0, 0
CTUN, 336912, 0, 0, 0, 0, -0.06, -0.28, 0, 0, 0, -4
ATT, 336931, 0, -1.79, 0, 0.1, 93.69, 93.69, 0.01, 0.01
RCIN, 336932, 900, 900, 900, 900, 900, 900, 900, 900, 0, 0, 0, 0, 0, 0
GPS, 1, 0, 0, 0, 99.99, 34.9372615, -159.9142691, -0.08, 6984.91, 0, 0, 0, 337011
CTUN, 337013, 0, 0, 0, 0, -0.08, 0, 0, 0, 0, -5
ATT, 337031, 0, -1.79, 0, 0.1, 93.69, 93.69, 0.01, 0.01
RCIN, 337031, 900, 900, 900, 900, 900, 900, 900, 900, 0, 0, 0, 0, 0, 0
CTUN, 337112, 0, 0, 0, 0, -0.08, -0.03, 0, 0, 0, -5
ATT, 337131, 0, -1.79, 0, 0.1, 93.69, 93.69, 0.01, 0.01
RCIN, 337131, 900, 900, 900, 900, 900, 900, 900, 900, 0, 0, 0, 0, 0, 0
GPS, 1, 0, 0, 0, 99.99, 34.9372615, -159.9142691, -0.08, 6984.91, 0, 0, 0, 337212
CTUN, 337213, 0, 0, 0, 0, -0.08, 0.01, 0, 0, 0, -5
ATT, 337231, 0, -1.79, 0, 0.09, 93.7, 93.7, 0.01, 0.01
RCIN, 337231, 900, 900, 900, 900, 900, 900, 900, 900, 0, 0, 0, 0, 0, 0
CTUN, 337312, 0, 0, 0, 0, -0.08, 0.08, 0, 0, 0, -5
ATT, 337331, 0, -1.79, 0, 0.1, 93.69, 93.69, 0.01, 0
RCIN, 337331, 900, 900, 900, 900, 900, 900, 900, 900, 0, 0, 0, 0, 0, 0
GPS, 1, 0, 0, 0, 99.99, 34.9372615, -159.9142691, -0.07, 6984.91, 0, 0, 0, 337411
CTUN, 337413, 0, 0, 0, 0, -0.07, 0.06, 0, 0, 0, -5
ATT, 337431, 0, -1.79, 0, 0.1, 93.7, 93.7, 0.01, 0
RCIN, 337432, 900, 900, 900, 900, 900, 900, 900, 900, 0, 0, 0, 0, 0, 0
CTUN, 337512, 0, 0, 0, 0, -0.07, -0.02, 0, 0, 0, -4
ATT, 337531, 0, -1.79, 0, 0.1, 93.7, 93.7, 0.01, 0.02
RCIN, 337531, 900, 900, 900, 900, 900, 900, 900, 900, 0, 0, 0, 0, 0, 0
GPS, 1, 0, 0, 0, 99.99, 34.9372615, -159.9142691, -0.07, 6984.91, 0, 0, 0, 337611
CTUN, 337613, 0, 0, 0, 0, -0.07, 0.07, 0, 0, 0, -5
ATT, 337631, 0, -1.79, 0, 0.1, 93.7, 93.7, 0.01, 0.01
RCIN, 337631, 900, 900, 900, 900, 900, 900, 900, 900, 0, 0, 0, 0, 0, 0
CTUN, 337712, 0, 0, 0, 0, -0.07, 0.06, 0, 0, 0, -4
ATT, 337732, 0, -1.79, 0, 0.1, 93.7, 93.7, 0.01, 0
RCIN, 337732, 900, 900, 900, 900, 900, 900, 900, 900, 0, 0, 0, 0, 0, 0
GPS, 1, 0, 0, 0, 99.99, 34.9372615, -159.9142691, -0.07, 6984.91, 0, 0, 0, 337811
CTUN, 337813, 0, 0, 0, 0, -0.07, -0.13, 0, 0, 0, -4
DU32, 7, 663768
CURR, 337822, 0, 0, 0, 0, 5006, 0
ATT, 337832, 0, -1.79, 0, 0.09, 93.71, 93.71, 0.01, 0.01
RCIN, 337832, 900, 900, 900, 900, 900, 900, 900, 900, 0, 0, 0, 0, 0, 0
CTUN, 337912, 0, 0, 0, 0, -0.08, 0.01, 0, 0, 0, -5
ATT, 337931, 0, -1.79, 0, 0.09, 93.71, 93.71, 0.01, 0
RCIN, 337931, 900, 900, 900, 900, 900, 900, 900, 900, 0, 0, 0, 0, 0, 0
GPS, 1, 0, 0, 0, 99.99, 34.9372615, -159.9142691, -0.08, 6984.91, 0, 0, 0, 338011
CTUN, 338013, 0, 0, 0, 0, -0.08, -0.08, 0, 0, 0, -5
ATT, 338031, 0, -1.79, 0, 0.09, 93.72, 93.72, 0.01, 0.01
RCIN, 338031, 900, 900, 900, 900, 900, 900, 900, 900, 0, 0, 0, 0, 0, 0
CTUN, 338112, 0, 0, 0, 0, -0.08, -0.04, 0, 0, 0, -5
ATT, 338131, 0, -1.79, 0, 0.09, 93.72, 93.72, 0.01, 0.01
RCIN, 338131, 900, 900, 900, 900, 900, 900, 900, 900, 0, 0, 0, 0, 0, 0
GPS, 1, 0, 0, 0, 99.99, 34.9372615, -159.9142691, -0.08, 6984.91, 0, 0, 0, 338211
CTUN, 338213, 0, 0, 0, 0, -0.08, -0.19, 0, 0, 0, -5
ATT, 338231, 0, -1.79, 0, 0.1, 93.72, 93.72, 0.01, 0
RCIN, 338231, 900, 900, 900, 900, 900, 900, 900, 900, 0, 0, 0, 0, 0, 0
CTUN, 338312, 0, 0, 0, 0, -0.1, -0.17, 0, 0, 0, -5
ATT, 338331, 0, -1.79, 0, 0.1, 93.72, 93.72, 0.01, 0
RCIN, 338331, 900, 900, 900, 900, 900, 900, 900, 900, 0, 0, 0, 0, 0, 0
GPS, 1, 0, 0, 0, 99.99, 34.9372615, -159.9142691, -0.11, 6984.91, 0, 0, 0, 338411
CTUN, 338413, 0, 0, 0, 0, -0.11, -0.14, 0, 0, 0, -5
ATT, 338431, 0, -1.79, 0, 0.1, 93.73, 93.73, 0.01, 0.01
RCIN, 338431, 900, 900, 900, 900, 900, 900, 900, 900, 0, 0, 0, 0, 0, 0
CTUN, 338512, 0, 0, 0, 0, -0.11, 0.04, 0, 0, 0, -5
ATT, 338531, 0, -1.79, 0, 0.1, 93.73, 93.73, 0.01, 0.01
RCIN, 338531, 900, 900, 900, 900, 900, 900, 900, 900, 0, 0, 0, 0, 0, 0
GPS, 1, 0, 0, 0, 99.99, 34.9372615, -159.9142691, -0.11, 6984.91, 0, 0, 0, 338611
CTUN, 338613, 0, 0, 0, 0, -0.11, 0.12, 0, 0, 0, -5
ATT, 338632, 0, -1.79, 0, 0.09, 93.73, 93.73, 0.01, 0
RCIN, 338632, 900, 900, 900, 900, 900, 900, 900, 900, 0, 0, 0, 0, 0, 0
CTUN, 338712, 0, 0, 0, 0, -0.1, -0.1, 0, 0, 0, -5
ATT, 338731, 0, -1.79, 0, 0.09, 93.74, 93.74, 0.01, 0
RCIN, 338731, 900, 900, 900, 900, 900, 900, 900, 900, 0, 0, 0, 0, 0, 0
GPS, 1, 0, 0, 0, 99.99, 34.9372615, -159.9142691, -0.11, 6984.91, 0, 0, 0, 338813
CTUN, 338814, 0, 0, 0, 0, -0.11, 0.13, 0, 0, 0, -5
DU32, 7, 663768
CURR, 338822, 0, 0, 0, 0, 5006, 0
EV, 10
MODE, Stabilize, 450
GPS, 1, 0, 0, 0, 99.99, 34.9372615, -159.9142691, 0, 6984.91, 0, 0, 0, 339022
CTUN, 339041, 0, 0, 0, 0, 0, -0.31, 0, 0, 0, -4
ATT, 339061, 0, -1.78, 0, 0.09, 93.7, 93.7, 0.01, 0.01
RCIN, 339061, 900, 900, 900, 900, 900, 900, 900, 900, 0, 0, 0, 0, 0, 0
CTUN, 339141, 0, 0, 0, 0, -0.01, -0.26, 0, 0, 0, -5
ATT, 339161, 0, -1.78, 0, 0.09, 93.7, 93.7, 0.01, 0
RCIN, 339161, 900, 900, 900, 900, 900, 900, 900, 900, 0, 0, 0, 0, 0, 0
GPS, 1, 0, 0, 0, 99.99, 34.9372615, -159.9142691, -0.03, 6984.91, 0, 0, 0, 339221
CTUN, 339241, 0, 0, 0, 0, -0.03, -0.31, 0, 0, 0, -5
ATT, 339260, 0, -1.78, 0, 0.09, 93.71, 93.71, 0.01, 0
RCIN, 339261, 900, 900, 900, 900, 900, 900, 900, 900, 0, 0, 0, 0, 0, 0
CTUN, 339341, 0, 0, 0, 0, -0.06, -0.23, 0, 0, 0, -6
ATT, 339360, 0, -1.78, 0, 0.09, 93.71, 93.71, 0.01, 0
RCIN, 339361, 900, 900, 900, 900, 900, 900, 900, 900, 0, 0, 0, 0, 0, 0
GPS, 1, 0, 0, 0, 99.99, 34.9372615, -159.9142691, -0.07, 6984.91, 0, 0, 0, 339420
CTUN, 339441, 0, 0, 0, 0, -0.07, -0.13, 0, 0, 0, -6
ATT, 339461, 0, -1.78, 0, 0.09, 93.71, 93.71, 0.01, 0
RCIN, 339461, 900, 900, 900, 900, 900, 900, 900, 900, 0, 0, 0, 0, 0, 0
CTUN, 339541, 0, 0, 0, 0, -0.08, -0.02, 0, 0, 0, -6
ATT, 339561, 0, -1.78, 0, 0.09, 93.72, 93.72, 0.01, 0
RCIN, 339561, 900, 900, 900, 900, 900, 900, 900, 900, 0, 0, 0, 0, 0, 0
GPS, 1, 0, 0, 0, 99.99, 34.9372615, -159.9142691, -0.09, 6984.91, 0, 0, 0, 339620
CTUN, 339642, 0, 0, 0, 0, -0.09, -0.44, 0, 0, 0, -6
ATT, 339660, 0, -1.78, 0, 0.09, 93.72, 93.72, 0.01, 0.01
RCIN, 339661, 900, 900, 900, 900, 900, 900, 900, 900, 0, 0, 0, 0, 0, 0
CTUN, 339741, 0, 0, 0, 0, -0.12, -0.23, 0, 0, 0, -7
ATT, 339760, 0, -1.77, 0, 0.09, 93.72, 93.72, 0.01, 0.01
RCIN, 339761, 900, 900, 900, 900, 900, 900, 900, 900, 0, 0, 0, 0, 0, 0
GPS, 1, 0, 0, 0, 99.99, 34.9372615, -159.9142691, -0.13, 6984.91, 0, 0, 0, 339820
CTUN, 339843, 0, 0, 0, 0, -0.13, -0.39, 0, 0, 0, -7
DU32, 7, 663768
CURR, 339850, 0, 0, 0, 0, 5006, 0
ATT, 339861, 0, -1.77, 0, 0.09, 93.73, 93.73, 0.01, 0
RCIN, 339861, 900, 900, 900, 900, 900, 900, 900, 900, 0, 0, 0, 0, 0, 0
CTUN, 339941, 0, 0, 0, 0, -0.15, -0.42, 0, 0, 0, -7
ATT, 339961, 0, -1.77, 0, 0.1, 93.73, 93.73, 0.01, 0.01
RCIN, 339961, 900, 900, 900, 900, 900, 900, 900, 900, 0, 0, 0, 0, 0, 0
GPS, 1, 0, 0, 0, 99.99, 34.9372615, -159.9142691, -0.17, 6984.91, 0, 0, 0, 340020
CTUN, 340042, 0, 0, 0, 0, -0.18, -0.1, 0, 0, 0, -8
ATT, 340060, 0, -1.77, 0, 0.1, 93.73, 93.73, 0.01, 0
RCIN, 340061, 900, 900, 900, 900, 900, 900, 900, 900, 0, 0, 0, 0, 0, 0
CTUN, 340141, 0, 0, 0, 0, -0.18, -0.4, 0, 0, 0, -8
ATT, 340160, 0, -1.77, 0, 0.1, 93.73, 93.73, 0.01, 0.01
RCIN, 340161, 900, 900, 900, 900, 900, 900, 900, 900, 0, 0, 0, 0, 0, 0
GPS, 1, 0, 0, 0, 99.99, 34.9372615, -159.9142691, -0.2, 6984.91, 0, 0, 0, 340220
CTUN, 340242, 0, 0, 0, 0, -0.21, -0.25, 0, 0, 0, -8
ATT, 340260, 0, -1.77, 0, 0.1, 93.73, 93.73, 0.01, 0.01
RCIN, 340261, 900, 900, 900, 900, 900, 900, 900, 900, 0, 0, 0, 0, 0, 0
CTUN, 340341, 0, 0, 0, 0, -0.22, -0.29, 0, 0, 0, -8
ATT, 340360, 0, -1.76, 0, 0.1, 93.72, 93.72, 0.01, 0
RCIN, 340361, 900, 900, 900, 900, 900, 900, 900, 900, 0, 0, 0, 0, 0, 0
GPS, 1, 0, 0, 0, 99.99, 34.9372615, -159.9142691, -0.23, 6984.91, 0, 0, 0, 340420
CTUN, 340441, 0, 0, 0, 0, -0.23, -0.49, 0, 0, 0, -9
ATT, 340460, 0, -1.76, 0, 0.1, 93.72, 93.72, 0.01, 0.01
RCIN, 340461, 900, 900, 900, 900, 900, 900, 900, 900, 0, 0, 0, 0, 0, 0
CTUN, 340541, 0, 0, 0, 0, -0.26, -0.5, 0, 0, 0, -9
ATT, 340561, 0, -1.75, 0, 0.1, 93.72, 93.72, 0.01, 0.01
RCIN, 340561, 900, 900, 900, 900, 900, 900, 900, 900, 0, 0, 0, 0, 0, 0
GPS, 1, 0, 0, 0, 99.99, 34.9372615, -159.9142691, -0.28, 6984.91, 0, 0, 0, 340620
CTUN, 340641, 0, 0, 0, 0, -0.28, -0.2, 0, 0, 0, -9
ATT, 340661, 0, -1.75, 0, 0.1, 93.73, 93.73, 0.01, 0.01
RCIN, 340662, 900, 900, 900, 900, 900, 900, 900, 900, 0, 0, 0, 0, 0, 0
CTUN, 340741, 0, 0, 0, 0, -0.29, -0.25, 0, 0, 0, -9
ATT, 340760, 0, -1.74, 0, 0.1, 93.73, 93.73, 0.01, 0.01
RCIN, 340761, 900, 900, 900, 900, 900, 900, 900, 900, 0, 0, 0, 0, 0, 0
GPS, 1, 0, 0, 0, 99.99, 34.9372615, -159.9142691, -0.29, 6984.91, 0, 0, 0, 340820
CTUN, 340841, 0, 0, 0, 0, -0.3, -0.45, 0, 0, 0, -9
DU32, 7, 663768
CURR, 340851, 0, 0, 0, 0, 5028, 0
ATT, 340860, 0, -1.73, 0, 0.1, 93.73, 93.73, 0.01, 0.01
RCIN, 340861, 900, 900, 900, 900, 900, 900, 900, 900, 0, 0, 0, 0, 0, 0
CTUN, 340941, 0, 0, 0, 0, -0.32, -0.33, 0, 0, 0, -10
ATT, 340960, 0, -1.73, 0, 0.09, 93.73, 93.73, 0.01, 0.01
RCIN, 340961, 900, 900, 900, 900, 900, 900, 900, 900, 0, 0, 0, 0, 0, 0
GPS, 1, 0, 0, 0, 99.99, 34.9372615, -159.9142691, -0.33, 6984.91, 0, 0, 0, 341020
CTUN, 341041, 0, 0, 0, 0, -0.33, -0.37, 0, 0, 0, -10
ATT, 341061, 0, -1.73, 0, 0.09, 93.72, 93.72, 0.01, 0.01
RCIN, 341061, 900, 900, 900, 900, 900, 900, 900, 900, 0, 0, 0, 0, 0, 0
CTUN, 341141, 0, 0, 0, 0, -0.34, -0.23, 0, 0, 0, -10
ATT, 341160, 0, -1.72, 0, 0.09, 93.72, 93.72, 0.01, 0
RCIN, 341160, 900, 900, 900, 900, 900, 900, 900, 900, 0, 0, 0, 0, 0, 0
GPS, 1, 0, 0, 0, 99.99, 34.9372615, -159.9142691, -0.35, 6984.91, 0, 0, 0, 341220
CTUN, 341241, 0, 0, 0, 0, -0.35, -0.11, 0, 0, 0, -10
ATT, 341260, 0, -1.72, 0, 0.09, 93.72, 93.72, 0.01, 0
RCIN, 341261, 900, 900, 900, 900, 900, 900, 900, 900, 0, 0, 0, 0, 0, 0
CTUN, 341341, 0, 0, 0, 0, -0.34, -0.36, 0, 0, 0, -10
ATT, 341360, 0, -1.71, 0, 0.1, 93.72, 93.72, 0.01, 0.01
RCIN, 341361, 900, 900, 900, 900, 900, 900, 900, 900, 0, 0, 0, 0, 0, 0
GPS, 1, 0, 0, 0, 99.99, 34.9372615, -159.9142691, -0.35, 6984.91, 0, 0, 0, 341420
CTUN, 341441, 0, 0, 0, 0, -0.36, -0.13, 0, 0, 0, -10
ATT, 341461, 0, -1.71, 0, 0.1, 93.72, 93.72, 0.01, 0.01
RCIN, 341461, 900, 900, 900, 900, 900, 900, 900, 900, 0, 0, 0, 0, 0, 0
CTUN, 341541, 0, 0, 0, 0, -0.35, -0.09, 0, 0, 0, -10
ATT, 341561, 0, -1.71, 0, 0.1, 93.72, 93.72, 0.01, 0.01
RCIN, 341562, 900, 900, 900, 900, 900, 900, 900, 900, 0, 0, 0, 0, 0, 0
GPS, 1, 0, 0, 0, 99.99, 34.9372615, -159.9142691, -0.35, 6984.91, 0, 0, 0, 341620
CTUN, 341641, 0, 0, 0, 0, -0.35, -0.32, 0, 0, 0, -9
ATT, 341661, 0, -1.7, 0, 0.1, 93.72, 93.72, 0.01, 0
RCIN, 341661, 900, 900, 900, 900, 900, 900, 900, 900, 0, 0, 0, 0, 0, 0
CTUN, 341741, 0, 0, 0, 0, -0.36, -0.36, 0, 0, 0, -9
ATT, 341760, 0, -1.7, 0, 0.1, 93.72, 93.72, 0.01, 0.01
RCIN, 341761, 900, 900, 900, 900, 900, 900, 900, 900, 0, 0, 0, 0, 0, 0
GPS, 1, 0, 0, 0, 99.99, 34.9372615, -159.9142691, -0.37, 6984.91, 0, 0, 0, 341820
CTUN, 341841, 0, 0, 0, 0, -0.37, -0.2, 0, 0, 0, -10
DU32, 7, 663768
CURR, 341851, 0, 0, 0, 0, 5006, 0
ATT, 341861, 0, -1.7, 0, 0.1, 93.72, 93.72, 0.01, 0.01
RCIN, 341862, 900, 900, 900, 900, 900, 900, 900, 900, 0, 0, 0, 0, 0, 0
CTUN, 341941, 0, 0, 0, 0, -0.37, -0.21, 0, 0, 0, -9
ATT, 341961, 0, -1.7, 0, 0.1, 93.72, 93.72, 0.01, 0.01
RCIN, 341961, 900, 900, 900, 900, 900, 900, 900, 900, 0, 0, 0, 0, 0, 0
GPS, 1, 0, 0, 0, 99.99, 34.9372615, -159.9142691, -0.37, 6984.91, 0, 0, 0, 342020
CTUN, 342041, 0, 0, 0, 0, -0.37, -0.4, 0, 0, 0, -9
ATT, 342060, 0, -1.7, 0, 0.1, 93.72, 93.72, 0.01, 0.01
RCIN, 342061, 900, 900, 900, 900, 900, 900, 900, 900, 0, 0, 0, 0, 0, 0
CTUN, 342141, 0, 0, 0, 0, -0.38, -0.28, 0, 0, 0, -9
ATT, 342160, 0, -1.69, 0, 0.1, 93.72, 93.72, 0.01, 0
RCIN, 342161, 900, 900, 900, 900, 900, 900, 900, 900, 0, 0, 0, 0, 0, 0
GPS, 1, 0, 0, 0, 99.99, 34.9372615, -159.9142691, -0.39, 6984.91, 0, 0, 0, 342220
CTUN, 342241, 0, 0, 0, 0, -0.39, -0.19, 0, 0, 0, -9
ATT, 342261, 0, -1.69, 0, 0.1, 93.72, 93.72, 0.01, 0
RCIN, 342261, 900, 900, 900, 900, 900, 900, 900, 900, 0, 0, 0, 0, 0, 0
CTUN, 342341, 0, 0, 0, 0, -0.39, -0.19, 0, 0, 0, -9
ATT, 342361, 0, -1.69, 0, 0.1, 93.72, 93.72, 0.01, 0.01
RCIN, 342361, 900, 900, 900, 900, 900, 900, 900, 900, 0, 0, 0, 0, 0, 0
GPS, 1, 0, 0, 0, 99.99, 34.9372615, -159.9142691, -0.38, 6984.91, 0, 0, 0, 342420
CTUN, 342441, 0, 0, 0, 0, -0.38, -0.24, 0, 0, 0, -9
ATT, 342461, 0, -1.68, 0, 0.1, 93.72, 93.72, 0.01, 0.01
RCIN, 342461, 900, 900, 900, 900, 900, 900, 900, 900, 0, 0, 0, 0, 0, 0
CTUN, 342541, 0, 0, 0, 0, -0.39, -0.23, 0, 0, 0, -9
ATT, 342560, 0, -1.68, 0, 0.1, 93.72, 93.72, 0.01, 0.01
RCIN, 342561, 900, 900, 900, 900, 900, 900, 900, 900, 0, 0, 0, 0, 0, 0
GPS, 1, 0, 0, 0, 99.99, 34.9372615, -159.9142691, -0.39, 6984.91, 0, 0, 0, 342620
CTUN, 342641, 0, 0, 0, 0, -0.39, -0.14, 0, 0, 0, -9
ATT, 342660, 0, -1.68, 0, 0.1, 93.71, 93.71, 0.01, 0
RCIN, 342660, 900, 900, 900, 900, 900, 900, 900, 900, 0, 0, 0, 0, 0, 0
CTUN, 342741, 0, 0, 0, 0, -0.38, -0.14, 0, 0, 0, -9
ATT, 342761, 0, -1.67, 0, 0.1, 93.71, 93.71, 0.01, 0
RCIN, 342761, 900, 900, 900, 900, 900, 900, 900, 900, 0, 0, 0, 0, 0, 0
GPS, 1, 0, 0, 0, 99.99, 34.9372615, -159.9142691, -0.38, 6984.91, 0, 0, 0, 342820
CTUN, 342841, 0, 0, 0, 0, -0.38, -0.15, 0, 0, 0, -8
DU32, 7, 663768
CURR, 342850, 0, 0, 0, 0, 5006, 0
ATT, 342860, 0, -1.67, 0, 0.1, 93.72, 93.72, 0.01, 0
RCIN, 342861, 900, 900, 900, 900, 900, 900, 900, 900, 0, 0, 0, 0, 0, 0
CTUN, 342941, 0, 0, 0, 0, -0.37, -0.32, 0, 0, 0, -8
ATT, 342960, 0, -1.67, 0, 0.1, 93.72, 93.72, 0.01, 0.01
RCIN, 342961, 900, 900, 900, 900, 900, 900, 900, 900, 0, 0, 0, 0, 0, 0
GPS, 1, 0, 0, 0, 99.99, 34.9372615, -159.9142691, -0.38, 6984.91, 0, 0, 0, 343020
CTUN, 343041, 0, 0, 0, 0, -0.38, -0.27, 0, 0, 0, -8
ATT, 343060, 0, -1.67, 0, 0.1, 93.72, 93.72, 0.01, 0
RCIN, 343061, 900, 900, 900, 900, 900, 900, 900, 900, 0, 0, 0, 0, 0, 0
CTUN, 343141, 0, 0, 0, 0, -0.38, -0.25, 0, 0, 0, -8
ATT, 343160, 0, -1.67, 0, 0.1, 93.72, 93.72, 0.01, 0
RCIN, 343161, 900, 900, 900, 900, 900, 900, 900, 900, 0, 0, 0, 0, 0, 0
GPS, 1, 0, 0, 0, 99.99, 34.9372615, -159.9142691, -0.38, 6984.91, 0, 0, 0, 343220
CTUN, 343241, 0, 0, 0, 0, -0.38, -0.22, 0, 0, 0, -8
ATT, 343261, 0, -1.66, 0, 0.11, 93.72, 93.72, 0.01, 0.01
RCIN, 343261, 900, 900, 900, 900, 900, 900, 900, 900, 0, 0, 0, 0, 0, 0
CTUN, 343341, 0, 0, 0, 0, -0.38, 0, 0, 0, 0, -8
ATT, 343361, 0, -1.66, 0, 0.1, 93.72, 93.72, 0.01, 0.01
RCIN, 343361, 900, 900, 900, 900, 900, 900, 900, 900, 0, 0, 0, 0, 0, 0
GPS, 1, 0, 0, 0, 99.99, 34.9372615, -159.9142691, -0.37, 6984.91, 0, 0, 0, 343420
CTUN, 343441, 0, 0, 0, 0, -0.37, -0.1, 0, 0, 0, -7
ATT, 343460, 0, -1.66, 0, 0.1, 93.72, 93.72, 0.01, 0.01
RCIN, 343461, 900, 900, 900, 900, 900, 900, 900, 900, 0, 0, 0, 0, 0, 0
CTUN, 343541, 0, 0, 0, 0, -0.36, -0.23, 0, 0, 0, -7
ATT, 343560, 0, -1.66, 0, 0.1, 93.71, 93.71, 0.01, 0.01
RCIN, 343561, 900, 900, 900, 900, 900, 900, 900, 900, 0, 0, 0, 0, 0, 0
GPS, 1, 0, 0, 0, 99.99, 34.9372615, -159.9142691, -0.36, 6984.91, 0, 0, 0, 343620
CTUN, 343641, 0, -27229, -32640, 3.526594E+12, 1.502997E+28, 231.18, 0, 0, 0, 0
FMT, 129, 23, PARM, Nf, Name,Value
FMT, 130, 45, GPS, BIHBcLLeeEefI, Status,TimeMS,Week,NSats,HDop,Lat,Lng,RelAlt,Alt,Spd,GCrs,VZ,T
FMT, 131, 31, IMU, Iffffff, TimeMS,GyrX,GyrY,GyrZ,AccX,AccY,AccZ
FMT, 132, 0, , , 
