FMT, 128, 89, FMT, BBnNZ, Type,Length,Name,Format,Columns
FMT, 129, 23, PARM, Nf, Name,Value
FMT, 130, 45, GPS, BIHBcLLeeEefI, Status,TimeMS,Week,NSats,HDop,Lat,Lng,RelAlt,Alt,Spd,GCrs,VZ,T
FMT, 131, 31, IMU, Iffffff, TimeMS,GyrX,GyrY,GyrZ,AccX,AccY,AccZ
FMT, 132, 67, MSG, Z, Message
FMT, 133, 35, RCIN, Ihhhhhhhhhhhhhh, TimeMS,C1,C2,C3,C4,C5,C6,C7,C8,C9,C10,C11,C12,C13,C14
FMT, 134, 23, RCOU, Ihhhhhhhh, TimeMS,Chan1,Chan2,Chan3,Chan4,Chan5,Chan6,Chan7,Chan8
FMT, 136, 21, BARO, Iffcf, TimeMS,Alt,Press,Temp,CRt
FMT, 137, 13, POWR, ICCH, TimeMS,Vcc,VServo,Flags
FMT, 145, 41, CMD, IHHHfffffff, TimeMS,CTot,CNum,CId,Prm1,Prm2,Prm3,Prm4,Lat,Lng,Alt
FMT, 146, 16, RAD, IBBBBBHH, TimeMS,RSSI,RemRSSI,TxBuf,Noise,RemNoise,RxErrors,Fixed
FMT, 148, 31, CAM, IHLLeeccC, GPSTime,GPSWeek,Lat,Lng,Alt,RelAlt,Roll,Pitch,Yaw
FMT, 25, 25, ATUN, BBfffff, Axis,TuneStep,RateMin,RateMax,RPGain,RDGain,SPGain
FMT, 26, 9, ATDE, cf, Angle,Rate
FMT, 9, 23, CURR, IhIhhhf, TimeMS,ThrOut,ThrInt,Volt,Curr,Vcc,CurrTot
FMT, 12, 20, OF, hhBccee, Dx,Dy,SQual,X,Y,Roll,Pitch
FMT, 5, 47, NTUN, Iffffffffff, TimeMS,DPosX,DPosY,PosX,PosY,DVelX,DVelY,VelX,VelY,DAccX,DAccY
FMT, 4, 33, CTUN, Ihhhffecchh, TimeMS,ThrIn,AngBst,ThrOut,DAlt,Alt,BarAlt,DSAlt,SAlt,DCRt,CRt
FMT, 15, 25, MAG, Ihhhhhhhhh, TimeMS,MagX,MagY,MagZ,OfsX,OfsY,OfsZ,MOfsX,MOfsY,MOfsZ
FMT, 6, 17, PM, HHIhBHB, NLon,NLoop,MaxT,PMT,I2CErr,INSErr,INAVErr
FMT, 1, 23, ATT, IccccCCCC, TimeMS,DesRoll,Roll,DesPitch,Pitch,DesYaw,Yaw,ErrRP,ErrYaw
FMT, 3, 6, MODE, Mh, Mode,ThrCrs
FMT, 10, 3, STRT, , 
FMT, 13, 4, EV, B, Id
FMT, 20, 6, D16, Bh, Id,Value
FMT, 21, 6, DU16, BH, Id,Value
FMT, 22, 8, D32, Bi, Id,Value
FMT, 23, 8, DU32, BI, Id,Value
FMT, 24, 8, DFLT, Bf, Id,Value
FMT, 19, 5, ERR, BB, Subsys,ECode
PARM, SYSID_SW_MREV, 120
PARM, SYSID_SW_TYPE, 10
PARM, SYSID_THISMAV, 1
PARM, SYSID_MYGCS, 255
PARM, SERIAL0_BAUD, 115
PARM, SERIAL1_BAUD, 57
PARM, TELEM_DELAY, 0
PARM, RTL_ALT, 1500
PARM, RNGFND_GAIN, 0.8
PARM, FS_BATT_ENABLE, 0
PARM, FS_BATT_VOLTAGE, 10.5
PARM, FS_BATT_MAH, 0
PARM, FS_GPS_ENABLE, 0
PARM, FS_GCS_ENABLE, 0
PARM, GPS_HDOP_GOOD, 230
PARM, MAG_ENABLE, 1
PARM, FLOW_ENABLE, 0
PARM, SUPER_SIMPLE, 0
PARM, RTL_ALT_FINAL, 0
PARM, RSSI_PIN, -1
PARM, RSSI_RANGE, 5
PARM, WP_YAW_BEHAVIOR, 2
PARM, RTL_LOIT_TIME, 5000
PARM, LAND_SPEED, 50
PARM, PILOT_VELZ_MAX, 250
PARM, PILOT_ACCEL_Z, 250
PARM, THR_MIN, 130
PARM, THR_MAX, 1000
PARM, FS_THR_ENABLE, 0
PARM, FS_THR_VALUE, 975
PARM, TRIM_THROTTLE, 450
PARM, THR_MID, 500
PARM, THR_DZ, 100
PARM, FLTMODE1, 0
PARM, FLTMODE2, 0
PARM, FLTMODE3, 0
PARM, FLTMODE4, 0
PARM, FLTMODE5, 0
PARM, FLTMODE6, 0
PARM, SIMPLE, 0
PARM, LOG_BITMASK, 894
PARM, ESC, 0
PARM, TUNE, 0
PARM, TUNE_LOW, 0
PARM, TUNE_HIGH, 1000
PARM, FRAME, 1
PARM, CH7_OPT, 0
PARM, CH8_OPT, 0
PARM, ARMING_CHECK, 0
PARM, ANGLE_MAX, 4500
PARM, RC_FEEL_RP, 100
PARM, PHLD_BRAKE_RATE, 8
PARM, PHLD_BRAKE_ANGLE, 3000
PARM, LAND_REPOSITION, 1
PARM, EKF_CHECK_THRESH, 0.8
PARM, DCM_CHECK_THRESH, 0.8
PARM, RC1_MIN, 1100
PARM, RC1_TRIM, 900
PARM, RC1_MAX, 1900
PARM, RC1_REV, 1
PARM, RC1_DZ, 30
PARM, RC2_MIN, 1100
PARM, RC2_TRIM, 900
PARM, RC2_MAX, 1900
PARM, RC2_REV, 1
PARM, RC2_DZ, 30
PARM, RC3_MIN, 1100
PARM, RC3_TRIM, 900
PARM, RC3_MAX, 1900
PARM, RC3_REV, 1
PARM, RC3_DZ, 30
PARM, RC4_MIN, 1100
PARM, RC4_TRIM, 900
PARM, RC4_MAX, 1900
PARM, RC4_REV, 1
PARM, RC4_DZ, 40
PARM, RC5_MIN, 1100
PARM, RC5_TRIM, 900
PARM, RC5_MAX, 1900
PARM, RC5_REV, 1
PARM, RC5_DZ, 0
PARM, RC5_FUNCTION, 0
PARM, RC6_MIN, 1100
PARM, RC6_TRIM, 900
PARM, RC6_MAX, 1900
PARM, RC6_REV, 1
PARM, RC6_DZ, 0
PARM, RC6_FUNCTION, 0
PARM, RC7_MIN, 1100
PARM, RC7_TRIM, 900
PARM, RC7_MAX, 1900
PARM, RC7_REV, 1
PARM, RC7_DZ, 0
PARM, RC7_FUNCTION, 0
PARM, RC8_MIN, 1100
PARM, RC8_TRIM, 900
PARM, RC8_MAX, 1900
PARM, RC8_REV, 1
PARM, RC8_DZ, 0
PARM, RC8_FUNCTION, 0
PARM, RC10_MIN, 1100
PARM, RC10_TRIM, 0
PARM, RC10_MAX, 1900
PARM, RC10_REV, 1
PARM, RC10_DZ, 0
PARM, RC10_FUNCTION, 0
PARM, RC11_MIN, 1100
PARM, RC11_TRIM, 0
PARM, RC11_MAX, 1900
PARM, RC11_REV, 1
PARM, RC11_DZ, 0
PARM, RC11_FUNCTION, 0
PARM, RC_SPEED, 490
PARM, ACRO_RP_P, 4.5
PARM, ACRO_YAW_P, 4.5
PARM, ACRO_BAL_ROLL, 1
PARM, ACRO_BAL_PITCH, 1
PARM, ACRO_TRAINER, 2
PARM, ACRO_EXPO, 0.3
PARM, RATE_RLL_P, 0.15
PARM, RATE_RLL_I, 0.1
PARM, RATE_RLL_D, 0.004
PARM, RATE_RLL_IMAX, 1000
PARM, RATE_PIT_P, 0.15
PARM, RATE_PIT_I, 0.1
PARM, RATE_PIT_D, 0.004
PARM, RATE_PIT_IMAX, 1000
PARM, RATE_YAW_P, 0.2
PARM, RATE_YAW_I, 0.02
PARM, RATE_YAW_D, 0
PARM, RATE_YAW_IMAX, 1000
PARM, LOITER_LAT_P, 1
PARM, LOITER_LAT_I, 0.5
PARM, LOITER_LAT_D, 0
PARM, LOITER_LAT_IMAX, 1000
PARM, LOITER_LON_P, 1
PARM, LOITER_LON_I, 0.5
PARM, LOITER_LON_D, 0
PARM, LOITER_LON_IMAX, 1000
PARM, THR_RATE_P, 5
PARM, THR_ACCEL_P, 0.5
PARM, THR_ACCEL_I, 1
PARM, THR_ACCEL_D, 0
PARM, THR_ACCEL_IMAX, 800
PARM, OF_RLL_P, 2.5
PARM, OF_RLL_I, 0.5
PARM, OF_RLL_D, 0.12
PARM, OF_RLL_IMAX, 100
PARM, OF_PIT_P, 2.5
PARM, OF_PIT_I, 0.5
PARM, OF_PIT_D, 0.12
PARM, OF_PIT_IMAX, 100
PARM, STB_RLL_P, 4.5
PARM, STB_PIT_P, 4.5
PARM, STB_YAW_P, 4.5
PARM, THR_ALT_P, 1
PARM, HLD_LAT_P, 1
PARM, CAM_TRIGG_TYPE, 0
PARM, CAM_DURATION, 10
PARM, CAM_SERVO_ON, 1300
PARM, CAM_SERVO_OFF, 1100
PARM, CAM_TRIGG_DIST, 0
PARM, RELAY_PIN, 13
PARM, RELAY_PIN2, -1
PARM, COMPASS_OFS_X, 67
PARM, COMPASS_OFS_Y, 130
PARM, COMPASS_OFS_Z, 43
PARM, COMPASS_DEC, 0
PARM, COMPASS_LEARN, 1
PARM, COMPASS_USE, 1
PARM, COMPASS_AUTODEC, 1
PARM, COMPASS_MOTCT, 0
PARM, COMPASS_MOT_X, 0
PARM, COMPASS_MOT_Y, 0
PARM, COMPASS_MOT_Z, 0
PARM, COMPASS_ORIENT, 8
PARM, COMPASS_EXTERNAL, 1
PARM, INS_PRODUCT_ID, 0
PARM, INS_ACCSCAL_X, 0.9942261
PARM, INS_ACCSCAL_Y, 0.9974292
PARM, INS_ACCSCAL_Z, 0.9833565
PARM, INS_ACCOFFS_X, -0.02768973
PARM, INS_ACCOFFS_Y, 0.2324637
PARM, INS_ACCOFFS_Z, -0.001491388
PARM, INS_GYROFFS_X, 0.01361669
PARM, INS_GYROFFS_Y, -0.005071006
PARM, INS_GYROFFS_Z, 0.007720913
PARM, INS_MPU6K_FILTER, 0
PARM, INAV_TC_XY, 2.5
PARM, INAV_TC_Z, 5
PARM, WPNAV_SPEED, 500
PARM, WPNAV_RADIUS, 200
PARM, WPNAV_SPEED_UP, 250
PARM, WPNAV_SPEED_DN, 150
PARM, WPNAV_LOIT_SPEED, 500
PARM, WPNAV_ACCEL, 100
PARM, WPNAV_ACCEL_Z, 100
PARM, WPNAV_LOIT_JERK, 1000
PARM, CIRCLE_RADIUS, 1000
PARM, CIRCLE_RATE, 20
PARM, ATC_RATE_RP_MAX, 18000
PARM, ATC_RATE_Y_MAX, 9000
PARM, ATC_SLEW_YAW, 1000
PARM, ATC_ACCEL_RP_MAX, 0
PARM, ATC_ACCEL_Y_MAX, 0
PARM, ATC_RATE_FF_ENAB, 0
PARM, POSCON_THR_HOVER, 450
PARM, SR0_RAW_SENS, 2
PARM, SR0_EXT_STAT, 2
PARM, SR0_RC_CHAN, 2
PARM, SR0_RAW_CTRL, 2
PARM, SR0_POSITION, 2
PARM, SR0_EXTRA1, 4
PARM, SR0_EXTRA2, 4
PARM, SR0_EXTRA3, 2
PARM, SR0_PARAMS, 10
PARM, SR1_RAW_SENS, 2
PARM, SR1_EXT_STAT, 2
PARM, SR1_RC_CHAN, 2
PARM, SR1_RAW_CTRL, 2
PARM, SR1_POSITION, 2
PARM, SR1_EXTRA1, 2
PARM, SR1_EXTRA2, 2
PARM, SR1_EXTRA3, 2
PARM, SR1_PARAMS, 0
PARM, AHRS_GPS_GAIN, 1
PARM, AHRS_GPS_USE, 1
PARM, AHRS_YAW_P, 0.1
PARM, AHRS_RP_P, 0.1
PARM, AHRS_WIND_MAX, 0
PARM, AHRS_TRIM_X, 0.003521048
PARM, AHRS_TRIM_Y, 0.02424807
PARM, AHRS_TRIM_Z, 0
PARM, AHRS_ORIENTATION, 0
PARM, AHRS_COMP_BETA, 0.1
PARM, AHRS_GPS_MINSATS, 6
PARM, MNT_MODE, 0
PARM, MNT_RETRACT_X, 0
PARM, MNT_RETRACT_Y, 0
PARM, MNT_RETRACT_Z, 0
PARM, MNT_NEUTRAL_X, 0
PARM, MNT_NEUTRAL_Y, 0
PARM, MNT_NEUTRAL_Z, 0
PARM, MNT_CONTROL_X, 0
PARM, MNT_CONTROL_Y, 0
PARM, MNT_CONTROL_Z, 0
PARM, MNT_STAB_ROLL, 0
PARM, MNT_STAB_TILT, 0
PARM, MNT_STAB_PAN, 0
PARM, MNT_RC_IN_ROLL, 0
PARM, MNT_ANGMIN_ROL, -4500
PARM, MNT_ANGMAX_ROL, 4500
PARM, MNT_RC_IN_TILT, 0
PARM, MNT_ANGMIN_TIL, -4500
PARM, MNT_ANGMAX_TIL, 4500
PARM, MNT_RC_IN_PAN, 0
PARM, MNT_ANGMIN_PAN, -4500
PARM, MNT_ANGMAX_PAN, 4500
PARM, MNT_JSTICK_SPD, 0
PARM, BATT_MONITOR, 0
PARM, BATT_VOLT_PIN, -1
PARM, BATT_CURR_PIN, -1
PARM, BATT_VOLT_MULT, 10.1
PARM, BATT_AMP_PERVOLT, 17
PARM, BATT_AMP_OFFSET, 0
PARM, BATT_CAPACITY, 3300
PARM, BATT_VOLT2_PIN, -1
PARM, BATT_VOLT2_MULT, 1
PARM, GND_ABS_PRESS, 41592.66
PARM, GND_TEMP, 22.16561
PARM, GND_ALT_OFFSET, 0
PARM, GPS_TYPE, 1
PARM, GPS_NAVFILTER, 8
PARM, SCHED_DEBUG, 0
PARM, FENCE_ENABLE, 0
PARM, FENCE_TYPE, 3
PARM, FENCE_ACTION, 1
PARM, FENCE_ALT_MAX, 100
PARM, FENCE_RADIUS, 300
PARM, FENCE_MARGIN, 2
PARM, GPSGLITCH_ENABLE, 1
PARM, GPSGLITCH_RADIUS, 200
PARM, GPSGLITCH_ACCEL, 1000
PARM, BAROGLTCH_ENABLE, 1
PARM, BAROGLTCH_DIST, 500
PARM, BAROGLTCH_ACCEL, 1500
PARM, MOT_TCRV_ENABLE, 1
PARM, MOT_TCRV_MIDPCT, 52
PARM, MOT_TCRV_MAXPCT, 93
PARM, MOT_SPIN_ARMED, 70
PARM, RCMAP_ROLL, 1
PARM, RCMAP_PITCH, 2
PARM, RCMAP_THROTTLE, 3
PARM, RCMAP_YAW, 4
PARM, MIS_TOTAL, 0
PARM, MIS_RESTART, 0
PARM, RNGFND_TYPE, 0
PARM, RNGFND_PIN, -1
PARM, RNGFND_SCALING, 3
PARM, RNGFND_OFFSET, 0
PARM, RNGFND_FUNCTION, 0
PARM, RNGFND_MIN_CM, 20
PARM, RNGFND_MAX_CM, 700
PARM, RNGFND_STOP_PIN, -1
PARM, RNGFND_SETTLE_MS, 0
PARM, RNGFND_RMETRIC, 1
MSG, ArduCopter V3.2.1 (36b405fb)
MSG, Frame: QUAD
MODE, Stabilize, 450
EV, 28
EV, 15
GPS, 1, 0, 0, 0, 99.99, 0, 0, 0.52, -17, 0, 0, 0, 80143
RAD, 80144, 151, 161, 96, 26, 38, 0, 0
RAD, 80145, 151, 161, 96, 26, 38, 0, 0
CTUN, 80160, 550, 0, 550, 0, 0.52, 0.42, 0, 0, 0, 0
ATT, 80170, 26.44, -0.14, 7.88, -0.92, 312.34, 310.49, 0, 0.02
RCIN, 80170, 1500, 1100, 1502, 1100, 1310, 900, 900, 900, 0, 0, 0, 0, 0, 0
CTUN, 80259, 550, 0, 550, 0, 0.53, 0.31, 0, 0, 0, 0
ATT, 80271, 26.44, -0.14, 7.88, -0.91, 315.64, 310.41, 0, 0
RCIN, 80271, 1500, 1100, 1502, 1100, 1310, 900, 900, 900, 0, 0, 0, 0, 0, 0
GPS, 1, 0, 0, 0, 99.99, 0, 0, 0.53, -17, 0, 0, 0, 80308
CTUN, 80360, 550, 0, 550, 0, 0.52, 0.46, 0, 0, 0, 0
ATT, 80369, 26.44, -0.14, 7.88, -0.92, 318.94, 310.43, 0, 0.07
RCIN, 80369, 1500, 1100, 1502, 1100, 1310, 900, 900, 900, 0, 0, 0, 0, 0, 0
CTUN, 80460, 550, 0, 550, 0, 0.51, 0.49, 0, 0, 0, 0
ATT, 80470, 26.44, -0.14, 7.88, -0.92, 320.5, 310.17, 0, 0
RCIN, 80470, 1500, 1100, 1502, 1100, 1310, 900, 900, 900, 0, 0, 0, 0, 0, 0
GPS, 1, 0, 0, 0, 99.99, 0, 0, 0.51, -17, 0, 0, 0, 80508
CTUN, 80559, 550, 0, 550, 0, 0.51, 0.42, 0, 0, 0, 0
DU32, 7, 196984
CURR, 80560, 550, 2750, 0, 0, 4752, 0
ATT, 80569, 26.44, -0.14, 7.88, -0.92, 320.49, 310.16, 0, 0
RCIN, 80569, 1500, 1100, 1502, 1100, 1310, 900, 900, 900, 0, 0, 0, 0, 0, 0
RAD, 80609, 163, 165, 100, 23, 43, 0, 0
RAD, 80609, 163, 165, 100, 23, 43, 0, 0
CTUN, 80660, 550, 0, 550, 0, 0.51, 0.4, 0, 0, 0, 0
ATT, 80679, 26.44, -0.14, 7.88, -0.91, 320.44, 310.11, 0, 0.04
RCIN, 80680, 1500, 1100, 1502, 1100, 1310, 900, 900, 900, 0, 0, 0, 0, 0, 0
GPS, 1, 0, 0, 0, 99.99, 0, 0, 0.5, -17, 0, 0, 0, 80708
CTUN, 80760, 550, 0, 550, 0, 0.5, 0.42, 0, 0, 0, 0
ATT, 80780, 26.44, -0.14, 7.88, -0.91, 320.3, 309.97, 0, 0
RCIN, 80780, 1500, 1100, 1502, 1100, 1310, 900, 900, 900, 0, 0, 0, 0, 0, 0
CTUN, 80859, 550, 0, 550, 0, 0.5, 0.33, 0, 0, 0, 0
ATT, 80879, 26.44, -0.14, 7.88, -0.92, 320.26, 309.93, 0, 0.05
RCIN, 80880, 1500, 1100, 1502, 1100, 1310, 900, 900, 900, 0, 0, 0, 0, 0, 0
GPS, 1, 0, 0, 0, 99.99, 0, 0, 0.49, -17, 0, 0, 0, 80908
CTUN, 80961, 550, 0, 550, 0, 0.49, 0.5, 0, 0, 0, 0
ATT, 80978, 26.44, -0.14, 7.88, -0.92, 320.08, 309.75, 0, 0
RCIN, 80978, 1500, 1100, 1502, 1100, 1310, 900, 900, 900, 0, 0, 0, 0, 0, 0
CTUN, 81059, 550, 0, 550, 0, 0.49, 0.5, 0, 0, 0, 0
ATT, 81078, 26.44, -0.15, 7.88, -0.92, 320.07, 309.74, 0, 0.02
RCIN, 81078, 1500, 1100, 1502, 1100, 1310, 900, 900, 900, 0, 0, 0, 0, 0, 0
GPS, 1, 0, 0, 0, 99.99, 0, 0, 0.49, -17, 0, 0, 0, 81108
CTUN, 81160, 550, 0, 550, 0, 0.49, 0.76, 0, 0, 0, 0
ATT, 81178, 26.44, -0.14, 7.88, -0.92, 319.99, 309.66, 0, 0.02
RCIN, 81178, 1500, 1100, 1502, 1100, 1310, 900, 900, 900, 0, 0, 0, 0, 0, 0
CTUN, 81260, 550, 0, 550, 0, 0.5, 0.26, 0, 0, 0, 0
ATT, 81279, 26.44, -0.15, 7.88, -0.91, 319.91, 309.58, 0, 0
RCIN, 81279, 1500, 1100, 1502, 1100, 1310, 900, 900, 900, 0, 0, 0, 0, 0, 0
GPS, 1, 0, 0, 0, 99.99, 0, 0, 0.5, -17, 0, 0, 0, 81308
CTUN, 81359, 550, 0, 550, 0, 0.49, 0.7, 0, 0, 0, 0
ATT, 81378, 26.44, -0.15, 7.88, -0.92, 319.9, 309.57, 0, 0.06
RCIN, 81378, 1500, 1100, 1502, 1100, 1310, 900, 900, 900, 0, 0, 0, 0, 0, 0
CTUN, 81460, 550, 0, 550, 0, 0.5, 0.47, 0, 0, 0, 0
ATT, 81479, 26.44, -0.15, 7.88, -0.91, 319.7, 309.37, 0, 0.02
RCIN, 81480, 1500, 1100, 1502, 1100, 1310, 900, 900, 900, 0, 0, 0, 0, 0, 0
GPS, 1, 0, 0, 0, 99.99, 0, 0, 0.5, -17, 0, 0, 0, 81508
CTUN, 81559, 550, 0, 550, 0, 0.5, 0.58, 0, 0, 0, 0
DU32, 7, 196984
CURR, 81560, 550, 8250, 0, 0, 4693, 0
ATT, 81580, 26.44, -0.15, 7.88, -0.92, 319.78, 309.45, 0, 0.01
RCIN, 81581, 1500, 1100, 1502, 1100, 1310, 900, 900, 900, 0, 0, 0, 0, 0, 0
RAD, 81628, 161, 163, 96, 18, 38, 0, 0
RAD, 81629, 161, 163, 96, 18, 38, 0, 0
CTUN, 81659, 550, 0, 550, 0, 0.5, 0.69, 0, 0, 0, 0
ATT, 81679, 26.44, -0.15, 7.88, -0.92, 319.73, 309.4, 0, 0.02
RCIN, 81680, 1500, 1100, 1502, 1100, 1310, 900, 900, 900, 0, 0, 0, 0, 0, 0
GPS, 1, 0, 0, 0, 99.99, 0, 0, 0.51, -17, 0, 0, 0, 81708
CTUN, 81759, 550, 0, 550, 0, 0.51, 0.55, 0, 0, 0, 0
ATT, 81780, 26.44, -0.15, 7.88, -0.92, 319.67, 309.34, 0, 0.01
RCIN, 81780, 1500, 1100, 1502, 1100, 1310, 900, 900, 900, 0, 0, 0, 0, 0, 0
CTUN, 81860, 550, 0, 550, 0, 0.52, 0.4, 0, 0, 0, 0
ATT, 81880, 26.44, -0.14, 7.88, -0.92, 319.69, 309.36, 0, 0.04
RCIN, 81880, 1500, 1100, 1502, 1100, 1310, 900, 900, 900, 0, 0, 0, 0, 0, 0
GPS, 1, 0, 0, 0, 99.99, 0, 0, 0.51, -17, 0, 0, 0, 81908
CTUN, 81960, 550, 0, 550, 0, 0.51, 0.47, 0, 0, 0, 0
ATT, 81980, 26.44, -0.15, 7.88, -0.92, 319.56, 309.23, 0, 0.02
RCIN, 81980, 1500, 1100, 1502, 1100, 1310, 900, 900, 900, 0, 0, 0, 0, 0, 0
CTUN, 82060, 550, 0, 550, 0, 0.51, 0.5, 0, 0, 0, 0
ATT, 82078, 26.44, -0.14, 7.88, -0.92, 319.61, 309.28, 0, 0.02
RCIN, 82079, 1500, 1100, 1502, 1100, 1310, 900, 900, 900, 0, 0, 0, 0, 0, 0
GPS, 1, 0, 0, 0, 99.99, 0, 0, 0.51, -17, 0, 0, 0, 82108
CTUN, 82159, 550, 0, 550, 0, 0.51, 0.61, 0, 0, 0, 0
ATT, 82178, 26.44, -0.15, 7.88, -0.93, 319.55, 309.22, 0, 0
RCIN, 82178, 1500, 1100, 1502, 1100, 1310, 900, 900, 900, 0, 0, 0, 0, 0, 0
CTUN, 82259, 550, 0, 550, 0, 0.51, 0.45, 0, 0, 0, 0
ATT, 82278, 26.44, -0.14, 7.88, -0.92, 319.59, 309.26, 0, 0.02
RCIN, 82278, 1500, 1100, 1502, 1100, 1310, 900, 900, 900, 0, 0, 0, 0, 0, 0
GPS, 1, 0, 0, 0, 99.99, 0, 0, 0.51, -17, 0, 0, 0, 82308
CTUN, 82360, 550, 0, 550, 0, 0.51, 0.51, 0, 0, 0, 0
ATT, 82378, 26.44, -0.14, 7.88, -0.92, 319.63, 309.3, 0, 0.06
RCIN, 82378, 1500, 1100, 1502, 1100, 1310, 900, 900, 900, 0, 0, 0, 0, 0, 0
CTUN, 82460, 550, 0, 550, 0, 0.51, 0.77, 0, 0, 0, 0
ATT, 82478, 26.44, -0.14, 7.88, -0.92, 319.42, 309.09, 0, 0.03
RCIN, 82479, 1500, 1100, 1502, 1100, 1310, 900, 900, 900, 0, 0, 0, 0, 0, 0
GPS, 1, 0, 0, 0, 99.99, 0, 0, 0.52, -17, 0, 0, 0, 82508
CTUN, 82560, 550, 0, 550, 0, 0.53, 0.68, 0, 0, 0, 0
DU32, 7, 196984
CURR, 82560, 550, 13750, 0, 0, 4752, 0
ATT, 82579, 26.44, -0.15, 7.88, -0.92, 319.51, 309.18, 0, 0.02
RCIN, 82580, 1500, 1100, 1502, 1100, 1310, 900, 900, 900, 0, 0, 0, 0, 0, 0
RAD, 82649, 166, 163, 98, 21, 47, 0, 0
CTUN, 82659, 550, 0, 550, 0, 0.54, 0.8, 0, 0, 0, 0
RAD, 82670, 166, 163, 98, 21, 47, 0, 0
ATT, 82678, 26.44, -0.15, 7.88, -0.91, 319.42, 309.09, 0, 0
RCIN, 82678, 1500, 1100, 1502, 1100, 1310, 900, 900, 900, 0, 0, 0, 0, 0, 0
GPS, 1, 0, 0, 0, 99.99, 0, 0, 0.54, -17, 0, 0, 0, 82708
CTUN, 82760, 550, 0, 550, 0, 0.55, 0.5, 0, 0, 0, 0
ATT, 82778, 26.44, -0.15, 7.88, -0.91, 319.45, 309.12, 0, 0.01
RCIN, 82778, 1500, 1100, 1502, 1100, 1310, 900, 900, 900, 0, 0, 0, 0, 0, 0
CTUN, 82860, 550, 0, 550, 0, 0.55, 0.22, 0, 0, 0, 0
ATT, 82879, 26.44, -0.14, 7.88, -0.9, 319.47, 309.14, 0, 0.07
RCIN, 82880, 1500, 1100, 1502, 1100, 1310, 900, 900, 900, 0, 0, 0, 0, 0, 0
GPS, 1, 0, 0, 0, 99.99, 0, 0, 0.54, -17, 0, 0, 0, 82908
CTUN, 82959, 550, 0, 550, 0, 0.53, 0.49, 0, 0, 0, 0
ATT, 82979, 26.44, -0.14, 7.88, -0.9, 319.24, 308.91, 0, 0
RCIN, 82979, 1500, 1100, 1502, 1100, 1310, 900, 900, 900, 0, 0, 0, 0, 0, 0
CTUN, 83060, 550, 0, 550, 0, 0.53, 0.34, 0, 0, 0, 0
ATT, 83078, 26.44, -0.14, 7.88, -0.9, 319.22, 308.89, 0, 0.02
RCIN, 83079, 1500, 1100, 1502, 1100, 1310, 900, 900, 900, 0, 0, 0, 0, 0, 0
GPS, 1, 0, 0, 0, 99.99, 0, 0, 0.52, -17, 0, 0, 0, 83108
CTUN, 83159, 550, 0, 550, 0, 0.52, 0.61, 0, 0, 0, 0
ATT, 83178, 26.44, -0.15, 7.88, -0.9, 319.13, 308.8, 0, 0.01
RCIN, 83178, 1500, 1100, 1502, 1100, 1310, 900, 900, 900, 0, 0, 0, 0, 0, 0
CTUN, 83259, 550, 0, 550, 0, 0.52, 0.5, 0, 0, 0, 0
ATT, 83279, 26.44, -0.15, 7.88, -0.9, 319.18, 308.85, 0, 0.03
RCIN, 83279, 1500, 1100, 1502, 1100, 1310, 900, 900, 900, 0, 0, 0, 0, 0, 0
GPS, 1, 0, 0, 0, 99.99, 0, 0, 0.52, -17, 0, 0, 0, 83308
CTUN, 83360, 550, 0, 550, 0, 0.52, 0.62, 0, 0, 0, 0
ATT, 83378, 26.44, -0.15, 7.88, -0.9, 319.32, 308.99, 0, 0.04
RCIN, 83379, 1500, 1100, 1502, 1100, 1310, 900, 900, 900, 0, 0, 0, 0, 0, 0
EV, 28
EV, 15
ATT, 88382, 26.44, -0.16, 7.88, -0.92, 311.1, 310.79, 0, 0
RCIN, 88383, 1500, 1100, 1502, 1100, 1310, 900, 900, 900, 0, 0, 0, 0, 0, 0
GPS, 1, 0, 0, 0, 99.99, 0, 0, 0.56, -17, 0, 0, 0, 88394
RAD, 88413, 166, 163, 96, 20, 45, 0, 0
RAD, 88413, 166, 163, 96, 20, 45, 0, 0
CTUN, 88464, 550, 0, 550, 0, 0.56, 0.72, 0, 0, 0, 1
ATT, 88483, 26.44, -0.16, 7.88, -0.92, 314.4, 310.8, 0, 0
RCIN, 88483, 1500, 1100, 1502, 1100, 1310, 900, 900, 900, 0, 0, 0, 0, 0, 0
GPS, 1, 0, 0, 0, 99.99, 0, 0, 0.57, -17, 0, 0, 0, 88512
CTUN, 88563, 550, 0, 550, 0, 0.58, 0.78, 0, 0, 0, 1
ATT, 88583, 26.44, -0.16, 7.88, -0.92, 317.7, 310.79, 0, 0.06
RCIN, 88583, 1500, 1100, 1502, 1100, 1310, 900, 900, 900, 0, 0, 0, 0, 0, 0
CTUN, 88664, 550, 0, 550, 0, 0.59, 0.74, 0, 0, 0, 1
DU32, 7, 196984
CURR, 88664, 550, 19800, 0, 0, 4712, 0
ATT, 88683, 26.44, -0.16, 7.88, -0.92, 320.9, 310.57, 0, 0.07
RCIN, 88683, 1500, 1100, 1502, 1100, 1310, 900, 900, 900, 0, 0, 0, 0, 0, 0
GPS, 1, 0, 0, 0, 99.99, 0, 0, 0.59, -17, 0, 0, 0, 88712
CTUN, 88763, 550, 0, 550, 0, 0.6, 0.47, 0, 0, 0, 2
ATT, 88782, 26.44, -0.15, 7.88, -0.92, 320.68, 310.35, 0, 0
RCIN, 88783, 1500, 1100, 1502, 1100, 1310, 900, 900, 900, 0, 0, 0, 0, 0, 0
RAD, 88833, 160, 160, 100, 21, 44, 0, 0
RAD, 88834, 160, 160, 100, 21, 44, 0, 0
CTUN, 88864, 550, 0, 550, 0, 0.59, 0.41, 0, 0, 0, 2
ATT, 88883, 26.44, -0.15, 7.88, -0.92, 320.66, 310.33, 0, 0
RCIN, 88884, 1500, 1100, 1502, 1100, 1310, 900, 900, 900, 0, 0, 0, 0, 0, 0
GPS, 1, 0, 0, 0, 99.99, 0, 0, 0.59, -17, 0, 0, 0, 88912
CTUN, 88964, 550, 0, 550, 0, 0.59, 0.32, 0, 0, 0, 1
ATT, 88983, 26.44, -0.16, 7.88, -0.91, 320.64, 310.31, 0, 0
RCIN, 88983, 1500, 1100, 1502, 1100, 1310, 900, 900, 900, 0, 0, 0, 0, 0, 0
CTUN, 89064, 550, 0, 550, 0, 0.57, 0.18, 0, 0, 0, 1
ATT, 89083, 26.44, -0.16, 7.88, -0.92, 320.62, 310.29, 0, 0
RCIN, 89083, 1500, 1100, 1502, 1100, 1310, 900, 900, 900, 0, 0, 0, 0, 0, 0
GPS, 1, 0, 0, 0, 99.99, 0, 0, 0.56, -17, 0, 0, 0, 89112
CTUN, 89163, 550, 0, 550, 0, 0.55, 0.76, 0, 0, 0, 0
ATT, 89183, 26.44, -0.16, 7.88, -0.93, 320.61, 310.28, 0, 0
RCIN, 89183, 1500, 1100, 1502, 1100, 1310, 900, 900, 900, 0, 0, 0, 0, 0, 0
CTUN, 89264, 550, 0, 550, 0, 0.56, 0.54, 0, 0, 0, 1
ATT, 89283, 26.44, -0.16, 7.88, -0.92, 320.61, 310.28, 0, 0
RCIN, 89283, 1500, 1100, 1502, 1100, 1310, 900, 900, 900, 0, 0, 0, 0, 0, 0
GPS, 1, 0, 0, 0, 99.99, 0, 0, 0.56, -17, 0, 0, 0, 89312
CTUN, 89363, 550, 0, 550, 0, 0.56, 0.5, 0, 0, 0, 1
ATT, 89383, 26.44, -0.15, 7.88, -0.91, 320.6, 310.27, 0, 0
RCIN, 89384, 1500, 1100, 1502, 1100, 1310, 900, 900, 900, 0, 0, 0, 0, 0, 0
CTUN, 89464, 550, 0, 550, 0, 0.56, 0.54, 0, 0, 0, 1
ATT, 89483, 26.44, -0.15, 7.88, -0.91, 320.58, 310.25, 0, 0
RCIN, 89483, 1500, 1100, 1502, 1100, 1310, 900, 900, 900, 0, 0, 0, 0, 0, 0
GPS, 1, 0, 0, 0, 99.99, 0, 0, 0.56, -17, 0, 0, 0, 89493
CTUN, 89564, 550, 0, 550, 0, 0.56, 0.63, 0, 0, 0, 1
ATT, 89583, 26.44, -0.16, 7.88, -0.92, 320.57, 310.24, 0, 0
RCIN, 89584, 1500, 1100, 1502, 1100, 1310, 900, 900, 900, 0, 0, 0, 0, 0, 0
CTUN, 89664, 550, 0, 550, 0, 0.57, 0.49, 0, 0, 0, 1
DU32, 7, 196984
CURR, 89664, 550, 25300, 0, 0, 4752, 0
ATT, 89683, 26.44, -0.16, 7.88, -0.93, 320.57, 310.24, 0, 0
RCIN, 89683, 1500, 1100, 1502, 1100, 1310, 900, 900, 900, 0, 0, 0, 0, 0, 0
GPS, 1, 0, 0, 0, 99.99, 0, 0, 0.57, -17, 0, 0, 0, 89712
CTUN, 89764, 550, 0, 550, 0, 0.56, 0.68, 0, 0, 0, 0
ATT, 89783, 26.44, -0.14, 7.88, -0.92, 320.57, 310.24, 0, 0
RCIN, 89783, 1500, 1100, 1502, 1100, 1310, 900, 900, 900, 0, 0, 0, 0, 0, 0
RAD, 89793, 165, 164, 93, 22, 43, 0, 0
RAD, 89793, 165, 164, 93, 22, 43, 0, 0
CTUN, 89864, 550, 0, 550, 0, 0.57, 0.55, 0, 0, 0, 0
ATT, 89883, 26.44, -0.14, 7.88, -0.92, 320.56, 310.23, 0, 0
RCIN, 89883, 1500, 1100, 1502, 1100, 1310, 900, 900, 900, 0, 0, 0, 0, 0, 0
GPS, 1, 0, 0, 0, 99.99, 0, 0, 0.57, -17, 0, 0, 0, 89912
CTUN, 89964, 550, 0, 550, 0, 0.57, 0.49, 0, 0, 0, 1
ATT, 89983, 26.44, -0.15, 7.88, -0.94, 320.56, 310.23, 0, 0
RCIN, 89983, 1500, 1100, 1502, 1100, 1310, 900, 900, 900, 0, 0, 0, 0, 0, 0
CTUN, 90063, 550, 0, 550, 0, 0.57, 0.53, 0, 0, 0, 0
ATT, 90082, 26.44, -0.15, 7.88, -0.94, 320.56, 310.23, 0, 0
RCIN, 90083, 1500, 1100, 1502, 1100, 1310, 900, 900, 900, 0, 0, 0, 0, 0, 0
GPS, 1, 0, 0, 0, 99.99, 0, 0, 0.57, -17, 0, 0, 0, 90112
CTUN, 90164, 550, 0, 550, 0, 0.57, 0.4, 0, 0, 0, 1
ATT, 90183, 26.44, -0.16, 7.88, -0.93, 320.56, 310.23, 0, 0
RCIN, 90183, 1500, 1100, 1502, 1100, 1310, 900, 900, 900, 0, 0, 0, 0, 0, 0
CTUN, 90265, 550, 0, 550, 0, 0.56, 0.43, 0, 0, 0, 0
ATT, 90282, 26.44, -0.16, 7.88, -0.92, 320.53, 310.2, 0, 0.03
RCIN, 90283, 1500, 1100, 1502, 1100, 1310, 900, 900, 900, 0, 0, 0, 0, 0, 0
GPS, 1, 0, 0, 0, 99.99, 0, 0, 0.55, -17, 0, 0, 0, 90312
CTUN, 90363, 550, 0, 550, 0, 0.55, 0.49, 0, 0, 0, 0
ATT, 90382, 26.44, -0.14, 7.88, -0.94, 320.41, 310.08, 0, 0.02
RCIN, 90383, 1500, 1100, 1502, 1100, 1310, 900, 900, 900, 0, 0, 0, 0, 0, 0
CTUN, 90465, 550, 0, 550, 0, 0.55, 0.47, 0, 0, 0, 0
ATT, 90483, 26.44, -0.13, 7.88, -0.95, 320.34, 310.01, 0, 0
RCIN, 90483, 1500, 1100, 1502, 1100, 1310, 900, 900, 900, 0, 0, 0, 0, 0, 0
GPS, 1, 0, 0, 0, 99.99, 0, 0, 0.55, -17, 0, 0, 0, 90512
CTUN, 90563, 550, 0, 550, 0, 0.54, 0.72, 0, 0, 0, 0
ATT, 90583, 26.44, -0.13, 7.88, -0.93, 320.36, 310.03, 0, 0
RCIN, 90583, 1500, 1100, 1502, 1100, 1310, 900, 900, 900, 0, 0, 0, 0, 0, 0
CTUN, 90665, 550, 0, 550, 0, 0.55, 0.68, 0, 0, 0, 0
DU32, 7, 196984
CURR, 90674, 550, 30800, 0, 0, 4752, 0
ATT, 90684, 26.44, -0.14, 7.88, -0.92, 320.37, 310.04, 0, 0
RCIN, 90684, 1500, 1100, 1502, 1100, 1310, 900, 900, 900, 0, 0, 0, 0, 0, 0
GPS, 1, 0, 0, 0, 99.99, 0, 0, 0.56, -17, 0, 0, 0, 90712
RAD, 90753, 163, 162, 100, 21, 45, 0, 0
RAD, 90753, 163, 162, 100, 21, 45, 0, 0
CTUN, 90763, 550, 0, 550, 0, 0.56, 0.76, 0, 0, 0, 0
ATT, 90783, 26.44, -0.16, 7.88, -0.93, 320.35, 310.02, 0, 0
RCIN, 90783, 1500, 1100, 1502, 1100, 1310, 900, 900, 900, 0, 0, 0, 0, 0, 0
CTUN, 90866, 550, 0, 550, 0, 0.58, 0.49, 0, 0, 0, 1
ATT, 90886, 26.44, -0.16, 7.88, -0.93, 320.35, 310.02, 0, 0
RCIN, 90886, 1500, 1100, 1502, 1100, 1310, 900, 900, 900, 0, 0, 0, 0, 0, 0
GPS, 1, 0, 0, 0, 99.99, 0, 0, 0.58, -17, 0, 0, 0, 90914
CTUN, 90965, 550, 0, 550, 0, 0.57, 0.65, 0, 0, 0, 1
ATT, 90984, 26.44, -0.14, 7.88, -0.96, 320.36, 310.03, 0, 0
RCIN, 90985, 1500, 1100, 1502, 1100, 1310, 900, 900, 900, 0, 0, 0, 0, 0, 0
CTUN, 91067, 550, 0, 550, 0, 0.58, 0.46, 0, 0, 0, 1
ATT, 91085, 26.44, -0.12, 7.88, -0.98, 320.36, 310.03, 0, 0
RCIN, 91085, 1500, 1100, 1502, 1100, 1310, 900, 900, 900, 0, 0, 0, 0, 0, 0
GPS, 1, 0, 0, 0, 99.99, 0, 0, 0.58, -17, 0, 0, 0, 91094
CTUN, 91166, 550, 0, 550, 0, 0.57, 0.7, 0, 0, 0, 1
ATT, 91185, 26.44, -0.12, 7.88, -0.96, 320.37, 310.04, 0, 0
RCIN, 91185, 1500, 1100, 1502, 1100, 1310, 900, 900, 900, 0, 0, 0, 0, 0, 0
CTUN, 91265, 550, 0, 550, 0, 0.58, 0.92, 0, 0, 0, 1
ATT, 91284, 26.44, -0.11, 7.88, -0.95, 320.37, 310.04, 0, 0.02
RCIN, 91285, 1500, 1100, 1502, 1100, 1310, 900, 900, 900, 0, 0, 0, 0, 0, 0
GPS, 1, 0, 0, 0, 99.99, 0, 0, 0.59, -17, 0, 0, 0, 91314
CTUN, 91366, 550, 0, 550, 0, 0.6, 0.55, 0, 0, 0, 1
ATT, 91385, 26.44, -0.13, 7.88, -0.94, 320.29, 309.96, 0, 0.04
RCIN, 91385, 1500, 1100, 1502, 1100, 1310, 900, 900, 900, 0, 0, 0, 0, 0, 0
CTUN, 91465, 550, 0, 550, 0, 0.6, 0.69, 0, 0, 0, 1
ATT, 91485, 26.44, -0.15, 7.88, -0.93, 320.18, 309.85, 0, 0
RCIN, 91485, 1500, 1100, 1502, 1100, 1310, 900, 900, 900, 0, 0, 0, 0, 0, 0
GPS, 1, 0, 0, 0, 99.99, 0, 0, 0.61, -17, 0, 0, 0, 91514
CTUN, 91565, 550, 0, 550, 0, 0.61, 0.65, 0, 0, 0, 1
ATT, 91585, 26.44, -0.14, 7.88, -0.94, 320.2, 309.87, 0, 0
RCIN, 91585, 1500, 1100, 1502, 1100, 1310, 900, 900, 900, 0, 0, 0, 0, 0, 0
CTUN, 91665, 550, 0, 550, 0, 0.61, 0.74, 0, 0, 0, 1
DU32, 7, 196984
CURR, 91677, 550, 36300, 0, 0, 4752, 0
ATT, 91685, 26.44, -0.14, 7.88, -0.95, 320.23, 309.9, 0, 0.01
RCIN, 91685, 1500, 1100, 1502, 1100, 1310, 900, 900, 900, 0, 0, 0, 0, 0, 0
GPS, 1, 0, 0, 0, 99.99, 0, 0, 0.62, -17, 0, 0, 0, 91714
RAD, 91724, 162, 160, 100, 18, 47, 0, 0
RAD, 91725, 162, 160, 100, 18, 47, 0, 0
CTUN, 91765, 550, 0, 550, 0, 0.62, 0.5, 0, 0, 0, 2
ATT, 91785, 26.44, -0.13, 7.88, -0.95, 320.26, 309.93, 0, 0
RCIN, 91785, 1500, 1100, 1502, 1100, 1310, 900, 900, 900, 0, 0, 0, 0, 0, 0
CTUN, 91866, 550, 0, 550, 0, 0.62, 0.48, 0, 0, 0, 2
ATT, 91886, 26.44, -0.12, 7.88, -0.95, 320.28, 309.95, 0.01, 0
RCIN, 91886, 1500, 1100, 1502, 1100, 1310, 900, 900, 900, 0, 0, 0, 0, 0, 0
GPS, 1, 0, 0, 0, 99.99, 0, 0, 0.62, -17, 0, 0, 0, 91914
CTUN, 91965, 550, 0, 550, 0, 0.61, 0.54, 0, 0, 0, 2
ATT, 91984, 26.44, -0.14, 7.88, -0.93, 320.28, 309.95, 0.01, 0
RCIN, 91984, 1500, 1100, 1502, 1100, 1310, 900, 900, 900, 0, 0, 0, 0, 0, 0
CTUN, 92066, 550, 0, 550, 0, 0.61, 0.57, 0, 0, 0, 2
ATT, 92084, 26.44, -0.15, 7.88, -0.92, 320.3, 309.97, 0.01, 0
RCIN, 92085, 1500, 1100, 1502, 1100, 1310, 900, 900, 900, 0, 0, 0, 0, 0, 0
GPS, 1, 0, 0, 0, 99.99, 0, 0, 0.61, -17, 0, 0, 0, 92114
CTUN, 92165, 550, 0, 550, 0, 0.61, 0.62, 0, 0, 0, 2
ATT, 92186, 26.44, -0.14, 7.88, -0.93, 320.31, 309.98, 0, 0
RCIN, 92186, 1500, 1100, 1502, 1100, 1310, 900, 900, 900, 0, 0, 0, 0, 0, 0
CTUN, 92266, 550, 0, 550, 0, 0.61, 0.62, 0, 0, 0, 2
ATT, 92284, 26.44, -0.13, 7.88, -0.95, 320.31, 309.98, 0, 0
RCIN, 92285, 1500, 1100, 1502, 1100, 1310, 900, 900, 900, 0, 0, 0, 0, 0, 0
GPS, 1, 0, 0, 0, 99.99, 0, 0, 0.61, -17, 0, 0, 0, 92314
CTUN, 92365, 550, 0, 550, 0, 0.62, 0.57, 0, 0, 0, 2
ATT, 96299, 26.44, -0.15, 7.88, -0.94, 310.84, 310.52, 0, 0
RCIN, 96299, 1500, 1100, 1502, 1100, 1310, 900, 900, 900, 0, 0, 0, 0, 0, 0
EV, 28
EV, 15
GPS, 1, 0, 0, 0, 99.99, 0, 0, 0.68, -17, 0, 0, 0, 96315
RAD, 96346, 161, 167, 96, 16, 44, 0, 0
RAD, 96347, 161, 167, 96, 16, 44, 0, 0
CTUN, 96367, 550, 0, 550, 0, 0.68, 0.8, 0, 0, 0, 2
ATT, 96398, 26.44, -0.16, 7.88, -0.94, 314.14, 310.53, 0, 0
RCIN, 96398, 1500, 1100, 1502, 1100, 1310, 900, 900, 900, 0, 0, 0, 0, 0, 0
CTUN, 96468, 550, 0, 550, 0, 0.69, 0.61, 0, 0, 0, 2
ATT, 96499, 26.44, -0.16, 7.88, -0.94, 317.44, 310.54, 0, 0.01
RCIN, 96500, 1500, 1100, 1502, 1100, 1310, 900, 900, 900, 0, 0, 0, 0, 0, 0
GPS, 1, 0, 0, 0, 99.99, 0, 0, 0.68, -17, 0, 0, 0, 96516
CTUN, 96567, 550, 0, 550, 0, 0.68, 0.8, 0, 0, 0, 2
ATT, 96596, 26.44, -0.16, 7.88, -0.94, 320.74, 310.51, 0, 0
RCIN, 96596, 1500, 1100, 1502, 1100, 1310, 900, 900, 900, 0, 0, 0, 0, 0, 0
CTUN, 96669, 550, 0, 550, 0, 0.69, 0.53, 0, 0, 0, 2
ATT, 96700, 26.44, -0.16, 7.88, -0.94, 320.83, 310.5, 0, 0
RCIN, 96700, 1500, 1100, 1502, 1100, 1310, 900, 900, 900, 0, 0, 0, 0, 0, 0
GPS, 1, 0, 0, 0, 99.99, 0, 0, 0.69, -17, 0, 0, 0, 96716
CTUN, 96767, 550, 0, 550, 0, 0.69, 0.6, 0, 0, 0, 2
DU32, 7, 196984
CURR, 96777, 550, 42900, 0, 0, 4752, 0
ATT, 96797, 26.44, -0.16, 7.88, -0.93, 320.8, 310.47, 0, 0
RCIN, 96798, 1500, 1100, 1502, 1100, 1310, 900, 900, 900, 0, 0, 0, 0, 0, 0
CTUN, 96867, 550, 0, 550, 0, 0.68, 0.67, 0, 0, 0, 2
RAD, 96887, 164, 162, 93, 20, 42, 0, 0
ATT, 96898, 26.44, -0.16, 7.88, -0.93, 320.78, 310.45, 0, 0
RCIN, 96898, 1500, 1100, 1502, 1100, 1310, 900, 900, 900, 0, 0, 0, 0, 0, 0
RAD, 96908, 164, 162, 93, 20, 42, 0, 0
GPS, 1, 0, 0, 0, 99.99, 0, 0, 0.68, -17, 0, 0, 0, 96916
CTUN, 96967, 550, 0, 550, 0, 0.69, 0.74, 0, 0, 0, 2
ATT, 96997, 26.44, -0.16, 7.88, -0.92, 320.71, 310.38, 0, 0.06
RCIN, 96998, 1500, 1100, 1502, 1100, 1310, 900, 900, 900, 0, 0, 0, 0, 0, 0
CTUN, 97067, 550, 0, 550, 0, 0.69, 0.32, 0, 0, 0, 2
ATT, 97098, 26.44, -0.15, 7.88, -0.92, 320.54, 310.21, 0, 0
RCIN, 97098, 1500, 1100, 1502, 1100, 1310, 900, 900, 900, 0, 0, 0, 0, 0, 0
GPS, 1, 0, 0, 0, 99.99, 0, 0, 0.68, -17, 0, 0, 0, 97117
CTUN, 97168, 550, 0, 550, 0, 0.67, 0.67, 0, 0, 0, 1
ATT, 97198, 26.44, -0.16, 7.88, -0.92, 320.54, 310.21, 0, 0
RCIN, 97198, 1500, 1100, 1502, 1100, 1310, 900, 900, 900, 0, 0, 0, 0, 0, 0
CTUN, 97267, 550, 0, 550, 0, 0.67, 0.8, 0, 0, 0, 2
ATT, 97297, 26.44, -0.16, 7.88, -0.92, 320.56, 310.23, 0, 0
RCIN, 97297, 1500, 1100, 1502, 1100, 1310, 900, 900, 900, 0, 0, 0, 0, 0, 0
GPS, 1, 0, 0, 0, 99.99, 0, 0, 0.68, -17, 0, 0, 0, 97316
CTUN, 97367, 550, 0, 550, 0, 0.68, 0.58, 0, 0, 0, 2
ATT, 97397, 26.44, -0.15, 7.88, -0.92, 320.57, 310.24, 0, 0
RCIN, 97397, 1500, 1100, 1502, 1100, 1310, 900, 900, 900, 0, 0, 0, 0, 0, 0
CTUN, 97468, 550, 0, 550, 0, 0.68, 0.8, 0, 0, 0, 2
ATT, 97498, 26.44, -0.15, 7.88, -0.93, 320.58, 310.25, 0, 0
RCIN, 97499, 1500, 1100, 1502, 1100, 1310, 900, 900, 900, 0, 0, 0, 0, 0, 0
GPS, 1, 0, 0, 0, 99.99, 0, 0, 0.68, -17, 0, 0, 0, 97516
CTUN, 97567, 550, 0, 550, 0, 0.69, 0.35, 0, 0, 0, 2
ATT, 97596, 26.44, -0.15, 7.88, -0.93, 320.59, 310.26, 0, 0
RCIN, 97597, 1500, 1100, 1502, 1100, 1310, 900, 900, 900, 0, 0, 0, 0, 0, 0
CTUN, 97667, 550, 0, 550, 0, 0.67, 0.74, 0, 0, 0, 1
ATT, 97698, 26.44, -0.16, 7.88, -0.93, 320.6, 310.27, 0, 0
RCIN, 97699, 1500, 1100, 1502, 1100, 1310, 900, 900, 900, 0, 0, 0, 0, 0, 0
GPS, 1, 0, 0, 0, 99.99, 0, 0, 0.67, -17, 0, 0, 0, 97716
CTUN, 97768, 550, 0, 550, 0, 0.68, 0.62, 0, 0, 0, 1
DU32, 7, 196984
CURR, 97777, 550, 48400, 0, 0, 4752, 0
ATT, 97797, 26.44, -0.16, 7.88, -0.93, 320.61, 310.28, 0, 0
RCIN, 97797, 1500, 1100, 1502, 1100, 1310, 900, 900, 900, 0, 0, 0, 0, 0, 0
CTUN, 97867, 550, 0, 550, 0, 0.68, 0.63, 0, 0, 0, 1
ATT, 97897, 26.44, -0.15, 7.88, -0.93, 320.61, 310.28, 0, 0
RCIN, 97897, 1500, 1100, 1502, 1100, 1310, 900, 900, 900, 0, 0, 0, 0, 0, 0
GPS, 1, 0, 0, 0, 99.99, 0, 0, 0.68, -17, 0, 0, 0, 97915
RAD, 97926, 163, 168, 100, 19, 50, 0, 0
RAD, 97927, 163, 168, 100, 19, 50, 0, 0
CTUN, 97967, 550, 0, 550, 0, 0.68, 0.7, 0, 0, 0, 1
ATT, 97997, 26.44, -0.15, 7.88, -0.93, 320.6, 310.27, 0, 0
RCIN, 97997, 1500, 1100, 1502, 1100, 1310, 900, 900, 900, 0, 0, 0, 0, 0, 0
CTUN, 98068, 550, 0, 550, 0, 0.68, 0.78, 0, 0, 0, 1
ATT, 98098, 26.44, -0.15, 7.88, -0.93, 320.62, 310.29, 0, 0
RCIN, 98098, 1500, 1100, 1502, 1100, 1310, 900, 900, 900, 0, 0, 0, 0, 0, 0
GPS, 1, 0, 0, 0, 99.99, 0, 0, 0.68, -17, 0, 0, 0, 98115
CTUN, 98167, 550, 0, 550, 0, 0.69, 0.68, 0, 0, 0, 1
ATT, 98196, 26.44, -0.15, 7.88, -0.93, 320.6, 310.27, 0, 0.03
RCIN, 98196, 1500, 1100, 1502, 1100, 1310, 900, 900, 900, 0, 0, 0, 0, 0, 0
CTUN, 98268, 550, 0, 550, 0, 0.69, 0.58, 0, 0, 0, 2
ATT, 98298, 26.44, -0.15, 7.88, -0.92, 320.48, 310.15, 0, 0.03
RCIN, 98298, 1500, 1100, 1502, 1100, 1310, 900, 900, 900, 0, 0, 0, 0, 0, 0
GPS, 1, 0, 0, 0, 99.99, 0, 0, 0.69, -17, 0, 0, 0, 98315
CTUN, 98367, 550, 0, 550, 0, 0.68, 0.68, 0, 0, 0, 2
ATT, 98396, 26.44, -0.15, 7.88, -0.92, 320.39, 310.06, 0, 0
RCIN, 98396, 1500, 1100, 1502, 1100, 1310, 900, 900, 900, 0, 0, 0, 0, 0, 0
CTUN, 98468, 550, 0, 550, 0, 0.69, 0.39, 0, 0, 0, 2
ATT, 98498, 26.44, -0.15, 7.88, -0.93, 320.4, 310.07, 0, 0
RCIN, 98499, 1500, 1100, 1502, 1100, 1310, 900, 900, 900, 0, 0, 0, 0, 0, 0
GPS, 1, 0, 0, 0, 99.99, 0, 0, 0.68, -17, 0, 0, 0, 98516
CTUN, 98567, 550, 0, 550, 0, 0.67, 0.73, 0, 0, 0, 1
ATT, 98596, 26.44, -0.14, 7.88, -0.92, 320.42, 310.09, 0, 0.01
RCIN, 98596, 1500, 1100, 1502, 1100, 1310, 900, 900, 900, 0, 0, 0, 0, 0, 0
CTUN, 98667, 550, 0, 550, 0, 0.68, 0.73, 0, 0, 0, 1
ATT, 98698, 26.44, -0.14, 7.88, -0.92, 320.46, 310.13, 0, 0
RCIN, 98698, 1500, 1100, 1502, 1100, 1310, 900, 900, 900, 0, 0, 0, 0, 0, 0
GPS, 1, 0, 0, 0, 99.99, 0, 0, 0.68, -17, 0, 0, 0, 98715
CTUN, 98767, 550, 0, 550, 0, 0.68, 0.58, 0, 0, 0, 1
DU32, 7, 196984
CURR, 98777, 550, 53900, 0, 0, 4732, 0
ATT, 98796, 26.44, -0.14, 7.88, -0.92, 320.49, 310.16, 0, 0
RCIN, 98797, 1500, 1100, 1502, 1100, 1310, 900, 900, 900, 0, 0, 0, 0, 0, 0
RAD, 98826, 161, 157, 100, 19, 47, 0, 0
RAD, 98827, 161, 157, 100, 19, 47, 0, 0
CTUN, 98867, 550, 0, 550, 0, 0.68, 0.85, 0, 0, 0, 1
ATT, 98898, 26.44, -0.15, 7.88, -0.93, 320.51, 310.18, 0, 0
RCIN, 98898, 1500, 1100, 1502, 1100, 1310, 900, 900, 900, 0, 0, 0, 0, 0, 0
GPS, 1, 0, 0, 0, 99.99, 0, 0, 0.68, -17, 0, 0, 0, 98916
CTUN, 98967, 550, 0, 550, 0, 0.69, 0.47, 0, 0, 0, 1
ATT, 98997, 26.44, -0.15, 7.88, -0.93, 320.52, 310.19, 0, 0
RCIN, 98997, 1500, 1100, 1502, 1100, 1310, 900, 900, 900, 0, 0, 0, 0, 0, 0
CTUN, 99068, 550, 0, 550, 0, 0.68, 0.44, 0, 0, 0, 1
ATT, 99098, 26.44, -0.15, 7.88, -0.93, 320.47, 310.14, 0, 0.05
RCIN, 99098, 1500, 1100, 1502, 1100, 1310, 900, 900, 900, 0, 0, 0, 0, 0, 0
GPS, 1, 0, 0, 0, 99.99, 0, 0, 0.67, -17, 0, 0, 0, 99116
CTUN, 99167, 550, 0, 550, 0, 0.67, 0.51, 0, 0, 0, 1
ATT, 99197, 26.44, -0.15, 7.88, -0.93, 320.33, 310, 0, 0
RCIN, 99197, 1500, 1100, 1502, 1100, 1310, 900, 900, 900, 0, 0, 0, 0, 0, 0
CTUN, 99267, 550, 0, 550, 0, 0.66, 0.48, 0, 0, 0, 1
ATT, 99297, 26.44, -0.15, 7.88, -0.93, 320.34, 310.01, 0, 0
RCIN, 99297, 1500, 1100, 1502, 1100, 1310, 900, 900, 900, 0, 0, 0, 0, 0, 0
GPS, 1, 0, 0, 0, 99.99, 0, 0, 0.66, -17, 0, 0, 0, 99315
CTUN, 99367, 550, 0, 550, 0, 0.65, 0.64, 0, 0, 0, 1
ATT, 99397, 26.44, -0.15, 7.88, -0.93, 320.37, 310.04, 0, 0.01
RCIN, 99397, 1500, 1100, 1502, 1100, 1310, 900, 900, 900, 0, 0, 0, 0, 0, 0
CTUN, 99467, 550, 0, 550, 0, 0.65, 0.52, 0, 0, 0, 1
ATT, 99498, 26.44, -0.15, 7.88, -0.93, 320.41, 310.08, 0, 0
RCIN, 99498, 1500, 1100, 1502, 1100, 1310, 900, 900, 900, 0, 0, 0, 0, 0, 0
GPS, 1, 0, 0, 0, 99.99, 0, 0, 0.65, -17, 0, 0, 0, 99515
CTUN, 99568, 550, 0, 550, 0, 0.64, 0.71, 0, 0, 0, 0
ATT, 99596, 26.44, -0.15, 7.88, -0.93, 320.42, 310.09, 0, 0
RCIN, 99596, 1500, 1100, 1502, 1100, 1310, 900, 900, 900, 0, 0, 0, 0, 0, 0
CTUN, 99668, 550, 0, 550, 0, 0.65, 0.37, 0, 0, 0, 0
ATT, 99698, 26.44, -0.14, 7.88, -0.93, 320.43, 310.1, 0, 0
RCIN, 99699, 1500, 1100, 1502, 1100, 1310, 900, 900, 900, 0, 0, 0, 0, 0, 0
GPS, 1, 0, 0, 0, 99.99, 0, 0, 0.64, -17, 0, 0, 0, 99715
CTUN, 99768, 550, 0, 550, 0, 0.63, 0.56, 0, 0, 0, 0
DU32, 7, 196984
CURR, 99776, 550, 59400, 0, 0, 4752, 0
ATT, 99797, 26.44, -0.14, 7.88, -0.93, 320.45, 310.12, 0, 0
RCIN, 99797, 1500, 1100, 1502, 1100, 1310, 900, 900, 900, 0, 0, 0, 0, 0, 0
CTUN, 99868, 550, 0, 550, 0, 0.63, 0.46, 0, 0, 0, 0
ATT, 99898, 26.44, -0.14, 7.88, -0.93, 320.47, 310.14, 0, 0
RCIN, 99898, 1500, 1100, 1502, 1100, 1310, 900, 900, 900, 0, 0, 0, 0, 0, 0
GPS, 1, 0, 0, 0, 99.99, 0, 0, 0.62, -17, 0, 0, 0, 99915
CTUN, 99967, 550, 0, 550, 0, 0.62, 0.59, 0, 0, 0, 0
ATT, 99996, 26.44, -0.15, 7.88, -0.93, 320.48, 310.15, 0, 0
RCIN, 99996, 1500, 1100, 1502, 1100, 1310, 900, 900, 900, 0, 0, 0, 0, 0, 0
RAD, 100026, 167, 165, 97, 23, 42, 0, 0
RAD, 100046, 167, 165, 97, 23, 42, 0, 0
CTUN, 100067, 550, 0, 550, 0, 0.62, 0.49, 0, 0, 0, 0
ATT, 100098, 26.44, -0.14, 7.88, -0.93, 320.5, 310.17, 0, 0
RCIN, 100098, 1500, 1100, 1502, 1100, 1310, 900, 900, 900, 0, 0, 0, 0, 0, 0
GPS, 1, 0, 0, 0, 99.99, 0, 0, 0.61, -17, 0, 0, 0, 100116
CTUN, 100167, 550, 0, 550, 0, 0.61, 0.39, 0, 0, 0, 0
ATT, 100197, 26.44, -0.14, 7.88, -0.92, 320.52, 310.19, 0, 0
RCIN, 100197, 1500, 1100, 1502, 1100, 1310, 900, 900, 900, 0, 0, 0, 0, 0, 0
CTUN, 100267, 550, 0, 550, 0, 0.6, 0.76, 0, 0, 0, 0
EV, 28
EV, 15
CTUN, 102070, 550, 0, 550, 0, 0.64, 0.69, 0, 0, 0, 1
ATT, 102109, 26.44, -0.16, 7.88, -0.93, 312.39, 310.24, 0, 0
RCIN, 102109, 1500, 1100, 1502, 1100, 1310, 900, 900, 900, 0, 0, 0, 0, 0, 0
GPS, 1, 0, 0, 0, 99.99, 0, 0, 0.64, -17, 0, 0, 0, 102118
CTUN, 102169, 550, 0, 550, 0, 0.64, 0.66, 0, 0, 0, 1
ATT, 102209, 26.44, -0.15, 7.88, -0.93, 315.69, 310.23, 0, 0.01
RCIN, 102209, 1500, 1100, 1502, 1100, 1310, 900, 900, 900, 0, 0, 0, 0, 0, 0
CTUN, 102271, 550, 0, 550, 0, 0.64, 0.54, 0, 0, 0, 1
ATT, 102310, 26.44, -0.16, 7.88, -0.93, 318.99, 310.28, 0, 0
RCIN, 102310, 1500, 1100, 1502, 1100, 1310, 900, 900, 900, 0, 0, 0, 0, 0, 0
GPS, 1, 0, 0, 0, 99.99, 0, 0, 0.64, -17, 0, 0, 0, 102319
CTUN, 102370, 550, 0, 550, 0, 0.64, 0.56, 0, 0, 0, 1
ATT, 102409, 26.44, -0.15, 7.88, -0.93, 320.63, 310.3, 0, 0
RCIN, 102409, 1500, 1100, 1502, 1100, 1310, 900, 900, 900, 0, 0, 0, 0, 0, 0
CTUN, 102471, 550, 0, 550, 0, 0.64, 0.53, 0, 0, 0, 1
ATT, 102510, 26.44, -0.15, 7.88, -0.93, 320.66, 310.33, 0, 0.01
RCIN, 102510, 1500, 1100, 1502, 1100, 1310, 900, 900, 900, 0, 0, 0, 0, 0, 0
GPS, 1, 0, 0, 0, 99.99, 0, 0, 0.63, -17, 0, 0, 0, 102520
CTUN, 102571, 550, 0, 550, 0, 0.63, 0.52, 0, 0, 0, 1
ATT, 102610, 26.44, -0.15, 7.88, -0.93, 320.7, 310.37, 0, 0
RCIN, 102610, 1500, 1100, 1502, 1100, 1310, 900, 900, 900, 0, 0, 0, 0, 0, 0
CTUN, 102671, 550, 0, 550, 0, 0.63, 0.4, 0, 0, 0, 0
ATT, 102709, 26.44, -0.16, 7.88, -0.93, 320.72, 310.39, 0, 0
RCIN, 102709, 1500, 1100, 1502, 1100, 1310, 900, 900, 900, 0, 0, 0, 0, 0, 0
GPS, 1, 0, 0, 0, 99.99, 0, 0, 0.62, -17, 0, 0, 0, 102718
CTUN, 102771, 550, 0, 550, 0, 0.61, 0.72, 0, 0, 0, 0
ATT, 102810, 26.44, -0.16, 7.88, -0.93, 320.74, 310.41, 0, 0
RCIN, 102810, 1500, 1100, 1502, 1100, 1310, 900, 900, 900, 0, 0, 0, 0, 0, 0
CTUN, 102872, 550, 0, 550, 0, 0.62, 0.42, 0, 0, 0, 0
DU32, 7, 196984
CURR, 102881, 550, 67100, 0, 0, 4732, 0
ATT, 102909, 26.44, -0.16, 7.88, -0.92, 320.75, 310.42, 0, 0
RCIN, 102909, 1500, 1100, 1502, 1100, 1310, 900, 900, 900, 0, 0, 0, 0, 0, 0
GPS, 1, 0, 0, 0, 99.99, 0, 0, 0.62, -17, 0, 0, 0, 102918
RAD, 102958, 159, 161, 99, 30, 41, 0, 0
RAD, 102959, 159, 161, 99, 30, 41, 0, 0
CTUN, 102969, 550, 0, 550, 0, 0.61, 0.38, 0, 0, 0, 0
ATT, 103009, 26.44, -0.16, 7.88, -0.92, 320.76, 310.43, 0, 0.01
RCIN, 103009, 1500, 1100, 1502, 1100, 1310, 900, 900, 900, 0, 0, 0, 0, 0, 0
CTUN, 103072, 550, 0, 550, 0, 0.6, 0.47, 0, 0, 0, 0
ATT, 103110, 26.44, -0.16, 7.88, -0.91, 320.77, 310.44, 0, 0.01
RCIN, 103110, 1500, 1100, 1502, 1100, 1310, 900, 900, 900, 0, 0, 0, 0, 0, 0
GPS, 1, 0, 0, 0, 99.99, 0, 0, 0.59, -17, 0, 0, 0, 103120
CTUN, 103171, 550, 0, 550, 0, 0.59, 0.63, 0, 0, 0, 0
ATT, 103210, 26.44, -0.16, 7.88, -0.91, 320.73, 310.4, 0, 0
RCIN, 103210, 1500, 1100, 1502, 1100, 1310, 900, 900, 900, 0, 0, 0, 0, 0, 0
CTUN, 103272, 550, 0, 550, 0, 0.59, 0.61, 0, 0, 0, 0
ATT, 103310, 26.44, -0.17, 7.88, -0.9, 320.75, 310.42, 0, 0.01
RCIN, 103310, 1500, 1100, 1502, 1100, 1310, 900, 900, 900, 0, 0, 0, 0, 0, 0
GPS, 1, 0, 0, 0, 99.99, 0, 0, 0.59, -17, 0, 0, 0, 103319
CTUN, 103371, 550, 0, 550, 0, 0.59, 0.68, 0, 0, 0, 0
ATT, 103410, 26.44, -0.17, 7.88, -0.91, 320.78, 310.45, 0, 0
RCIN, 103410, 1500, 1100, 1502, 1100, 1310, 900, 900, 900, 0, 0, 0, 0, 0, 0
CTUN, 103471, 550, 0, 550, 0, 0.6, 0.62, 0, 0, 0, 0
ATT, 103511, 26.44, -0.17, 7.88, -0.91, 320.77, 310.44, 0, 0.01
RCIN, 103511, 1500, 1100, 1502, 1100, 1310, 900, 900, 900, 0, 0, 0, 0, 0, 0
GPS, 1, 0, 0, 0, 99.99, 0, 0, 0.6, -17, 0, 0, 0, 103520
CTUN, 103571, 550, 0, 550, 0, 0.6, 0.56, 0, 0, 0, 0
ATT, 103611, 26.44, -0.17, 7.88, -0.9, 320.74, 310.41, 0, 0
RCIN, 103611, 1500, 1100, 1502, 1100, 1310, 900, 900, 900, 0, 0, 0, 0, 0, 0
CTUN, 103671, 550, 0, 550, 0, 0.6, 0.71, 0, 0, 0, 0
ATT, 103710, 26.44, -0.17, 7.88, -0.91, 320.76, 310.43, 0, 0
RCIN, 103710, 1500, 1100, 1502, 1100, 1310, 900, 900, 900, 0, 0, 0, 0, 0, 0
GPS, 1, 0, 0, 0, 99.99, 0, 0, 0.6, -17, 0, 0, 0, 103719
CTUN, 103771, 550, 0, 550, 0, 0.61, 0.64, 0, 0, 0, 0
ATT, 103810, 26.44, -0.17, 7.88, -0.91, 320.78, 310.45, 0, 0
RCIN, 103811, 1500, 1100, 1502, 1100, 1310, 900, 900, 900, 0, 0, 0, 0, 0, 0
CTUN, 103871, 550, 0, 550, 0, 0.61, 0.68, 0, 0, 0, 0
DU32, 7, 196984
CURR, 103881, 550, 72600, 0, 0, 4732, 0
ATT, 103911, 26.44, -0.17, 7.88, -0.91, 320.8, 310.47, 0, 0
RCIN, 103911, 1500, 1100, 1502, 1100, 1310, 900, 900, 900, 0, 0, 0, 0, 0, 0
GPS, 1, 0, 0, 0, 99.99, 0, 0, 0.61, -17, 0, 0, 0, 103920
CTUN, 103971, 550, 0, 550, 0, 0.61, 0.47, 0, 0, 0, 0
RAD, 104001, 159, 155, 99, 19, 41, 0, 0
RAD, 104002, 159, 155, 99, 19, 41, 0, 0
ATT, 104010, 26.44, -0.16, 7.88, -0.91, 320.82, 310.49, 0, 0.01
RCIN, 104011, 1500, 1100, 1502, 1100, 1310, 900, 900, 900, 0, 0, 0, 0, 0, 0
CTUN, 104071, 550, 0, 550, 0, 0.61, 0.72, 0, 0, 0, 0
ATT, 104111, 26.44, -0.16, 7.88, -0.91, 320.79, 310.46, 0, 0
RCIN, 104111, 1500, 1100, 1502, 1100, 1310, 900, 900, 900, 0, 0, 0, 0, 0, 0
GPS, 1, 0, 0, 0, 99.99, 0, 0, 0.61, -17, 0, 0, 0, 104120
CTUN, 104171, 550, 0, 550, 0, 0.61, 0.64, 0, 0, 0, 0
ATT, 104211, 26.44, -0.16, 7.88, -0.91, 320.79, 310.46, 0, 0.01
RCIN, 104211, 1500, 1100, 1502, 1100, 1310, 900, 900, 900, 0, 0, 0, 0, 0, 0
CTUN, 104272, 550, 0, 550, 0, 0.62, 0.47, 0, 0, 0, 0
ATT, 104311, 26.44, -0.16, 7.88, -0.91, 320.77, 310.44, 0, 0
RCIN, 104311, 1500, 1100, 1502, 1100, 1310, 900, 900, 900, 0, 0, 0, 0, 0, 0
GPS, 1, 0, 0, 0, 99.99, 0, 0, 0.61, -17, 0, 0, 0, 104320
CTUN, 104371, 550, 0, 550, 0, 0.61, 0.65, 0, 0, 0, 0
ATT, 104410, 26.44, -0.16, 7.88, -0.91, 320.75, 310.42, 0, 0.01
RCIN, 104411, 1500, 1100, 1502, 1100, 1310, 900, 900, 900, 0, 0, 0, 0, 0, 0
CTUN, 104471, 550, 0, 550, 0, 0.61, 0.54, 0, 0, 0, 0
ATT, 104512, 26.44, -0.16, 7.88, -0.92, 320.72, 310.39, 0, 0
RCIN, 104512, 1500, 1100, 1502, 1100, 1310, 900, 900, 900, 0, 0, 0, 0, 0, 0
GPS, 1, 0, 0, 0, 99.99, 0, 0, 0.61, -17, 0, 0, 0, 104519
CTUN, 104571, 550, 0, 550, 0, 0.61, 0.38, 0, 0, 0, 0
ATT, 104611, 26.44, -0.16, 7.88, -0.93, 320.71, 310.38, 0, 0
RCIN, 104611, 1500, 1100, 1502, 1100, 1310, 900, 900, 900, 0, 0, 0, 0, 0, 0
CTUN, 104671, 550, 0, 550, 0, 0.59, 0.47, 0, 0, 0, 0
ATT, 104710, 26.44, -0.15, 7.88, -0.93, 320.73, 310.4, 0, 0
RCIN, 104711, 1500, 1100, 1502, 1100, 1310, 900, 900, 900, 0, 0, 0, 0, 0, 0
GPS, 1, 0, 0, 0, 99.99, 0, 0, 0.59, -17, 0, 0, 0, 104721
CTUN, 104771, 550, 0, 550, 0, 0.59, 0.59, 0, 0, 0, 0
ATT, 104810, 26.44, -0.15, 7.88, -0.93, 320.76, 310.43, 0, 0
RCIN, 104810, 1500, 1100, 1502, 1100, 1310, 900, 900, 900, 0, 0, 0, 0, 0, 0
CTUN, 104871, 550, 0, 550, 0, 0.59, 0.67, 0, 0, 0, 0
DU32, 7, 196984
CURR, 104881, 550, 78100, 0, 0, 4752, 0
ATT, 104911, 26.44, -0.15, 7.88, -0.93, 320.74, 310.41, 0, 0.03
RCIN, 104911, 1500, 1100, 1502, 1100, 1310, 900, 900, 900, 0, 0, 0, 0, 0, 0
GPS, 1, 0, 0, 0, 99.99, 0, 0, 0.59, -17, 0, 0, 0, 104920
RAD, 104940, 164, 166, 98, 19, 43, 0, 0
RAD, 104941, 164, 166, 98, 19, 43, 0, 0
CTUN, 104971, 550, 0, 550, 0, 0.59, 0.56, 0, 0, 0, 0
ATT, 105011, 26.44, -0.16, 7.88, -0.93, 320.68, 310.35, 0, 0.01
RCIN, 105011, 1500, 1100, 1502, 1100, 1310, 900, 900, 900, 0, 0, 0, 0, 0, 0
CTUN, 105071, 550, 0, 550, 0, 0.59, 0.4, 0, 0, 0, 0
ATT, 105111, 26.44, -0.16, 7.88, -0.94, 320.72, 310.39, 0, 0
RCIN, 105111, 1500, 1100, 1502, 1100, 1310, 900, 900, 900, 0, 0, 0, 0, 0, 0
GPS, 1, 0, 0, 0, 99.99, 0, 0, 0.59, -17, 0, 0, 0, 105120
CTUN, 105171, 550, 0, 550, 0, 0.58, 0.39, 0, 0, 0, 0
ATT, 105212, 26.44, -0.16, 7.88, -0.94, 320.75, 310.42, 0, 0
RCIN, 105212, 1500, 1100, 1502, 1100, 1310, 900, 900, 900, 0, 0, 0, 0, 0, 0
CTUN, 105271, 550, 0, 550, 0, 0.57, 0.47, 0, 0, 0, 0
ATT, 105310, 26.44, -0.16, 7.88, -0.94, 320.78, 310.45, 0, 0
RCIN, 105310, 1500, 1100, 1502, 1100, 1310, 900, 900, 900, 0, 0, 0, 0, 0, 0
GPS, 1, 0, 0, 0, 99.99, 0, 0, 0.57, -17, 0, 0, 0, 105319
CTUN, 105371, 550, 0, 550, 0, 0.56, 0.5, 0, 0, 0, 0
ATT, 105411, 26.44, -0.15, 7.88, -0.94, 320.8, 310.47, 0, 0
RCIN, 105411, 1500, 1100, 1502, 1100, 1310, 900, 900, 900, 0, 0, 0, 0, 0, 0
CTUN, 105471, 550, 0, 550, 0, 0.56, 0.72, 0, 0, 0, 0
ATT, 105511, 26.44, -0.15, 7.88, -0.94, 320.8, 310.47, 0, 0
RCIN, 105511, 1500, 1100, 1502, 1100, 1310, 900, 900, 900, 0, 0, 0, 0, 0, 0
GPS, 1, 0, 0, 0, 99.99, 0, 0, 0.56, -17, 0, 0, 0, 105520
CTUN, 105571, 550, 0, 550, 0, 0.57, 0.49, 0, 0, 0, 0
ATT, 105611, 26.44, -0.16, 7.88, -0.93, 320.82, 310.49, 0, 0
RCIN, 105611, 1500, 1100, 1502, 1100, 1310, 900, 900, 900, 0, 0, 0, 0, 0, 0
CTUN, 105671, 550, 0, 550, 0, 0.56, 0.53, 0, 0, 0, 0
ATT, 105711, 26.44, -0.16, 7.88, -0.94, 320.84, 310.51, 0, 0
RCIN, 105711, 1500, 1100, 1502, 1100, 1310, 900, 900, 900, 0, 0, 0, 0, 0, 0
GPS, 1, 0, 0, 0, 99.99, 0, 0, 0.56, -17, 0, 0, 0, 105719
CTUN, 105771, 550, 0, 550, 0, 0.56, 0.6, 0, 0, 0, 0
ATT, 105811, 26.44, -0.15, 7.88, -0.94, 320.81, 310.48, 0, 0.02
RCIN, 105811, 1500, 1100, 1502, 1100, 1310, 900, 900, 900, 0, 0, 0, 0, 0, 0
CTUN, 105871, 550, 0, 550, 0, 0.56, 0.45, 0, 0, 0, 0
DU32, 7, 196984
CURR, 105881, 550, 83600, 0, 0, 4712, 0
PM, 19, 1000, 112165, 10, 0, 0, 0
ATT, 105910, 26.44, -0.15, 7.88, -0.94, 320.68, 310.35, 0, 0.04
RCIN, 105910, 1500, 1100, 1502, 1100, 1310, 900, 900, 900, 0, 0, 0, 0, 0, 0
GPS, 1, 0, 0, 0, 99.99, 0, 0, 0.56, -17, 0, 0, 0, 105920
RAD, 105921, 162, 167, 97, 18, 45, 0, 0
RAD, 105940, 162, 167, 97, 18, 45, 0, 0
CTUN, 105971, 550, 0, 550, 0, 0.55, 0.64, 0, 0, 0, 0
ATT, 106011, 26.44, -0.15, 7.88, -0.93, 320.56, 310.23, 0, 0
RCIN, 106011, 1500, 1100, 1502, 1100, 1310, 900, 900, 900, 0, 0, 0, 0, 0, 0
EV, 28
EV, 15
GPS, 1, 0, 0, 0, 99.99, 0, 0, 0.52, -17, 0, 0, 0, 110576
CTUN, 110585, 550, 0, 550, 0, 0.52, 0.46, 0, 0, 0, 0
ATT, 110614, 26.44, -0.17, 7.88, -0.92, 312.49, 310.57, 0, 0
RCIN, 110615, 1500, 1100, 1502, 1100, 1310, 900, 900, 900, 0, 0, 0, 0, 0, 0
CTUN, 110685, 550, 0, 550, 0, 0.52, 0.62, 0, 0, 0, 0
GPS, 1, 0, 0, 0, 99.99, 0, 0, 0.52, -17, 0, 0, 0, 110714
ATT, 110715, 26.44, -0.17, 7.88, -0.92, 315.79, 310.53, 0, 0.04
RCIN, 110715, 1500, 1100, 1502, 1100, 1310, 900, 900, 900, 0, 0, 0, 0, 0, 0
CTUN, 110785, 550, 0, 550, 0, 0.53, 0.69, 0, 0, 0, 0
ATT, 110814, 26.44, -0.17, 7.88, -0.92, 319.09, 310.28, 0, 0.11
RCIN, 110814, 1500, 1100, 1502, 1100, 1310, 900, 900, 900, 0, 0, 0, 0, 0, 0
CTUN, 110886, 550, 0, 550, 0, 0.54, 0.68, 0, 0, 0, 0
GPS, 1, 0, 0, 0, 99.99, 0, 0, 0.54, -17, 0, 0, 0, 110914
ATT, 110915, 26.44, -0.17, 7.88, -0.92, 320.35, 310.02, 0, 0
RCIN, 110916, 1500, 1100, 1502, 1100, 1310, 900, 900, 900, 0, 0, 0, 0, 0, 0
CTUN, 110985, 550, 0, 550, 0, 0.55, 0.72, 0, 0, 0, 0
DU32, 7, 196984
CURR, 110986, 550, 86900, 0, 0, 4732, 0
ATT, 111015, 26.44, -0.17, 7.88, -0.93, 320.35, 310.02, 0, 0.01
RCIN, 111015, 1500, 1100, 1502, 1100, 1310, 900, 900, 900, 0, 0, 0, 0, 0, 0
CTUN, 111085, 550, 0, 550, 0, 0.56, 0.48, 0, 0, 0, 0
GPS, 1, 0, 0, 0, 99.99, 0, 0, 0.56, -17, 0, 0, 0, 111114
ATT, 111116, 26.44, -0.18, 7.88, -0.93, 320.24, 309.91, 0, 0.06
RCIN, 111116, 1500, 1100, 1502, 1100, 1310, 900, 900, 900, 0, 0, 0, 0, 0, 0
RAD, 111164, 165, 162, 98, 23, 51, 0, 0
CTUN, 111186, 550, 0, 550, 0, 0.55, 0.52, 0, 0, 0, 0
RAD, 111187, 165, 162, 98, 23, 51, 0, 0
ATT, 111214, 26.44, -0.18, 7.88, -0.93, 320.08, 309.75, 0, 0.01
RCIN, 111214, 1500, 1100, 1502, 1100, 1310, 900, 900, 900, 0, 0, 0, 0, 0, 0
CTUN, 111285, 550, 0, 550, 0, 0.55, 0.85, 0, 0, 0, 0
GPS, 1, 0, 0, 0, 99.99, 0, 0, 0.56, -17, 0, 0, 0, 111314
ATT, 111316, 26.44, -0.18, 7.88, -0.93, 319.98, 309.65, 0, 0.04
RCIN, 111316, 1500, 1100, 1502, 1100, 1310, 900, 900, 900, 0, 0, 0, 0, 0, 0
CTUN, 111386, 550, 0, 550, 0, 0.57, 0.4, 0, 0, 0, 1
ATT, 111416, 26.44, -0.18, 7.88, -0.93, 319.89, 309.56, 0, 0.01
RCIN, 111416, 1500, 1100, 1502, 1100, 1310, 900, 900, 900, 0, 0, 0, 0, 0, 0
CTUN, 111485, 550, 0, 550, 0, 0.56, 0.54, 0, 0, 0, 1
GPS, 1, 0, 0, 0, 99.99, 0, 0, 0.56, -17, 0, 0, 0, 111514
ATT, 111516, 26.44, -0.18, 7.88, -0.94, 319.91, 309.58, 0, 0
RCIN, 111516, 1500, 1100, 1502, 1100, 1310, 900, 900, 900, 0, 0, 0, 0, 0, 0
CTUN, 111585, 550, 0, 550, 0, 0.56, 0.5, 0, 0, 0, 1
ATT, 111615, 26.44, -0.19, 7.88, -0.94, 319.86, 309.53, 0, 0.03
RCIN, 111615, 1500, 1100, 1502, 1100, 1310, 900, 900, 900, 0, 0, 0, 0, 0, 0
CTUN, 111685, 550, 0, 550, 0, 0.56, 0.8, 0, 0, 0, 1
GPS, 1, 0, 0, 0, 99.99, 0, 0, 0.57, -17, 0, 0, 0, 111714
ATT, 111724, 26.44, -0.19, 7.88, -0.94, 319.78, 309.45, 0, 0
RCIN, 111724, 1500, 1100, 1502, 1100, 1310, 900, 900, 900, 0, 0, 0, 0, 0, 0
CTUN, 111785, 550, 0, 550, 0, 0.58, 0.42, 0, 0, 0, 1
ATT, 111824, 26.44, -0.19, 7.88, -0.93, 319.71, 309.38, 0, 0.04
RCIN, 111825, 1500, 1100, 1502, 1100, 1310, 900, 900, 900, 0, 0, 0, 0, 0, 0
CTUN, 111885, 550, 0, 550, 0, 0.57, 0.47, 0, 0, 0, 0
GPS, 1, 0, 0, 0, 99.99, 0, 0, 0.57, -17, 0, 0, 0, 111914
ATT, 111924, 26.44, -0.18, 7.88, -0.92, 319.67, 309.34, 0, 0.02
RCIN, 111924, 1500, 1100, 1502, 1100, 1310, 900, 900, 900, 0, 0, 0, 0, 0, 0
CTUN, 111985, 550, 0, 550, 0, 0.56, 0.48, 0, 0, 0, 0
DU32, 7, 196984
CURR, 111986, 550, 92400, 0, 0, 4752, 0
ATT, 112024, 26.44, -0.18, 7.88, -0.92, 319.71, 309.38, 0, 0.01
RCIN, 112024, 1500, 1100, 1502, 1100, 1310, 900, 900, 900, 0, 0, 0, 0, 0, 0
CTUN, 112085, 550, 0, 550, 0, 0.56, 0.48, 0, 0, 0, 0
GPS, 1, 0, 0, 0, 99.99, 0, 0, 0.56, -17, 0, 0, 0, 112114
ATT, 112124, 26.44, -0.18, 7.88, -0.92, 319.66, 309.33, 0, 0.02
RCIN, 112124, 1500, 1100, 1502, 1100, 1310, 900, 900, 900, 0, 0, 0, 0, 0, 0
RAD, 112154, 164, 166, 96, 22, 40, 0, 0
RAD, 112155, 164, 166, 96, 22, 40, 0, 0
CTUN, 112185, 550, 0, 550, 0, 0.56, 0.54, 0, 0, 0, 0
ATT, 112224, 26.44, -0.18, 7.88, -0.92, 319.64, 309.31, 0, 0.01
RCIN, 112224, 1500, 1100, 1502, 1100, 1310, 900, 900, 900, 0, 0, 0, 0, 0, 0
CTUN, 112285, 550, 0, 550, 0, 0.56, 0.6, 0, 0, 0, 0
GPS, 1, 0, 0, 0, 99.99, 0, 0, 0.56, -17, 0, 0, 0, 112314
ATT, 112324, 26.44, -0.18, 7.88, -0.92, 319.57, 309.24, 0, 0.06
RCIN, 112325, 1500, 1100, 1502, 1100, 1310, 900, 900, 900, 0, 0, 0, 0, 0, 0
CTUN, 112385, 550, 0, 550, 0, 0.56, 0.62, 0, 0, 0, 0
ATT, 112424, 26.44, -0.19, 7.88, -0.92, 319.46, 309.13, 0, 0.01
RCIN, 112424, 1500, 1100, 1502, 1100, 1310, 900, 900, 900, 0, 0, 0, 0, 0, 0
CTUN, 112485, 550, 0, 550, 0, 0.56, 0.46, 0, 0, 0, 0
GPS, 1, 0, 0, 0, 99.99, 0, 0, 0.56, -17, 0, 0, 0, 112514
ATT, 112524, 26.44, -0.18, 7.88, -0.92, 319.49, 309.16, 0, 0
RCIN, 112524, 1500, 1100, 1502, 1100, 1310, 900, 900, 900, 0, 0, 0, 0, 0, 0
CTUN, 112585, 550, 0, 550, 0, 0.56, 0.35, 0, 0, 0, 0
ATT, 112625, 26.44, -0.17, 7.88, -0.91, 319.43, 309.1, 0, 0.02
RCIN, 112625, 1500, 1100, 1502, 1100, 1310, 900, 900, 900, 0, 0, 0, 0, 0, 0
CTUN, 112685, 550, 0, 550, 0, 0.55, 0.75, 0, 0, 0, 0
GPS, 1, 0, 0, 0, 99.99, 0, 0, 0.55, -17, 0, 0, 0, 112714
ATT, 112724, 26.44, -0.18, 7.88, -0.91, 319.42, 309.09, 0, 0.03
RCIN, 112724, 1500, 1100, 1502, 1100, 1310, 900, 900, 900, 0, 0, 0, 0, 0, 0
CTUN, 112785, 550, 0, 550, 0, 0.56, 0.24, 0, 0, 0, 0
ATT, 112825, 26.44, -0.18, 7.88, -0.9, 319.4, 309.07, 0, 0.06
RCIN, 112825, 1500, 1100, 1502, 1100, 1310, 900, 900, 900, 0, 0, 0, 0, 0, 0
CTUN, 112885, 550, 0, 550, 0, 0.54, 0.72, 0, 0, 0, 0
GPS, 1, 0, 0, 0, 99.99, 0, 0, 0.54, -17, 0, 0, 0, 112914
ATT, 112924, 26.44, -0.18, 7.88, -0.91, 319.3, 308.97, 0, 0.01
RCIN, 112924, 1500, 1100, 1502, 1100, 1310, 900, 900, 900, 0, 0, 0, 0, 0, 0
CTUN, 112985, 550, 0, 550, 0, 0.55, 0.67, 0, 0, 0, 0
DU32, 7, 196984
CURR, 112986, 550, 97900, 0, 0, 4732, 0
ATT, 113024, 26.44, -0.18, 7.88, -0.91, 319.35, 309.02, 0, 0.01
RCIN, 113024, 1500, 1100, 1502, 1100, 1310, 900, 900, 900, 0, 0, 0, 0, 0, 0
RAD, 113075, 162, 166, 100, 20, 43, 0, 0
RAD, 113076, 162, 166, 100, 20, 43, 0, 0
CTUN, 113085, 550, 0, 550, 0, 0.56, 0.62, 0, 0, 0, 0
GPS, 1, 0, 0, 0, 99.99, 0, 0, 0.56, -17, 0, 0, 0, 113114
ATT, 113125, 26.44, -0.17, 7.88, -0.91, 319.32, 308.99, 0, 0.02
RCIN, 113125, 1500, 1100, 1502, 1100, 1310, 900, 900, 900, 0, 0, 0, 0, 0, 0
CTUN, 113187, 550, 0, 550, 0, 0.56, 0.53, 0, 0, 0, 0
ATT, 113226, 26.44, -0.17, 7.88, -0.91, 319.3, 308.97, 0, 0.02
RCIN, 113226, 1500, 1100, 1502, 1100, 1310, 900, 900, 900, 0, 0, 0, 0, 0, 0
CTUN, 113286, 550, 0, 550, 0, 0.56, 0.74, 0, 0, 0, 0
GPS, 1, 0, 0, 0, 99.99, 0, 0, 0.57, -17, 0, 0, 0, 113315
ATT, 113326, 26.44, -0.17, 7.88, -0.91, 319.26, 308.93, 0, 0.04
RCIN, 113326, 1500, 1100, 1502, 1100, 1310, 900, 900, 900, 0, 0, 0, 0, 0, 0
CTUN, 113386, 550, 0, 550, 0, 0.57, 0.33, 0, 0, 0, 1
ATT, 113426, 26.44, -0.17, 7.88, -0.91, 319.2, 308.87, 0, 0.02
RCIN, 113427, 1500, 1100, 1502, 1100, 1310, 900, 900, 900, 0, 0, 0, 0, 0, 0
CTUN, 113487, 550, 0, 550, 0, 0.56, 0.59, 0, 0, 0, 0
GPS, 1, 0, 0, 0, 99.99, 0, 0, 0.56, -17, 0, 0, 0, 113515
ATT, 113525, 26.44, -0.17, 7.88, -0.91, 319.22, 308.89, 0, 0.01
RCIN, 113525, 1500, 1100, 1502, 1100, 1310, 900, 900, 900, 0, 0, 0, 0, 0, 0
CTUN, 113586, 550, 0, 550, 0, 0.56, 0.64, 0, 0, 0, 0
ATT, 113624, 26.44, -0.16, 7.88, -0.9, 319.17, 308.84, 0, 0.01
RCIN, 113625, 1500, 1100, 1502, 1100, 1310, 900, 900, 900, 0, 0, 0, 0, 0, 0
CTUN, 113687, 550, 0, 550, 0, 0.57, 0.61, 0, 0, 0, 0
GPS, 1, 0, 0, 0, 99.99, 0, 0, 0.57, -17, 0, 0, 0, 113716
ATT, 113726, 26.44, -0.16, 7.88, -0.9, 319.17, 308.84, 0, 0.02
RCIN, 113727, 1500, 1100, 1502, 1100, 1310, 900, 900, 900, 0, 0, 0, 0, 0, 0
CTUN, 113787, 550, 0, 550, 0, 0.57, 0.69, 0, 0, 0, 0
ATT, 113826, 26.44, -0.16, 7.88, -0.9, 319.15, 308.82, 0, 0.04
RCIN, 113826, 1500, 1100, 1502, 1100, 1310, 900, 900, 900, 0, 0, 0, 0, 0, 0
CTUN, 113887, 550, 0, 550, 0, 0.58, 0.55, 0, 0, 0, 1
GPS, 1, 0, 0, 0, 99.99, 0, 0, 0.58, -17, 0, 0, 0, 113916
ATT, 113926, 26.44, -0.17, 7.88, -0.91, 319.11, 308.78, 0, 0.03
RCIN, 113926, 1500, 1100, 1502, 1100, 1310, 900, 900, 900, 0, 0, 0, 0, 0, 0
CTUN, 113986, 550, 0, 550, 0, 0.58, 0.87, 0, 0, 0, 1
DU32, 7, 196984
CURR, 113987, 550, 103400, 0, 0, 4793, 0
ATT, 114026, 26.44, -0.17, 7.88, -0.91, 319.16, 308.83, 0, 0
RCIN, 114026, 1500, 1100, 1502, 1100, 1310, 900, 900, 900, 0, 0, 0, 0, 0, 0
CTUN, 114087, 550, 0, 550, 0, 0.6, 0.65, 0, 0, 0, 1
RAD, 114097, 156, 160, 96, 24, 39, 0, 0
RAD, 114098, 156, 160, 96, 24, 39, 0, 0
GPS, 1, 0, 0, 0, 99.99, 0, 0, 0.6, -17, 0, 0, 0, 114116
ATT, 114126, 26.44, -0.17, 7.88, -0.9, 319.17, 308.84, 0, 0.01
RCIN, 114126, 1500, 1100, 1502, 1100, 1310, 900, 900, 900, 0, 0, 0, 0, 0, 0
CTUN, 114186, 550, 0, 550, 0, 0.6, 0.49, 0, 0, 0, 1
ATT, 114226, 26.44, -0.16, 7.88, -0.9, 319.21, 308.88, 0, 0.01
RCIN, 114226, 1500, 1100, 1502, 1100, 1310, 900, 900, 900, 0, 0, 0, 0, 0, 0
CTUN, 114286, 550, 0, 550, 0, 0.6, 0.61, 0, 0, 0, 1
GPS, 1, 0, 0, 0, 99.99, 0, 0, 0.6, -17, 0, 0, 0, 114315
ATT, 114325, 26.44, -0.16, 7.88, -0.89, 319.18, 308.85, 0, 0.03
RCIN, 114325, 1500, 1100, 1502, 1100, 1310, 900, 900, 900, 0, 0, 0, 0, 0, 0
CTUN, 114387, 550, 0, 550, 0, 0.6, -17844796.78, -326.4, 180.09, 21581, 16896
FMT, 129, 23, PARM, Nf, Name,Value
FMT, 130, 45, GPS, BIHBcLLeeEefI, Status,TimeMS,Week,NSats,HDop,Lat,Lng,RelAlt,Alt,
