FMT, 128, 89, FMT, BBnNZ, Type,Length,Name,Format,Columns
FMT, 129, 23, PARM, Nf, Name,Value
FMT, 130, 45, GPS, BIHBcLLeeEefI, Status,TimeMS,Week,NSats,HDop,Lat,Lng,RelAlt,Alt,Spd,GCrs,VZ,T
FMT, 131, 31, IMU, Iffffff, TimeMS,GyrX,GyrY,GyrZ,AccX,AccY,AccZ
FMT, 132, 67, MSG, Z, Message
FMT, 133, 35, RCIN, Ihhhhhhhhhhhhhh, TimeMS,C1,C2,C3,C4,C5,C6,C7,C8,C9,C10,C11,C12,C13,C14
FMT, 134, 23, RCOU, Ihhhhhhhh, TimeMS,Chan1,Chan2,Chan3,Chan4,Chan5,Chan6,Chan7,Chan8
FMT, 136, 21, BARO, Iffcf, TimeMS,Alt,Press,Temp,CRt
FMT, 137, 13, POWR, ICCH, TimeMS,Vcc,VServo,Flags
FMT, 145, 41, CMD, IHHHfffffff, TimeMS,CTot,CNum,CId,Prm1,Prm2,Prm3,Prm4,Lat,Lng,Alt
FMT, 146, 16, RAD, IBBBBBHH, TimeMS,RSSI,RemRSSI,TxBuf,Noise,RemNoise,RxErrors,Fixed
FMT, 148, 31, CAM, IHLLeeccC, GPSTime,GPSWeek,Lat,Lng,Alt,RelAlt,Roll,Pitch,Yaw
FMT, 25, 25, ATUN, BBfffff, Axis,TuneStep,RateMin,RateMax,RPGain,RDGain,SPGain
FMT, 26, 9, ATDE, cf, Angle,Rate
FMT, 9, 23, CURR, IhIhhhf, TimeMS,ThrOut,ThrInt,Volt,Curr,Vcc,CurrTot
FMT, 12, 20, OF, hhBccee, Dx,Dy,SQual,X,Y,Roll,Pitch
FMT, 5, 47, NTUN, Iffffffffff, TimeMS,DPosX,DPosY,PosX,PosY,DVelX,DVelY,VelX,VelY,DAccX,DAccY
FMT, 4, 33, CTUN, Ihhhffecchh, TimeMS,ThrIn,AngBst,ThrOut,DAlt,Alt,BarAlt,DSAlt,SAlt,DCRt,CRt
FMT, 15, 25, MAG, Ihhhhhhhhh, TimeMS,MagX,MagY,MagZ,OfsX,OfsY,OfsZ,MOfsX,MOfsY,MOfsZ
FMT, 6, 17, PM, HHIhBHB, NLon,NLoop,MaxT,PMT,I2CErr,INSErr,INAVErr
FMT, 1, 23, ATT, IccccCCCC, TimeMS,DesRoll,Roll,DesPitch,Pitch,DesYaw,Yaw,ErrRP,ErrYaw
FMT, 3, 6, MODE, Mh, Mode,ThrCrs
FMT, 10, 3, STRT, , 
FMT, 13, 4, EV, B, Id
FMT, 20, 6, D16, Bh, Id,Value
FMT, 21, 6, DU16, BH, Id,Value
FMT, 22, 8, D32, Bi, Id,Value
FMT, 23, 8, DU32, BI, Id,Value
FMT, 24, 8, DFLT, Bf, Id,Value
FMT, 19, 5, ERR, BB, Subsys,ECode
PARM, SYSID_SW_MREV, 120
PARM, SYSID_SW_TYPE, 10
PARM, SYSID_THISMAV, 1
PARM, SYSID_MYGCS, 255
PARM, SERIAL0_BAUD, 115
PARM, SERIAL1_BAUD, 57
PARM, TELEM_DELAY, 0
PARM, RTL_ALT, 1500
PARM, RNGFND_GAIN, 0.8
PARM, FS_BATT_ENABLE, 0
PARM, FS_BATT_VOLTAGE, 10.5
PARM, FS_BATT_MAH, 0
PARM, FS_GPS_ENABLE, 1
PARM, FS_GCS_ENABLE, 1
PARM, GPS_HDOP_GOOD, 230
PARM, MAG_ENABLE, 1
PARM, FLOW_ENABLE, 0
PARM, SUPER_SIMPLE, 0
PARM, RTL_ALT_FINAL, 0
PARM, RSSI_PIN, -1
PARM, RSSI_RANGE, 5
PARM, WP_YAW_BEHAVIOR, 2
PARM, RTL_LOIT_TIME, 5000
PARM, LAND_SPEED, 50
PARM, PILOT_VELZ_MAX, 250
PARM, PILOT_ACCEL_Z, 250
PARM, THR_MIN, 130
PARM, THR_MAX, 1000
PARM, FS_THR_ENABLE, 0
PARM, FS_THR_VALUE, 975
PARM, TRIM_THROTTLE, 450
PARM, THR_MID, 500
PARM, THR_DZ, 100
PARM, FLTMODE1, 0
PARM, FLTMODE2, 0
PARM, FLTMODE3, 0
PARM, FLTMODE4, 0
PARM, FLTMODE5, 0
PARM, FLTMODE6, 0
PARM, SIMPLE, 0
PARM, LOG_BITMASK, 894
PARM, ESC, 0
PARM, TUNE, 0
PARM, TUNE_LOW, 0
PARM, TUNE_HIGH, 1000
PARM, FRAME, 1
PARM, CH7_OPT, 0
PARM, CH8_OPT, 0
PARM, ARMING_CHECK, 0
PARM, ANGLE_MAX, 4500
PARM, RC_FEEL_RP, 100
PARM, PHLD_BRAKE_RATE, 8
PARM, PHLD_BRAKE_ANGLE, 3000
PARM, LAND_REPOSITION, 1
PARM, EKF_CHECK_THRESH, 0.8
PARM, DCM_CHECK_THRESH, 0.8
PARM, RC1_MIN, 1100
PARM, RC1_TRIM, 900
PARM, RC1_MAX, 1900
PARM, RC1_REV, 1
PARM, RC1_DZ, 30
PARM, RC2_MIN, 1100
PARM, RC2_TRIM, 900
PARM, RC2_MAX, 1900
PARM, RC2_REV, 1
PARM, RC2_DZ, 30
PARM, RC3_MIN, 1100
PARM, RC3_TRIM, 900
PARM, RC3_MAX, 1900
PARM, RC3_REV, 1
PARM, RC3_DZ, 30
PARM, RC4_MIN, 1100
PARM, RC4_TRIM, 900
PARM, RC4_MAX, 1900
PARM, RC4_REV, 1
PARM, RC4_DZ, 40
PARM, RC5_MIN, 1100
PARM, RC5_TRIM, 900
PARM, RC5_MAX, 1900
PARM, RC5_REV, 1
PARM, RC5_DZ, 0
PARM, RC5_FUNCTION, 0
PARM, RC6_MIN, 1100
PARM, RC6_TRIM, 900
PARM, RC6_MAX, 1900
PARM, RC6_REV, 1
PARM, RC6_DZ, 0
PARM, RC6_FUNCTION, 0
PARM, RC7_MIN, 1100
PARM, RC7_TRIM, 900
PARM, RC7_MAX, 1900
PARM, RC7_REV, 1
PARM, RC7_DZ, 0
PARM, RC7_FUNCTION, 0
PARM, RC8_MIN, 1100
PARM, RC8_TRIM, 900
PARM, RC8_MAX, 1900
PARM, RC8_REV, 1
PARM, RC8_DZ, 0
PARM, RC8_FUNCTION, 0
PARM, RC10_MIN, 1100
PARM, RC10_TRIM, 0
PARM, RC10_MAX, 1900
PARM, RC10_REV, 1
PARM, RC10_DZ, 0
PARM, RC10_FUNCTION, 0
PARM, RC11_MIN, 1100
PARM, RC11_TRIM, 0
PARM, RC11_MAX, 1900
PARM, RC11_REV, 1
PARM, RC11_DZ, 0
PARM, RC11_FUNCTION, 0
PARM, RC_SPEED, 490
PARM, ACRO_RP_P, 4.5
PARM, ACRO_YAW_P, 4.5
PARM, ACRO_BAL_ROLL, 1
PARM, ACRO_BAL_PITCH, 1
PARM, ACRO_TRAINER, 2
PARM, ACRO_EXPO, 0.3
PARM, RATE_RLL_P, 0.15
PARM, RATE_RLL_I, 0.1
PARM, RATE_RLL_D, 0.004
PARM, RATE_RLL_IMAX, 1000
PARM, RATE_PIT_P, 0.15
PARM, RATE_PIT_I, 0.1
PARM, RATE_PIT_D, 0.004
PARM, RATE_PIT_IMAX, 1000
PARM, RATE_YAW_P, 0.2
PARM, RATE_YAW_I, 0.02
PARM, RATE_YAW_D, 0
PARM, RATE_YAW_IMAX, 1000
PARM, LOITER_LAT_P, 1
PARM, LOITER_LAT_I, 0.5
PARM, LOITER_LAT_D, 0
PARM, LOITER_LAT_IMAX, 1000
PARM, LOITER_LON_P, 1
PARM, LOITER_LON_I, 0.5
PARM, LOITER_LON_D, 0
PARM, LOITER_LON_IMAX, 1000
PARM, THR_RATE_P, 5
PARM, THR_ACCEL_P, 0.5
PARM, THR_ACCEL_I, 1
PARM, THR_ACCEL_D, 0
PARM, THR_ACCEL_IMAX, 800
PARM, OF_RLL_P, 2.5
PARM, OF_RLL_I, 0.5
PARM, OF_RLL_D, 0.12
PARM, OF_RLL_IMAX, 100
PARM, OF_PIT_P, 2.5
PARM, OF_PIT_I, 0.5
PARM, OF_PIT_D, 0.12
PARM, OF_PIT_IMAX, 100
PARM, STB_RLL_P, 4.5
PARM, STB_PIT_P, 4.5
PARM, STB_YAW_P, 4.5
PARM, THR_ALT_P, 1
PARM, HLD_LAT_P, 1
PARM, CAM_TRIGG_TYPE, 0
PARM, CAM_DURATION, 10
PARM, CAM_SERVO_ON, 1300
PARM, CAM_SERVO_OFF, 1100
PARM, CAM_TRIGG_DIST, 0
PARM, RELAY_PIN, 13
PARM, RELAY_PIN2, -1
PARM, COMPASS_OFS_X, 67
PARM, COMPASS_OFS_Y, 130
PARM, COMPASS_OFS_Z, 43
PARM, COMPASS_DEC, 0
PARM, COMPASS_LEARN, 1
PARM, COMPASS_USE, 1
PARM, COMPASS_AUTODEC, 1
PARM, COMPASS_MOTCT, 0
PARM, COMPASS_MOT_X, 0
PARM, COMPASS_MOT_Y, 0
PARM, COMPASS_MOT_Z, 0
PARM, COMPASS_ORIENT, 8
PARM, COMPASS_EXTERNAL, 1
PARM, INS_PRODUCT_ID, 0
PARM, INS_ACCSCAL_X, 0.9942261
PARM, INS_ACCSCAL_Y, 0.9974292
PARM, INS_ACCSCAL_Z, 0.9833565
PARM, INS_ACCOFFS_X, -0.02768973
PARM, INS_ACCOFFS_Y, 0.2324637
PARM, INS_ACCOFFS_Z, -0.001491388
PARM, INS_GYROFFS_X, 0.01141375
PARM, INS_GYROFFS_Y, -0.01621339
PARM, INS_GYROFFS_Z, 0.007784766
PARM, INS_MPU6K_FILTER, 0
PARM, INAV_TC_XY, 2.5
PARM, INAV_TC_Z, 5
PARM, WPNAV_SPEED, 500
PARM, WPNAV_RADIUS, 200
PARM, WPNAV_SPEED_UP, 250
PARM, WPNAV_SPEED_DN, 150
PARM, WPNAV_LOIT_SPEED, 500
PARM, WPNAV_ACCEL, 100
PARM, WPNAV_ACCEL_Z, 100
PARM, WPNAV_LOIT_JERK, 1000
PARM, CIRCLE_RADIUS, 1000
PARM, CIRCLE_RATE, 20
PARM, ATC_RATE_RP_MAX, 18000
PARM, ATC_RATE_Y_MAX, 9000
PARM, ATC_SLEW_YAW, 1000
PARM, ATC_ACCEL_RP_MAX, 0
PARM, ATC_ACCEL_Y_MAX, 0
PARM, ATC_RATE_FF_ENAB, 0
PARM, POSCON_THR_HOVER, 450
PARM, SR0_RAW_SENS, 2
PARM, SR0_EXT_STAT, 2
PARM, SR0_RC_CHAN, 2
PARM, SR0_RAW_CTRL, 2
PARM, SR0_POSITION, 2
PARM, SR0_EXTRA1, 4
PARM, SR0_EXTRA2, 4
PARM, SR0_EXTRA3, 2
PARM, SR0_PARAMS, 0
PARM, SR1_RAW_SENS, 2
PARM, SR1_EXT_STAT, 2
PARM, SR1_RC_CHAN, 2
PARM, SR1_RAW_CTRL, 2
PARM, SR1_POSITION, 2
PARM, SR1_EXTRA1, 2
PARM, SR1_EXTRA2, 2
PARM, SR1_EXTRA3, 2
PARM, SR1_PARAMS, 0
PARM, AHRS_GPS_GAIN, 1
PARM, AHRS_GPS_USE, 1
PARM, AHRS_YAW_P, 0.1
PARM, AHRS_RP_P, 0.1
PARM, AHRS_WIND_MAX, 0
PARM, AHRS_TRIM_X, 0.003521048
PARM, AHRS_TRIM_Y, 0.02424807
PARM, AHRS_TRIM_Z, 0
PARM, AHRS_ORIENTATION, 0
PARM, AHRS_COMP_BETA, 0.1
PARM, AHRS_GPS_MINSATS, 6
PARM, MNT_MODE, 0
PARM, MNT_RETRACT_X, 0
PARM, MNT_RETRACT_Y, 0
PARM, MNT_RETRACT_Z, 0
PARM, MNT_NEUTRAL_X, 0
PARM, MNT_NEUTRAL_Y, 0
PARM, MNT_NEUTRAL_Z, 0
PARM, MNT_CONTROL_X, 0
PARM, MNT_CONTROL_Y, 0
PARM, MNT_CONTROL_Z, 0
PARM, MNT_STAB_ROLL, 0
PARM, MNT_STAB_TILT, 0
PARM, MNT_STAB_PAN, 0
PARM, MNT_RC_IN_ROLL, 0
PARM, MNT_ANGMIN_ROL, -4500
PARM, MNT_ANGMAX_ROL, 4500
PARM, MNT_RC_IN_TILT, 0
PARM, MNT_ANGMIN_TIL, -4500
PARM, MNT_ANGMAX_TIL, 4500
PARM, MNT_RC_IN_PAN, 0
PARM, MNT_ANGMIN_PAN, -4500
PARM, MNT_ANGMAX_PAN, 4500
PARM, MNT_JSTICK_SPD, 0
PARM, BATT_MONITOR, 0
PARM, BATT_VOLT_PIN, -1
PARM, BATT_CURR_PIN, -1
PARM, BATT_VOLT_MULT, 10.1
PARM, BATT_AMP_PERVOLT, 17
PARM, BATT_AMP_OFFSET, 0
PARM, BATT_CAPACITY, 3300
PARM, BATT_VOLT2_PIN, -1
PARM, BATT_VOLT2_MULT, 1
PARM, GND_ABS_PRESS, 41591.6
PARM, GND_TEMP, 26.82381
PARM, GND_ALT_OFFSET, 0
PARM, GPS_TYPE, 1
PARM, GPS_NAVFILTER, 8
PARM, SCHED_DEBUG, 0
PARM, FENCE_ENABLE, 0
PARM, FENCE_TYPE, 3
PARM, FENCE_ACTION, 1
PARM, FENCE_ALT_MAX, 100
PARM, FENCE_RADIUS, 300
PARM, FENCE_MARGIN, 2
PARM, GPSGLITCH_ENABLE, 1
PARM, GPSGLITCH_RADIUS, 200
PARM, GPSGLITCH_ACCEL, 1000
PARM, BAROGLTCH_ENABLE, 1
PARM, BAROGLTCH_DIST, 500
PARM, BAROGLTCH_ACCEL, 1500
PARM, MOT_TCRV_ENABLE, 1
PARM, MOT_TCRV_MIDPCT, 52
PARM, MOT_TCRV_MAXPCT, 93
PARM, MOT_SPIN_ARMED, 70
PARM, RCMAP_ROLL, 1
PARM, RCMAP_PITCH, 2
PARM, RCMAP_THROTTLE, 3
PARM, RCMAP_YAW, 4
PARM, MIS_TOTAL, 0
PARM, MIS_RESTART, 0
PARM, RNGFND_TYPE, 0
PARM, RNGFND_PIN, -1
PARM, RNGFND_SCALING, 3
PARM, RNGFND_OFFSET, 0
PARM, RNGFND_FUNCTION, 0
PARM, RNGFND_MIN_CM, 20
PARM, RNGFND_MAX_CM, 700
PARM, RNGFND_STOP_PIN, -1
PARM, RNGFND_SETTLE_MS, 0
PARM, RNGFND_RMETRIC, 1
MSG, ArduCopter V3.2.1 (36b405fb)
MSG, Frame: QUAD
MODE, Stabilize, 450
EV, 28
EV, 15
GPS, 1, 0, 0, 0, 99.99, 0, 0, -0.03, -17, 0, 0, 0, 55480
CTUN, 55500, 550, 0, 550, 0, -0.03, -0.17, 0, 0, 0, 0
ATT, 55521, 26.44, -0.05, 7.88, -0.09, 315.23, 312.28, 0, 0
RCIN, 55521, 1500, 1100, 1502, 1100, 1310, 900, 900, 900, 0, 0, 0, 0, 0, 0
CTUN, 55601, 550, 0, 550, 0, -0.04, -0.34, 0, 0, 0, 0
DU32, 7, 196984
CURR, 55601, 550, 1100, 0, 0, 4732, 0
ATT, 55621, 26.44, -0.06, 7.88, -0.09, 318.53, 312.28, 0, 0.01
RCIN, 55621, 1500, 1100, 1502, 1100, 1310, 900, 900, 900, 0, 0, 0, 0, 0, 0
GPS, 1, 0, 0, 0, 99.99, 0, 0, -0.06, -17, 0, 0, 0, 55681
CTUN, 55701, 550, 0, 550, 0, -0.06, -0.06, 0, 0, 0, 0
ATT, 55720, 26.44, -0.06, 7.88, -0.09, 321.83, 312.26, 0, 0.09
RCIN, 55720, 1500, 1100, 1502, 1100, 1310, 900, 900, 900, 0, 0, 0, 0, 0, 0
RAD, 55769, 209, 208, 93, 22, 42, 0, 0
RAD, 55769, 209, 208, 93, 22, 42, 0, 0
CTUN, 55800, 550, 0, 550, 0, -0.06, 0.06, 0, 0, 0, 0
ATT, 55818, 26.44, -0.06, 7.88, -0.09, 322.55, 312.22, 0, 0.03
RCIN, 55819, 1500, 1100, 1502, 1100, 1310, 900, 900, 900, 0, 0, 0, 0, 0, 0
GPS, 1, 0, 0, 0, 99.99, 0, 0, -0.05, -17, 0, 0, 0, 55881
CTUN, 55901, 550, 0, 550, 0, -0.05, -0.21, 0, 0, 0, 0
ATT, 55921, 26.44, -0.06, 7.88, -0.09, 322.54, 312.21, 0, 0.05
RCIN, 55921, 1500, 1100, 1502, 1100, 1310, 900, 900, 900, 0, 0, 0, 0, 0, 0
CTUN, 56001, 550, 0, 550, 0, -0.06, -0.02, 0, 0, 0, 0
ATT, 56020, 26.44, -0.06, 7.88, -0.09, 322.51, 312.18, 0, 0.01
RCIN, 56020, 1500, 1100, 1502, 1100, 1310, 900, 900, 900, 0, 0, 0, 0, 0, 0
GPS, 1, 0, 0, 0, 99.99, 0, 0, -0.06, -17, 0, 0, 0, 56079
CTUN, 56100, 550, 0, 550, 0, -0.06, -0.26, 0, 0, 0, 0
ATT, 56120, 26.44, -0.06, 7.88, -0.09, 322.5, 312.17, 0, 0.01
RCIN, 56120, 1500, 1100, 1502, 1100, 1310, 900, 900, 900, 0, 0, 0, 0, 0, 0
CTUN, 56201, 550, 0, 550, 0, -0.07, -0.01, 0, 0, 0, 0
ATT, 56220, 26.44, -0.06, 7.88, -0.09, 322.5, 312.17, 0, 0.04
RCIN, 56220, 1500, 1100, 1502, 1100, 1310, 900, 900, 900, 0, 0, 0, 0, 0, 0
GPS, 1, 0, 0, 0, 99.99, 0, 0, -0.07, -17, 0, 0, 0, 56279
CTUN, 56300, 550, 0, 550, 0, -0.07, -0.19, 0, 0, 0, 0
ATT, 56319, 26.44, -0.06, 7.88, -0.09, 322.47, 312.14, 0, 0.01
RCIN, 56319, 1500, 1100, 1502, 1100, 1310, 900, 900, 900, 0, 0, 0, 0, 0, 0
CTUN, 56400, 550, 0, 550, 0, -0.08, 0.18, 0, 0, 0, 0
ATT, 56420, 26.44, -0.06, 7.88, -0.09, 322.46, 312.13, 0, 0.05
RCIN, 56420, 1500, 1100, 1502, 1100, 1310, 900, 900, 900, 0, 0, 0, 0, 0, 0
GPS, 1, 0, 0, 0, 99.99, 0, 0, -0.07, -17, 0, 0, 0, 56480
CTUN, 56501, 550, 0, 550, 0, -0.06, -0.19, 0, 0, 0, 0
ATT, 56520, 26.44, -0.06, 7.88, -0.09, 322.44, 312.11, 0, 0
RCIN, 56520, 1500, 1100, 1502, 1100, 1310, 900, 900, 900, 0, 0, 0, 0, 0, 0
CTUN, 56600, 550, 0, 550, 0, -0.07, -0.24, 0, 0, 0, 0
DU32, 7, 196984
CURR, 56601, 550, 6600, 0, 0, 4712, 0
PM, 10, 1000, 111021, 10, 0, 0, 0
ATT, 56619, 26.44, -0.06, 7.88, -0.09, 322.43, 312.1, 0, 0
RCIN, 56620, 1500, 1100, 1502, 1100, 1310, 900, 900, 900, 0, 0, 0, 0, 0, 0
RAD, 56649, 209, 208, 100, 28, 42, 0, 0
RAD, 56649, 209, 208, 100, 28, 42, 0, 0
GPS, 1, 0, 0, 0, 99.99, 0, 0, -0.08, -17, 0, 0, 0, 56680
CTUN, 56701, 550, 0, 550, 0, -0.08, -0.18, 0, 0, 0, 0
ATT, 56720, 26.44, -0.06, 7.88, -0.1, 322.43, 312.1, 0, 0.05
RCIN, 56720, 1500, 1100, 1502, 1100, 1310, 900, 900, 900, 0, 0, 0, 0, 0, 0
CTUN, 56800, 550, 0, 550, 0, -0.09, -0.13, 0, 0, 0, 0
ATT, 56819, 26.44, -0.06, 7.88, -0.09, 322.41, 312.08, 0, 0.01
RCIN, 56819, 1500, 1100, 1502, 1100, 1310, 900, 900, 900, 0, 0, 0, 0, 0, 0
GPS, 1, 0, 0, 0, 99.99, 0, 0, -0.09, -17, 0, 0, 0, 56879
CTUN, 56900, 550, 0, 550, 0, -0.09, 0, 0, 0, 0, 0
ATT, 56920, 26.44, -0.06, 7.88, -0.1, 322.4, 312.07, 0, 0.08
RCIN, 56920, 1500, 1100, 1502, 1100, 1310, 900, 900, 900, 0, 0, 0, 0, 0, 0
CTUN, 57001, 550, 0, 550, 0, -0.09, -0.2, 0, 0, 0, 0
ATT, 57019, 26.44, -0.07, 7.88, -0.09, 322.37, 312.04, 0, 0
RCIN, 57020, 1500, 1100, 1502, 1100, 1310, 900, 900, 900, 0, 0, 0, 0, 0, 0
GPS, 1, 0, 0, 0, 99.99, 0, 0, -0.09, -17, 0, 0, 0, 57080
CTUN, 57100, 550, 0, 550, 0, -0.1, -0.08, 0, 0, 0, 0
ATT, 57118, 26.44, -0.07, 7.88, -0.09, 322.37, 312.04, 0, 0
RCIN, 57119, 1500, 1100, 1502, 1100, 1310, 900, 900, 900, 0, 0, 0, 0, 0, 0
CTUN, 57201, 550, 0, 550, 0, -0.09, -0.23, 0, 0, 0, 0
ATT, 57220, 26.44, -0.07, 7.88, -0.1, 322.37, 312.04, 0, 0.05
RCIN, 57221, 1500, 1100, 1502, 1100, 1310, 900, 900, 900, 0, 0, 0, 0, 0, 0
GPS, 1, 0, 0, 0, 99.99, 0, 0, -0.1, -17, 0, 0, 0, 57281
CTUN, 57300, 550, 0, 550, 0, -0.1, -0.21, 0, 0, 0, 0
ATT, 57319, 26.44, -0.07, 7.88, -0.1, 322.34, 312.01, 0, 0
RCIN, 57319, 1500, 1100, 1502, 1100, 1310, 900, 900, 900, 0, 0, 0, 0, 0, 0
CTUN, 57400, 550, 0, 550, 0, -0.11, 0.11, 0, 0, 0, 0
ATT, 57418, 26.44, -0.07, 7.88, -0.1, 322.34, 312.01, 0, 0.07
RCIN, 57419, 1500, 1100, 1502, 1100, 1310, 900, 900, 900, 0, 0, 0, 0, 0, 0
EV, 28
EV, 15
ATT, 59123, 26.44, -0.08, 7.88, -0.11, 312.42, 312.11, 0, 0.01
RCIN, 59124, 1500, 1100, 1502, 1100, 1310, 900, 900, 900, 0, 0, 0, 0, 0, 0
GPS, 1, 0, 0, 0, 99.99, 0, 0, -0.1, -17, 0, 0, 0, 59133
RAD, 59134, 209, 208, 97, 21, 49, 0, 0
RAD, 59134, 209, 208, 97, 21, 49, 0, 0
CTUN, 59203, 550, 0, 550, 0, -0.11, -0.09, 0, 0, 0, 0
ATT, 59223, 26.44, -0.08, 7.88, -0.11, 315.72, 312.11, 0, 0.03
RCIN, 59223, 1500, 1100, 1502, 1100, 1310, 900, 900, 900, 0, 0, 0, 0, 0, 0
GPS, 1, 0, 0, 0, 99.99, 0, 0, -0.11, -17, 0, 0, 0, 59292
CTUN, 59303, 550, 0, 550, 0, -0.11, -0.06, 0, 0, 0, 0
ATT, 59324, 26.44, -0.09, 7.88, -0.11, 319.02, 312.09, 0, 0.01
RCIN, 59324, 1500, 1100, 1502, 1100, 1310, 900, 900, 900, 0, 0, 0, 0, 0, 0
CTUN, 59404, 550, 0, 550, 0, -0.1, 0.11, 0, 0, 0, 0
ATT, 59425, 26.44, -0.08, 7.88, -0.11, 322.32, 312.09, 0, 0.01
RCIN, 59425, 1500, 1100, 1502, 1100, 1310, 900, 900, 900, 0, 0, 0, 0, 0, 0
GPS, 1, 0, 0, 0, 99.99, 0, 0, -0.09, -17, 0, 0, 0, 59493
CTUN, 59504, 550, 0, 550, 0, -0.09, -0.02, 0, 0, 0, 0
ATT, 59525, 26.44, -0.08, 7.88, -0.12, 322.41, 312.08, 0, 0
RCIN, 59525, 1500, 1100, 1502, 1100, 1310, 900, 900, 900, 0, 0, 0, 0, 0, 0
CTUN, 59603, 550, 0, 550, 0, -0.09, -0.08, 0, 0, 0, 0
ATT, 59622, 26.44, -0.09, 7.88, -0.11, 322.41, 312.08, 0, 0
RCIN, 59623, 1500, 1100, 1502, 1100, 1310, 900, 900, 900, 0, 0, 0, 0, 0, 0
GPS, 1, 0, 0, 0, 99.99, 0, 0, -0.09, -17, 0, 0, 0, 59693
CTUN, 59704, 550, 0, 550, 0, -0.09, 0.08, 0, 0, 0, 0
DU32, 7, 196984
CURR, 59705, 550, 14300, 0, 0, 4732, 0
ATT, 59725, 26.44, -0.09, 7.88, -0.12, 322.4, 312.07, 0, 0
RCIN, 59725, 1500, 1100, 1502, 1100, 1310, 900, 900, 900, 0, 0, 0, 0, 0, 0
CTUN, 59804, 550, 0, 550, 0, -0.08, -0.15, 0, 0, 0, 0
ATT, 59823, 26.44, -0.09, 7.88, -0.12, 322.4, 312.07, 0, 0
RCIN, 59823, 1500, 1100, 1502, 1100, 1310, 900, 900, 900, 0, 0, 0, 0, 0, 0
RAD, 59832, 209, 208, 96, 23, 48, 0, 0
RAD, 59833, 209, 208, 96, 23, 48, 0, 0
GPS, 1, 0, 0, 0, 99.99, 0, 0, -0.08, -17, 0, 0, 0, 59893
CTUN, 59904, 550, 0, 550, 0, -0.08, -0.14, 0, 0, 0, 0
ATT, 59926, 26.44, -0.09, 7.88, -0.11, 322.4, 312.07, 0, 0.01
RCIN, 59926, 1500, 1100, 1502, 1100, 1310, 900, 900, 900, 0, 0, 0, 0, 0, 0
CTUN, 60005, 550, 0, 550, 0, -0.08, -0.3, 0, 0, 0, 0
ATT, 60024, 26.44, -0.09, 7.88, -0.11, 322.39, 312.06, 0, 0.04
RCIN, 60024, 1500, 1100, 1502, 1100, 1310, 900, 900, 900, 0, 0, 0, 0, 0, 0
GPS, 1, 0, 0, 0, 99.99, 0, 0, -0.09, -17, 0, 0, 0, 60093
CTUN, 60104, 550, 0, 550, 0, -0.1, 0.24, 0, 0, 0, 0
ATT, 60124, 26.44, -0.09, 7.88, -0.12, 322.37, 312.04, 0, 0
RCIN, 60124, 1500, 1100, 1502, 1100, 1310, 900, 900, 900, 0, 0, 0, 0, 0, 0
CTUN, 60205, 550, 0, 550, 0, -0.07, -0.1, 0, 0, 0, 0
ATT, 60224, 26.44, -0.09, 7.88, -0.12, 322.38, 312.05, 0, 0
RCIN, 60224, 1500, 1100, 1502, 1100, 1310, 900, 900, 900, 0, 0, 0, 0, 0, 0
GPS, 1, 0, 0, 0, 99.99, 0, 0, -0.08, -17, 0, 0, 0, 60293
CTUN, 60305, 550, 0, 550, 0, -0.08, -0.2, 0, 0, 0, 0
ATT, 60324, 26.44, -0.09, 7.88, -0.12, 322.38, 312.05, 0, 0
RCIN, 60324, 1500, 1100, 1502, 1100, 1310, 900, 900, 900, 0, 0, 0, 0, 0, 0
CTUN, 60405, 550, 0, 550, 0, -0.08, -0.03, 0, 0, 0, 0
ATT, 60425, 26.44, -0.1, 7.88, -0.12, 322.38, 312.05, 0, 0
RCIN, 60425, 1500, 1100, 1502, 1100, 1310, 900, 900, 900, 0, 0, 0, 0, 0, 0
GPS, 1, 0, 0, 0, 99.99, 0, 0, -0.08, -17, 0, 0, 0, 60493
CTUN, 60505, 550, 0, 550, 0, -0.08, -0.04, 0, 0, 0, 0
ATT, 60524, 26.44, -0.1, 7.88, -0.12, 322.38, 312.05, 0, 0.01
RCIN, 60524, 1500, 1100, 1502, 1100, 1310, 900, 900, 900, 0, 0, 0, 0, 0, 0
CTUN, 60604, 550, 0, 550, 0, -0.08, -0.32, 0, 0, 0, 0
ATT, 60624, 26.44, -0.1, 7.88, -0.12, 322.37, 312.04, 0, 0.02
RCIN, 60624, 1500, 1100, 1502, 1100, 1310, 900, 900, 900, 0, 0, 0, 0, 0, 0
GPS, 1, 0, 0, 0, 99.99, 0, 0, -0.09, -17, 0, 0, 0, 60693
CTUN, 60705, 550, 0, 550, 0, -0.09, -0.22, 0, 0, 0, 0
DU32, 7, 196984
CURR, 60705, 550, 19800, 0, 0, 4712, 0
ATT, 60724, 26.44, -0.1, 7.88, -0.12, 322.35, 312.02, 0, 0
RCIN, 60725, 1500, 1100, 1502, 1100, 1310, 900, 900, 900, 0, 0, 0, 0, 0, 0
RAD, 60754, 209, 208, 94, 23, 45, 0, 0
RAD, 60755, 209, 208, 94, 23, 45, 0, 0
CTUN, 60804, 550, 0, 550, 0, -0.1, -0.05, 0, 0, 0, 0
ATT, 60823, 26.44, -0.1, 7.88, -0.12, 322.35, 312.02, 0, 0
RCIN, 60824, 1500, 1100, 1502, 1100, 1310, 900, 900, 900, 0, 0, 0, 0, 0, 0
GPS, 1, 0, 0, 0, 99.99, 0, 0, -0.1, -17, 0, 0, 0, 60893
CTUN, 60904, 550, 0, 550, 0, -0.1, -0.28, 0, 0, 0, 0
ATT, 60924, 26.44, -0.1, 7.88, -0.12, 322.35, 312.02, 0, 0
RCIN, 60924, 1500, 1100, 1502, 1100, 1310, 900, 900, 900, 0, 0, 0, 0, 0, 0
CTUN, 61005, 550, 0, 550, 0, -0.11, -0.06, 0, 0, 0, 0
ATT, 61024, 26.44, -0.1, 7.88, -0.12, 322.35, 312.02, 0, 0
RCIN, 61024, 1500, 1100, 1502, 1100, 1310, 900, 900, 900, 0, 0, 0, 0, 0, 0
GPS, 1, 0, 0, 0, 99.99, 0, 0, -0.11, -17, 0, 0, 0, 61093
CTUN, 61104, 550, 0, 550, 0, -0.11, -0.12, 0, 0, 0, 0
EV, 28
EV, 15
GPS, 1, 0, 0, 0, 99.99, 0, 0, -0.07, -17, 0, 0, 0, 63576
CTUN, 63606, 550, 0, 550, 0, -0.07, -0.05, 0, 0, 0, 0
ATT, 63635, 26.44, -0.11, 7.88, -0.13, 314.63, 312, 0, 0.01
RCIN, 63635, 1500, 1100, 1502, 1100, 1310, 900, 900, 900, 0, 0, 0, 0, 0, 0
GPS, 1, 0, 0, 0, 99.99, 0, 0, -0.07, -17, 0, 0, 0, 63694
CTUN, 63706, 550, 0, 550, 0, -0.07, -0.01, 0, 0, 0, 0
ATT, 63734, 26.44, -0.11, 7.88, -0.13, 317.93, 312, 0, 0.01
RCIN, 63735, 1500, 1100, 1502, 1100, 1310, 900, 900, 900, 0, 0, 0, 0, 0, 0
CTUN, 63806, 550, 0, 550, 0, -0.06, -0.09, 0, 0, 0, 0
DU32, 7, 196984
CURR, 63807, 550, 23650, 0, 0, 4732, 0
ATT, 63835, 26.44, -0.11, 7.88, -0.13, 321.23, 311.98, 0, 0.04
RCIN, 63835, 1500, 1100, 1502, 1100, 1310, 900, 900, 900, 0, 0, 0, 0, 0, 0
GPS, 1, 0, 0, 0, 99.99, 0, 0, -0.07, -17, 0, 0, 0, 63895
CTUN, 63906, 550, 0, 550, 0, -0.07, -0.21, 0, 0, 0, 0
ATT, 63936, 26.44, -0.11, 7.88, -0.13, 322.29, 311.96, 0, 0
RCIN, 63936, 1500, 1100, 1502, 1100, 1310, 900, 900, 900, 0, 0, 0, 0, 0, 0
RAD, 63955, 209, 208, 96, 22, 42, 0, 0
RAD, 63955, 209, 208, 96, 22, 42, 0, 0
CTUN, 64006, 550, 0, 550, 0, -0.07, 0.28, 0, 0, 0, 0
ATT, 64036, 26.44, -0.11, 7.88, -0.13, 322.29, 311.96, 0, 0.01
RCIN, 64036, 1500, 1100, 1502, 1100, 1310, 900, 900, 900, 0, 0, 0, 0, 0, 0
GPS, 1, 0, 0, 0, 99.99, 0, 0, -0.06, -17, 0, 0, 0, 64095
CTUN, 64106, 550, 0, 550, 0, -0.05, -0.23, 0, 0, 0, 0
ATT, 64135, 26.44, -0.11, 7.88, -0.13, 322.29, 311.96, 0, 0
RCIN, 64135, 1500, 1100, 1502, 1100, 1310, 900, 900, 900, 0, 0, 0, 0, 0, 0
CTUN, 64206, 550, 0, 550, 0, -0.06, 0.01, 0, 0, 0, 0
ATT, 64235, 26.44, -0.11, 7.88, -0.13, 322.29, 311.96, 0, 0
RCIN, 64235, 1500, 1100, 1502, 1100, 1310, 900, 900, 900, 0, 0, 0, 0, 0, 0
GPS, 1, 0, 0, 0, 99.99, 0, 0, -0.06, -17, 0, 0, 0, 64294
CTUN, 64306, 550, 0, 550, 0, -0.06, -0.15, 0, 0, 0, 0
ATT, 64334, 26.44, -0.12, 7.88, -0.13, 322.29, 311.96, 0, 0.01
RCIN, 64335, 1500, 1100, 1502, 1100, 1310, 900, 900, 900, 0, 0, 0, 0, 0, 0
CTUN, 64406, 550, 0, 550, 0, -0.06, -0.28, 0, 0, 0, 0
ATT, 64435, 26.44, -0.11, 7.88, -0.13, 322.29, 311.96, 0, 0.01
RCIN, 64435, 1500, 1100, 1502, 1100, 1310, 900, 900, 900, 0, 0, 0, 0, 0, 0
GPS, 1, 0, 0, 0, 99.99, 0, 0, -0.07, -17, 0, 0, 0, 64494
CTUN, 64506, 550, 0, 550, 0, -0.08, -0.16, 0, 0, 0, 0
ATT, 64535, 26.44, -0.11, 7.88, -0.14, 322.27, 311.94, 0, 0.04
RCIN, 64536, 1500, 1100, 1502, 1100, 1310, 900, 900, 900, 0, 0, 0, 0, 0, 0
CTUN, 64606, 550, 0, 550, 0, -0.08, -0.21, 0, 0, 0, 0
ATT, 64635, 26.44, -0.12, 7.88, -0.14, 322.25, 311.92, 0, 0
RCIN, 64635, 1500, 1100, 1502, 1100, 1310, 900, 900, 900, 0, 0, 0, 0, 0, 0
GPS, 1, 0, 0, 0, 99.99, 0, 0, -0.09, -17, 0, 0, 0, 64694
CTUN, 64706, 550, 0, 550, 0, -0.09, -0.21, 0, 0, 0, 0
ATT, 64735, 26.44, -0.12, 7.88, -0.14, 322.26, 311.93, 0, 0.01
RCIN, 64735, 1500, 1100, 1502, 1100, 1310, 900, 900, 900, 0, 0, 0, 0, 0, 0
CTUN, 64806, 550, 0, 550, 0, -0.1, -0.14, 0, 0, 0, -1
DU32, 7, 196984
CURR, 64807, 550, 29150, 0, 0, 4752, 0
ATT, 64835, 26.44, -0.12, 7.88, -0.14, 322.26, 311.93, 0, 0
RCIN, 64835, 1500, 1100, 1502, 1100, 1310, 900, 900, 900, 0, 0, 0, 0, 0, 0
RAD, 64876, 209, 208, 100, 26, 44, 0, 0
GPS, 1, 0, 0, 0, 99.99, 0, 0, -0.1, -17, 0, 0, 0, 64895
RAD, 64896, 209, 208, 100, 26, 44, 0, 0
CTUN, 64906, 550, 0, 550, 0, -0.1, 0.01, 0, 0, 0, -1
ATT, 64939, 26.44, -0.11, 7.88, -0.14, 322.26, 311.93, 0, 0
RCIN, 64940, 1500, 1100, 1502, 1100, 1310, 900, 900, 900, 0, 0, 0, 0, 0, 0
CTUN, 65007, 550, 0, 550, 0, -0.09, -0.22, 0, 0, 0, -1
ATT, 65036, 26.44, -0.11, 7.88, -0.14, 322.26, 311.93, 0, 0
RCIN, 65036, 1500, 1100, 1502, 1100, 1310, 900, 900, 900, 0, 0, 0, 0, 0, 0
GPS, 1, 0, 0, 0, 99.99, 0, 0, -0.1, -17, 0, 0, 0, 65097
CTUN, 65108, 550, 0, 550, 0, -0.1, -0.08, 0, 0, 0, -1
ATT, 65137, 26.44, -0.11, 7.88, -0.14, 322.26, 311.93, 0, 0.01
RCIN, 65137, 1500, 1100, 1502, 1100, 1310, 900, 900, 900, 0, 0, 0, 0, 0, 0
CTUN, 65208, 550, 0, 550, 0, -0.1, -0.01, 0, 0, 0, 0
ATT, 65237, 26.44, -0.12, 7.88, -0.14, 322.26, 311.93, 0, 0.01
RCIN, 65238, 1500, 1100, 1502, 1100, 1310, 900, 900, 900, 0, 0, 0, 0, 0, 0
GPS, 1, 0, 0, 0, 99.99, 0, 0, -0.1, -17, 0, 0, 0, 65297
CTUN, 65308, 550, 0, 550, 0, -0.1, -0.28, 0, 0, 0, 0
ATT, 65337, 26.44, -0.12, 7.88, -0.14, 322.25, 311.92, 0, 0.04
RCIN, 65337, 1500, 1100, 1502, 1100, 1310, 900, 900, 900, 0, 0, 0, 0, 0, 0
CTUN, 65407, 550, 0, 550, 0, -0.11, -0.21, 0, 0, 0, -1
ATT, 65437, 26.44, -0.12, 7.88, -0.15, 322.23, 311.9, 0, 0
RCIN, 65437, 1500, 1100, 1502, 1100, 1310, 900, 900, 900, 0, 0, 0, 0, 0, 0
GPS, 1, 0, 0, 0, 99.99, 0, 0, -0.12, -17, 0, 0, 0, 65496
CTUN, 65508, 550, 0, 550, 0, -0.12, -0.06, 0, 0, 0, -1
ATT, 65537, 26.44, -0.12, 7.88, -0.15, 322.23, 311.9, 0, 0.01
RCIN, 65537, 1500, 1100, 1502, 1100, 1310, 900, 900, 900, 0, 0, 0, 0, 0, 0
EV, 28
EV, 15
ATT, 66950, 26.44, -0.12, 7.88, -0.15, 312.26, 311.94, 0, 0.01
RCIN, 66951, 1500, 1100, 1502, 1100, 1310, 900, 900, 900, 0, 0, 0, 0, 0, 0
GPS, 1, 0, 0, 0, 99.99, 0, 0, -0.15, -17, 0, 0, 0, 66960
RAD, 66961, 209, 208, 93, 28, 45, 0, 0
RAD, 66962, 209, 208, 93, 28, 45, 0, 0
CTUN, 67010, 550, 0, 550, 0, -0.15, 0.02, 0, 0, 0, -1
RAD, 67019, 209, 208, 97, 27, 45, 0, 0
RAD, 67020, 209, 208, 97, 27, 45, 0, 0
ATT, 67051, 26.44, -0.12, 7.88, -0.15, 315.56, 311.94, 0, 0
RCIN, 67051, 1500, 1100, 1502, 1100, 1310, 900, 900, 900, 0, 0, 0, 0, 0, 0
GPS, 1, 0, 0, 0, 99.99, 0, 0, -0.15, -17, 0, 0, 0, 67099
CTUN, 67110, 550, 0, 550, 0, -0.14, -0.18, 0, 0, 0, -1
ATT, 67151, 26.44, -0.12, 7.88, -0.15, 318.86, 311.94, 0, 0.01
RCIN, 67151, 1500, 1100, 1502, 1100, 1310, 900, 900, 900, 0, 0, 0, 0, 0, 0
CTUN, 67210, 550, 0, 550, 0, -0.15, -0.16, 0, 0, 0, -1
ATT, 67249, 26.44, -0.12, 7.88, -0.15, 322.16, 311.95, 0, 0.02
RCIN, 67250, 1500, 1100, 1502, 1100, 1310, 900, 900, 900, 0, 0, 0, 0, 0, 0
GPS, 1, 0, 0, 0, 99.99, 0, 0, -0.15, -17, 0, 0, 0, 67299
CTUN, 67310, 550, 0, 550, 0, -0.15, -0.05, 0, 0, 0, -1
ATT, 67350, 26.44, -0.12, 7.88, -0.15, 322.28, 311.95, 0, 0.01
RCIN, 67350, 1500, 1100, 1502, 1100, 1310, 900, 900, 900, 0, 0, 0, 0, 0, 0
CTUN, 67410, 550, 0, 550, 0, -0.15, -0.06, 0, 0, 0, -1
ATT, 67451, 26.44, -0.12, 7.88, -0.15, 322.29, 311.96, 0, 0.01
RCIN, 67451, 1500, 1100, 1502, 1100, 1310, 900, 900, 900, 0, 0, 0, 0, 0, 0
GPS, 1, 0, 0, 0, 99.99, 0, 0, -0.14, -17, 0, 0, 0, 67499
CTUN, 67510, 550, 0, 550, 0, -0.14, -0.15, 0, 0, 0, -1
ATT, 67550, 26.44, -0.13, 7.88, -0.15, 322.3, 311.97, 0, 0.02
RCIN, 67550, 1500, 1100, 1502, 1100, 1310, 900, 900, 900, 0, 0, 0, 0, 0, 0
CTUN, 67610, 550, 0, 550, 0, -0.14, -0.35, 0, 0, 0, -1
ATT, 67651, 26.44, -0.13, 7.88, -0.15, 322.3, 311.97, 0, 0.01
RCIN, 67651, 1500, 1100, 1502, 1100, 1310, 900, 900, 900, 0, 0, 0, 0, 0, 0
GPS, 1, 0, 0, 0, 99.99, 0, 0, -0.15, -17, 0, 0, 0, 67700
CTUN, 67711, 550, 0, 550, 0, -0.16, 0.15, 0, 0, 0, -1
ATT, 67751, 26.44, -0.13, 7.88, -0.15, 322.31, 311.98, 0, 0.02
RCIN, 67751, 1500, 1100, 1502, 1100, 1310, 900, 900, 900, 0, 0, 0, 0, 0, 0
CTUN, 67811, 550, 0, 550, 0, -0.14, -0.22, 0, 0, 0, 0
ATT, 67850, 26.44, -0.13, 7.88, -0.15, 322.32, 311.99, 0, 0.01
RCIN, 67850, 1500, 1100, 1502, 1100, 1310, 900, 900, 900, 0, 0, 0, 0, 0, 0
GPS, 1, 0, 0, 0, 99.99, 0, 0, -0.14, -17, 0, 0, 0, 67899
CTUN, 67912, 550, 0, 550, 0, -0.15, 0.2, 0, 0, 0, -1
DU32, 7, 196984
CURR, 67913, 550, 38500, 0, 0, 4732, 0
ATT, 67951, 26.44, -0.13, 7.88, -0.15, 322.32, 311.99, 0, 0.02
RCIN, 67951, 1500, 1100, 1502, 1100, 1310, 900, 900, 900, 0, 0, 0, 0, 0, 0
CTUN, 68011, 550, 0, 550, 0, -0.13, -0.42, 0, 0, 0, 0
ATT, 68051, 26.44, -0.13, 7.88, -0.15, 322.3, 311.97, 0, 0.01
RCIN, 68051, 1500, 1100, 1502, 1100, 1310, 900, 900, 900, 0, 0, 0, 0, 0, 0
GPS, 1, 0, 0, 0, 99.99, 0, 0, -0.14, -17, 0, 0, 0, 68100
CTUN, 68112, 550, 0, 550, 0, -0.14, -0.24, 0, 0, 0, -1
RAD, 68121, 209, 208, 88, 27, 47, 0, 0
RAD, 68122, 209, 208, 88, 27, 47, 0, 0
ATT, 68151, 26.44, -0.13, 7.88, -0.15, 322.31, 311.98, 0, 0.01
RCIN, 68151, 1500, 1100, 1502, 1100, 1310, 900, 900, 900, 0, 0, 0, 0, 0, 0
CTUN, 68211, 550, 0, 550, 0, -0.15, 0.16, 0, 0, 0, -1
ATT, 68251, 26.44, -0.13, 7.88, -0.15, 322.32, 311.99, 0, 0.02
RCIN, 68251, 1500, 1100, 1502, 1100, 1310, 900, 900, 900, 0, 0, 0, 0, 0, 0
GPS, 1, 0, 0, 0, 99.99, 0, 0, -0.14, -17, 0, 0, 0, 68300
CTUN, 68312, 550, 0, 550, 0, -0.13, 0.01, 0, 0, 0, 0
ATT, 68351, 26.44, -0.14, 7.88, -0.15, 322.32, 311.99, 0, 0.02
RCIN, 68351, 1500, 1100, 1502, 1100, 1310, 900, 900, 900, 0, 0, 0, 0, 0, 0
CTUN, 68411, 550, 0, 550, 0, -0.12, -0.03, 0, 0, 0, 0
ATT, 68452, 26.44, -0.13, 7.88, -0.15, 322.33, 312, 0, 0.01
RCIN, 68452, 1500, 1100, 1502, 1100, 1310, 900, 900, 900, 0, 0, 0, 0, 0, 0
GPS, 1, 0, 0, 0, 99.99, 0, 0, -0.12, -17, 0, 0, 0, 68500
CTUN, 68511, 550, 0, 550, 0, -0.12, -0.22, 0, 0, 0, 0
ATT, 68551, 26.44, -0.13, 7.88, -0.15, 322.33, 312, 0, 0.01
RCIN, 68551, 1500, 1100, 1502, 1100, 1310, 900, 900, 900, 0, 0, 0, 0, 0, 0
CTUN, 68611, 550, 0, 550, 0, -0.13, 0.03, 0, 0, 0, 0
ATT, 68651, 26.44, -0.14, 7.88, -0.15, 322.33, 312, 0, 0
RCIN, 68651, 1500, 1100, 1502, 1100, 1310, 900, 900, 900, 0, 0, 0, 0, 0, 0
GPS, 1, 0, 0, 0, 99.99, 0, 0, -0.12, -17, 0, 0, 0, 68700
CTUN, 68711, 550, 0, 550, 0, -0.12, -0.16, 0, 0, 0, 0
ATT, 68752, 26.44, -0.14, 7.88, -0.15, 322.33, 312, 0, 0.01
RCIN, 68752, 1500, 1100, 1502, 1100, 1310, 900, 900, 900, 0, 0, 0, 0, 0, 0
CTUN, 68812, 550, 0, 550, 0, -0.12, 0.04, 0, 0, 0, 0
ATT, 68851, 26.44, -0.14, 7.88, -0.15, 322.33, 312, 0, 0.02
RCIN, 68851, 1500, 1100, 1502, 1100, 1310, 900, 900, 900, 0, 0, 0, 0, 0, 0
GPS, 1, 0, 0, 0, 99.99, 0, 0, -0.11, -17, 0, 0, 0, 68900
CTUN, 68911, 550, 0, 550, 0, -0.11, -0.02, 0, 0, 0, 0
DU32, 7, 196984
CURR, 68912, 550, 44000, 0, 0, 4712, 0
EV, 28
EV, 15
CTUN, 102216, 550, 0, 550, 0, 0.6, -0.21, 0, 0, 0, 59
RAD, 102266, 209, 209, 94, 28, 38, 0, 0
RAD, 102267, 209, 209, 94, 28, 38, 0, 0
ATT, 102277, 26.44, -3.64, 7.88, -0.78, 311.29, 308.92, 0.06, 0.05
RCIN, 102277, 1500, 1100, 1502, 1100, 1310, 900, 900, 900, 0, 0, 0, 0, 0, 0
GPS, 1, 0, 0, 0, 99.99, 0, 0, 0.62, -17, 0, 0, 0, 102305
CTUN, 102316, 550, 0, 550, 0, 0.62, 0.06, 0, 0, 0, 60
ATT, 102376, 26.44, -3.59, 7.88, -0.77, 314.59, 308.89, 0.06, 0.01
RCIN, 102376, 1500, 1100, 1502, 1100, 1310, 900, 900, 900, 0, 0, 0, 0, 0, 0
CTUN, 102416, 550, 0, 550, 0, 0.65, -0.5, 0, 0, 0, 61
ATT, 102477, 26.44, -3.53, 7.88, -0.76, 317.89, 308.85, 0.06, 0.08
RCIN, 102478, 1500, 1100, 1502, 1100, 1310, 900, 900, 900, 0, 0, 0, 0, 0, 0
GPS, 1, 0, 0, 0, 99.99, 0, 0, 0.65, -17, 0, 0, 0, 102505
CTUN, 102516, 550, 0, 550, 0, 0.65, -0.11, 0, 0, 0, 61
ATT, 102576, 26.44, -3.48, 7.88, -0.75, 319.14, 308.81, 0.06, 0.05
RCIN, 102576, 1500, 1100, 1502, 1100, 1310, 900, 900, 900, 0, 0, 0, 0, 0, 0
CTUN, 102616, 550, 0, 550, 0, 0.67, -0.03, 0, 0, 0, 62
ATT, 102676, 26.44, -3.43, 7.88, -0.75, 319.1, 308.77, 0.06, 0.04
RCIN, 102677, 1500, 1100, 1502, 1100, 1310, 900, 900, 900, 0, 0, 0, 0, 0, 0
GPS, 1, 0, 0, 0, 99.99, 0, 0, 0.69, -17, 0, 0, 0, 102705
CTUN, 102716, 550, 0, 550, 0, 0.69, 0.17, 0, 0, 0, 63
ATT, 102775, 26.44, -3.38, 7.88, -0.74, 319.05, 308.72, 0.06, 0.09
RCIN, 102776, 1500, 1100, 1502, 1100, 1310, 900, 900, 900, 0, 0, 0, 0, 0, 0
CTUN, 102816, 550, 0, 550, 0, 0.73, -0.08, 0, 0, 0, 64
ATT, 102876, 26.44, -3.32, 7.88, -0.74, 319, 308.67, 0.06, 0.03
RCIN, 102876, 1500, 1100, 1502, 1100, 1310, 900, 900, 900, 0, 0, 0, 0, 0, 0
GPS, 1, 0, 0, 0, 99.99, 0, 0, 0.75, -17, 0, 0, 0, 102905
CTUN, 102916, 550, 0, 550, 0, 0.75, -0.25, 0, 0, 0, 65
ATT, 102976, 26.44, -3.28, 7.88, -0.73, 318.97, 308.64, 0.06, 0.06
RCIN, 102976, 1500, 1100, 1502, 1100, 1310, 900, 900, 900, 0, 0, 0, 0, 0, 0
CTUN, 103016, 550, 0, 550, 0, 0.76, -0.29, 0, 0, 0, 65
DU32, 7, 196984
CURR, 103017, 550, 48950, 0, 0, 4752, 0
RAD, 103066, 209, 209, 98, 31, 37, 0, 0
RAD, 103067, 209, 209, 98, 31, 37, 0, 0
ATT, 103075, 26.44, -3.22, 7.88, -0.73, 318.93, 308.6, 0.06, 0.03
RCIN, 103075, 1500, 1100, 1502, 1100, 1310, 900, 900, 900, 0, 0, 0, 0, 0, 0
GPS, 1, 0, 0, 0, 99.99, 0, 0, 0.77, -17, 0, 0, 0, 103105
CTUN, 103116, 550, 0, 550, 0, 0.77, 0.06, 0, 0, 0, 65
ATT, 103176, 26.44, -3.17, 7.88, -0.72, 318.89, 308.56, 0.05, 0.03
RCIN, 103176, 1500, 1100, 1502, 1100, 1310, 900, 900, 900, 0, 0, 0, 0, 0, 0
CTUN, 103216, 550, 0, 550, 0, 0.8, -0.22, 0, 0, 0, 66
ATT, 103275, 26.44, -3.12, 7.88, -0.71, 318.84, 308.51, 0.05, 0.09
RCIN, 103276, 1500, 1100, 1502, 1100, 1310, 900, 900, 900, 0, 0, 0, 0, 0, 0
GPS, 1, 0, 0, 0, 99.99, 0, 0, 0.81, -17, 0, 0, 0, 103306
CTUN, 103316, 550, 0, 550, 0, 0.81, 0.36, 0, 0, 0, 67
ATT, 103375, 26.44, -3.07, 7.88, -0.71, 318.8, 308.47, 0.05, 0.03
RCIN, 103375, 1500, 1100, 1502, 1100, 1310, 900, 900, 900, 0, 0, 0, 0, 0, 0
CTUN, 103416, 550, 0, 550, 0, 0.86, 0.15, 0, 0, 0, 68
ATT, 103476, 26.44, -3.02, 7.88, -0.7, 318.76, 308.43, 0.05, 0.08
RCIN, 103476, 1500, 1100, 1502, 1100, 1310, 900, 900, 900, 0, 0, 0, 0, 0, 0
GPS, 1, 0, 0, 0, 99.99, 0, 0, 0.88, -17, 0, 0, 0, 103506
CTUN, 103516, 550, 0, 550, 0, 0.89, -0.36, 0, 0, 0, 69
ATT, 103576, 26.44, -2.98, 7.88, -0.69, 318.71, 308.38, 0.05, 0.03
RCIN, 103577, 1500, 1100, 1502, 1100, 1310, 900, 900, 900, 0, 0, 0, 0, 0, 0
CTUN, 103616, 550, 0, 550, 0, 0.89, 0.13, 0, 0, 0, 69
ATT, 103676, 26.44, -2.93, 7.88, -0.69, 318.68, 308.35, 0.05, 0.02
RCIN, 103676, 1500, 1100, 1502, 1100, 1310, 900, 900, 900, 0, 0, 0, 0, 0, 0
GPS, 1, 0, 0, 0, 99.99, 0, 0, 0.91, -17, 0, 0, 0, 103705
CTUN, 103717, 550, 0, 550, 0, 0.92, -0.33, 0, 0, 0, 70
ATT, 103775, 26.44, -2.88, 7.88, -0.68, 318.64, 308.31, 0.05, 0.07
RCIN, 103775, 1500, 1100, 1502, 1100, 1310, 900, 900, 900, 0, 0, 0, 0, 0, 0
CTUN, 103816, 550, 0, 550, 0, 0.92, -0.17, 0, 0, 0, 70
ATT, 103876, 26.44, -2.84, 7.88, -0.68, 318.6, 308.27, 0.05, 0.01
RCIN, 103876, 1500, 1100, 1502, 1100, 1310, 900, 900, 900, 0, 0, 0, 0, 0, 0
GPS, 1, 0, 0, 0, 99.99, 0, 0, 0.93, -17, 0, 0, 0, 103905
CTUN, 103917, 550, 0, 550, 0, 0.93, -0.17, 0, 0, 0, 70
ATT, 103975, 26.44, -2.79, 7.88, -0.67, 318.56, 308.23, 0.05, 0.07
RCIN, 103976, 1500, 1100, 1502, 1100, 1310, 900, 900, 900, 0, 0, 0, 0, 0, 0
CTUN, 104016, 550, 0, 550, 0, 0.94, -0.23, 0, 0, 0, 71
DU32, 7, 196984
CURR, 104017, 550, 54450, 0, 0, 4752, 0
ATT, 104075, 26.44, -2.75, 7.88, -0.66, 318.52, 308.19, 0.05, 0.01
RCIN, 104075, 1500, 1100, 1502, 1100, 1310, 900, 900, 900, 0, 0, 0, 0, 0, 0
GPS, 1, 0, 0, 0, 99.99, 0, 0, 0.94, -17, 0, 0, 0, 104105
RAD, 104106, 209, 209, 100, 29, 48, 0, 0
RAD, 104107, 209, 209, 100, 29, 48, 0, 0
CTUN, 104116, 550, 0, 550, 0, 0.95, -0.15, 0, 0, 0, 71
ATT, 104175, 26.44, -2.7, 7.88, -0.66, 318.5, 308.17, 0.05, 0.02
RCIN, 104176, 1500, 1100, 1502, 1100, 1310, 900, 900, 900, 0, 0, 0, 0, 0, 0
EV, 28
EV, 15
GPS, 1, 0, 0, 0, 99.99, 0, 0, 0.21, -17, 0, 0, 0, 124712
RAD, 124713, 209, 209, 97, 26, 44, 0, 0
RAD, 124713, 209, 209, 97, 26, 44, 0, 0
CTUN, 124731, 550, 0, 550, 0, 0.21, -0.08, 0, 0, 0, 15
ATT, 124780, 26.44, 1.66, 7.88, 0.23, 306.75, 303.76, 0.02, 0
RCIN, 124781, 1500, 1100, 1502, 1100, 1310, 900, 900, 900, 0, 0, 0, 0, 0, 0
CTUN, 124831, 550, 0, 550, 0, 0.21, -0.25, 0, 0, 0, 15
ATT, 124880, 26.44, 1.66, 7.88, 0.23, 310.05, 303.74, 0.02, 0.04
RCIN, 124881, 1500, 1100, 1502, 1100, 1310, 900, 900, 900, 0, 0, 0, 0, 0, 0
GPS, 1, 0, 0, 0, 99.99, 0, 0, 0.2, -17, 0, 0, 0, 124910
CTUN, 124931, 550, 0, 550, 0, 0.2, -0.31, 0, 0, 0, 14
ATT, 124980, 26.44, 1.67, 7.88, 0.23, 313.35, 303.74, 0.02, 0.04
RCIN, 124981, 1500, 1100, 1502, 1100, 1310, 900, 900, 900, 0, 0, 0, 0, 0, 0
CTUN, 125030, 550, 0, 550, 0, 0.18, -0.15, 0, 0, 0, 14
ATT, 125081, 26.44, 1.67, 7.88, 0.23, 314.06, 303.73, 0.02, 0.04
RCIN, 125081, 1500, 1100, 1502, 1100, 1310, 900, 900, 900, 0, 0, 0, 0, 0, 0
GPS, 1, 0, 0, 0, 99.99, 0, 0, 0.18, -17, 0, 0, 0, 125110
DU32, 7, 196984
CURR, 125120, 550, 57200, 0, 0, 4732, 0
CTUN, 125130, 550, 0, 550, 0, 0.18, -0.41, 0, 0, 0, 13
ATT, 125181, 26.44, 1.67, 7.88, 0.23, 314.05, 303.72, 0.02, 0.01
RCIN, 125181, 1500, 1100, 1502, 1100, 1310, 900, 900, 900, 0, 0, 0, 0, 0, 0
CTUN, 125231, 550, 0, 550, 0, 0.16, -0.28, 0, 0, 0, 13
RAD, 125232, 202, 209, 94, 26, 41, 0, 0
RAD, 125233, 202, 209, 94, 26, 41, 0, 0
ATT, 125281, 26.44, 1.67, 7.88, 0.23, 314.04, 303.71, 0.02, 0.04
RCIN, 125282, 1500, 1100, 1502, 1100, 1310, 900, 900, 900, 0, 0, 0, 0, 0, 0
GPS, 1, 0, 0, 0, 99.99, 0, 0, 0.15, -17, 0, 0, 0, 125311
CTUN, 125332, 550, 0, 550, 0, 0.14, -0.11, 0, 0, 0, 13
ATT, 125383, 26.44, 1.67, 7.88, 0.23, 314.04, 303.71, 0.02, 0.04
RCIN, 125383, 1500, 1100, 1502, 1100, 1310, 900, 900, 900, 0, 0, 0, 0, 0, 0
CTUN, 125432, 550, 0, 550, 0, 0.14, -0.22, 0, 0, 0, 12
ATT, 125481, 26.44, 1.67, 7.88, 0.22, 314.04, 303.71, 0.02, 0.04
RCIN, 125482, 1500, 1100, 1502, 1100, 1310, 900, 900, 900, 0, 0, 0, 0, 0, 0
GPS, 1, 0, 0, 0, 99.99, 0, 0, 0.13, -17, 0, 0, 0, 125511
CTUN, 125531, 550, 0, 550, 0, 0.13, 0.1, 0, 0, 0, 12
ATT, 125581, 26.44, 1.67, 7.88, 0.22, 314.04, 303.71, 0.02, 0.03
RCIN, 125581, 1500, 1100, 1502, 1100, 1310, 900, 900, 900, 0, 0, 0, 0, 0, 0
CTUN, 125632, 550, 0, 550, 0, 0.14, 0.02, 0, 0, 0, 12
ATT, 125681, 26.44, 1.67, 7.88, 0.22, 314.02, 303.69, 0.02, 0.01
RCIN, 125682, 1500, 1100, 1502, 1100, 1310, 900, 900, 900, 0, 0, 0, 0, 0, 0
GPS, 1, 0, 0, 0, 99.99, 0, 0, 0.15, -17, 0, 0, 0, 125712
CTUN, 125732, 550, 0, 550, 0, 0.15, -0.25, 0, 0, 0, 12
ATT, 125781, 26.44, 1.67, 7.88, 0.22, 314.01, 303.68, 0.02, 0.04
RCIN, 125781, 1500, 1100, 1502, 1100, 1310, 900, 900, 900, 0, 0, 0, 0, 0, 0
CTUN, 125831, 550, 0, 550, 0, 0.14, -0.51, 0, 0, 0, 12
ATT, 125882, 26.44, 1.67, 7.88, 0.22, 314.01, 303.68, 0.02, 0.04
RCIN, 125883, 1500, 1100, 1502, 1100, 1310, 900, 900, 900, 0, 0, 0, 0, 0, 0
GPS, 1, 0, 0, 0, 99.99, 0, 0, 0.12, -17, 0, 0, 0, 125912
CTUN, 125932, 550, 0, 550, 0, 0.12, -0.06, 0, 0, 0, 12
ATT, 125981, 26.44, 1.67, 7.88, 0.21, 314.01, 303.68, 0.02, 0.04
RCIN, 125981, 1500, 1100, 1502, 1100, 1310, 900, 900, 900, 0, 0, 0, 0, 0, 0
CTUN, 126031, 550, 0, 550, 0, 0.12, -0.16, 0, 0, 0, 11
ATT, 126081, 26.44, 1.67, 7.88, 0.21, 314.02, 303.69, 0.02, 0.04
RCIN, 126081, 1500, 1100, 1502, 1100, 1310, 900, 900, 900, 0, 0, 0, 0, 0, 0
GPS, 1, 0, 0, 0, 99.99, 0, 0, 0.11, -17, 0, 0, 0, 126113
DU32, 7, 196984
CURR, 126121, 550, 62700, 0, 0, 4752, 0
CTUN, 126132, 550, 0, 550, 0, 0.11, -0.01, 0, 0, 0, 11
ATT, 126182, 26.44, 1.67, 7.88, 0.21, 314.02, 303.69, 0.02, 0.04
RCIN, 126182, 1500, 1100, 1502, 1100, 1310, 900, 900, 900, 0, 0, 0, 0, 0, 0
CTUN, 126231, 550, 0, 550, 0, 0.12, -0.29, 0, 0, 0, 11
ATT, 126281, 26.44, 1.67, 7.88, 0.21, 314.01, 303.68, 0.02, 0.03
RCIN, 126281, 1500, 1100, 1502, 1100, 1310, 900, 900, 900, 0, 0, 0, 0, 0, 0
GPS, 1, 0, 0, 0, 99.99, 0, 0, 0.11, -17, 0, 0, 0, 126310
CTUN, 126331, 550, 0, 550, 0, 0.11, -0.27, 0, 0, 0, 11
RAD, 126352, 207, 209, 93, 28, 41, 0, 0
RAD, 126353, 207, 209, 93, 28, 41, 0, 0
ATT, 126382, 26.44, 1.67, 7.88, 0.21, 314.01, 303.68, 0.02, 0.04
RCIN, 126383, 1500, 1100, 1502, 1100, 1310, 900, 900, 900, 0, 0, 0, 0, 0, 0
CTUN, 126432, 550, 0, 550, 0, 0.09, 0.13, 0, 0, 0, 11
ATT, 126482, 26.44, 1.67, 7.88, 0.21, 314, 303.67, 0.02, 0.01
RCIN, 126482, 1500, 1100, 1502, 1100, 1310, 900, 900, 900, 0, 0, 0, 0, 0, 0
GPS, 1, 0, 0, 0, 99.99, 0, 0, 0.1, -17, 0, 0, 0, 126510
CTUN, 126531, 550, 0, 550, 0, 0.11, -0.36, 0, 0, 0, 11
ATT, 126580, 26.44, 1.67, 7.88, 0.2, 313.98, 303.65, 0.02, 0.02
RCIN, 126581, 1500, 1100, 1502, 1100, 1310, 900, 900, 900, 0, 0, 0, 0, 0, 0
CTUN, 126632, 550, 0, 550, 0, 0.09, 0, 0, 0, 0, 11
ATT, 126682, 26.44, 1.67, 7.88, 0.2, 313.98, 303.65, 0.02, 0.05
RCIN, 126682, 1500, 1100, 1502, 1100, 1310, 900, 900, 900, 0, 0, 0, 0, 0, 0
EV, 28
EV, 15
GPS, 1, 0, 0, 0, 99.99, 0, 0, -0.04, -17, 0, 0, 0, 131015
CTUN, 131036, 550, 0, 550, 0, -0.04, -0.25, 0, 0, 0, 6
ATT, 131086, 26.44, 1.61, 7.88, 0.12, 306.5, 303.52, 0.02, 0.02
RCIN, 131086, 1500, 1100, 1502, 1100, 1310, 900, 900, 900, 0, 0, 0, 0, 0, 0
GPS, 1, 0, 0, 0, 99.99, 0, 0, -0.04, -17, 0, 0, 0, 131115
CTUN, 131136, 550, 0, 550, 0, -0.04, 0.03, 0, 0, 0, 5
ATT, 131186, 26.44, 1.61, 7.88, 0.12, 309.8, 303.52, 0.02, 0.04
RCIN, 131187, 1500, 1100, 1502, 1100, 1310, 900, 900, 900, 0, 0, 0, 0, 0, 0
DU32, 7, 196984
CURR, 131225, 550, 67100, 0, 0, 4752, 0
CTUN, 131236, 550, 0, 550, 0, -0.03, 0, 0, 0, 0, 6
ATT, 131286, 26.44, 1.61, 7.88, 0.12, 313.1, 303.51, 0.02, 0.06
RCIN, 131286, 1500, 1100, 1502, 1100, 1310, 900, 900, 900, 0, 0, 0, 0, 0, 0
GPS, 1, 0, 0, 0, 99.99, 0, 0, -0.02, -17, 0, 0, 0, 131315
CTUN, 131336, 550, 0, 550, 0, -0.02, -0.41, 0, 0, 0, 6
ATT, 131385, 26.44, 1.6, 7.88, 0.11, 313.82, 303.49, 0.02, 0.03
RCIN, 131386, 1500, 1100, 1502, 1100, 1310, 900, 900, 900, 0, 0, 0, 0, 0, 0
CTUN, 131436, 550, 0, 550, 0, -0.03, -0.15, 0, 0, 0, 5
RAD, 131437, 205, 209, 90, 28, 49, 0, 0
RAD, 131455, 205, 209, 90, 28, 49, 0, 0
ATT, 131485, 26.44, 1.6, 7.88, 0.11, 313.81, 303.48, 0.02, 0.01
RCIN, 131485, 1500, 1100, 1502, 1100, 1310, 900, 900, 900, 0, 0, 0, 0, 0, 0
GPS, 1, 0, 0, 0, 99.99, 0, 0, -0.04, -17, 0, 0, 0, 131515
CTUN, 131535, 550, 0, 550, 0, -0.04, 0.17, 0, 0, 0, 5
ATT, 131585, 26.44, 1.6, 7.88, 0.11, 313.79, 303.46, 0.02, 0
RCIN, 131585, 1500, 1100, 1502, 1100, 1310, 900, 900, 900, 0, 0, 0, 0, 0, 0
CTUN, 131636, 550, 0, 550, 0, -0.02, -0.18, 0, 0, 0, 6
ATT, 131686, 26.44, 1.58, 7.88, 0.1, 313.78, 303.45, 0.02, 0.01
RCIN, 131686, 1500, 1100, 1502, 1100, 1310, 900, 900, 900, 0, 0, 0, 0, 0, 0
GPS, 1, 0, 0, 0, 99.99, 0, 0, -0.02, -17, 0, 0, 0, 131715
CTUN, 131736, 550, 0, 550, 0, -0.02, -0.22, 0, 0, 0, 6
ATT, 131785, 26.44, 1.58, 7.88, 0.1, 313.76, 303.43, 0.02, 0.03
RCIN, 131786, 1500, 1100, 1502, 1100, 1310, 900, 900, 900, 0, 0, 0, 0, 0, 0
CTUN, 131835, 550, 0, 550, 0, -0.03, -0.07, 0, 0, 0, 5
ATT, 131885, 26.44, 1.58, 7.88, 0.1, 313.75, 303.42, 0.02, 0.03
RCIN, 131885, 1500, 1100, 1502, 1100, 1310, 900, 900, 900, 0, 0, 0, 0, 0, 0
GPS, 1, 0, 0, 0, 99.99, 0, 0, -0.02, -17, 0, 0, 0, 131915
CTUN, 131936, 550, 0, 550, 0, -0.02, 0.02, 0, 0, 0, 5
ATT, 131985, 26.44, 1.58, 7.88, 0.1, 313.74, 303.41, 0.02, 0
RCIN, 131986, 1500, 1100, 1502, 1100, 1310, 900, 900, 900, 0, 0, 0, 0, 0, 0
CTUN, 132035, 550, 0, 550, 0, -0.01, -0.2, 0, 0, 0, 6
ATT, 132085, 26.44, 1.57, 7.88, 0.09, 313.73, 303.4, 0.02, 0
RCIN, 132085, 1500, 1100, 1502, 1100, 1310, 900, 900, 900, 0, 0, 0, 0, 0, 0
GPS, 1, 0, 0, 0, 99.99, 0, 0, -0.02, -17, 0, 0, 0, 132115
CTUN, 132135, 550, 0, 550, 0, -0.02, -0.04, 0, 0, 0, 5
ATT, 132186, 26.44, 1.57, 7.88, 0.09, 313.72, 303.39, 0.02, 0.01
RCIN, 132187, 1500, 1100, 1502, 1100, 1310, 900, 900, 900, 0, 0, 0, 0, 0, 0
DU32, 7, 196984
CURR, 132225, 550, 72600, 0, 0, 4752, 0
CTUN, 132236, 550, 0, 550, 0, -0.01, -0.31, 0, 0, 0, 5
ATT, 132285, 26.44, 1.56, 7.88, 0.09, 313.7, 303.37, 0.02, 0.03
RCIN, 132286, 1500, 1100, 1502, 1100, 1310, 900, 900, 900, 0, 0, 0, 0, 0, 0
RAD, 132296, 207, 209, 91, 23, 44, 0, 0
RAD, 132297, 207, 209, 91, 23, 44, 0, 0
GPS, 1, 0, 0, 0, 99.99, 0, 0, -0.02, -17, 0, 0, 0, 132315
CTUN, 132336, 550, 0, 550, 0, -0.02, 0.14, 0, 0, 0, 5
ATT, 132385, 26.44, 1.56, 7.88, 0.09, 313.68, 303.35, 0.02, 0
RCIN, 132385, 1500, 1100, 1502, 1100, 1310, 900, 900, 900, 0, 0, 0, 0, 0, 0
CTUN, 132435, 550, 0, 550, 0, -0.01, -0.05, 0, 0, 0, 6
ATT, 132486, 26.44, 1.56, 7.88, 0.09, 313.67, 303.34, 0.02, 0
RCIN, 132487, 1500, 1100, 1502, 1100, 1310, 900, 900, 900, 0, 0, 0, 0, 0, 0
GPS, 1, 0, 0, 0, 99.99, 0, 0, 0, -17, 0, 0, 0, 132515
CTUN, 132537, 550, 0, 550, 0, 0, -0.29, 0, 0, 0, 6
ATT, 132585, 26.44, 1.55, 7.88, 0.08, 313.66, 303.33, 0.02, 0
RCIN, 132586, 1500, 1100, 1502, 1100, 1310, 900, 900, 900, 0, 0, 0, 0, 0, 0
CTUN, 132636, 550, 0, 550, 0, -0.01, -0.36, 0, 0, 0, 5
ATT, 132687, 26.44, 1.55, 7.88, 0.08, 313.65, 303.32, 0.02, 0.02
RCIN, 132687, 1500, 1100, 1502, 1100, 1310, 900, 900, 900, 0, 0, 0, 0, 0, 0
GPS, 1, 0, 0, 0, 99.99, 0, 0, -0.02, -17, 0, 0, 0, 132715
CTUN, 132736, 550, 0, 550, 0, -0.03, -0.18, 0, 0, 0, 5
ATT, 132786, 26.44, 1.54, 7.88, 0.08, 313.63, 303.3, 0.02, 0.04
RCIN, 132786, 1500, 1100, 1502, 1100, 1310, 900, 900, 900, 0, 0, 0, 0, 0, 0
CTUN, 132835, 550, 0, 550, 0, -0.03, 0, 0, 0, 0, 5
ATT, 132887, 26.44, 1.54, 7.88, 0.07, 313.61, 303.28, 0.02, 0.02
RCIN, 132887, 1500, 1100, 1502, 1100, 1310, 900, 900, 900, 0, 0, 0, 0, 0, 0
GPS, 1, 0, 0, 0, 99.99, 0, 0, -0.03, -17, 0, 0, 0, 132915
CTUN, 132935, 550, 0, 550, 0, -0.02, 0.03, 0, 0, 0, 5
ATT, 132986, 26.44, 1.53, 7.88, 0.07, 313.61, 303.28, 0.02, 0
RCIN, 132986, 1500, 1100, 1502, 1100, 1310, 900, 900, 900, 0, 0, 0, 0, 0, 0
EV, 28
EV, 15
ATT, 134687, 26.44, 1.49, 7.88, 0.03, 303.72, 303.37, 0.02, 0.04
RCIN, 134687, 1500, 1100, 1502, 1100, 1310, 900, 900, 900, 0, 0, 0, 0, 0, 0
GPS, 1, 0, 0, 0, 99.99, 0, 0, -0.04, -17, 0, 0, 0, 134717
CTUN, 134738, 550, 0, 550, 0, -0.04, -0.07, 0, 0, 0, 4
ATT, 134787, 26.44, 1.48, 7.88, 0.02, 307.02, 303.36, 0.02, 0.04
RCIN, 134788, 1500, 1100, 1502, 1100, 1310, 900, 900, 900, 0, 0, 0, 0, 0, 0
RAD, 134817, 208, 209, 96, 20, 44, 0, 0
RAD, 134818, 208, 209, 96, 20, 44, 0, 0
CTUN, 134837, 550, 0, 550, 0, -0.04, 0.23, 0, 0, 0, 4
ATT, 134889, 26.44, 1.48, 7.88, 0.02, 310.32, 303.37, 0.02, 0
RCIN, 134889, 1500, 1100, 1502, 1100, 1310, 900, 900, 900, 0, 0, 0, 0, 0, 0
GPS, 1, 0, 0, 0, 99.99, 0, 0, -0.03, -17, 0, 0, 0, 134918
CTUN, 134940, 550, 0, 550, 0, -0.02, -0.16, 0, 0, 0, 4
ATT, 134989, 26.44, 1.48, 7.88, 0.02, 313.62, 303.35, 0.02, 0.03
RCIN, 134990, 1500, 1100, 1502, 1100, 1310, 900, 900, 900, 0, 0, 0, 0, 0, 0
CTUN, 135039, 550, 0, 550, 0, -0.02, -0.15, 0, 0, 0, 4
ATT, 135088, 26.44, 1.48, 7.88, 0.02, 313.67, 303.34, 0.02, 0.01
RCIN, 135088, 1500, 1100, 1502, 1100, 1310, 900, 900, 900, 0, 0, 0, 0, 0, 0
GPS, 1, 0, 0, 0, 99.99, 0, 0, -0.03, -17, 0, 0, 0, 135117
CTUN, 135141, 550, 0, 550, 0, -0.03, -0.39, 0, 0, 0, 5
ATT, 135188, 26.44, 1.47, 7.88, 0.02, 313.66, 303.33, 0.04, 0.03
RCIN, 135189, 1500, 1100, 1502, 1100, 1310, 900, 900, 900, 0, 0, 0, 0, 0, 0
CTUN, 135239, 550, 0, 550, 0, -0.04, 0.25, 0, 0, 0, 9
ATT, 135290, 26.44, 1.46, 7.88, 0.02, 313.66, 303.33, 0.04, 0.04
RCIN, 135290, 1500, 1100, 1502, 1100, 1310, 900, 900, 900, 0, 0, 0, 0, 0, 0
GPS, 1, 0, 0, 0, 99.99, 0, 0, -0.02, -17, 0, 0, 0, 135318
DU32, 7, 196984
CURR, 135328, 550, 80300, 0, 0, 4712, 0
CTUN, 135339, 550, 0, 550, 0, -0.01, -0.17, 0, 0, 0, 9
ATT, 135389, 26.44, 1.44, 7.88, 0.04, 313.67, 303.34, 0.07, 0.03
RCIN, 135389, 1500, 1100, 1502, 1100, 1310, 900, 900, 900, 0, 0, 0, 0, 0, 0
CTUN, 135440, 550, 0, 550, 0, -0.01, -0.19, 0, 0, 0, 5
ATT, 135489, 26.44, 1.41, 7.88, 0.06, 313.67, 303.34, 0.07, 0.03
RCIN, 135489, 1500, 1100, 1502, 1100, 1310, 900, 900, 900, 0, 0, 0, 0, 0, 0
RAD, 135500, 208, 206, 100, 24, 41, 0, 0
GPS, 1, 0, 0, 0, 99.99, 0, 0, -0.02, -17, 0, 0, 0, 135518
RAD, 135519, 208, 206, 100, 24, 41, 0, 0
CTUN, 135539, 550, 0, 550, 0, -0.02, -0.28, 0, 0, 0, 0
ATT, 135590, 26.44, 1.39, 7.88, 0.08, 313.67, 303.34, 0.04, 0.03
RCIN, 135590, 1500, 1100, 1502, 1100, 1310, 900, 900, 900, 0, 0, 0, 0, 0, 0
CTUN, 135640, 550, 0, 550, 0, -0.03, -0.47, 0, 0, 0, -2
ATT, 135689, 26.44, 1.39, 7.88, 0.1, 313.68, 303.35, 0.04, 0.03
RCIN, 135690, 1500, 1100, 1502, 1100, 1310, 900, 900, 900, 0, 0, 0, 0, 0, 0
GPS, 1, 0, 0, 0, 99.99, 0, 0, -0.06, -17, 0, 0, 0, 135718
CTUN, 135740, 550, 0, 550, 0, -0.06, -0.17, 0, 0, 0, 0
ATT, 135789, 26.44, 1.39, 7.88, 0.11, 313.68, 303.35, 0.06, 0.03
RCIN, 135789, 1500, 1100, 1502, 1100, 1310, 900, 900, 900, 0, 0, 0, 0, 0, 0
CTUN, 135839, 550, 0, 550, 0, -0.07, 0, 0, 0, 0, 4
ATT, 135888, 26.44, 1.41, 7.88, 0.07, 313.69, 303.36, 0.06, 0.03
RCIN, 135889, 1500, 1100, 1502, 1100, 1310, 900, 900, 900, 0, 0, 0, 0, 0, 0
GPS, 1, 0, 0, 0, 99.99, 0, 0, -0.06, -17, 0, 0, 0, 135918
CTUN, 135939, 550, 0, 550, 0, -0.06, -0.3, 0, 0, 0, 8
ATT, 135989, 26.44, 1.41, 7.88, 0.03, 313.69, 303.36, 0.05, 0.03
RCIN, 135989, 1500, 1100, 1502, 1100, 1310, 900, 900, 900, 0, 0, 0, 0, 0, 0
CTUN, 136039, 550, 0, 550, 0, -0.06, 0.05, 0, 0, 0, 7
ATT, 136089, 26.44, 1.39, 7.88, 0.03, 313.7, 303.37, 0.05, 0.02
RCIN, 136090, 1500, 1100, 1502, 1100, 1310, 900, 900, 900, 0, 0, 0, 0, 0, 0
GPS, 1, 0, 0, 0, 99.99, 0, 0, -0.05, -17, 0, 0, 0, 136118
CTUN, 136140, 550, 0, 550, 0, -0.05, -0.28, 0, 0, 0, 3
ATT, 136189, 26.44, 1.37, 7.88, 0.03, 313.69, 303.36, 0.07, 0.02
RCIN, 136189, 1500, 1100, 1502, 1100, 1310, 900, 900, 900, 0, 0, 0, 0, 0, 0
CTUN, 136239, 550, 0, 550, 0, -0.06, -0.22, 0, 0, 0, -1
ATT, 136288, 26.44, 1.36, 7.88, 0.06, 313.68, 303.35, 0.07, 0.01
RCIN, 136289, 1500, 1100, 1502, 1100, 1310, 900, 900, 900, 0, 0, 0, 0, 0, 0
GPS, 1, 0, 0, 0, 99.99, 0, 0, -0.07, -17, 0, 0, 0, 136318
DU32, 7, 196984
CURR, 136328, 550, 85800, 0, 0, 4732, 0
CTUN, 136339, 550, 0, 550, 0, -0.07, -0.03, 0, 0, 0, -2
ATT, 136390, 26.44, 1.34, 7.88, 0.1, 313.68, 303.35, 0.05, 0.04
RCIN, 136390, 1500, 1100, 1502, 1100, 1310, 900, 900, 900, 0, 0, 0, 0, 0, 0
CTUN, 136440, 550, 0, 550, 0, -0.07, -0.35, 0, 0, 0, 1
RAD, 136441, 208, 207, 94, 28, 46, 0, 0
RAD, 136441, 208, 207, 94, 28, 46, 0, 0
ATT, 136489, 26.44, 1.36, 7.88, 0.06, 313.68, 303.35, 0.05, 0.04
RCIN, 136489, 1500, 1100, 1502, 1100, 1310, 900, 900, 900, 0, 0, 0, 0, 0, 0
GPS, 1, 0, 0, 0, 99.99, 0, 0, -0.08, -17, 0, 0, 0, 136518
CTUN, 136539, 550, 0, 550, 0, -0.09, 0, 0, 0, 0, 5
ATT, 136590, 26.44, 1.38, 7.88, 0.03, 313.69, 303.36, 0.04, 0.04
RCIN, 136590, 1500, 1100, 1502, 1100, 1310, 900, 900, 900, 0, 0, 0, 0, 0, 0
CTUN, 136639, 550, 0, 550, 0, -0.08, -0.36, 0, 0, 0, 7
RAD, 138805, 206, 207, 94, 25, 40, 0, 0
EV, 28
EV, 15
ATT, 138813, 26.44, 1.22, 7.88, 0.01, 303.87, 303.52, 0.02, 0.02
RCIN, 138813, 1500, 1100, 1502, 1100, 1310, 900, 900, 900, 0, 0, 0, 0, 0, 0
GPS, 1, 0, 0, 0, 99.99, 0, 0, -0.09, -17, 0, 0, 0, 138823
RAD, 138824, 206, 207, 94, 25, 40, 0, 0
CTUN, 138844, 550, 0, 550, 0, -0.09, -0.26, 0, 0, 0, 3
ATT, 138913, 26.44, 1.21, 7.88, 0.01, 307.17, 303.52, 0.02, 0.03
RCIN, 138913, 1500, 1100, 1502, 1100, 1310, 900, 900, 900, 0, 0, 0, 0, 0, 0
GPS, 1, 0, 0, 0, 99.99, 0, 0, -0.09, -17, 0, 0, 0, 138922
CTUN, 138944, 550, 0, 550, 0, -0.09, -0.06, 0, 0, 0, 3
ATT, 139013, 26.44, 1.21, 7.88, 0, 310.47, 303.53, 0.02, 0.05
RCIN, 139013, 1500, 1100, 1502, 1100, 1310, 900, 900, 900, 0, 0, 0, 0, 0, 0
CTUN, 139044, 550, 0, 550, 0, -0.09, -0.04, 0, 0, 0, 3
ATT, 139112, 26.44, 1.21, 7.88, 0, 313.77, 303.54, 0.02, 0.03
RCIN, 139113, 1500, 1100, 1502, 1100, 1310, 900, 900, 900, 0, 0, 0, 0, 0, 0
GPS, 1, 0, 0, 0, 99.99, 0, 0, -0.08, -17, 0, 0, 0, 139122
CTUN, 139143, 550, 0, 550, 0, -0.08, -0.27, 0, 0, 0, 3
ATT, 139213, 26.44, 1.2, 7.88, 0, 313.88, 303.55, 0.02, 0.03
RCIN, 139214, 1500, 1100, 1502, 1100, 1310, 900, 900, 900, 0, 0, 0, 0, 0, 0
CTUN, 139243, 550, 0, 550, 0, -0.09, -0.14, 0, 0, 0, 3
ATT, 139312, 26.44, 1.2, 7.88, 0, 313.88, 303.55, 0.02, 0.03
RCIN, 139313, 1500, 1100, 1502, 1100, 1310, 900, 900, 900, 0, 0, 0, 0, 0, 0
GPS, 1, 0, 0, 0, 99.99, 0, 0, -0.09, -17, 0, 0, 0, 139322
CTUN, 139343, 550, 0, 550, 0, -0.09, 0.03, 0, 0, 0, 3
ATT, 139413, 26.44, 1.2, 7.88, 0, 313.89, 303.56, 0.02, 0.03
RCIN, 139414, 1500, 1100, 1502, 1100, 1310, 900, 900, 900, 0, 0, 0, 0, 0, 0
DU32, 7, 196984
CURR, 139432, 550, 91300, 0, 0, 4712, 0
CTUN, 139443, 550, 0, 550, 0, -0.08, -0.34, 0, 0, 0, 3
ATT, 139513, 26.44, 1.19, 7.88, 0, 313.88, 303.55, 0.01, 0.01
RCIN, 139514, 1500, 1100, 1502, 1100, 1310, 900, 900, 900, 0, 0, 0, 0, 0, 0
GPS, 1, 0, 0, 0, 99.99, 0, 0, -0.08, -17, 0, 0, 0, 139522
RAD, 139524, 207, 207, 100, 22, 48, 0, 0
RAD, 139524, 207, 207, 100, 22, 48, 0, 0
CTUN, 139543, 550, 0, 550, 0, -0.09, -0.28, 0, 0, 0, 2
ATT, 139613, 26.44, 1.19, 7.88, 0, 313.88, 303.55, 0.01, 0.04
RCIN, 139613, 1500, 1100, 1502, 1100, 1310, 900, 900, 900, 0, 0, 0, 0, 0, 0
CTUN, 139644, 550, 0, 550, 0, -0.1, -0.34, 0, 0, 0, 2
ATT, 139713, 26.44, 1.19, 7.88, 0, 313.89, 303.56, 0.03, 0.04
RCIN, 139714, 1500, 1100, 1502, 1100, 1310, 900, 900, 900, 0, 0, 0, 0, 0, 0
GPS, 1, 0, 0, 0, 99.99, 0, 0, -0.11, -17, 0, 0, 0, 139722
CTUN, 139743, 550, 0, 550, 0, -0.11, -0.14, 0, 0, 0, 2
ATT, 139812, 26.44, 1.18, 7.88, 0, 313.89, 303.56, 0.03, 0.04
RCIN, 139813, 1500, 1100, 1502, 1100, 1310, 900, 900, 900, 0, 0, 0, 0, 0, 0
CTUN, 139843, 550, 0, 550, 0, -0.11, 0.14, 0, 0, 0, 2
ATT, 139912, 26.44, 1.17, 7.88, 0, 313.9, 303.57, 0.01, 0.04
RCIN, 139913, 1500, 1100, 1502, 1100, 1310, 900, 900, 900, 0, 0, 0, 0, 0, 0
GPS, 1, 0, 0, 0, 99.99, 0, 0, -0.1, -17, 0, 0, 0, 139922
CTUN, 139943, 550, 0, 550, 0, -0.09, -0.08, 0, 0, 0, 2
ATT, 140012, 26.44, 1.17, 7.88, -0.01, 313.91, 303.58, 0.01, 0.03
RCIN, 140012, 1500, 1100, 1502, 1100, 1310, 900, 900, 900, 0, 0, 0, 0, 0, 0
CTUN, 140043, 550, 0, 550, 0, -0.09, -0.48, 0, 0, 0, 2
ATT, 140113, 26.44, 1.17, 7.88, -0.02, 313.9, 303.57, 0.01, 0.01
RCIN, 140113, 1500, 1100, 1502, 1100, 1310, 900, 900, 900, 0, 0, 0, 0, 0, 0
GPS, 1, 0, 0, 0, 99.99, 0, 0, -0.1, -17, 0, 0, 0, 140122
CTUN, 140143, 550, 0, 550, 0, -0.1, -0.27, 0, 0, 0, 2
ATT, 140212, 26.44, 1.17, 7.88, -0.02, 313.9, 303.57, 0.01, 0.02
RCIN, 140212, 1500, 1100, 1502, 1100, 1310, 900, 900, 900, 0, 0, 0, 0, 0, 0
CTUN, 140244, 550, 0, 550, 0, -0.11, -0.27, 0, 0, 0, 2
ATT, 140313, 26.44, 1.17, 7.88, -0.02, 313.9, 303.57, 0.02, 0.04
RCIN, 140313, 1500, 1100, 1502, 1100, 1310, 900, 900, 900, 0, 0, 0, 0, 0, 0
GPS, 1, 0, 0, 0, 99.99, 0, 0, -0.12, -17, 0, 0, 0, 140322
CTUN, 140344, 550, 0, 550, 0, -0.12, -0.23, 0, 0, 0, 2
ATT, 140413, 26.44, 1.16, 7.88, -0.02, 313.91, 303.58, 0.02, 0.03
RCIN, 140413, 1500, 1100, 1502, 1100, 1310, 900, 900, 900, 0, 0, 0, 0, 0, 0
DU32, 7, 196984
CURR, 140432, 550, 96800, 0, 0, 4732, 0
CTUN, 140443, 550, 0, 550, 0, -0.13, -0.06, 0, 0, 0, 2
ATT, 140513, 26.44, 1.16, 7.88, -0.02, 313.92, 303.59, 0.02, 0.04
RCIN, 140514, 1500, 1100, 1502, 1100, 1310, 900, 900, 900, 0, 0, 0, 0, 0, 0
GPS, 1, 0, 0, 0, 99.99, 0, 0, -0.12, -17, 0, 0, 0, 140522
CTUN, 140544, 550, 0, 550, 0, -0.12, -0.23, 0, 0, 0, 1
RAD, 140563, 207, 207, 94, 21, 42, 0, 0
RAD, 140583, 207, 207, 94, 21, 42, 0, 0
ATT, 140613, 26.44, 1.14, 7.88, -0.02, 313.93, 303.6, 0.02, 0.03
RCIN, 140613, 1500, 1100, 1502, 1100, 1310, 900, 900, 900, 0, 0, 0, 0, 0, 0
CTUN, 140643, 550, 0, 550, 0, -0.12, -0.1, 0, 0, 0, 1
ATT, 140712, 26.44, 1.13, 7.88, -0.02, 313.94, 303.61, 0.01, 0.04
RCIN, 140712, 1500, 1100, 1502, 1100, 1310, 900, 900, 900, 0, 0, 0, 0, 0, 0
GPS, 1, 0, 0, 0, 99.99, 0, 0, -0.12, -17, 0, 0, 0, 140722
CTUN, 140743, 550, 0, 550, 0, -0.12, 0.1, 0, 0, 0, 1
EV, 28
EV, 15
GPS, 1, 0, 0, 0, 99.99, 0, 0, -0.07, -17, 0, 0, 0, 142970
RAD, 142978, 207, 207, 99, 26, 40, 0, 0
RAD, 142978, 207, 207, 99, 26, 40, 0, 0
ATT, 143027, 26.44, 0.97, 7.88, -0.08, 306.48, 303.87, 0.01, 0.03
RCIN, 143027, 1500, 1100, 1502, 1100, 1310, 900, 900, 900, 0, 0, 0, 0, 0, 0
CTUN, 143048, 550, 0, 550, 0, -0.06, -0.08, 0, 0, 0, 2
GPS, 1, 0, 0, 0, 99.99, 0, 0, -0.06, -17, 0, 0, 0, 143127
ATT, 143127, 26.44, 0.97, 7.88, -0.09, 309.78, 303.89, 0.01, 0.04
RCIN, 143128, 1500, 1100, 1502, 1100, 1310, 900, 900, 900, 0, 0, 0, 0, 0, 0
CTUN, 143148, 550, 0, 550, 0, -0.06, -0.2, 0, 0, 0, 2
ATT, 143226, 26.44, 0.96, 7.88, -0.09, 313.08, 303.9, 0.01, 0.04
RCIN, 143227, 1500, 1100, 1502, 1100, 1310, 900, 900, 900, 0, 0, 0, 0, 0, 0
CTUN, 143248, 550, 0, 550, 0, -0.06, -0.08, 0, 0, 0, 2
GPS, 1, 0, 0, 0, 99.99, 0, 0, -0.06, -17, 0, 0, 0, 143327
ATT, 143327, 26.44, 0.95, 7.88, -0.09, 314.25, 303.92, 0.01, 0.04
RCIN, 143327, 1500, 1100, 1502, 1100, 1310, 900, 900, 900, 0, 0, 0, 0, 0, 0
CTUN, 143348, 550, 0, 550, 0, -0.06, -0.35, 0, 0, 0, 2
ATT, 143427, 26.44, 0.95, 7.88, -0.1, 314.25, 303.92, 0.01, 0.02
RCIN, 143427, 1500, 1100, 1502, 1100, 1310, 900, 900, 900, 0, 0, 0, 0, 0, 0
CTUN, 143448, 550, 0, 550, 0, -0.08, 0.19, 0, 0, 0, 1
GPS, 1, 0, 0, 0, 99.99, 0, 0, -0.06, -17, 0, 0, 0, 143527
ATT, 143527, 26.44, 0.94, 7.88, -0.1, 314.27, 303.94, 0.01, 0.04
RCIN, 143528, 1500, 1100, 1502, 1100, 1310, 900, 900, 900, 0, 0, 0, 0, 0, 0
DU32, 7, 196984
CURR, 143537, 550, 101750, 0, 0, 4732, 0
CTUN, 143548, 550, 0, 550, 0, -0.06, -0.22, 0, 0, 0, 2
RAD, 143578, 207, 207, 100, 34, 45, 0, 0
RAD, 143578, 207, 207, 100, 34, 45, 0, 0
ATT, 143627, 26.44, 0.93, 7.88, -0.1, 314.28, 303.95, 0.01, 0.04
RCIN, 143627, 1500, 1100, 1502, 1100, 1310, 900, 900, 900, 0, 0, 0, 0, 0, 0
CTUN, 143648, 550, 0, 550, 0, -0.07, -0.21, 0, 0, 0, 2
GPS, 1, 0, 0, 0, 99.99, 0, 0, -0.07, -17, 0, 0, 0, 143727
ATT, 143727, 26.44, 0.93, 7.88, -0.1, 314.29, 303.96, 0.01, 0.02
RCIN, 143727, 1500, 1100, 1502, 1100, 1310, 900, 900, 900, 0, 0, 0, 0, 0, 0
CTUN, 143748, 550, 0, 550, 0, -0.07, -0.16, 0, 0, 0, 2
ATT, 143827, 26.44, 0.92, 7.88, -0.1, 314.3, 303.97, 0.01, 0.04
RCIN, 143827, 1500, 1100, 1502, 1100, 1310, 900, 900, 900, 0, 0, 0, 0, 0, 0
CTUN, 143848, 550, 0, 550, 0, -0.07, -0.44, 0, 0, 0, 2
GPS, 1, 0, 0, 0, 99.99, 0, 0, -0.09, -17, 0, 0, 0, 143927
ATT, 143927, 26.44, 0.91, 7.88, -0.1, 314.31, 303.98, 0.01, 0.04
RCIN, 143928, 1500, 1100, 1502, 1100, 1310, 900, 900, 900, 0, 0, 0, 0, 0, 0
CTUN, 143948, 550, 0, 550, 0, -0.09, -0.18, 0, 0, 0, 1
ATT, 144027, 26.44, 0.9, 7.88, -0.11, 314.33, 304, 0.01, 0.04
RCIN, 144027, 1500, 1100, 1502, 1100, 1310, 900, 900, 900, 0, 0, 0, 0, 0, 0
CTUN, 144048, 550, 0, 550, 0, -0.1, 0.05, 0, 0, 0, 1
GPS, 1, 0, 0, 0, 99.99, 0, 0, -0.09, -17, 0, 0, 0, 144127
ATT, 144127, 26.44, 0.9, 7.88, -0.11, 314.34, 304.01, 0.01, 0.04
RCIN, 144127, 1500, 1100, 1502, 1100, 1310, 900, 900, 900, 0, 0, 0, 0, 0, 0
CTUN, 144148, 550, 0, 550, 0, -0.09, 0.16, 0, 0, 0, 2
ATT, 144227, 26.44, 0.89, 7.88, -0.11, 314.35, 304.02, 0.01, 0.01
RCIN, 144227, 1500, 1100, 1502, 1100, 1310, 900, 900, 900, 0, 0, 0, 0, 0, 0
CTUN, 144248, 550, 0, 550, 0, -0.07, 0, 0, 0, 0, 2
GPS, 1, 0, 0, 0, 99.99, 0, 0, -0.06, -17, 0, 0, 0, 144327
ATT, 144327, 26.44, 0.89, 7.88, -0.11, 314.37, 304.04, 0.01, 0.04
RCIN, 144327, 1500, 1100, 1502, 1100, 1310, 900, 900, 900, 0, 0, 0, 0, 0, 0
CTUN, 144348, 550, 0, 550, 0, -0.06, -0.27, 0, 0, 0, 2
ATT, 144427, 26.44, 0.88, 7.88, -0.11, 314.38, 304.05, 0.01, 0.03
RCIN, 144427, 1500, 1100, 1502, 1100, 1310, 900, 900, 900, 0, 0, 0, 0, 0, 0
CTUN, 144448, 550, 0, 550, 0, -0.07, -0.39, 0, 0, 0, 2
GPS, 1, 0, 0, 0, 99.99, 0, 0, -0.08, -17, 0, 0, 0, 144527
ATT, 144527, 26.44, 0.88, 7.88, -0.12, 314.39, 304.06, 0.01, 0.02
RCIN, 144528, 1500, 1100, 1502, 1100, 1310, 900, 900, 900, 0, 0, 0, 0, 0, 0
DU32, 7, 196984
CURR, 144537, 550, 107250, 0, 0, 4712, 0
CTUN, 144547, 550, 0, 550, 0, -0.09, 0.02, 0, 0, 0, 2
ATT, 144627, 26.44, 0.88, 7.88, -0.12, 314.4, 304.07, 0.01, 0.04
RCIN, 144627, 1500, 1100, 1502, 1100, 1310, 900, 900, 900, 0, 0, 0, 0, 0, 0
CTUN, 144648, 550, 0, 550, 0, -0.08, -0.43, 0, 0, 0, 2
RAD, 144718, 207, 207, 94, 30, 41, 0, 0
RAD, 144718, 207, 207, 94, 30, 41, 0, 0
GPS, 1, 0, 0, 0, 99.99, 0, 0, -0.09, -17, 0, 0, 0, 144727
ATT, 144727, 26.44, 0.87, 7.88, -0.12, 314.41, 304.08, 0.01, 0.02
RCIN, 144727, 1500, 1100, 1502, 1100, 1310, 900, 900, 900, 0, 0, 0, 0, 0, 0
CTUN, 144748, 550, 0, 550, 0, -0.09, -0.02, 0, 0, 0, 2
ATT, 144827, 26.44, 0.86, 7.88, -0.12, 314.42, 304.09, 0.01, 0.05
RCIN, 144827, 1500, 1100, 1502, 1100, 1310, 900, 900, 900, 0, 0, 0, 0, 0, 0
CTUN, 144848, 550, 0, 550, 0, -0.09, -0.26, 0, 0, 0, 2
GPS, 1, 0, 0, 0, 99.99, 0, 0, -0.1, -17, 0, 0, 0, 144927
ATT, 144928, 26.44, 0.86, 7.88, -0.12, 314.43, 304.1, 0.01, 0.03
RCIN, 144928, 1500, 1100, 1502, 1100, 1310, 900, 900, 900, 0, 0, 0, 0, 0, 0
CTUN, 144948, 550, 0, 550, 0, -0.1, -0.09, 0, 0, 0, 2
EV, 28
EV, 15
GPS, 1, 0, 0, 0, 99.99, 0, 0, -0.17, -17, 0, 0, 0, 154722
RAD, 154723, 208, 208, 94, 31, 41, 0, 0
RAD, 154724, 208, 208, 94, 31, 41, 0, 0
ATT, 154742, 26.44, 0.19, 7.88, -0.27, 307.24, 305.28, 0, 0.02
RCIN, 154742, 1500, 1100, 1502, 1100, 1310, 900, 900, 900, 0, 0, 0, 0, 0, 0
CTUN, 154762, 550, 0, 550, 0, -0.18, -0.14, 0, 0, 0, 0
ATT, 154843, 26.44, 0.19, 7.88, -0.27, 310.54, 305.3, 0, 0.03
RCIN, 154843, 1500, 1100, 1502, 1100, 1310, 900, 900, 900, 0, 0, 0, 0, 0, 0
CTUN, 154863, 550, 0, 550, 0, -0.17, -0.38, 0, 0, 0, 0
GPS, 1, 0, 0, 0, 99.99, 0, 0, -0.18, -17, 0, 0, 0, 154922
ATT, 154941, 26.44, 0.18, 7.88, -0.27, 313.84, 305.31, 0, 0.02
RCIN, 154942, 1500, 1100, 1502, 1100, 1310, 900, 900, 900, 0, 0, 0, 0, 0, 0
CTUN, 154962, 550, 0, 550, 0, -0.19, -0.24, 0, 0, 0, 0
ATT, 155044, 26.44, 0.18, 7.88, -0.27, 315.66, 305.33, 0, 0.02
RCIN, 155044, 1500, 1100, 1502, 1100, 1310, 900, 900, 900, 0, 0, 0, 0, 0, 0
DU32, 7, 196984
CURR, 155052, 550, 111650, 0, 0, 4712, 0
CTUN, 155063, 550, 0, 550, 0, -0.19, -0.08, 0, 0, 0, 0
RAD, 155104, 208, 208, 96, 33, 41, 0, 0
RAD, 155104, 208, 208, 96, 33, 41, 0, 0
GPS, 1, 0, 0, 0, 99.99, 0, 0, -0.19, -17, 0, 0, 0, 155122
ATT, 155142, 26.44, 0.18, 7.88, -0.27, 315.68, 305.35, 0, 0.02
RCIN, 155142, 1500, 1100, 1502, 1100, 1310, 900, 900, 900, 0, 0, 0, 0, 0, 0
CTUN, 155162, 550, 0, 550, 0, -0.18, -0.33, 0, 0, 0, 0
ATT, 155243, 26.44, 0.17, 7.88, -0.27, 315.68, 305.35, 0, 0
RCIN, 155244, 1500, 1100, 1502, 1100, 1310, 900, 900, 900, 0, 0, 0, 0, 0, 0
CTUN, 155262, 550, 0, 550, 0, -0.19, -0.49, 0, 0, 0, 0
GPS, 1, 0, 0, 0, 99.99, 0, 0, -0.2, -17, 0, 0, 0, 155323
ATT, 155343, 26.44, 0.16, 7.88, -0.27, 315.69, 305.36, 0, 0.01
RCIN, 155343, 1500, 1100, 1502, 1100, 1310, 900, 900, 900, 0, 0, 0, 0, 0, 0
CTUN, 155363, 550, 0, 550, 0, -0.21, -0.36, 0, 0, 0, 0
ATT, 155442, 26.44, 0.16, 7.88, -0.28, 315.7, 305.37, 0, 0.02
RCIN, 155442, 1500, 1100, 1502, 1100, 1310, 900, 900, 900, 0, 0, 0, 0, 0, 0
CTUN, 155462, 550, 0, 550, 0, -0.22, -0.27, 0, 0, 0, 0
GPS, 1, 0, 0, 0, 99.99, 0, 0, -0.22, -17, 0, 0, 0, 155522
ATT, 155541, 26.44, 0.15, 7.88, -0.28, 315.71, 305.38, 0, 0
RCIN, 155542, 1500, 1100, 1502, 1100, 1310, 900, 900, 900, 0, 0, 0, 0, 0, 0
CTUN, 155563, 550, 0, 550, 0, -0.22, -0.08, 0, 0, 0, 0
ATT, 155644, 26.44, 0.15, 7.88, -0.28, 315.73, 305.4, 0, 0.03
RCIN, 155644, 1500, 1100, 1502, 1100, 1310, 900, 900, 900, 0, 0, 0, 0, 0, 0
CTUN, 155662, 550, 0, 550, 0, -0.22, -0.27, 0, 0, 0, 0
GPS, 1, 0, 0, 0, 99.99, 0, 0, -0.22, -17, 0, 0, 0, 155722
ATT, 155742, 26.44, 0.14, 7.88, -0.28, 315.74, 305.41, 0, 0.01
RCIN, 155742, 1500, 1100, 1502, 1100, 1310, 900, 900, 900, 0, 0, 0, 0, 0, 0
CTUN, 155762, 550, 0, 550, 0, -0.22, -0.33, 0, 0, 0, 0
ATT, 155842, 26.44, 0.14, 7.88, -0.28, 315.75, 305.42, 0, 0.02
RCIN, 155842, 1500, 1100, 1502, 1100, 1310, 900, 900, 900, 0, 0, 0, 0, 0, 0
CTUN, 155863, 550, 0, 550, 0, -0.23, 0.03, 0, 0, 0, 0
GPS, 1, 0, 0, 0, 99.99, 0, 0, -0.22, -17, 0, 0, 0, 155922
ATT, 155943, 26.44, 0.14, 7.88, -0.29, 315.77, 305.44, 0, 0
RCIN, 155943, 1500, 1100, 1502, 1100, 1310, 900, 900, 900, 0, 0, 0, 0, 0, 0
CTUN, 155962, 550, 0, 550, 0, -0.21, -0.19, 0, 0, 0, 0
ATT, 156042, 26.44, 0.13, 7.88, -0.29, 315.78, 305.45, 0, 0.03
RCIN, 156042, 1500, 1100, 1502, 1100, 1310, 900, 900, 900, 0, 0, 0, 0, 0, 0
DU32, 7, 196984
CURR, 156051, 550, 117150, 0, 0, 4752, 0
CTUN, 156063, 550, 0, 550, 0, -0.21, 0, 0, 0, 0, 0
GPS, 1, 0, 0, 0, 99.99, 0, 0, -0.2, -17, 0, 0, 0, 156122
ATT, 156142, 26.44, 0.12, 7.88, -0.29, 315.8, 305.47, 0, 0
RCIN, 156142, 1500, 1100, 1502, 1100, 1310, 900, 900, 900, 0, 0, 0, 0, 0, 0
CTUN, 156162, 550, 0, 550, 0, -0.2, -0.26, 0, 0, 0, 0
ATT, 156243, 26.44, 0.11, 7.88, -0.29, 315.82, 305.49, 0, 0.02
RCIN, 156243, 1500, 1100, 1502, 1100, 1310, 900, 900, 900, 0, 0, 0, 0, 0, 0
CTUN, 156262, 550, 0, 550, 0, -0.2, -0.44, 0, 0, 0, 0
RAD, 156282, 208, 208, 94, 26, 40, 0, 0
RAD, 156283, 208, 208, 94, 26, 40, 0, 0
GPS, 1, 0, 0, 0, 99.99, 0, 0, -0.21, -17, 0, 0, 0, 156323
ATT, 156342, 26.44, 0.11, 7.88, -0.29, 315.84, 305.51, 0, 0.02
RCIN, 156342, 1500, 1100, 1502, 1100, 1310, 900, 900, 900, 0, 0, 0, 0, 0, 0
CTUN, 156363, 550, 0, 550, 0, -0.22, -0.14, 0, 0, 0, 0
ATT, 156442, 26.44, 0.1, 7.88, -0.29, 315.85, 305.52, 0, 0.02
RCIN, 156442, 1500, 1100, 1502, 1100, 1310, 900, 900, 900, 0, 0, 0, 0, 0, 0
CTUN, 156462, 550, 0, 550, 0, -0.21, -0.45, 0, 0, 0, 0
GPS, 1, 0, 0, 0, 99.99, 0, 0, -0.22, -17, 0, 0, 0, 156523
ATT, 156541, 26.44, 0.1, 7.88, -0.29, 315.87, 305.54, 0, 0.02
RCIN, 156542, 1500, 1100, 1502, 1100, 1310, 900, 900, 900, 0, 0, 0, 0, 0, 0
CTUN, 156562, 550, 0, 550, 0, -0.23, 0.01, 0, 0, 0, -1
ATT, 156644, 26.44, 0.09, 7.88, -0.29, 315.88, 305.55, 0, 0.02
RCIN, 156645, 1500, 1100, 1502, 1100, 1310, 900, 900, 900, 0, 0, 0, 0, 0, 0
CTUN, 156662, 550, 0, 550, 0, -0.21, -0.12, 0, 0, 0, 0
EV, 28
EV, 15
GPS, 1, 0, 0, 0, 99.99, 0, 0, -0.21, -17, 0, 0, 0, 158425
ATT, 158455, 26.44, 0, 7.88, -0.29, 307.39, 305.74, 0, 0.01
RCIN, 158455, 1500, 1100, 1502, 1100, 1310, 900, 900, 900, 0, 0, 0, 0, 0, 0
CTUN, 158465, 550, 0, 550, 0, -0.21, -0.23, 0, 0, 0, 0
GPS, 1, 0, 0, 0, 99.99, 0, 0, -0.21, -17, 0, 0, 0, 158527
ATT, 158556, 26.44, 0, 7.88, -0.28, 310.69, 305.76, 0, 0.01
RCIN, 158556, 1500, 1100, 1502, 1100, 1310, 900, 900, 900, 0, 0, 0, 0, 0, 0
CTUN, 158567, 550, 0, 550, 0, -0.21, -0.35, 0, 0, 0, 0
ATT, 158656, 26.44, -0.01, 7.88, -0.28, 313.99, 305.77, 0, 0.01
RCIN, 158656, 1500, 1100, 1502, 1100, 1310, 900, 900, 900, 0, 0, 0, 0, 0, 0
CTUN, 158666, 550, 0, 550, 0, -0.22, -0.14, 0, 0, 0, 0
GPS, 1, 0, 0, 0, 99.99, 0, 0, -0.22, -17, 0, 0, 0, 158725
ATT, 158755, 26.44, -0.01, 7.88, -0.29, 316.11, 305.78, 0, 0
RCIN, 158755, 1500, 1100, 1502, 1100, 1310, 900, 900, 900, 0, 0, 0, 0, 0, 0
CTUN, 158765, 550, 0, 550, 0, -0.22, -0.35, 0, 0, 0, 0
ATT, 158855, 26.44, -0.01, 7.88, -0.29, 316.1, 305.77, 0, 0.05
RCIN, 158856, 1500, 1100, 1502, 1100, 1310, 900, 900, 900, 0, 0, 0, 0, 0, 0
CTUN, 158866, 550, 0, 550, 0, -0.23, 0.03, 0, 0, 0, 0
GPS, 1, 0, 0, 0, 99.99, 0, 0, -0.22, -17, 0, 0, 0, 158925
ATT, 158955, 26.44, -0.02, 7.88, -0.28, 316.1, 305.77, 0, 0
RCIN, 158955, 1500, 1100, 1502, 1100, 1310, 900, 900, 900, 0, 0, 0, 0, 0, 0
CTUN, 158966, 550, 0, 550, 0, -0.21, -0.23, 0, 0, 0, -1
ATT, 159056, 26.44, -0.03, 7.88, -0.28, 316.12, 305.79, 0.04, 0.01
RCIN, 159056, 1500, 1100, 1502, 1100, 1310, 900, 900, 900, 0, 0, 0, 0, 0, 0
CTUN, 159067, 550, 0, 550, 0, -0.21, 0.04, 0, 0, 0, -2
GPS, 1, 0, 0, 0, 99.99, 0, 0, -0.21, -17, 0, 0, 0, 159125
DU32, 7, 196984
CURR, 159155, 550, 124850, 0, 0, 4752, 0
ATT, 159156, 26.44, -0.06, 7.88, -0.28, 316.13, 305.8, 0.04, 0
RCIN, 159156, 1500, 1100, 1502, 1100, 1310, 900, 900, 900, 0, 0, 0, 0, 0, 0
CTUN, 159166, 550, 0, 550, 0, -0.2, -0.27, 0, 0, 0, 0
ATT, 159257, 26.44, -0.09, 7.88, -0.28, 316.14, 305.81, 0.05, 0
RCIN, 159257, 1500, 1100, 1502, 1100, 1310, 900, 900, 900, 0, 0, 0, 0, 0, 0
CTUN, 159267, 550, 0, 550, 0, -0.21, -0.33, 0, 0, 0, 0
RAD, 159268, 208, 208, 90, 24, 44, 0, 0
RAD, 159287, 208, 208, 90, 24, 44, 0, 0
GPS, 1, 0, 0, 0, 99.99, 0, 0, -0.21, -17, 0, 0, 0, 159326
ATT, 159356, 26.44, -0.11, 7.88, -0.26, 316.14, 305.81, 0.05, 0.03
RCIN, 159356, 1500, 1100, 1502, 1100, 1310, 900, 900, 900, 0, 0, 0, 0, 0, 0
CTUN, 159367, 550, 0, 550, 0, -0.21, 0.07, 0, 0, 0, 2
ATT, 159456, 26.44, -0.13, 7.88, -0.25, 316.14, 305.81, 0.03, 0.01
RCIN, 159456, 1500, 1100, 1502, 1100, 1310, 900, 900, 900, 0, 0, 0, 0, 0, 0
CTUN, 159467, 550, 0, 550, 0, -0.19, -0.21, 0, 0, 0, 2
GPS, 1, 0, 0, 0, 99.99, 0, 0, -0.19, -17, 0, 0, 0, 159526
ATT, 159556, 26.44, -0.11, 7.88, -0.25, 316.15, 305.82, 0.03, 0.01
RCIN, 159556, 1500, 1100, 1502, 1100, 1310, 900, 900, 900, 0, 0, 0, 0, 0, 0
CTUN, 159567, 550, 0, 550, 0, -0.19, -0.42, 0, 0, 0, 1
ATT, 159656, 26.44, -0.09, 7.88, -0.25, 316.16, 305.83, 0.04, 0
RCIN, 159656, 1500, 1100, 1502, 1100, 1310, 900, 900, 900, 0, 0, 0, 0, 0, 0
CTUN, 159667, 550, 0, 550, 0, -0.2, -0.27, 0, 0, 0, -1
GPS, 1, 0, 0, 0, 99.99, 0, 0, -0.21, -17, 0, 0, 0, 159726
ATT, 159756, 26.44, -0.08, 7.88, -0.27, 316.17, 305.84, 0.04, 0
RCIN, 159756, 1500, 1100, 1502, 1100, 1310, 900, 900, 900, 0, 0, 0, 0, 0, 0
CTUN, 159767, 550, 0, 550, 0, -0.21, -0.12, 0, 0, 0, -2
ATT, 159856, 26.44, -0.08, 7.88, -0.28, 316.17, 305.84, 0.04, 0.02
RCIN, 159856, 1500, 1100, 1502, 1100, 1310, 900, 900, 900, 0, 0, 0, 0, 0, 0
CTUN, 159867, 550, 0, 550, 0, -0.21, -0.39, 0, 0, 0, -1
GPS, 1, 0, 0, 0, 99.99, 0, 0, -0.22, -17, 0, 0, 0, 159926
ATT, 159956, 26.44, -0.1, 7.88, -0.27, 316.17, 305.84, 0.04, 0.04
RCIN, 159956, 1500, 1100, 1502, 1100, 1310, 900, 900, 900, 0, 0, 0, 0, 0, 0
CTUN, 159967, 550, 0, 550, 0, -0.22, -0.39, 0, 0, 0, 0
ATT, 160056, 26.44, -0.13, 7.88, -0.26, 316.17, 305.84, 0.03, 0
RCIN, 160056, 1500, 1100, 1502, 1100, 1310, 900, 900, 900, 0, 0, 0, 0, 0, 0
CTUN, 160067, 550, 0, 550, 0, -0.23, -0.02, 0, 0, 0, 1
GPS, 1, 0, 0, 0, 99.99, 0, 0, -0.22, -17, 0, 0, 0, 160126
DU32, 7, 196984
CURR, 160155, 550, 130350, 0, 0, 4752, 0
ATT, 160157, 26.44, -0.14, 7.88, -0.25, 316.19, 305.86, 0.03, 0.01
RCIN, 160157, 1500, 1100, 1502, 1100, 1310, 900, 900, 900, 0, 0, 0, 0, 0, 0
CTUN, 160167, 550, 0, 550, 0, -0.22, -0.38, 0, 0, 0, 1
RAD, 160207, 208, 208, 98, 27, 35, 0, 0
RAD, 160226, 208, 208, 98, 27, 35, 0, 0
ATT, 160256, 26.44, -0.14, 7.88, -0.24, 316.2, 305.87, 0.06, 0.01
RCIN, 160256, 1500, 1100, 1502, 1100, 1310, 900, 900, 900, 0, 0, 0, 0, 0, 0
CTUN, 160267, 550, 0, 550, 0, -0.22, -0.01, 0, 0, 0, 0
GPS, 1, 0, 0, 0, 99.99, 0, 0, -0.22, -17, 0, 0, 0, 160326
ATT, 160356, 26.44, -0.12, 7.88, -0.25, 316.21, 305.88, 0.06, 0
RCIN, 160356, 1500, 1100, 1502, 1100, 1310, 900, 900, 900, 0, 0, 0, 0, 0, 0
CTUN, 160367, 550, 0, 550, 0, -0.21, -0.16, 0, 0, 0, -1
EV, 28
EV, 15
GPS, 1, 0, 0, 0, 99.99, 0, 0, -0.2, -17, 0, 0, 0, 162211
RAD, 162213, 208, 208, 96, 23, 42, 0, 0
RAD, 162213, 208, 208, 96, 23, 42, 0, 0
DU32, 7, 196984
CURR, 162259, 550, 132000, 0, 0, 4712, 0
ATT, 162261, 26.44, -0.18, 7.88, -0.29, 308.37, 306.1, 0, 0.01
RCIN, 162261, 1500, 1100, 1502, 1100, 1310, 900, 900, 900, 0, 0, 0, 0, 0, 0
CTUN, 162272, 550, 0, 550, 0, -0.2, -0.02, 0, 0, 0, -1
GPS, 1, 0, 0, 0, 99.99, 0, 0, -0.19, -17, 0, 0, 0, 162330
ATT, 162360, 26.44, -0.18, 7.88, -0.29, 311.67, 306.11, 0, 0.01
RCIN, 162361, 1500, 1100, 1502, 1100, 1310, 900, 900, 900, 0, 0, 0, 0, 0, 0
CTUN, 162370, 550, 0, 550, 0, -0.19, -0.14, 0, 0, 0, -1
RAD, 162431, 208, 208, 100, 28, 42, 0, 0
RAD, 162431, 208, 208, 100, 28, 42, 0, 0
ATT, 162461, 26.44, -0.18, 7.88, -0.28, 314.97, 306.11, 0, 0.01
RCIN, 162461, 1500, 1100, 1502, 1100, 1310, 900, 900, 900, 0, 0, 0, 0, 0, 0
CTUN, 162470, 550, 0, 550, 0, -0.19, -0.07, 0, 0, 0, -1
GPS, 1, 0, 0, 0, 99.99, 0, 0, -0.19, -17, 0, 0, 0, 162530
ATT, 162560, 26.44, -0.19, 7.88, -0.29, 316.44, 306.11, 0, 0.03
RCIN, 162561, 1500, 1100, 1502, 1100, 1310, 900, 900, 900, 0, 0, 0, 0, 0, 0
CTUN, 162570, 550, 0, 550, 0, -0.18, -0.25, 0, 0, 0, -1
ATT, 162661, 26.44, -0.19, 7.88, -0.28, 316.43, 306.1, 0, 0.08
RCIN, 162661, 1500, 1100, 1502, 1100, 1310, 900, 900, 900, 0, 0, 0, 0, 0, 0
CTUN, 162670, 550, 0, 550, 0, -0.19, -0.34, 0, 0, 0, -4
GPS, 1, 0, 0, 0, 99.99, 0, 0, -0.2, -17, 0, 0, 0, 162729
ATT, 162760, 26.44, -0.19, 7.88, -0.28, 316.42, 306.09, 0.02, 0.03
RCIN, 162760, 1500, 1100, 1502, 1100, 1310, 900, 900, 900, 0, 0, 0, 0, 0, 0
CTUN, 162770, 550, 0, 550, 0, -0.2, -0.22, 0, 0, 0, -4
ATT, 162860, 26.44, -0.18, 7.88, -0.29, 316.43, 306.1, 0.02, 0
RCIN, 162860, 1500, 1100, 1502, 1100, 1310, 900, 900, 900, 0, 0, 0, 0, 0, 0
CTUN, 162870, 550, 0, 550, 0, -0.21, -0.34, 0, 0, 0, -4
GPS, 1, 0, 0, 0, 99.99, 0, 0, -0.21, -17, 0, 0, 0, 162930
ATT, 162960, 26.44, -0.18, 7.88, -0.29, 316.43, 306.1, 0, 0
RCIN, 162960, 1500, 1100, 1502, 1100, 1310, 900, 900, 900, 0, 0, 0, 0, 0, 0
CTUN, 162970, 550, 0, 550, 0, -0.22, 0.04, 0, 0, 0, -4
ATT, 163060, 26.44, -0.18, 7.88, -0.29, 316.44, 306.11, 0, 0
RCIN, 163061, 1500, 1100, 1502, 1100, 1310, 900, 900, 900, 0, 0, 0, 0, 0, 0
CTUN, 163070, 550, 0, 550, 0, -0.2, -0.15, 0, 0, 0, -3
GPS, 1, 0, 0, 0, 99.99, 0, 0, -0.2, -17, 0, 0, 0, 163130
ATT, 163161, 26.44, -0.18, 7.88, -0.28, 316.45, 306.12, 0, 0
RCIN, 163161, 1500, 1100, 1502, 1100, 1310, 900, 900, 900, 0, 0, 0, 0, 0, 0
CTUN, 163171, 550, 0, 550, 0, -0.2, -0.05, 0, 0, 0, -3
DU32, 7, 196984
CURR, 163259, 550, 137500, 0, 0, 4732, 0
ATT, 163260, 26.44, -0.18, 7.88, -0.28, 316.46, 306.13, 0, 0
RCIN, 163261, 1500, 1100, 1502, 1100, 1310, 900, 900, 900, 0, 0, 0, 0, 0, 0
CTUN, 163270, 550, 0, 550, 0, -0.2, -0.13, 0, 0, 0, -2
GPS, 1, 0, 0, 0, 99.99, 0, 0, -0.2, -17, 0, 0, 0, 163330
ATT, 163360, 26.44, -0.19, 7.88, -0.28, 316.45, 306.12, 0, 0.07
RCIN, 163360, 1500, 1100, 1502, 1100, 1310, 900, 900, 900, 0, 0, 0, 0, 0, 0
CTUN, 163370, 550, 0, 550, 0, -0.2, -0.24, 0, 0, 0, -1
RAD, 163431, 208, 208, 100, 20, 37, 0, 0
RAD, 163450, 208, 208, 100, 20, 37, 0, 0
ATT, 163460, 26.44, -0.19, 7.88, -0.28, 316.44, 306.11, 0, 0.03
RCIN, 163461, 1500, 1100, 1502, 1100, 1310, 900, 900, 900, 0, 0, 0, 0, 0, 0
CTUN, 163470, 550, 0, 550, 0, -0.2, -0.04, 0, 0, 0, -1
GPS, 1, 0, 0, 0, 99.99, 0, 0, -0.2, -17, 0, 0, 0, 163530
ATT, 163562, 26.44, -0.19, 7.88, -0.28, 316.45, 306.12, 0, 0
RCIN, 163562, 1500, 1100, 1502, 1100, 1310, 900, 900, 900, 0, 0, 0, 0, 0, 0
CTUN, 163571, 550, 0, 550, 0, -0.19, -0.14, 0, 0, 0, -1
ATT, 163660, 26.44, -0.19, 7.88, -0.28, 316.45, 306.12, 0, 0
RCIN, 163660, 1500, 1100, 1502, 1100, 1310, 900, 900, 900, 0, 0, 0, 0, 0, 0
CTUN, 163670, 550, 0, 550, 0, -0.19, -0.31, 0, 0, 0, 0
GPS, 1, 0, 0, 0, 99.99, 0, 0, -0.2, -17, 0, 0, 0, 163729
ATT, 163760, 26.44, -0.19, 7.88, -0.28, 316.46, 306.13, 0, 0
RCIN, 163760, 1500, 1100, 1502, 1100, 1310, 900, 900, 900, 0, 0, 0, 0, 0, 0
CTUN, 163770, 550, 0, 550, 0, -0.2, -0.14, 0, 0, 0, -1
ATT, 163860, 26.44, -0.19, 7.88, -0.28, 316.47, 306.14, 0, 0
RCIN, 163860, 1500, 1100, 1502, 1100, 1310, 900, 900, 900, 0, 0, 0, 0, 0, 0
CTUN, 163870, 550, 0, 550, 0, -0.2, 0.03, 0, 0, 0, -1
GPS, 1, 0, 0, 0, 99.99, 0, 0, -0.2, -17, 0, 0, 0, 163929
ATT, 163960, 26.44, -0.2, 7.88, -0.28, 316.46, 306.13, 0, 0.06
RCIN, 163960, 1500, 1100, 1502, 1100, 1310, 900, 900, 900, 0, 0, 0, 0, 0, 0
CTUN, 163970, 550, 0, 550, 0, -0.19, -0.14, 0, 0, 0, 0
ATT, 164060, 26.44, -0.2, 7.88, -0.28, 316.46, 306.13, 0, 0
RCIN, 164060, 1500, 1100, 1502, 1100, 1310, 900, 900, 900, 0, 0, 0, 0, 0, 0
CTUN, 164070, 550, 0, 550, 0, -0.19, -0.27, 0, 0, 0, -1
GPS, 1, 0, 0, 0, 99.99, 0, 0, -0.19, -17, 0, 0, 0, 164130
ATT, 164160, 26.44, -0.2, 7.88, -0.28, 316.47, 306.14, 0, 0
RCIN, 164160, 1500, 1100, 1502, 1100, 1310, 900, 900, 900, 0, 0, 0, 0, 0, 0
CTUN, 164170, 550, 0, 550, 0, -0.2, -0.29, 0, 0, 0, -1
EV, 28
EV, 15
GPS, 1, 0, 0, 0, 99.99, 0, 0, -0.25, -17, 0, 0, 0, 166153
ATT, 166162, 26.44, -0.25, 7.88, -0.28, 307.28, 306.28, 0, 0.04
RCIN, 166162, 1500, 1100, 1502, 1100, 1310, 900, 900, 900, 0, 0, 0, 0, 0, 0
CTUN, 166173, 550, 0, 550, 0, -0.25, -0.23, 0, 0, 0, -3
RAD, 166182, 208, 208, 100, 31, 39, 0, 0
RAD, 166182, 208, 208, 100, 31, 39, 0, 0
ATT, 166262, 26.44, -0.25, 7.88, -0.28, 310.58, 306.29, 0, 0.01
RCIN, 166262, 1500, 1100, 1502, 1100, 1310, 900, 900, 900, 0, 0, 0, 0, 0, 0
CTUN, 166272, 550, 0, 550, 0, -0.25, -0.2, 0, 0, 0, -3
GPS, 1, 0, 0, 0, 99.99, 0, 0, -0.25, -17, 0, 0, 0, 166331
DU32, 7, 196984
CURR, 166361, 550, 144100, 0, 0, 4712, 0
ATT, 166363, 26.44, -0.25, 7.88, -0.28, 313.88, 306.3, 0, 0.01
RCIN, 166363, 1500, 1100, 1502, 1100, 1310, 900, 900, 900, 0, 0, 0, 0, 0, 0
CTUN, 166373, 550, 0, 550, 0, -0.25, -0.13, 0, 0, 0, -3
RAD, 166462, 208, 208, 100, 32, 39, 0, 0
ATT, 166462, 26.44, -0.25, 7.88, -0.27, 316.6, 306.27, 0, 0.11
RCIN, 166463, 1500, 1100, 1502, 1100, 1310, 900, 900, 900, 0, 0, 0, 0, 0, 0
CTUN, 166472, 550, 0, 550, 0, -0.25, -0.22, 0, 0, 0, -3
RAD, 166482, 208, 208, 100, 32, 39, 0, 0
GPS, 1, 0, 0, 0, 99.99, 0, 0, -0.25, -17, 0, 0, 0, 166532
ATT, 166563, 26.44, -0.25, 7.88, -0.27, 316.59, 306.26, 0, 0.02
RCIN, 166563, 1500, 1100, 1502, 1100, 1310, 900, 900, 900, 0, 0, 0, 0, 0, 0
CTUN, 166572, 550, 0, 550, 0, -0.25, -0.38, 0, 0, 0, -3
ATT, 166662, 26.44, -0.25, 7.88, -0.27, 316.58, 306.25, 0, 0.04
RCIN, 166662, 1500, 1100, 1502, 1100, 1310, 900, 900, 900, 0, 0, 0, 0, 0, 0
CTUN, 166672, 550, 0, 550, 0, -0.26, -0.29, 0, 0, 0, -3
GPS, 1, 0, 0, 0, 99.99, 0, 0, -0.26, -17, 0, 0, 0, 166731
ATT, 166763, 26.44, -0.26, 7.88, -0.27, 316.57, 306.24, 0, 0.03
RCIN, 166763, 1500, 1100, 1502, 1100, 1310, 900, 900, 900, 0, 0, 0, 0, 0, 0
CTUN, 166772, 550, 0, 550, 0, -0.27, -0.12, 0, 0, 0, -3
ATT, 166862, 26.44, -0.26, 7.88, -0.27, 316.56, 306.23, 0, 0.03
RCIN, 166862, 1500, 1100, 1502, 1100, 1310, 900, 900, 900, 0, 0, 0, 0, 0, 0
CTUN, 166872, 550, 0, 550, 0, -0.26, 0.09, 0, 0, 0, -3
GPS, 1, 0, 0, 0, 99.99, 0, 0, -0.25, -17, 0, 0, 0, 166931
ATT, 166961, 26.44, -0.27, 7.88, -0.27, 316.54, 306.21, 0, 0.07
RCIN, 166962, 1500, 1100, 1502, 1100, 1310, 900, 900, 900, 0, 0, 0, 0, 0, 0
CTUN, 166972, 550, 0, 550, 0, -0.24, -0.21, 0, 0, 0, -2
ATT, 167062, 26.44, -0.26, 7.88, -0.27, 316.55, 306.22, 0, 0.01
RCIN, 167062, 1500, 1100, 1502, 1100, 1310, 900, 900, 900, 0, 0, 0, 0, 0, 0
CTUN, 167072, 550, 0, 550, 0, -0.24, -0.26, 0, 0, 0, -2
GPS, 1, 0, 0, 0, 99.99, 0, 0, -0.25, -17, 0, 0, 0, 167131
ATT, 167162, 26.44, -0.26, 7.88, -0.27, 316.54, 306.21, 0, 0.04
RCIN, 167163, 1500, 1100, 1502, 1100, 1310, 900, 900, 900, 0, 0, 0, 0, 0, 0
CTUN, 167172, 550, 0, 550, 0, -0.25, -0.37, 0, 0, 0, -2
ATT, 167262, 26.44, -0.26, 7.88, -0.27, 316.53, 306.2, 0, 0.04
RCIN, 167262, 1500, 1100, 1502, 1100, 1310, 900, 900, 900, 0, 0, 0, 0, 0, 0
CTUN, 167272, 550, 0, 550, 0, -0.26, -0.01, 0, 0, 0, -3
GPS, 1, 0, 0, 0, 99.99, 0, 0, -0.25, -17, 0, 0, 0, 167331
DU32, 7, 196984
CURR, 167361, 550, 149600, 0, 0, 4752, 0
ATT, 167363, 26.44, -0.26, 7.88, -0.27, 316.53, 306.2, 0, 0
RCIN, 167363, 1500, 1100, 1502, 1100, 1310, 900, 900, 900, 0, 0, 0, 0, 0, 0
CTUN, 167372, 550, 0, 550, 0, -0.25, -0.12, 0, 0, 0, -2
CTUN, 167473, 550, 0, 550, 0, -0.24, -0.41, 0, 0, 0, -2
ATT, 167474, 26.44, -0.27, 7.88, -0.27, 316.51, 306.18, 0, 0.06
RCIN, 167474, 1500, 1100, 1502, 1100, 1310, 900, 900, 900, 0, 0, 0, 0, 0, 0
GPS, 1, 0, 0, 0, 99.99, 0, 0, -0.25, -17, 0, 0, 0, 167531
RAD, 167562, 208, 208, 85, 24, 40, 0, 0
RAD, 167562, 208, 208, 85, 24, 40, 0, 0
CTUN, 167572, 550, 0, 550, 0, -0.26, -0.35, 0, 0, 0, -2
ATT, 167573, 26.44, -0.26, 7.88, -0.26, 316.52, 306.19, 0, 0
RCIN, 167574, 1500, 1100, 1502, 1100, 1310, 900, 900, 900, 0, 0, 0, 0, 0, 0
CTUN, 167672, 550, 0, 550, 0, -0.26, -0.27, 0, 0, 0, -3
ATT, 167673, 26.44, -0.26, 7.88, -0.26, 316.5, 306.17, 0, 0.04
RCIN, 167674, 1500, 1100, 1502, 1100, 1310, 900, 900, 900, 0, 0, 0, 0, 0, 0
GPS, 1, 0, 0, 0, 99.99, 0, 0, -0.27, -17, 0, 0, 0, 167732
CTUN, 167772, 550, 0, 550, 0, -0.27, 0.03, 0, 0, 0, -3
ATT, 167773, 26.44, -0.26, 7.88, -0.26, 316.5, 306.17, 0, 0.02
RCIN, 167774, 1500, 1100, 1502, 1100, 1310, 900, 900, 900, 0, 0, 0, 0, 0, 0
CTUN, 167874, 550, 0, 550, 0, -0.25, -0.21, 0, 0, 0, -2
ATT, 167875, 26.44, -0.27, 7.88, -0.26, 316.5, 306.17, 0, 0
RCIN, 167875, 1500, 1100, 1502, 1100, 1310, 900, 900, 900, 0, 0, 0, 0, 0, 0
GPS, 1, 0, 0, 0, 99.99, 0, 0, -0.25, -17, 0, 0, 0, 167933
CTUN, 167973, 550, 0, 550, 0, -0.25, -0.31, 0, 0, 0, -2
ATT, 167974, 26.44, -0.27, 7.88, -0.26, 316.48, 306.15, 0, 0.08
RCIN, 167974, 1500, 1100, 1502, 1100, 1310, 900, 900, 900, 0, 0, 0, 0, 0, 0
CTUN, 168072, 550, 0, 550, 0, -0.26, -0.01, 0, 0, 0, -2
ATT, 168073, 26.44, -0.27, 7.88, -0.26, 316.48, 306.15, 0, 0.01
RCIN, 168073, 1500, 1100, 1502, 1100, 1310, 900, 900, 900, 0, 0, 0, 0, 0, 0
GPS, 1, 0, 0, 0, 99.99, 0, 0, -0.25, -17, 0, 0, 0, 168133
EV, 28
EV, 15
GPS, 1, 0, 0, 0, 99.99, 0, 0, -0.32, -17, 0, 0, 0, 227162
CTUN, 227182, 550, 0, 550, 0, -0.32, -0.4, 0, 0, 0, -1
RAD, 227191, 207, 208, 94, 25, 37, 0, 0
RAD, 227192, 207, 208, 94, 25, 37, 0, 0
ATT, 227192, 26.44, 0.08, 7.88, -0.17, 307.86, 306.56, 0, 0.01
RCIN, 227193, 1500, 1100, 1502, 1100, 1310, 900, 900, 900, 0, 0, 0, 0, 0, 0
CTUN, 227282, 550, 0, 550, 0, -0.32, -0.06, 0, 0, 0, -1
ATT, 227291, 26.44, 0.08, 7.88, -0.17, 311.16, 306.57, 0, 0
RCIN, 227291, 1500, 1100, 1502, 1100, 1310, 900, 900, 900, 0, 0, 0, 0, 0, 0
GPS, 1, 0, 0, 0, 99.99, 0, 0, -0.31, -17, 0, 0, 0, 227361
CTUN, 227382, 550, 0, 550, 0, -0.31, -0.46, 0, 0, 0, -1
ATT, 227391, 26.44, 0.08, 7.88, -0.17, 314.46, 306.58, 0, 0.13
RCIN, 227391, 1500, 1100, 1502, 1100, 1310, 900, 900, 900, 0, 0, 0, 0, 0, 0
DU32, 7, 196984
CURR, 227471, 550, 155650, 0, 0, 4752, 0
CTUN, 227482, 550, 0, 550, 0, -0.32, -0.34, 0, 0, 0, -1
ATT, 227493, 26.44, 0.08, 7.88, -0.17, 316.86, 306.53, 0, 0.02
RCIN, 227493, 1500, 1100, 1502, 1100, 1310, 900, 900, 900, 0, 0, 0, 0, 0, 0
GPS, 1, 0, 0, 0, 99.99, 0, 0, -0.32, -17, 0, 0, 0, 227561
CTUN, 227582, 550, 0, 550, 0, -0.32, -0.18, 0, 0, 0, -1
ATT, 227591, 26.44, 0.08, 7.88, -0.17, 316.85, 306.52, 0, 0.04
RCIN, 227591, 1500, 1100, 1502, 1100, 1310, 900, 900, 900, 0, 0, 0, 0, 0, 0
CTUN, 227682, 550, 0, 550, 0, -0.31, -0.38, 0, 0, 0, -1
ATT, 227691, 26.44, 0.08, 7.88, -0.17, 316.84, 306.51, 0, 0.09
RCIN, 227691, 1500, 1100, 1502, 1100, 1310, 900, 900, 900, 0, 0, 0, 0, 0, 0
GPS, 1, 0, 0, 0, 99.99, 0, 0, -0.32, -17, 0, 0, 0, 227761
CTUN, 227782, 550, 0, 550, 0, -0.32, -0.43, 0, 0, 0, -1
ATT, 227791, 26.44, 0.08, 7.88, -0.17, 316.81, 306.48, 0, 0.07
RCIN, 227792, 1500, 1100, 1502, 1100, 1310, 900, 900, 900, 0, 0, 0, 0, 0, 0
RAD, 227810, 208, 208, 91, 27, 47, 0, 0
RAD, 227811, 208, 208, 91, 27, 47, 0, 0
CTUN, 227882, 550, 0, 550, 0, -0.33, -0.38, 0, 0, 0, -1
ATT, 227891, 26.44, 0.08, 7.88, -0.16, 316.78, 306.45, 0, 0.09
RCIN, 227891, 1500, 1100, 1502, 1100, 1310, 900, 900, 900, 0, 0, 0, 0, 0, 0
GPS, 1, 0, 0, 0, 99.99, 0, 0, -0.33, -17, 0, 0, 0, 227961
CTUN, 227982, 550, 0, 550, 0, -0.33, -0.34, 0, 0, 0, -3
ATT, 227991, 26.44, 0.08, 7.88, -0.16, 316.75, 306.42, 0, 0.04
RCIN, 227992, 1500, 1100, 1502, 1100, 1310, 900, 900, 900, 0, 0, 0, 0, 0, 0
CTUN, 228082, 550, 0, 550, 0, -0.34, -0.36, 0, 0, 0, -3
ATT, 228091, 26.44, 0.08, 7.88, -0.15, 316.74, 306.41, 0.02, 0.05
RCIN, 228091, 1500, 1100, 1502, 1100, 1310, 900, 900, 900, 0, 0, 0, 0, 0, 0
GPS, 1, 0, 0, 0, 99.99, 0, 0, -0.34, -17, 0, 0, 0, 228161
CTUN, 228182, 550, 0, 550, 0, -0.34, -0.4, 0, 0, 0, -3
ATT, 228192, 26.44, 0.07, 7.88, -0.14, 316.73, 306.4, 0.02, 0.06
RCIN, 228192, 1500, 1100, 1502, 1100, 1310, 900, 900, 900, 0, 0, 0, 0, 0, 0
CTUN, 228282, 550, 0, 550, 0, -0.35, -0.24, 0, 0, 0, -3
ATT, 228291, 26.44, 0.06, 7.88, -0.13, 316.71, 306.38, 0.01, 0.04
RCIN, 228291, 1500, 1100, 1502, 1100, 1310, 900, 900, 900, 0, 0, 0, 0, 0, 0
GPS, 1, 0, 0, 0, 99.99, 0, 0, -0.35, -17, 0, 0, 0, 228361
CTUN, 228382, 550, 0, 550, 0, -0.35, -0.38, 0, 0, 0, -4
ATT, 228391, 26.44, 0.05, 7.88, -0.13, 316.7, 306.37, 0.01, 0.1
RCIN, 228391, 1500, 1100, 1502, 1100, 1310, 900, 900, 900, 0, 0, 0, 0, 0, 0
DU32, 7, 196984
CURR, 228470, 550, 161150, 0, 0, 4732, 0
PM, 15, 1000, 112191, 10, 0, 0, 0
CTUN, 228482, 550, 0, 550, 0, -0.36, -0.4, 0, 0, 0, -6
ATT, 228491, 26.44, 0.04, 7.88, -0.13, 316.66, 306.33, 0.02, 0.01
RCIN, 228492, 1500, 1100, 1502, 1100, 1310, 900, 900, 900, 0, 0, 0, 0, 0, 0
RAD, 228550, 208, 208, 96, 20, 39, 0, 0
RAD, 228551, 208, 208, 96, 20, 39, 0, 0
GPS, 1, 0, 0, 0, 99.99, 0, 0, -0.36, -17, 0, 0, 0, 228560
CTUN, 228582, 550, 0, 550, 0, -0.37, -0.06, 0, 0, 0, -9
ATT, 228591, 26.44, 0.02, 7.88, -0.13, 316.66, 306.33, 0.02, 0.04
RCIN, 228591, 1500, 1100, 1502, 1100, 1310, 900, 900, 900, 0, 0, 0, 0, 0, 0
CTUN, 228683, 550, 0, 550, 0, -0.36, -0.38, 0, 0, 0, -10
ATT, 228694, 26.44, 0.01, 7.88, -0.14, 316.65, 306.32, 0.03, 0.05
RCIN, 228694, 1500, 1100, 1502, 1100, 1310, 900, 900, 900, 0, 0, 0, 0, 0, 0
GPS, 1, 0, 0, 0, 99.99, 0, 0, -0.37, -17, 0, 0, 0, 228761
CTUN, 228782, 550, 0, 550, 0, -0.37, -0.31, 0, 0, 0, -11
ATT, 228791, 26.44, 0, 7.88, -0.15, 316.63, 306.3, 0.03, 0.03
RCIN, 228791, 1500, 1100, 1502, 1100, 1310, 900, 900, 900, 0, 0, 0, 0, 0, 0
CTUN, 228882, 550, 0, 550, 0, -0.38, -0.31, 0, 0, 0, -11
ATT, 228891, 26.44, -0.01, 7.88, -0.16, 316.62, 306.29, 0.02, 0.08
RCIN, 228892, 1500, 1100, 1502, 1100, 1310, 900, 900, 900, 0, 0, 0, 0, 0, 0
GPS, 1, 0, 0, 0, 99.99, 0, 0, -0.39, -17, 0, 0, 0, 228961
CTUN, 228982, 550, 0, 550, 0, -0.39, -0.17, 0, 0, 0, -12
ATT, 228991, 26.44, -0.02, 7.88, -0.17, 316.6, 306.27, 0.02, 0.04
RCIN, 228991, 1500, 1100, 1502, 1100, 1310, 900, 900, 900, 0, 0, 0, 0, 0, 0
CTUN, 229082, 550, 0, 550, 0, -0.39, -0.39, 0, 0, 0, -15
ATT, 229092, 26.44, -0.03, 7.88, -0.17, 316.59, 306.26, 0.01, 0.02
RCIN, 229092, 1500, 1100, 1502, 1100, 1310, 900, 900, 900, 0, 0, 0, 0, 0, 0
GPS, 1, 0, 0, 0, 99.99, 0, 0, -0.4, -17, 0, 0, 0, 229161
CTUN, 229182, 550, 0, 550, 0, -0.41, -0.19, 0, 0, 0, -17
ATT, 229191, 26.44, -0.04, 7.88, -0.18, 316.58, 306.25, 0.01, 0.04
RCIN, 229192, 1500, 1100, 1502, 1100, 1310, 900, 900, 900, 0, 0, 0, 0, 0, 0
CTUN, 229282, 550, 0, 550, 0, -0.41, -0.46, 0, 0, 0, -17
ATT, 229291, 26.44, -0.06, 7.88, -0.18, 316.57, 306.24, 0.02, 0.03
RCIN, 229292, 1500, 1100, 1502, 1100, 1310, 900, 900, 900, 0, 0, 0, 0, 0, 0
GPS, 1, 0, 0, 0, 99.99, 0, 0, -0.43, -17, 0, 0, 0, 229361
CTUN, 229382, 550, 0, 550, 0, -0.43, -0.35, 0, 0, 0, -16
ATT, 229391, 26.44, -0.07, 7.88, -0.2, 316.56, 306.23, 0.02, 0.08
RCIN, 229392, 1500, 1100, 1502, 1100, 1310, 900, 900, 900, 0, 0, 0, 0, 0, 0
DU32, 7, 196984
CURR, 229470, 550, 166650, 0, 0, 4732, 0
CTUN, 229482, 550, 0, 550, 0, -0.45, -0.31, 0, 0, 0, -18
ATT, 229491, 26.44, -0.07, 7.88, -0.21, 316.53, 306.2, 0.01, 0.03
RCIN, 229491, 1500, 1100, 1502, 1100, 1310, 900, 900, 900, 0, 0, 0, 0, 0, 0
GPS, 1, 0, 0, 0, 99.99, 0, 0, -0.46, -17, 0, 0, 0, 229561
CTUN, 229582, 550, 0, 550, 0, -0.46, -0.58, 0, 0, 0, -20
ATT, 229592, 26.44, -0.08, 7.88, -0.21, 316.53, 306.2, 0.01, 0.04
RCIN, 229592, 1500, 1100, 1502, 1100, 1310, 900, 900, 900, 0, 0, 0, 0, 0, 0
CTUN, 229682, 550, 0, 550, 0, -0.49, -0.26, 0, 0, 0, -21
RAD, 229692, 208, 208, 86, 27, 40, 0, 0
RAD, 229692, 208, 208, 86, 27, 40, 0, 0
ATT, 229693, 26.44, -0.09, 7.88, -0.22, 316.52, 306.19, 0.02, 0.03
RCIN, 229693, 1500, 1100, 1502, 1100, 1310, 900, 900, 900, 0, 0, 0, 0, 0, 0
GPS, 1, 0, 0, 0, 99.99, 0, 0, -0.5, -17, 0, 0, 0, 229761
CTUN, 229782, 550, 0, 550, 0, -0.5, -0.39, 0, 0, 0, -21
ATT, 229792, 26.44, -0.1, 7.88, -0.23, 316.51, 306.18, 0.02, 0.02
RCIN, 229792, 1500, 1100, 1502, 1100, 1310, 900, 900, 900, 0, 0, 0, 0, 0, 0
CTUN, 229882, 550, 0, 550, 0, -0.52, -0.31, 0, 0, 0, -20
ATT, 229891, 26.44, -0.1, 7.88, -0.24, 316.51, 306.18, 0.03, 0.04
RCIN, 229891, 1500, 1100, 1502, 1100, 1310, 900, 900, 900, 0, 0, 0, 0, 0, 0
GPS, 1, 0, 0, 0, 99.99, 0, 0, -0.53, -17, 0, 0, 0, 229961
CTUN, 229982, 550, 0, 550, 0, -0.53, -0.38, 0, 0, 0, -21
ATT, 229991, 26.44, -0.1, 7.88, -0.27, 316.5, 306.17, 0.03, 0.01
RCIN, 229991, 1500, 1100, 1502, 1100, 1310, 900, 900, 900, 0, 0, 0, 0, 0, 0
CTUN, 230082, 550, 0, 550, 0, -0.54, -0.41, 0, 0, 0, -23
ATT, 230092, 26.44, -0.1, 7.88, -0.28, 316.5, 306.17, 0.01, 0.05
RCIN, 230092, 1500, 1100, 1502, 1100, 1310, 900, 900, 900, 0, 0, 0, 0, 0, 0
PARM, THR_MID, 502
PARM, THR_MID, 502
PARM, THR_MID, 637
PARM, THR_MID, 637
PARM, THR_MID, 770
PARM, THR_MID, 770
PARM, THR_MID, 800
PARM, THR_MID, 791
PARM, THR_MID, 702
PARM, THR_MID, 702
PARM, THR_MID, 549
PARM, THR_MID, 549
PARM, THR_MID, 506
PARM, THR_MID  ????YFM, 48.50032
FMT, 129, 23, PARM, Nf, Name,Value
FMT, 130, 45, GPS, BIHBcLLeeEefI, Status,TimeMS,Week,NSats,HDop,Lat,Lng,RelAlt,Alt,Spd,GCrs,VZ,T
FMT, 131, 31, IMU, Iffffff, TimeMS,GyrX,GyrY,GyrZ,AccX,AccY,AccZ
FMT, 132, 67, MSG, Z, 
