FMT, 128, 89, FMT, BBnNZ, Type,Length,Name,Format,Columns
FMT, 129, 23, PARM, Nf, Name,Value
FMT, 130, 45, GPS, BIHBcLLeeEefI, Status,TimeMS,Week,NSats,HDop,Lat,Lng,RelAlt,Alt,Spd,GCrs,VZ,T
FMT, 131, 31, IMU, Iffffff, TimeMS,GyrX,GyrY,GyrZ,AccX,AccY,AccZ
FMT, 132, 67, MSG, Z, Message
FMT, 133, 35, RCIN, Ihhhhhhhhhhhhhh, TimeMS,C1,C2,C3,C4,C5,C6,C7,C8,C9,C10,C11,C12,C13,C14
FMT, 134, 23, RCOU, Ihhhhhhhh, TimeMS,Chan1,Chan2,Chan3,Chan4,Chan5,Chan6,Chan7,Chan8
FMT, 136, 21, BARO, Iffcf, TimeMS,Alt,Press,Temp,CRt
FMT, 137, 13, POWR, ICCH, TimeMS,Vcc,VServo,Flags
FMT, 145, 41, CMD, IHHHfffffff, TimeMS,CTot,CNum,CId,Prm1,Prm2,Prm3,Prm4,Lat,Lng,Alt
FMT, 146, 16, RAD, IBBBBBHH, TimeMS,RSSI,RemRSSI,TxBuf,Noise,RemNoise,RxErrors,Fixed
FMT, 148, 31, CAM, IHLLeeccC, GPSTime,GPSWeek,Lat,Lng,Alt,RelAlt,Roll,Pitch,Yaw
FMT, 25, 25, ATUN, BBfffff, Axis,TuneStep,RateMin,RateMax,RPGain,RDGain,SPGain
FMT, 26, 9, ATDE, cf, Angle,Rate
FMT, 9, 23, CURR, IhIhhhf, TimeMS,ThrOut,ThrInt,Volt,Curr,Vcc,CurrTot
FMT, 12, 20, OF, hhBccee, Dx,Dy,SQual,X,Y,Roll,Pitch
FMT, 5, 47, NTUN, Iffffffffff, TimeMS,DPosX,DPosY,PosX,PosY,DVelX,DVelY,VelX,VelY,DAccX,DAccY
FMT, 4, 33, CTUN, Ihhhffecchh, TimeMS,ThrIn,AngBst,ThrOut,DAlt,Alt,BarAlt,DSAlt,SAlt,DCRt,CRt
FMT, 15, 25, MAG, Ihhhhhhhhh, TimeMS,MagX,MagY,MagZ,OfsX,OfsY,OfsZ,MOfsX,MOfsY,MOfsZ
FMT, 6, 17, PM, HHIhBHB, NLon,NLoop,MaxT,PMT,I2CErr,INSErr,INAVErr
FMT, 1, 23, ATT, IccccCCCC, TimeMS,DesRoll,Roll,DesPitch,Pitch,DesYaw,Yaw,ErrRP,ErrYaw
FMT, 3, 6, MODE, Mh, Mode,ThrCrs
FMT, 10, 3, STRT, , 
FMT, 13, 4, EV, B, Id
FMT, 20, 6, D16, Bh, Id,Value
FMT, 21, 6, DU16, BH, Id,Value
FMT, 22, 8, D32, Bi, Id,Value
FMT, 23, 8, DU32, BI, Id,Value
FMT, 24, 8, DFLT, Bf, Id,Value
FMT, 19, 5, ERR, BB, Subsys,ECode
PARM, SYSID_SW_MREV, 120
PARM, SYSID_SW_TYPE, 10
PARM, SYSID_THISMAV, 1
PARM, SYSID_MYGCS, 255
PARM, SERIAL0_BAUD, 115
PARM, SERIAL1_BAUD, 57
PARM, TELEM_DELAY, 0
PARM, RTL_ALT, 1500
PARM, RNGFND_GAIN, 0.8
PARM, FS_BATT_ENABLE, 0
PARM, FS_BATT_VOLTAGE, 10.5
PARM, FS_BATT_MAH, 0
PARM, FS_GPS_ENABLE, 1
PARM, FS_GCS_ENABLE, 1
PARM, GPS_HDOP_GOOD, 230
PARM, MAG_ENABLE, 1
PARM, FLOW_ENABLE, 0
PARM, SUPER_SIMPLE, 0
PARM, RTL_ALT_FINAL, 0
PARM, RSSI_PIN, -1
PARM, RSSI_RANGE, 5
PARM, WP_YAW_BEHAVIOR, 2
PARM, RTL_LOIT_TIME, 5000
PARM, LAND_SPEED, 50
PARM, PILOT_VELZ_MAX, 250
PARM, PILOT_ACCEL_Z, 250
PARM, THR_MIN, 130
PARM, THR_MAX, 1000
PARM, FS_THR_ENABLE, 0
PARM, FS_THR_VALUE, 975
PARM, TRIM_THROTTLE, 450
PARM, THR_MID, 500
PARM, THR_DZ, 100
PARM, FLTMODE1, 0
PARM, FLTMODE2, 0
PARM, FLTMODE3, 0
PARM, FLTMODE4, 0
PARM, FLTMODE5, 0
PARM, FLTMODE6, 0
PARM, SIMPLE, 0
PARM, LOG_BITMASK, 894
PARM, ESC, 0
PARM, TUNE, 0
PARM, TUNE_LOW, 0
PARM, TUNE_HIGH, 1000
PARM, FRAME, 1
PARM, CH7_OPT, 0
PARM, CH8_OPT, 0
PARM, ARMING_CHECK, 1
PARM, ANGLE_MAX, 4500
PARM, RC_FEEL_RP, 100
PARM, PHLD_BRAKE_RATE, 8
PARM, PHLD_BRAKE_ANGLE, 3000
PARM, LAND_REPOSITION, 1
PARM, EKF_CHECK_THRESH, 0.8
PARM, DCM_CHECK_THRESH, 0.8
PARM, RC1_MIN, 991
PARM, RC1_TRIM, 1504
PARM, RC1_MAX, 2016
PARM, RC1_REV, 1
PARM, RC1_DZ, 30
PARM, RC2_MIN, 991
PARM, RC2_TRIM, 1503
PARM, RC2_MAX, 2016
PARM, RC2_REV, 1
PARM, RC2_DZ, 30
PARM, RC3_MIN, 990
PARM, RC3_TRIM, 992
PARM, RC3_MAX, 2016
PARM, RC3_REV, 1
PARM, RC3_DZ, 30
PARM, RC4_MIN, 991
PARM, RC4_TRIM, 1504
PARM, RC4_MAX, 2016
PARM, RC4_REV, 1
PARM, RC4_DZ, 40
PARM, RC5_MIN, 1503
PARM, RC5_TRIM, 1504
PARM, RC5_MAX, 1508
PARM, RC5_REV, 1
PARM, RC5_DZ, 0
PARM, RC5_FUNCTION, 0
PARM, RC6_MIN, 1500
PARM, RC6_TRIM, 1504
PARM, RC6_MAX, 1504
PARM, RC6_REV, 1
PARM, RC6_DZ, 0
PARM, RC6_FUNCTION, 0
PARM, RC7_MIN, 1503
PARM, RC7_TRIM, 1504
PARM, RC7_MAX, 1507
PARM, RC7_REV, 1
PARM, RC7_DZ, 0
PARM, RC7_FUNCTION, 0
PARM, RC8_MIN, 1500
PARM, RC8_TRIM, 1503
PARM, RC8_MAX, 1507
PARM, RC8_REV, 1
PARM, RC8_DZ, 0
PARM, RC8_FUNCTION, 0
PARM, RC10_MIN, 1100
PARM, RC10_TRIM, 0
PARM, RC10_MAX, 1900
PARM, RC10_REV, 1
PARM, RC10_DZ, 0
PARM, RC10_FUNCTION, 0
PARM, RC11_MIN, 1100
PARM, RC11_TRIM, 0
PARM, RC11_MAX, 1900
PARM, RC11_REV, 1
PARM, RC11_DZ, 0
PARM, RC11_FUNCTION, 0
PARM, RC_SPEED, 490
PARM, ACRO_RP_P, 4.5
PARM, ACRO_YAW_P, 4.5
PARM, ACRO_BAL_ROLL, 1
PARM, ACRO_BAL_PITCH, 1
PARM, ACRO_TRAINER, 2
PARM, ACRO_EXPO, 0.3
PARM, RATE_RLL_P, 0.15
PARM, RATE_RLL_I, 0.1
PARM, RATE_RLL_D, 0.004
PARM, RATE_RLL_IMAX, 1000
PARM, RATE_PIT_P, 0.15
PARM, RATE_PIT_I, 0.1
PARM, RATE_PIT_D, 0.004
PARM, RATE_PIT_IMAX, 1000
PARM, RATE_YAW_P, 0.2
PARM, RATE_YAW_I, 0.02
PARM, RATE_YAW_D, 0
PARM, RATE_YAW_IMAX, 1000
PARM, LOITER_LAT_P, 1
PARM, LOITER_LAT_I, 0.5
PARM, LOITER_LAT_D, 0
PARM, LOITER_LAT_IMAX, 1000
PARM, LOITER_LON_P, 1
PARM, LOITER_LON_I, 0.5
PARM, LOITER_LON_D, 0
PARM, LOITER_LON_IMAX, 1000
PARM, THR_RATE_P, 5
PARM, THR_ACCEL_P, 0.5
PARM, THR_ACCEL_I, 1
PARM, THR_ACCEL_D, 0
PARM, THR_ACCEL_IMAX, 800
PARM, OF_RLL_P, 2.5
PARM, OF_RLL_I, 0.5
PARM, OF_RLL_D, 0.12
PARM, OF_RLL_IMAX, 100
PARM, OF_PIT_P, 2.5
PARM, OF_PIT_I, 0.5
PARM, OF_PIT_D, 0.12
PARM, OF_PIT_IMAX, 100
PARM, STB_RLL_P, 4.5
PARM, STB_PIT_P, 4.5
PARM, STB_YAW_P, 4.5
PARM, THR_ALT_P, 1
PARM, HLD_LAT_P, 1
PARM, CAM_TRIGG_TYPE, 0
PARM, CAM_DURATION, 10
PARM, CAM_SERVO_ON, 1300
PARM, CAM_SERVO_OFF, 1100
PARM, CAM_TRIGG_DIST, 0
PARM, RELAY_PIN, 13
PARM, RELAY_PIN2, -1
PARM, COMPASS_OFS_X, 6
PARM, COMPASS_OFS_Y, -70
PARM, COMPASS_OFS_Z, 99
PARM, COMPASS_DEC, 0
PARM, COMPASS_LEARN, 0
PARM, COMPASS_USE, 1
PARM, COMPASS_AUTODEC, 1
PARM, COMPASS_MOTCT, 0
PARM, COMPASS_MOT_X, 0
PARM, COMPASS_MOT_Y, 0
PARM, COMPASS_MOT_Z, 0
PARM, COMPASS_ORIENT, 0
PARM, COMPASS_EXTERNAL, 0
PARM, INS_PRODUCT_ID, 0
PARM, INS_ACCSCAL_X, 0.9943895
PARM, INS_ACCSCAL_Y, 0.9972535
PARM, INS_ACCSCAL_Z, 0.983452
PARM, INS_ACCOFFS_X, -0.01576085
PARM, INS_ACCOFFS_Y, 0.2131895
PARM, INS_ACCOFFS_Z, 0.0190956
PARM, INS_GYROFFS_X, -0.0005267886
PARM, INS_GYROFFS_Y, -0.02009246
PARM, INS_GYROFFS_Z, 0.0130154
PARM, INS_MPU6K_FILTER, 0
PARM, INAV_TC_XY, 2.5
PARM, INAV_TC_Z, 5
PARM, WPNAV_SPEED, 500
PARM, WPNAV_RADIUS, 200
PARM, WPNAV_SPEED_UP, 250
PARM, WPNAV_SPEED_DN, 150
PARM, WPNAV_LOIT_SPEED, 500
PARM, WPNAV_ACCEL, 100
PARM, WPNAV_ACCEL_Z, 100
PARM, WPNAV_LOIT_JERK, 1000
PARM, CIRCLE_RADIUS, 1000
PARM, CIRCLE_RATE, 20
PARM, ATC_RATE_RP_MAX, 18000
PARM, ATC_RATE_Y_MAX, 9000
PARM, ATC_SLEW_YAW, 1000
PARM, ATC_ACCEL_RP_MAX, 0
PARM, ATC_ACCEL_Y_MAX, 0
PARM, ATC_RATE_FF_ENAB, 0
PARM, POSCON_THR_HOVER, 450
PARM, SR0_RAW_SENS, 2
PARM, SR0_EXT_STAT, 2
PARM, SR0_RC_CHAN, 2
PARM, SR0_RAW_CTRL, 2
PARM, SR0_POSITION, 2
PARM, SR0_EXTRA1, 4
PARM, SR0_EXTRA2, 4
PARM, SR0_EXTRA3, 2
PARM, SR0_PARAMS, 0
PARM, SR1_RAW_SENS, 2
PARM, SR1_EXT_STAT, 2
PARM, SR1_RC_CHAN, 2
PARM, SR1_RAW_CTRL, 2
PARM, SR1_POSITION, 2
PARM, SR1_EXTRA1, 2
PARM, SR1_EXTRA2, 2
PARM, SR1_EXTRA3, 2
PARM, SR1_PARAMS, 0
PARM, AHRS_GPS_GAIN, 1
PARM, AHRS_GPS_USE, 1
PARM, AHRS_YAW_P, 0.1
PARM, AHRS_RP_P, 0.1
PARM, AHRS_WIND_MAX, 0
PARM, AHRS_TRIM_X, 0.002718636
PARM, AHRS_TRIM_Y, 0.02381147
PARM, AHRS_TRIM_Z, 0
PARM, AHRS_ORIENTATION, 0
PARM, AHRS_COMP_BETA, 0.1
PARM, AHRS_GPS_MINSATS, 6
PARM, MNT_MODE, 0
PARM, MNT_RETRACT_X, 0
PARM, MNT_RETRACT_Y, 0
PARM, MNT_RETRACT_Z, 0
PARM, MNT_NEUTRAL_X, 0
PARM, MNT_NEUTRAL_Y, 0
PARM, MNT_NEUTRAL_Z, 0
PARM, MNT_CONTROL_X, 0
PARM, MNT_CONTROL_Y, 0
PARM, MNT_CONTROL_Z, 0
PARM, MNT_STAB_ROLL, 0
PARM, MNT_STAB_TILT, 0
PARM, MNT_STAB_PAN, 0
PARM, MNT_RC_IN_ROLL, 0
PARM, MNT_ANGMIN_ROL, -4500
PARM, MNT_ANGMAX_ROL, 4500
PARM, MNT_RC_IN_TILT, 0
PARM, MNT_ANGMIN_TIL, -4500
PARM, MNT_ANGMAX_TIL, 4500
PARM, MNT_RC_IN_PAN, 0
PARM, MNT_ANGMIN_PAN, -4500
PARM, MNT_ANGMAX_PAN, 4500
PARM, MNT_JSTICK_SPD, 0
PARM, BATT_MONITOR, 0
PARM, BATT_VOLT_PIN, 1
PARM, BATT_CURR_PIN, 2
PARM, BATT_VOLT_MULT, 10.1
PARM, BATT_AMP_PERVOLT, 17
PARM, BATT_AMP_OFFSET, 0
PARM, BATT_CAPACITY, 3300
PARM, BATT_VOLT2_PIN, -1
PARM, BATT_VOLT2_MULT, 1
PARM, GND_ABS_PRESS, 41474.38
PARM, GND_TEMP, 31.6101
PARM, GND_ALT_OFFSET, 0
PARM, GPS_TYPE, 1
PARM, GPS_NAVFILTER, 8
PARM, SCHED_DEBUG, 0
PARM, FENCE_ENABLE, 0
PARM, FENCE_TYPE, 3
PARM, FENCE_ACTION, 1
PARM, FENCE_ALT_MAX, 100
PARM, FENCE_RADIUS, 300
PARM, FENCE_MARGIN, 2
PARM, GPSGLITCH_ENABLE, 1
PARM, GPSGLITCH_RADIUS, 200
PARM, GPSGLITCH_ACCEL, 1000
PARM, BAROGLTCH_ENABLE, 1
PARM, BAROGLTCH_DIST, 500
PARM, BAROGLTCH_ACCEL, 1500
PARM, MOT_TCRV_ENABLE, 1
PARM, MOT_TCRV_MIDPCT, 52
PARM, MOT_TCRV_MAXPCT, 93
PARM, MOT_SPIN_ARMED, 70
PARM, RCMAP_ROLL, 1
PARM, RCMAP_PITCH, 2
PARM, RCMAP_THROTTLE, 3
PARM, RCMAP_YAW, 4
PARM, MIS_TOTAL, 0
PARM, MIS_RESTART, 0
PARM, RNGFND_TYPE, 0
PARM, RNGFND_PIN, -1
PARM, RNGFND_SCALING, 3
PARM, RNGFND_OFFSET, 0
PARM, RNGFND_FUNCTION, 0
PARM, RNGFND_MIN_CM, 20
PARM, RNGFND_MAX_CM, 700
PARM, RNGFND_STOP_PIN, -1
PARM, RNGFND_SETTLE_MS, 0
PARM, RNGFND_RMETRIC, 1
MSG, ArduCopter V3.2.1 (36b405fb)
MSG, Frame: QUAD
MODE, Stabilize, 450
EV, 10
MODE, Stabilize, 450
GPS, 1, 0, 0, 0, 99.99, 0, 0, 0, -17, 0, 0, 0, 199730
CTUN, 199749, 0, 0, 0, 0, 0, -1.21, 0, 0, 0, 2
ATT, 199768, 0, -0.07, 0, -0.25, 72.58, 72.58, 0, 0
RCIN, 199769, 1503, 1503, 992, 1503, 1504, 1504, 1504, 1503, 0, 0, 0, 0, 0, 0
CTUN, 199850, 0, 0, 0, 0, 0.05, -1.13, 0, 0, 0, 3
ATT, 199869, 0, -0.06, 0, -0.24, 72.58, 72.58, 0, 0.04
RCIN, 199869, 1504, 1503, 991, 1504, 1504, 1504, 1504, 1504, 0, 0, 0, 0, 0, 0
GPS, 1, 0, 0, 0, 99.99, 0, 0, 0, -17, 0, 0, 0, 199929
CTUN, 199951, 0, 0, 0, 0, -0.01, -0.89, 0, 0, 0, 1
ATT, 199970, 0, -0.06, 0, -0.24, 72.56, 72.56, 0, 0.03
RCIN, 199970, 1503, 1504, 991, 1504, 1503, 1504, 1504, 1503, 0, 0, 0, 0, 0, 0
CTUN, 200051, 0, 0, 0, 0, -0.06, -1.27, 0, 0, 0, 0
ATT, 200070, 0, -0.07, 0, -0.24, 72.55, 72.55, 0, 0.07
RCIN, 200070, 1504, 1503, 991, 1504, 1503, 1504, 1504, 1503, 0, 0, 0, 0, 0, 0
GPS, 1, 0, 0, 0, 99.99, 0, 0, -0.12, -17, 0, 0, 0, 200129
CTUN, 200149, 0, 0, 0, 0, -0.14, 0.33, 0, 0, 0, 0
ATT, 200169, 0, -0.07, 0, -0.23, 72.53, 72.53, 0, 0.07
RCIN, 200169, 1503, 1504, 991, 1504, 1504, 1504, 1504, 1503, 0, 0, 0, 0, 0, 0
CTUN, 200251, 0, 0, 0, 0, -0.11, 0.25, 0, 0, 0, 0
ATT, 200269, 0, -0.06, 0, -0.23, 72.56, 72.56, 0, 0.07
RCIN, 200270, 1503, 1503, 991, 1504, 1504, 1504, 1504, 1504, 0, 0, 0, 0, 0, 0
GPS, 1, 0, 0, 0, 99.99, 0, 0, -0.09, -17, 0, 0, 0, 200329
CTUN, 200349, 0, 0, 0, 0, -0.09, -1.45, 0, 0, 0, 0
ATT, 200369, 0, -0.06, 0, -0.23, 72.58, 72.58, 0, 0.06
RCIN, 200369, 1503, 1503, 991, 1504, 1503, 1504, 1504, 1503, 0, 0, 0, 0, 0, 0
CTUN, 200452, 0, 0, 0, 0, -0.17, -1.33, 0, 0, 0, -1
ATT, 200470, 0, -0.06, 0, -0.23, 72.55, 72.55, 0, 0.09
RCIN, 200470, 1503, 1503, 991, 1504, 1503, 1504, 1504, 1503, 0, 0, 0, 0, 0, 0
GPS, 1, 0, 0, 0, 99.99, 0, 0, -0.23, -17, 0, 0, 0, 200530
CTUN, 200550, 0, 0, 0, 0, -0.24, -1.01, 0, 0, 0, -2
DU32, 7, 674776
CURR, 200551, 0, 0, 0, 0, 4732, 0
ATT, 200570, 0, -0.07, 0, -0.23, 72.51, 72.51, 0, 0.03
RCIN, 200571, 1503, 1503, 991, 1504, 1504, 1504, 1504, 1503, 0, 0, 0, 0, 0, 0
RAD, 200640, 189, 188, 95, 22, 46, 0, 0
RAD, 200640, 189, 188, 95, 22, 46, 0, 0
CTUN, 200650, 0, 0, 0, 0, -0.29, -1.2, 0, 0, 0, -3
ATT, 200671, 0, -0.07, 0, -0.23, 72.49, 72.49, 0, 0.01
RCIN, 200671, 1503, 1503, 991, 1504, 1504, 1504, 1504, 1503, 0, 0, 0, 0, 0, 0
GPS, 1, 0, 0, 0, 99.99, 0, 0, -0.34, -17, 0, 0, 0, 200730
CTUN, 200751, 0, 0, 0, 0, -0.35, -0.65, 0, 0, 0, -4
ATT, 200770, 0, -0.07, 0, -0.23, 72.49, 72.49, 0, 0.07
RCIN, 200770, 1503, 1503, 991, 1504, 1503, 1504, 1504, 1503, 0, 0, 0, 0, 0, 0
CTUN, 200850, 0, 0, 0, 0, -0.37, -1.25, 0, 0, 0, -4
ATT, 200870, 0, -0.07, 0, -0.22, 72.52, 72.52, 0, 0.08
RCIN, 200870, 1504, 1503, 991, 1504, 1504, 1504, 1504, 1503, 0, 0, 0, 0, 0, 0
GPS, 1, 0, 0, 0, 99.99, 0, 0, -0.42, -17, 0, 0, 0, 200930
CTUN, 200950, 0, 0, 0, 0, -0.43, 0.31, 0, 0, 0, -6
ATT, 200970, 0, -0.07, 0, -0.22, 72.5, 72.5, 0, 0.13
RCIN, 200970, 1504, 1504, 991, 1503, 1504, 1504, 1504, 1503, 0, 0, 0, 0, 0, 0
CTUN, 201051, 0, 0, 0, 0, -0.39, -0.98, 0, 0, 0, -5
EV, 15
ATT, 201071, 0, -0.07, 0, -0.23, 72.55, 72.55, 0, 0.04
RCIN, 201071, 1503, 1503, 1021, 1504, 1504, 1504, 1504, 1504, 0, 0, 0, 0, 0, 0
GPS, 1, 0, 0, 0, 99.99, 0, 0, -0.43, -17, 0, 0, 0, 201131
CTUN, 201152, 201, 0, 201, 0, -0.43, -1.17, 0, 0, 0, -5
ATT, 201171, 0, -0.07, 0, -0.22, 72.55, 72.53, 0, 0
RCIN, 201171, 1503, 1503, 1118, 1504, 1504, 1504, 1504, 1503, 0, 0, 0, 0, 0, 0
CTUN, 201252, 214, 0, 214, 0, -0.48, -0.81, 0, 0, 0, -6
ATT, 201272, 0, -0.07, 0, -0.22, 72.55, 72.53, 0, 0.08
RCIN, 201273, 1504, 1503, 1117, 1504, 1504, 1504, 1504, 1503, 0, 0, 0, 0, 0, 0
GPS, 1, 0, 0, 0, 99.99, 0, 0, -0.51, -17, 0, 0, 0, 201331
CTUN, 201352, 247, 0, 247, 0, -0.51, -0.49, 0, 0, 0, -7
ATT, 201371, 0, -0.07, 0, -0.22, 72.55, 72.5, 0, 0
RCIN, 201371, 1503, 1503, 1154, 1503, 1504, 1504, 1504, 1503, 0, 0, 0, 0, 0, 0
EV, 28
CTUN, 201452, 275, 0, 275, 0, -0.52, -0.3, 0, 0, 0, -7
ATT, 201471, 0, -0.07, 0, -0.22, 72.55, 72.5, 0, 0.03
RCIN, 201471, 1503, 1503, 1188, 1503, 1504, 1504, 1504, 1503, 0, 0, 0, 0, 0, 0
GPS, 1, 0, 0, 0, 99.99, 0, 0, -0.51, -17, 0, 0, 0, 201531
CTUN, 201552, 338, 0, 311, 0, -0.51, -0.19, 0, 0, 0, -7
DU32, 7, 150392
CURR, 201553, 311, 1248, 0, 0, 4693, 0
PM, 19, 1000, 1817651, 12, 0, 0, 0
ATT, 201571, 0, -0.07, 0, -0.22, 72.55, 72.52, 0, 0.07
RCIN, 201571, 1503, 1504, 1285, 1504, 1504, 1504, 1504, 1503, 0, 0, 0, 0, 0, 0
CTUN, 201652, 433, 0, 433, 0, -0.5, -1.37, 0, 0, 0, -6
ATT, 201671, 0, -0.07, 0, -0.21, 72.55, 72.55, 0, 0.09
RCIN, 201672, 1503, 1504, 1367, 1504, 1504, 1504, 1504, 1503, 0, 0, 0, 0, 0, 0
RAD, 201681, 188, 188, 98, 25, 43, 0, 0
RAD, 201681, 188, 188, 98, 25, 43, 0, 0
GPS, 1, 0, 0, 0, 99.99, 0, 0, -0.55, -17, 0, 0, 0, 201731
CTUN, 201752, 561, 0, 539, 0, -0.56, -1.19, 0, 0, 0, -7
ATT, 201771, 0, -0.08, 0, -0.21, 72.55, 72.51, 0, 0.01
RCIN, 201771, 1503, 1503, 1546, 1504, 1504, 1504, 1504, 1503, 0, 0, 0, 0, 0, 0
CTUN, 201852, 618, 0, 618, 0, -0.61, 0.28, 0, 0, 0, -8
ATT, 201871, 0, -0.08, 0, -0.21, 72.55, 72.51, 0, 0.25
RCIN, 201871, 1503, 1503, 1579, 1504, 1504, 1504, 1504, 1504, 0, 0, 0, 0, 0, 0
GPS, 1, 0, 0, 0, 99.99, 0, 0, -0.57, -17, 0, 0, 0, 201932
CTUN, 201952, 537, 0, 578, 0, -0.56, 0.22, 0, 0, 0, -7
ATT, 201971, 0, -0.07, 0, -0.21, 72.55, 72.61, 0, 0.11
RCIN, 201971, 1503, 1504, 1469, 1504, 1504, 1504, 1504, 1504, 0, 0, 0, 0, 0, 0
CTUN, 202052, 495, 0, 495, 0, -0.52, -0.17, 0, 0, 0, -7
ATT, 202071, 0, -0.07, 0, -0.21, 72.55, 72.65, 0, 0.16
RCIN, 202071, 1503, 1504, 1439, 1504, 1504, 1504, 1504, 1503, 0, 0, 0, 0, 0, 0
GPS, 1, 0, 0, 0, 99.99, 0, 0, -0.51, -17, 0, 0, 0, 202132
CTUN, 202152, 495, 0, 496, 0, -0.51, -1.12, 0, 0, 0, -6
ATT, 202171, 0, -0.07, 0, -0.21, 72.55, 72.7, 0, 0.07
RCIN, 202171, 1504, 1503, 1440, 1503, 1504, 1504, 1504, 1503, 0, 0, 0, 0, 0, 0
CTUN, 202252, 516, 0, 516, 0, -0.55, -0.69, 0, 0, 0, -7
ATT, 202271, 0, -0.06, 0, -0.21, 72.55, 72.67, 0, 0
RCIN, 202272, 1503, 1504, 1506, 1504, 1504, 1504, 1504, 1503, 0, 0, 0, 0, 0, 0
GPS, 1, 0, 0, 0, 99.99, 0, 0, -0.57, -17, 0, 0, 0, 202331
CTUN, 202352, 585, 0, 563, 0, -0.57, -1.53, 0, 0, 0, -7
ATT, 202371, 0, -0.07, 0, -0.21, 72.55, 72.68, 0, 0.08
RCIN, 202372, 1503, 1504, 1541, 1504, 1504, 1504, 1504, 1504, 0, 0, 0, 0, 0, 0
CTUN, 202452, 586, 0, 586, 0, -0.64, -1.24, 0, 0, 0, -8
ATT, 202471, 0, -0.06, 0, -0.21, 72.55, 72.71, 0, 0.01
RCIN, 202472, 1503, 1503, 1544, 1504, 1504, 1504, 1504, 1503, 0, 0, 0, 0, 0, 0
GPS, 1, 0, 0, 0, 99.99, 0, 0, -0.67, -17, 0, 0, 0, 202531
CTUN, 202552, 603, 0, 603, 0, -0.68, 0.82, 0, 0, 0, -9
DU32, 7, 150392
CURR, 202553, 603, 6675, 0, 0, 4772, 0
ATT, 202571, 0, -0.07, 0, -0.2, 72.55, 72.72, 0, 0.21
RCIN, 202571, 1503, 1503, 1581, 1504, 1504, 1504, 1504, 1503, 0, 0, 0, 0, 0, 0
CTUN, 202652, 647, 0, 647, 0, -0.6, -1.19, 0, 0, 0, -7
ATT, 202671, 0, -0.06, 0, -0.2, 72.55, 72.79, 0, 0.01
RCIN, 202671, 1503, 1503, 1614, 1504, 1504, 1504, 1504, 1503, 0, 0, 0, 0, 0, 0
RAD, 202702, 190, 188, 100, 39, 44, 0, 0
RAD, 202703, 190, 188, 100, 39, 44, 0, 0
GPS, 1, 0, 0, 0, 99.99, 0, 0, -0.64, -17, 0, 0, 0, 202731
CTUN, 202752, 647, 0, 647, 0, -0.65, -0.7, 0, 0, 0, -8
ATT, 202771, 0, -0.06, 0, -0.2, 72.55, 72.79, 0, 0.08
RCIN, 202771, 1503, 1503, 1614, 1504, 1504, 1504, 1504, 1503, 0, 0, 0, 0, 0, 0
CTUN, 202852, 647, 0, 647, 0, -0.66, -0.97, 0, 0, 0, -8
ATT, 202871, 0, -0.06, 0, -0.2, 72.55, 72.82, 0, 0
RCIN, 202871, 1503, 1503, 1613, 1505, 1504, 1504, 1504, 1503, 0, 0, 0, 0, 0, 0
GPS, 1, 0, 0, 0, 99.99, 0, 0, -0.68, -17, 0, 0, 0, 202932
CTUN, 202952, 648, 0, 648, 0, -0.69, -0.66, 0, 0, 0, -8
ATT, 202971, 0, -0.07, 0, -0.2, 72.55, 72.82, 0, 0.01
RCIN, 202971, 1503, 1503, 1614, 1504, 1504, 1504, 1504, 1504, 0, 0, 0, 0, 0, 0
CTUN, 203052, 648, 0, 648, 0, -0.69, 0.48, 0, 0, 0, -9
ATT, 203071, 0, -0.07, 0, -0.19, 72.55, 72.82, 0, 0.19
RCIN, 203071, 1503, 1504, 1626, 1504, 1504, 1504, 1504, 1504, 0, 0, 0, 0, 0, 0
GPS, 1, 0, 0, 0, 99.99, 0, 0, -0.65, -17, 0, 0, 0, 203132
CTUN, 203152, 741, 0, 741, 0, -0.63, -0.99, 0, 0, 0, -8
ATT, 203171, 0, -0.06, 0, -0.19, 72.55, 72.89, 0, 0.03
RCIN, 203171, 1503, 1504, 1750, 1504, 1504, 1504, 1504, 1503, 0, 0, 0, 0, 0, 0
CTUN, 203252, 803, 0, 792, 0, -0.66, -1.21, 0, 0, 0, -7
ATT, 203271, 0, -0.06, 0, -0.19, 72.55, 72.9, 0, 0.01
RCIN, 203271, 1503, 1503, 1808, 1504, 1504, 1504, 1504, 1503, 0, 0, 0, 0, 0, 0
GPS, 1, 0, 0, 0, 99.99, 0, 0, -0.7, -17, 0, 0, 0, 203333
CTUN, 203352, 878, 0, 851, 0, -0.7, -0.84, 0, 0, 0, -7
ATT, 203371, 0, -0.06, 0, -0.19, 72.55, 72.91, 0.01, 0.03
RCIN, 203371, 1503, 1504, 1896, 1504, 1504, 1504, 1504, 1503, 0, 0, 0, 0, 0, 0
CTUN, 203452, 958, 0, 958, 0, -0.72, -0.97, 0, 0, 0, -7
ATT, 203471, 0, -0.06, 0, -0.19, 72.55, 72.92, 0.01, 0.04
RCIN, 203471, 1503, 1503, 1983, 1504, 1504, 1503, 1504, 1503, 0, 0, 0, 0, 0, 0
GPS, 1, 0, 0, 0, 99.99, 0, 0, -0.74, -17, 0, 0, 0, 203532
CTUN, 203552, 1000, 0, 999, 0, -0.74, -0.83, 0, 0, 0, 0
DU32, 7, 150392
CURR, 203553, 999, 14253, 0, 0, 4772, 0
ATT, 203571, 0, -0.07, 0, -0.19, 72.55, 72.94, 0.01, 0.06
RCIN, 203571, 1503, 1503, 2016, 1504, 1504, 1504, 1504, 1504, 0, 0, 0, 0, 0, 0
CTUN, 203652, 1000, 0, 1000, 0, -0.75, -0.98, 0, 0, 0, -4
ATT, 203671, 0, -0.07, 0, -0.2, 72.55, 72.97, 0.01, 0.05
RCIN, 203671, 1503, 1503, 2016, 1504, 1504, 1504, 1504, 1503, 0, 0, 0, 0, 0, 0
GPS, 1, 0, 0, 0, 99.99, 0, 0, -0.77, -17, 0, 0, 0, 203731
CTUN, 203753, 1000, 0, 1000, 0, -0.77, -0.89, 0, 0, 0, -15
ATT, 203771, 0, -0.07, 0, -0.21, 72.55, 72.99, 0.02, 0.05
RCIN, 203771, 1503, 1503, 2016, 1504, 1503, 1504, 1504, 1503, 0, 0, 0, 0, 0, 0
CTUN, 203852, 999, 0, 999, 0, -0.8, -1.22, 0, 0, 0, -19
ATT, 203871, 0, -0.05, 0, -0.2, 72.55, 73.01, 0.02, 0.02
RCIN, 203871, 1503, 1503, 2015, 1523, 1504, 1504, 1504, 1504, 0, 0, 0, 0, 0, 0
RAD, 203902, 190, 190, 94, 23, 46, 0, 0
RAD, 203902, 190, 190, 94, 23, 46, 0, 0
GPS, 1, 0, 0, 0, 99.99, 0, 0, -0.83, -17, 0, 0, 0, 203931
CTUN, 203953, 1000, 0, 1000, 0, -0.84, -0.42, 0, 0, 0, -12
ATT, 203971, 0, -0.04, 0, -0.2, 72.55, 73.02, 0.04, 0.06
RCIN, 203971, 1503, 1504, 2015, 1523, 1503, 1504, 1504, 1503, 0, 0, 0, 0, 0, 0
CTUN, 204052, 1000, 0, 1000, 0, -0.83, -1.06, 0, 0, 0, -3
ATT, 204071, 0, -0.06, 0, -0.18, 72.55, 73.05, 0.04, 0.08
RCIN, 204071, 1503, 1503, 2016, 1513, 1504, 1504, 1504, 1503, 0, 0, 0, 0, 0, 0
GPS, 1, 0, 0, 0, 99.99, 0, 0, -0.84, -17, 0, 0, 0, 204131
CTUN, 204152, 999, 0, 1000, 0, -0.84, -1.02, 0, 0, 0, -4
ATT, 204171, 0, -0.08, 0, -0.17, 72.55, 73.08, 0.05, 0.01
RCIN, 204172, 1503, 1503, 2015, 1512, 1503, 1504, 1504, 1503, 0, 0, 0, 0, 0, 0
CTUN, 204252, 1000, 0, 1000, 0, -0.86, -0.87, 0, 0, 0, -15
ATT, 204271, 0, -0.07, 0, -0.19, 72.55, 73.09, 0.05, 0.03
RCIN, 204271, 1503, 1503, 2016, 1511, 1503, 1504, 1504, 1504, 0, 0, 0, 0, 0, 0
GPS, 1, 0, 0, 0, 99.99, 0, 0, -0.88, -17, 0, 0, 0, 204331
CTUN, 204352, 1000, 0, 1000, 0, -0.88, -0.36, 0, 0, 0, -20
ATT, 204372, 0, -0.05, 0, -0.21, 72.55, 73.11, 0.04, 0.09
RCIN, 204372, 1503, 1503, 2016, 1512, 1503, 1504, 1504, 1503, 0, 0, 0, 0, 0, 0
CTUN, 204452, 1000, 0, 999, 0, -0.87, -0.61, 0, 0, 0, -13
ATT, 204472, 0, -0.05, 0, -0.19, 72.55, 73.14, 0.04, 0.05
RCIN, 204472, 1503, 1503, 2016, 1536, 1504, 1504, 1504, 1503, 0, 0, 0, 0, 0, 0
GPS, 1, 0, 0, 0, 99.99, 0, 0, -0.87, -17, 0, 0, 0, 204531
CTUN, 204552, 1000, 0, 1000, 0, -0.86, -0.72, 0, 0, 0, -4
DU32, 7, 150392
CURR, 204553, 1000, 24251, 0, 0, 4732, 0
ATT, 204571, 0, -0.06, 0, -0.16, 72.55, 73.16, 0.04, 0.09
RCIN, 204571, 1503, 1504, 2015, 1523, 1504, 1504, 1504, 1504, 0, 0, 0, 0, 0, 0
RAD, 204622, 190, 190, 95, 25, 50, 0, 0
RAD, 204623, 190, 190, 95, 25, 50, 0, 0
CTUN, 204652, 1000, 0, 1000, 0, -0.86, 0.5, 0, 0, 0, -4
ATT, 204671, 0, -0.07, 0, -0.17, 72.55, 73.21, 0.02, 0.14
RCIN, 204671, 1503, 1503, 2016, 1517, 1504, 1504, 1504, 1503, 0, 0, 0, 0, 0, 0
GPS, 1, 0, 0, 0, 99.99, 0, 0, -0.8, -17, 0, 0, 0, 204731
CTUN, 204752, 1000, 0, 1000, 0, -0.79, -0.23, 0, 0, 0, -13
ATT, 204771, 0, -0.07, 0, -0.18, 72.63, 73.27, 0.02, 0.1
RCIN, 204771, 1503, 1503, 2016, 1559, 1504, 1504, 1504, 1503, 0, 0, 0, 0, 0, 0
CTUN, 204852, 1000, 0, 999, 0, -0.77, -1.07, 0, 0, 0, -18
ATT, 204871, 0, -0.06, 0, -0.18, 74.37, 73.31, 0.03, 0
RCIN, 204871, 1503, 1503, 2016, 1606, 1504, 1504, 1504, 1503, 0, 0, 0, 0, 0, 0
GPS, 1, 0, 0, 0, 99.99, 0, 0, -0.8, -17, 0, 0, 0, 204931
CTUN, 204952, 1000, 0, 1000, 0, -0.81, -1.02, 0, 0, 0, -11
ATT, 204971, 0, -0.04, 0, -0.18, 78.72, 73.32, 0.03, 0.01
RCIN, 204971, 1503, 1503, 2015, 1672, 1504, 1504, 1504, 1503, 0, 0, 0, 0, 0, 0
CTUN, 205052, 999, 0, 1000, 0, -0.83, -0.87, 0, 0, 0, -13
ATT, 205071, 0, -0.04, 0, -0.17, 84.16, 73.32, 0.02, 0.04
RCIN, 205071, 1503, 1503, 2016, 1745, 1504, 1504, 1504, 1504, 0, 0, 0, 0, 0, 0
GPS, 1, 0, 0, 0, 99.99, 0, 0, -0.85, -17, 0, 0, 0, 205131
CTUN, 205152, 1000, 0, 1000, 0, -0.85, -0.93, 0, 0, 0, -13
ATT, 205171, 0, -0.04, 0, -0.16, 84.42, 73.34, 0.02, 0.03
RCIN, 205171, 1503, 1503, 2016, 1805, 1504, 1504, 1504, 1503, 0, 0, 0, 0, 0, 0
CTUN, 205252, 1000, 0, 1000, 0, -0.87, -0.64, 0, 0, 0, -13
ATT, 205271, 0, -0.05, 0, -0.15, 84.72, 73.34, 0.01, 0.05
RCIN, 205271, 1503, 1503, 2016, 1867, 1504, 1504, 1504, 1503, 0, 0, 0, 0, 0, 0
GPS, 1, 0, 0, 0, 99.99, 0, 0, -0.87, -17, 0, 0, 0, 205331
CTUN, 205352, 1000, 0, 1000, 0, -0.87, -0.39, 0, 0, 0, -13
ATT, 205371, 0, -0.06, 0, -0.14, 84.98, 73.36, 0.01, 0.08
RCIN, 205371, 1503, 1504, 2015, 1951, 1504, 1504, 1504, 1503, 0, 0, 0, 0, 0, 0
CTUN, 205452, 1000, 0, 1000, 0, -0.86, -0.38, 0, 0, 0, -12
ATT, 205471, 0, -0.06, 0, -0.14, 85.29, 73.4, 0, 0.04
RCIN, 205471, 1503, 1503, 2016, 1986, 1504, 1504, 1504, 1503, 0, 0, 0, 0, 0, 0
GPS, 1, 0, 0, 0, 99.99, 0, 0, -0.84, -17, 0, 0, 0, 205531
CTUN, 205552, 999, 0, 1000, 0, -0.84, -1.07, 0, 0, 0, -13
DU32, 7, 150392
CURR, 205552, 1000, 34250, 0, 0, 4673, 0
ATT, 205571, 0, -0.06, 0, -0.15, 85.44, 73.42, 0, 0.09
RCIN, 205571, 1503, 1503, 2015, 2016, 1504, 1504, 1504, 1503, 0, 0, 0, 0, 0, 0
CTUN, 205652, 1000, 0, 1000, 0, -0.87, -1.26, 0, 0, 0, -12
ATT, 205671, 0, -0.06, 0, -0.14, 85.38, 73.39, 0, 0.08
RCIN, 205671, 1503, 1503, 2016, 2009, 1504, 1504, 1504, 1503, 0, 0, 0, 0, 0, 0
RAD, 205702, 190, 190, 89, 26, 47, 0, 0
RAD, 205703, 190, 190, 89, 26, 47, 0, 0
GPS, 1, 0, 0, 0, 99.99, 0, 0, -0.9, -17, 0, 0, 0, 205732
CTUN, 205752, 1000, 0, 1000, 0, -0.91, -0.66, 0, 0, 0, -14
ATT, 205771, 0, -0.06, 0, -0.14, 84.39, 73.36, 0, 0.04
RCIN, 205771, 1503, 1503, 2016, 1707, 1504, 1504, 1504, 1504, 0, 0, 0, 0, 0, 0
CTUN, 205852, 1000, 0, 1000, 0, -0.91, -0.77, 0, 0, 0, -12
ATT, 205871, 0, -0.05, 0, -0.14, 83.35, 73.35, 0, 0.03
RCIN, 205871, 1503, 1503, 2016, 1510, 1504, 1504, 1504, 1503, 0, 0, 0, 0, 0, 0
GPS, 1, 0, 0, 0, 99.99, 0, 0, -0.91, -17, 0, 0, 0, 205932
CTUN, 205952, 999, 0, 1000, 0, -0.91, -0.02, 0, 0, 0, -14
ATT, 205971, 0, -0.05, 0, -0.15, 83.34, 73.35, 0, 0.01
RCIN, 205971, 1503, 1503, 2016, 1500, 1504, 1504, 1504, 1503, 0, 0, 0, 0, 0, 0
CTUN, 206052, 999, 0, 999, 0, -0.87, 0.35, 0, 0, 0, -11
ATT, 206071, 0, -0.04, 0, -0.14, 83.34, 73.35, 0, 0.04
RCIN, 206071, 1503, 1503, 2016, 1503, 1504, 1504, 1504, 1504, 0, 0, 0, 0, 0, 0
GPS, 1, 0, 0, 0, 99.99, 0, 0, -0.82, -17, 0, 0, 0, 206132
CTUN, 206152, 1000, 0, 1000, 0, -0.81, -0.91, 0, 0, 0, -11
ATT, 206171, 0, -0.04, 0, -0.15, 83.34, 73.37, 0, 0.02
RCIN, 206171, 1503, 1503, 2015, 1504, 1503, 1504, 1504, 1503, 0, 0, 0, 0, 0, 0
CTUN, 206262, 999, 0, 999, 0, -0.83, -0.84, 0, 0, 0, -10
ATT, 206271, 0, -0.04, 0, -0.15, 83.34, 73.37, 0, 0.07
RCIN, 206271, 1503, 1471, 2016, 1504, 1504, 1504, 1504, 1503, 0, 0, 0, 0, 0, 0
GPS, 1, 0, 0, 0, 99.99, 0, 0, -0.84, -17, 0, 0, 0, 206332
CTUN, 206362, 1000, 0, 1000, 0, -0.84, 0.17, 0, 0, 0, -10
ATT, 206371, 0, -0.04, -10.26, -0.14, 83.34, 73.34, 0, 0
RCIN, 206372, 1504, 1363, 2016, 1504, 1504, 1504, 1504, 1503, 0, 0, 0, 0, 0, 0
CTUN, 206462, 1000, 0, 1000, 0, -0.8, -1.17, 0, 0, 0, -9
ATT, 206471, 0, -0.04, -37.99, -0.14, 83.34, 73.35, 0, 0.01
RCIN, 206471, 1503, 1034, 2016, 1503, 1504, 1504, 1503, 1503, 0, 0, 0, 0, 0, 0
GPS, 1, 0, 0, 0, 99.99, 0, 0, -0.82, -17, 0, 0, 0, 206532
DU32, 7, 150392
CURR, 206551, 1000, 44249, 0, 0, 4732, 0
CTUN, 206562, 1000, 0, 1000, 0, -0.82, -1.01, 0, 0, 0, -9
ATT, 206572, 0, -0.05, -45, -0.14, 83.34, 73.36, 0, 0
RCIN, 206572, 1518, 991, 2016, 1504, 1504, 1504, 1504, 1503, 0, 0, 0, 0, 0, 0
CTUN, 206662, 1000, 0, 1000, 0, -0.85, -0.91, 0, 0, 0, -10
ATT, 206671, 3.17, -0.05, -45, -0.14, 83.34, 73.36, 0, 0
RCIN, 206671, 1568, 991, 2016, 1504, 1503, 1504, 1504, 1503, 0, 0, 0, 0, 0, 0
GPS, 1, 0, 0, 0, 99.99, 0, 0, -0.86, -17, 0, 0, 0, 206732
CTUN, 206762, 1000, 0, 999, 0, -0.86, -1.14, 0, 0, 0, -10
ATT, 206771, 17.27, -0.06, -45, -0.14, 83.34, 73.37, 0, 0.03
RCIN, 206772, 1773, 991, 2016, 1504, 1504, 1504, 1504, 1503, 0, 0, 0, 0, 0, 0
RAD, 206853, 191, 190, 92, 21, 47, 0, 0
RAD, 206853, 191, 190, 92, 21, 47, 0, 0
CTUN, 206863, 1000, 0, 1000, 0, -0.89, -0.75, 0, 0, 0, -11
ATT, 206872, 44.71, -0.05, -45, -0.14, 83.34, 73.37, 0, 0
RCIN, 206872, 2013, 991, 2016, 1503, 1504, 1504, 1504, 1503, 0, 0, 0, 0, 0, 0
GPS, 1, 0, 0, 0, 99.99, 0, 0, -0.9, -17, 0, 0, 0, 206932
CTUN, 206962, 1000, 0, 1000, 0, -0.9, -0.78, 0, 0, 0, -11
ATT, 206972, 45, -0.06, -45, -0.13, 83.34, 73.37, 0, 0.04
RCIN, 206972, 2015, 991, 2016, 1504, 1503, 1504, 1504, 1503, 0, 0, 0, 0, 0, 0
CTUN, 207072, 1000, 0, 1000, 0, -0.9, -1.04, 0, 0, 0, -11
ATT, 207072, 45, -0.05, -45, -0.13, 83.34, 73.39, 0, 0.05
RCIN, 207073, 2016, 991, 2016, 1503, 1504, 1504, 1504, 1503, 0, 0, 0, 0, 0, 0
GPS, 1, 0, 0, 0, 99.99, 0, 0, -0.92, -17, 0, 0, 0, 207132
CTUN, 207172, 1000, 0, 1000, 0, -0.92, -1.41, 0, 0, 0, -12
ATT, 207172, 45, -0.05, -45, -0.14, 83.34, 73.38, 0, 0.03
RCIN, 207173, 2016, 991, 2016, 1504, 1504, 1504, 1504, 1503, 0, 0, 0, 0, 0, 0
CTUN, 207272, 999, 0, 999, 0, -0.97, -0.85, 0, 0, 0, -11
ATT, 207272, 45, -0.05, -45, -0.14, 83.34, 73.38, 0, 0.03
RCIN, 207273, 2016, 991, 2015, 1504, 1503, 1504, 1504, 1503, 0, 0, 0, 0, 0, 0
GPS, 1, 0, 0, 0, 99.99, 0, 0, -0.97, -17, 0, 0, 0, 207331
CTUN, 207372, 1000, 0, 1000, 0, -0.97, -0.47, 0, 0, 0, -12
ATT, 207372, 45, -0.04, -45, -0.14, 83.34, 73.37, 0, 0.02
RCIN, 207373, 2016, 991, 2016, 1504, 1504, 1504, 1504, 1503, 0, 0, 0, 0, 0, 0
CTUN, 207472, 1000, 0, 1000, 0, -0.96, -1.09, 0, 0, 0, -11
ATT, 207472, 44.9, -0.04, -45, -0.14, 83.34, 73.36, 0, 0.07
RCIN, 207472, 2016, 991, 2016, 1504, 1504, 1504, 1504, 1503, 0, 0, 0, 0, 0, 0
GPS, 1, 0, 0, 0, 99.99, 0, 0, -0.97, -17, 0, 0, 0, 207531
DU32, 7, 150392
CURR, 207551, 1000, 54247, 0, 0, 4712, 0
CTUN, 207572, 1000, 0, 999, 0, -0.98, -0.11, 0, 0, 0, -12
ATT, 207572, 45, -0.04, -45, -0.14, 83.34, 73.34, 0, 0.02
RCIN, 207573, 2016, 991, 2016, 1504, 1504, 1504, 1504, 1503, 0, 0, 0, 0, 0, 0
RAD, 207611, 191, 191, 98, 29, 39, 0, 0
RAD, 207612, 191, 191, 98, 29, 39, 0, 0
CTUN, 207672, 1000, 0, 1000, 0, -0.94, 0.34, 0, 0, 0, -11
ATT, 207682, 45, -0.05, -45, -0.13, 83.33, 73.34, 0, 0.05
RCIN, 207682, 2016, 991, 2016, 1504, 1504, 1504, 1504, 1503, 0, 0, 0, 0, 0, 0
GPS, 1, 0, 0, 0, 99.99, 0, 0, -0.9, -17, 0, 0, 0, 207732
CTUN, 207772, 1000, 0, 1000, 0, -0.87, -1.12, 0, 0, 0, -9
ATT, 207782, 45, -0.04, -45, -0.13, 83.33, 73.35, 0, 0.06
RCIN, 207782, 2016, 991, 2016, 1450, 1504, 1504, 1504, 1503, 0, 0, 0, 0, 0, 0
CTUN, 207873, 999, 0, 1000, 0, -0.9, -0.71, 0, 0, 0, -10
ATT, 207882, 45, -0.05, -45, -0.12, 82.05, 73.33, 0.01, 0.07
RCIN, 207882, 2016, 991, 2015, 1419, 1504, 1504, 1504, 1503, 0, 0, 0, 0, 0, 0
GPS, 1, 0, 0, 0, 99.99, 0, 0, -0.9, -17, 0, 0, 0, 207932
CTUN, 207972, 1000, 0, 1000, 0, -0.9, -1.15, 0, 0, 0, -9
ATT, 207981, 44.06, -0.06, -45, -0.12, 80.99, 73.31, 0.01, 0.07
RCIN, 207982, 2010, 991, 2016, 1503, 1504, 1504, 1504, 1503, 0, 0, 0, 0, 0, 0
CTUN, 208073, 1000, 0, 1000, 0, -0.92, 0.61, 0, 0, 0, -10
ATT, 208083, 44.9, -0.06, -45, -0.11, 81.06, 73.29, 0, 0.01
RCIN, 208083, 2015, 991, 2016, 1561, 1504, 1504, 1504, 1503, 0, 0, 0, 0, 0, 0
GPS, 1, 0, 0, 0, 99.99, 0, 0, -0.87, -17, 0, 0, 0, 208131
CTUN, 208172, 1000, 0, 1000, 0, -0.84, -1.42, 0, 0, 0, -8
ATT, 208182, 44.9, -0.06, -45, -0.12, 81.27, 73.29, 0, 0.08
RCIN, 208182, 2015, 991, 2016, 1504, 1504, 1504, 1504, 1503, 0, 0, 0, 0, 0, 0
CTUN, 208273, 999, 0, 1000, 0, -0.89, -1.06, 0, 0, 0, -9
ATT, 208282, 43.31, -0.06, -45, -0.12, 81.27, 73.26, 0, 0.06
RCIN, 208282, 1993, 991, 2015, 1504, 1504, 1504, 1504, 1503, 0, 0, 0, 0, 0, 0
GPS, 1, 0, 0, 0, 99.99, 0, 0, -0.9, -17, 0, 0, 0, 208331
CTUN, 208372, 999, 0, 999, 0, -0.91, -0.82, 0, 0, 0, -9
ATT, 208382, 41.17, -0.06, -45, -0.12, 82.41, 73.24, 0, 0.07
RCIN, 208382, 1970, 991, 2016, 1683, 1504, 1504, 1504, 1503, 0, 0, 0, 0, 0, 0
CTUN, 208472, 1000, 0, 1000, 0, -0.91, -0.78, 0, 0, 0, -9
ATT, 208492, 36.03, -0.06, -45, -0.12, 84.86, 73.24, 0, 0.08
RCIN, 208492, 1920, 991, 2016, 1943, 1504, 1504, 1504, 1503, 0, 0, 0, 0, 0, 0
GPS, 1, 0, 0, 0, 99.99, 0, 0, -0.91, -17, 0, 0, 0, 208532
DU32, 7, 150392
CURR, 208551, 1000, 64247, 0, 0, 4752, 0
CTUN, 208572, 1000, 0, 1000, 0, -0.91, -1.23, 0, 0, 0, -9
ATT, 208591, 35.38, -0.06, -45, -0.12, 85.28, 73.26, 0, 0.01
RCIN, 208591, 1914, 991, 2015, 2016, 1504, 1504, 1503, 1504, 0, 0, 0, 0, 0, 0
CTUN, 208672, 999, 0, 999, 0, -0.94, -1.14, 0, 0, 0, -9
ATT, 208693, 37.99, -0.06, -45, -0.12, 85.3, 73.28, 0, 0.03
RCIN, 208693, 1941, 991, 2015, 2016, 1504, 1504, 1504, 1503, 0, 0, 0, 0, 0, 0
RAD, 208722, 191, 191, 100, 26, 48, 0, 0
GPS, 1, 0, 0, 0, 99.99, 0, 0, -0.96, -17, 0, 0, 0, 208732
RAD, 208741, 191, 191, 100, 26, 48, 0, 0
CTUN, 208772, 999, 0, 999, 0, -0.97, 0.15, 0, 0, 0, -10
ATT, 208791, 37.9, -0.05, -45, -0.12, 85.32, 73.3, 0, 0.07
RCIN, 208791, 1941, 991, 2015, 2016, 1504, 1504, 1504, 1503, 0, 0, 0, 0, 0, 0
CTUN, 208872, 999, 0, 999, 0, -0.91, -0.92, 0, 0, 0, -8
ATT, 208892, 38.18, -0.05, -45, -0.12, 85.35, 73.33, 0, 0.04
RCIN, 208892, 1943, 991, 2015, 2016, 1504, 1504, 1504, 1503, 0, 0, 0, 0, 0, 0
GPS, 1, 0, 0, 0, 99.99, 0, 0, -0.92, -17, 0, 0, 0, 208932
CTUN, 208972, 999, 0, 999, 0, -0.92, -0.84, 0, 0, 0, -9
ATT, 208992, 37.99, -0.06, -45, -0.12, 85.37, 73.35, 0, 0
RCIN, 208992, 1941, 991, 2015, 2016, 1503, 1504, 1504, 1503, 0, 0, 0, 0, 0, 0
CTUN, 209072, 999, 0, 999, 0, -0.92, -0.83, 0, 0, 0, -9
ATT, 209091, 37.71, -0.06, -45, -0.12, 85.37, 73.35, 0, 0.02
RCIN, 209091, 1938, 991, 2015, 2016, 1504, 1504, 1504, 1503, 0, 0, 0, 0, 0, 0
GPS, 1, 0, 0, 0, 99.99, 0, 0, -0.93, -17, 0, 0, 0, 209131
CTUN, 209172, 999, 0, 999, 0, -0.93, -0.84, 0, 0, 0, -8
ATT, 209191, 37.62, -0.06, -45, -0.12, 85.39, 73.37, 0, 0.02
RCIN, 209191, 1936, 991, 2015, 2016, 1504, 1504, 1504, 1503, 0, 0, 0, 0, 0, 0
CTUN, 209272, 999, 0, 999, 0, -0.93, -1.2, 0, 0, 0, -9
ATT, 209291, 37.43, -0.07, -45, -0.11, 84.76, 73.37, 0, 0.02
RCIN, 209292, 1935, 991, 2016, 1869, 1504, 1504, 1504, 1503, 0, 0, 0, 0, 0, 0
GPS, 1, 0, 0, 0, 99.99, 0, 0, -0.95, -17, 0, 0, 0, 209331
CTUN, 209372, 1000, 0, 999, 0, -0.96, -1.21, 0, 0, 0, -8
ATT, 209391, 38.74, -0.07, -45, -0.11, 80.29, 73.37, 0, 0.01
RCIN, 209391, 1949, 991, 2015, 1260, 1503, 1504, 1504, 1503, 0, 0, 0, 0, 0, 0
CTUN, 209472, 999, 0, 999, 0, -0.99, -0.12, 0, 0, 0, -10
ATT, 209491, 39.11, -0.07, -45, -0.11, 64.84, 73.38, 0, 0.12
RCIN, 209492, 1953, 991, 2016, 991, 1504, 1504, 1504, 1504, 0, 0, 0, 0, 0, 0
GPS, 1, 0, 0, 0, 99.99, 0, 0, -0.96, -17, 0, 0, 0, 209532
DU32, 7, 150392
CURR, 209552, 999, 74238, 0, 0, 4712, 0
CTUN, 209572, 1000, 0, 1000, 0, -0.94, -0.4, 0, 0, 0, 0
ATT, 209591, 39.11, -0.07, -45, -0.11, 61.39, 73.42, 0, 0.01
RCIN, 209591, 1953, 991, 2016, 992, 1503, 1504, 1504, 1503, 0, 0, 0, 0, 0, 0
RAD, 209602, 191, 191, 94, 26, 47, 0, 0
RAD, 209603, 191, 191, 94, 26, 47, 0, 0
CTUN, 209672, 999, 0, 1000, 0, -0.9, -0.76, 0, 0, 0, 5
ATT, 209692, 39.11, -0.07, -45, -0.12, 61.4, 73.43, 0, 0.04
RCIN, 209692, 1953, 991, 2015, 992, 1504, 1504, 1504, 1503, 0, 0, 0, 0, 0, 0
GPS, 1, 0, 0, 0, 99.99, 0, 0, -0.9, -17, 0, 0, 0, 209733
CTUN, 209772, 1000, 0, 1000, 0, -0.89, -0.87, 0, 0, 0, 2
ATT, 209791, 37.43, -0.07, -45, -0.14, 61.38, 73.41, 0.04, 0.03
RCIN, 209791, 1935, 991, 2016, 991, 1504, 1504, 1504, 1504, 0, 0, 0, 0, 0, 0
CTUN, 209872, 1000, 0, 1000, 0, -0.89, -0.85, 0, 0, 0, -7
ATT, 209892, 37.25, -0.06, -45, -0.16, 61.37, 73.4, 0.04, 0.04
RCIN, 209892, 1933, 991, 2016, 992, 1504, 1504, 1504, 1504, 0, 0, 0, 0, 0, 0
GPS, 1, 0, 0, 0, 99.99, 0, 0, -0.9, -17, 0, 0, 0, 209932
CTUN, 209972, 1000, 0, 1000, 0, -0.9, -0.83, 0, 0, 0, -15
ATT, 209991, 36.59, -0.05, -45, -0.16, 61.36, 73.39, 0.03, 0.04
RCIN, 209992, 1922, 991, 2016, 991, 1504, 1504, 1504, 1504, 0, 0, 0, 0, 0, 0
CTUN, 210072, 1000, 0, 1000, 0, -0.91, -0.17, 0, 0, 0, -10
ATT, 210092, 32.48, -0.04, -45, -0.14, 63.4, 73.4, 0.03, 0.06
RCIN, 210092, 1873, 991, 2016, 1596, 1504, 1504, 1504, 1504, 0, 0, 0, 0, 0, 0
GPS, 1, 0, 0, 0, 99.99, 0, 0, -0.89, -17, 0, 0, 0, 210132
CTUN, 210172, 1000, 0, 1000, 0, -0.87, -1.2, 0, 0, 0, -2
ATT, 210191, 27.07, -0.04, -45, -0.13, 72.62, 73.41, 0.04, 0.02
RCIN, 210191, 1823, 991, 2015, 1915, 1504, 1504, 1504, 1503, 0, 0, 0, 0, 0, 0
CTUN, 210272, 999, 0, 999, 0, -0.9, -1.26, 0, 0, 0, -4
ATT, 210291, 25.95, -0.06, -45, -0.11, 85.42, 73.4, 0.04, 0.07
RCIN, 210291, 1812, 991, 2015, 2016, 1504, 1504, 1504, 1503, 0, 0, 0, 0, 0, 0
GPS, 1, 0, 0, 0, 99.99, 0, 0, -0.91, -17, 0, 0, 0, 210331
CTUN, 210372, 999, 0, 999, 0, -0.92, 0.54, 0, 0, 0, -4
ATT, 210391, 25.95, -0.07, -45, -0.11, 85.42, 73.4, 0, 0.16
RCIN, 210391, 1800, 991, 2014, 2016, 1504, 1504, 1504, 1504, 0, 0, 0, 0, 0, 0
CTUN, 210472, 997, 0, 997, 0, -0.84, -0.53, 0, 0, 0, -3
ATT, 210491, 18.01, -0.07, -42.94, -0.11, 85.48, 73.46, 0, 0.07
RCIN, 210492, 1727, 1013, 2013, 2011, 1504, 1504, 1504, 1503, 0, 0, 0, 0, 0, 0
GPS, 1, 0, 0, 0, 99.99, 0, 0, -0.83, -17, 0, 0, 0, 210531
DU32, 7, 150392
CURR, 210551, 997, 84229, 0, 0, 4732, 0
CTUN, 210572, 997, 0, 997, 0, -0.83, -0.88, 0, 0, 0, -2
ATT, 210591, 5.97, -0.08, -14.37, -0.11, 84.92, 73.49, 0, 0
RCIN, 210591, 1504, 1368, 2013, 1787, 1504, 1504, 1504, 1504, 0, 0, 0, 0, 0, 0
RAD, 210632, 191, 191, 98, 24, 46, 0, 0
RAD, 210651, 191, 191, 98, 24, 46, 0, 0
CTUN, 210672, 998, 0, 998, 0, -0.83, -0.75, 0, 0, 0, -3
ATT, 210692, -26.08, -0.07, 0, -0.11, 83.51, 73.51, 0, 0.16
RCIN, 210692, 1194, 1503, 2014, 1518, 1504, 1504, 1503, 1504, 0, 0, 0, 0, 0, 0
GPS, 1, 0, 0, 0, 99.99, 0, 0, -0.83, -17, 0, 0, 0, 210732
CTUN, 210772, 999, 0, 998, 0, -0.83, -0.45, 0, 0, 0, -2
ATT, 210792, -45, -0.07, 8.1, -0.12, 83.51, 73.55, 0, 0.04
RCIN, 210792, 991, 1654, 2015, 1508, 1504, 1504, 1504, 1503, 0, 0, 0, 0, 0, 0
CTUN, 210872, 999, 0, 999, 0, -0.81, 0.48, 0, 0, 0, -2
ATT, 210891, -44.9, -0.07, 37.08, -0.11, 83.51, 73.57, 0, 0.16
RCIN, 210892, 991, 1931, 2015, 1506, 1504, 1504, 1504, 1503, 0, 0, 0, 0, 0, 0
GPS, 1, 0, 0, 0, 99.99, 0, 0, -0.76, -17, 0, 0, 0, 210932
CTUN, 210973, 999, 0, 999, 0, -0.73, -0.85, 0, 0, 0, -1
ATT, 210991, -44.9, -0.06, 44.9, -0.11, 83.51, 73.61, 0, 0.01
RCIN, 210991, 992, 2015, 2015, 1505, 1504, 1504, 1504, 1503, 0, 0, 0, 0, 0, 0
CTUN, 211072, 999, 0, 999, 0, -0.74, -0.36, 0, 0, 0, -1
ATT, 211091, -45, -0.06, 44.9, -0.11, 83.51, 73.62, 0, 0.08
RCIN, 211091, 991, 2016, 2015, 1504, 1504, 1504, 1504, 1503, 0, 0, 0, 0, 0, 0
GPS, 1, 0, 0, 0, 99.99, 0, 0, -0.73, -17, 0, 0, 0, 211132
CTUN, 211173, 999, 0, 999, 0, -0.72, -0.8, 0, 0, 0, 0
ATT, 211191, -45, -0.07, 44.9, -0.11, 83.51, 73.66, 0, 0.13
RCIN, 211191, 991, 2015, 2015, 1504, 1504, 1504, 1504, 1503, 0, 0, 0, 0, 0, 0
CTUN, 211272, 999, 0, 999, 0, -0.73, -0.86, 0, 0, 0, 0
ATT, 211291, 0, -0.07, 35.68, -0.11, 83.51, 73.69, 0, 0.01
RCIN, 211291, 1503, 1805, 2015, 1505, 1503, 1504, 1504, 1503, 0, 0, 0, 0, 0, 0
GPS, 1, 0, 0, 0, 99.99, 0, 0, -0.73, -17, 0, 0, 0, 211332
CTUN, 211372, 999, 0, 999, 0, -0.73, -0.55, 0, 0, 0, 0
ATT, 211391, 28.1, -0.07, 0, -0.11, 83.51, 73.7, 0, 0.04
RCIN, 211392, 1835, 1503, 2015, 1504, 1503, 1504, 1504, 1503, 0, 0, 0, 0, 0, 0
CTUN, 211472, 999, 0, 999, 0, -0.72, 0.25, 0, 0, 0, 0
ATT, 211492, 44.71, -0.07, -5.5, -0.11, 83.51, 73.72, 0, 0.08
RCIN, 211492, 2013, 1357, 2015, 1504, 1504, 1503, 1504, 1503, 0, 0, 0, 0, 0, 0
GPS, 1, 0, 0, 0, 99.99, 0, 0, -0.69, -17, 0, 0, 0, 211532
DU32, 7, 150392
CURR, 211551, 999, 94217, 0, 0, 4772, 0
PM, 0, 1000, 10464, 10, 0, 0, 0
CTUN, 211572, 999, 0, 999, 0, -0.67, -0.47, 0, 0, 0, 0
ATT, 211592, 44.9, -0.07, -30.06, -0.11, 83.51, 73.74, 0, 0.04
RCIN, 211593, 2015, 1151, 2015, 1504, 1504, 1504, 1504, 1503, 0, 0, 0, 0, 0, 0
CTUN, 211672, 999, 0, 999, 0, -0.65, -0.65, 0, 0, 0, 0
RAD, 211682, 191, 191, 100, 24, 47, 0, 0
RAD, 211682, 191, 191, 100, 24, 47, 0, 0
ATT, 211692, 42.75, -0.07, -44.34, -0.11, 83.51, 73.73, 0, 0.02
RCIN, 211692, 1980, 991, 2015, 1504, 1503, 1504, 1504, 1504, 0, 0, 0, 0, 0, 0
GPS, 1, 0, 0, 0, 99.99, 0, 0, -0.65, -17, 0, 0, 0, 211732
CTUN, 211772, 999, 0, 999, 0, -0.65, -1.08, 0, 0, 0, 0
ATT, 211793, 18.48, -0.07, -45, -0.11, 83.51, 73.72, 0.01, 0.02
RCIN, 211793, 1652, 991, 2015, 1504, 1504, 1504, 1504, 1504, 0, 0, 0, 0, 0, 0
CTUN, 211872, 999, 0, 999, 0, -0.68, -0.5, 0, 0, 0, 0
ATT, 211892, -16.67, -0.07, -42.01, -0.1, 83.51, 73.72, 0.01, 0.08
RCIN, 211892, 1205, 1081, 2015, 1504, 1504, 1504, 1504, 1504, 0, 0, 0, 0, 0, 0
GPS, 1, 0, 0, 0, 99.99, 0, 0, -0.67, -17, 0, 0, 0, 211932
CTUN, 211972, 999, 0, 999, 0, -0.66, -1.22, 0, 0, 0, 2
ATT, 211991, -39.03, -0.08, -6.34, -0.11, 83.51, 73.77, 0.01, 0.15
RCIN, 211991, 1045, 1474, 2015, 1504, 1504, 1504, 1504, 1503, 0, 0, 0, 0, 0, 0
CTUN, 212072, 999, 0, 999, 0, -0.7, 0.38, 0, 0, 0, -7
ATT, 212091, 0, -0.07, 0, -0.11, 83.51, 73.81, 0.02, 0.09
RCIN, 212092, 1509, 1504, 1980, 1504, 1504, 1504, 1504, 1503, 0, 0, 0, 0, 0, 0
GPS, 1, 0, 0, 0, 99.99, 0, 0, -0.66, -17, 0, 0, 0, 212132
CTUN, 212172, 850, 0, 850, 0, -0.64, -0.4, 0, 0, 0, -3
ATT, 212191, 0, -0.06, 0, -0.12, 83.51, 73.86, 0.02, 0.1
RCIN, 212191, 1504, 1503, 1786, 1496, 1503, 1504, 1504, 1503, 0, 0, 0, 0, 0, 0
CTUN, 212272, 576, 0, 620, 0, -0.63, -0.88, 0, 0, 0, -2
ATT, 212291, 0, -0.07, 0, -0.11, 83.51, 73.9, 0.02, 0.07
RCIN, 212292, 1503, 1503, 1456, 1500, 1504, 1504, 1504, 1503, 0, 0, 0, 0, 0, 0
GPS, 1, 0, 0, 0, 99.99, 0, 0, -0.64, -17, 0, 0, 0, 212332
CTUN, 212372, 298, 0, 332, 0, -0.65, -0.73, 0, 0, 0, -4
ATT, 212391, 0, -0.07, 0, -0.09, 83.51, 73.92, 0.02, 0.02
RCIN, 212391, 1503, 1503, 1157, 1502, 1504, 1504, 1504, 1503, 0, 0, 0, 0, 0, 0
CTUN, 212471, 0, 0, 0, 0, -0.66, -0.14, 0, 0, 0, -4
ATT, 212491, 0, -0.07, 0, -0.1, 73.93, 73.93, 0.01, 0.06
RCIN, 212491, 1503, 1503, 991, 1504, 1504, 1504, 1504, 1503, 0, 0, 0, 0, 0, 0
GPS, 1, 0, 0, 0, 99.99, 0, 0, -0.64, -17, 0, 0, 0, 212530
DU32, 7, 150392
CURR, 212550, 0, 101329, 0, 0, 4654, 0
CTUN, 212570, 0, 0, 0, 0, -0.63, -0.13, 0, 0, 0, -3
EV, 17
ATT, 212589, 0, -0.06, 0, -0.09, 73.95, 73.95, 0.01, 0.06
RCIN, 212590, 1503, 1503, 991, 1503, 1504, 1504, 1503, 1504, 0, 0, 0, 0, 0, 0
CTUN, 212672, 0, 0, 0, 0, -0.6, -1.28, 0, 0, 0, -2
ATT, 212691, 0, -0.06, 0, -0.09, 73.96, 73.96, 0, 0.1
RCIN, 212691, 1503, 1503, 991, 1504, 1503, 1504, 1504, 1503, 0, 0, 0, 0, 0, 0
RAD, 212701, 191, 191, 100, 29, 49, 0, 0
RAD, 212702, 191, 191, 100, 29, 49, 0, 0
GPS, 1, 0, 0, 0, 99.99, 0, 0, -0.63, -17, 0, 0, 0, 212731
CTUN, 212771, 0, 0, 0, 0, -0.65, -0.92, 0, 0, 0, -3
ATT, 212790, 0, -0.07, 0, -0.1, 73.92, 73.92, 0, 0.07
RCIN, 212790, 1504, 1503, 991, 1506, 1504, 1504, 1504, 1503, 0, 0, 0, 0, 0, 0
CTUN, 212872, 0, 0, 0, 0, -0.67, -0.37, 0, 0, 0, -3
ATT, 212892, 0, -0.07, 0, -0.09, 73.9, 73.9, 0, 0
RCIN, 212892, 1504, 1503, 991, 1508, 1504, 1504, 1504, 1503, 0, 0, 0, 0, 0, 0
GPS, 1, 0, 0, 0, 99.99, 0, 0, -0.66, -17, 0, 0, 0, 212932
CTUN, 212971, 0, 0, 0, 0, -0.65, -0.31, 0, 0, 0, -3
ATT, 212991, 0, -0.07, 0, -0.1, 73.9, 73.9, 0, 0.03
RCIN, 212991, 1503, 1504, 991, 1508, 1503, 1504, 1504, 1503, 0, 0, 0, 0, 0, 0
CTUN, 213071, 0, 0, 0, 0, -0.64, -0.48, 0, 0, 0, -2
ATT, 213090, 0, -0.07, 0, -0.09, 73.88, 73.88, 0, 0.06
RCIN, 213090, 1503, 1503, 991, 1513, 1504, 1504, 1504, 1503, 0, 0, 0, 0, 0, 0
GPS, 1, 0, 0, 0, 99.99, 0, 0, -0.63, -17, 0, 0, 0, 213132
EV, 17
CTUN, 213172, 0, 0, 0, 0, -0.63, 0.13, 0, 0, 0, -2
ATT, 213191, 0, -0.07, 0, -0.09, 73.87, 73.87, 0, 0.05
RCIN, 213191, 1503, 1504, 991, 1527, 1504, 1504, 1504, 1503, 0, 0, 0, 0, 0, 0
CTUN, 213271, 0, 0, 0, 0, -0.59, -0.98, 0, 0, 0, -1
ATT, 213291, 0, -0.07, 0, -0.09, 73.87, 73.87, 0, 0.11
RCIN, 213291, 1504, 1503, 991, 1504, 1504, 1504, 1504, 1503, 0, 0, 0, 0, 0, 0
GPS, 1, 0, 0, 0, 99.99, 0, 0, -0.6, -17, 0, 0, 0, 213330
CTUN, 213370, 0, 0, 0, 0, -0.61, -1.37, 0, 0, 0, -1
EV, 15
ATT, 213393, 0, -0.07, 0, -0.09, 73.83, 73.83, 0, 0.07
RCIN, 213393, 1503, 1503, 1050, 1504, 1504, 1504, 1504, 1503, 0, 0, 0, 0, 0, 0
CTUN, 213473, 337, 0, 304, 0, -0.66, 0.02, 0, 0, 0, -2
ATT, 213493, 0, -0.07, 0, -0.09, 73.83, 73.8, 0, 0.01
RCIN, 213493, 1503, 1504, 1260, 1504, 1504, 1504, 1504, 1503, 0, 0, 0, 0, 0, 0
GPS, 1, 0, 0, 0, 99.99, 0, 0, -0.64, -17, 0, 0, 0, 213532
DU32, 7, 150392
CURR, 213552, 340, 101958, 0, 0, 4732, 0
CTUN, 213572, 340, 0, 340, 0, -0.62, -0.91, 0, 0, 0, -1
ATT, 213591, 0, -0.07, 0, -0.09, 73.83, 73.79, 0, 0.1
RCIN, 213591, 1503, 1503, 1261, 1504, 1504, 1504, 1504, 1503, 0, 0, 0, 0, 0, 0
CTUN, 213673, 340, 0, 340, 0, -0.64, -0.43, 0, 0, 0, -2
ATT, 213693, 0, -0.07, 0, -0.09, 73.83, 73.75, 0, 0.04
RCIN, 213693, 1504, 1503, 1261, 1504, 1504, 1504, 1504, 1503, 0, 0, 0, 0, 0, 0
GPS, 1, 0, 0, 0, 99.99, 0, 0, -0.64, -17, 0, 0, 0, 213732
CTUN, 213773, 340, 0, 340, 0, -0.63, -0.72, 0, 0, 0, -1
ATT, 213791, 0, -0.07, 0, -0.09, 73.83, 73.73, 0, 0.04
RCIN, 213792, 1503, 1503, 1261, 1503, 1504, 1504, 1504, 1503, 0, 0, 0, 0, 0, 0
RAD, 213862, 190, 191, 90, 28, 47, 0, 0
RAD, 213863, 190, 191, 90, 28, 47, 0, 0
CTUN, 213872, 339, 0, 340, 0, -0.64, -0.81, 0, 0, 0, -2
ATT, 213893, 0, -0.07, 0, -0.09, 73.83, 73.71, 0, 0.05
RCIN, 213894, 1504, 1503, 1261, 1504, 1504, 1504, 1504, 1503, 0, 0, 0, 0, 0, 0
GPS, 1, 0, 0, 0, 99.99, 0, 0, -0.65, -17, 0, 0, 0, 213933
CTUN, 213974, 338, 0, 338, 0, -0.65, 0.51, 0, 0, 0, -2
ATT, 213993, 0, -0.07, 0, -0.09, 73.83, 73.7, 0, 0.03
RCIN, 213993, 1504, 1503, 1259, 1504, 1504, 1504, 1504, 1504, 0, 0, 0, 0, 0, 0
CTUN, 214074, 337, 0, 337, 0, -0.58, -1.31, 0, 0, 0, 0
ATT, 214093, 0, -0.07, 0, -0.09, 73.83, 73.71, 0, 0.05
RCIN, 214093, 1503, 1503, 1258, 1503, 1504, 1504, 1504, 1503, 0, 0, 0, 0, 0, 0
GPS, 1, 0, 0, 0, 99.99, 0, 0, -0.61, -17, 0, 0, 0, 214133
CTUN, 214173, 360, 0, 344, 0, -0.63, -1.07, 0, 0, 0, -1
ATT, 214194, 0, -0.07, 0, -0.1, 73.83, 73.69, 0, 0.05
RCIN, 214194, 1504, 1503, 1295, 1504, 1504, 1504, 1504, 1503, 0, 0, 0, 0, 0, 0
CTUN, 214273, 400, 0, 400, 0, -0.66, 0.28, 0, 0, 0, -1
ATT, 214293, 0, -0.07, 0, -0.1, 73.83, 73.68, 0, 0.06
RCIN, 214293, 1503, 1503, 1331, 1504, 1504, 1504, 1504, 1504, 0, 0, 0, 0, 0, 0
GPS, 1, 0, 0, 0, 99.99, 0, 0, -0.62, -17, 0, 0, 0, 214333
CTUN, 214374, 401, 0, 401, 0, -0.6, -1.27, 0, 0, 0, 0
ATT, 214393, 0, -0.08, 0, -0.09, 73.83, 73.71, 0, 0.01
RCIN, 214393, 1503, 1504, 1330, 1504, 1504, 1504, 1504, 1503, 0, 0, 0, 0, 0, 0
CTUN, 214473, 402, 0, 402, 0, -0.64, -0.65, 0, 0, 0, -1
ATT, 214493, 0, -0.07, 0, -0.09, 73.83, 73.71, 0, 0
RCIN, 214494, 1503, 1504, 1332, 1504, 1504, 1504, 1504, 1503, 0, 0, 0, 0, 0, 0
GPS, 1, 0, 0, 0, 99.99, 0, 0, -0.64, -17, 0, 0, 0, 214533
DU32, 7, 150392
CURR, 214553, 401, 105578, 0, 0, 4693, 0
CTUN, 214573, 401, 0, 401, 0, -0.64, -0.8, 0, 0, 0, -1
ATT, 214593, 0, -0.08, 0, -0.09, 73.83, 73.71, 0, 0.04
RCIN, 214594, 1503, 1503, 1331, 1504, 1504, 1504, 1504, 1503, 0, 0, 0, 0, 0, 0
RAD, 214664, 191, 191, 90, 33, 48, 0, 0
RAD, 214665, 191, 191, 90, 33, 48, 0, 0
CTUN, 214674, 401, 0, 401, 0, -0.66, -0.59, 0, 0, 0, -1
ATT, 214693, 0, -0.07, 0, -0.09, 73.83, 73.69, 0, 0.02
RCIN, 214694, 1503, 1503, 1331, 1504, 1504, 1504, 1504, 1504, 0, 0, 0, 0, 0, 0
GPS, 1, 0, 0, 0, 99.99, 0, 0, -0.65, -17, 0, 0, 0, 214733
CTUN, 214773, 401, 0, 401, 0, -0.65, -0.2, 0, 0, 0, -1
ATT, 214793, 0, -0.07, 0, -0.09, 73.83, 73.7, 0, 0.08
RCIN, 214794, 1504, 1503, 1331, 1504, 1504, 1504, 1504, 1503, 0, 0, 0, 0, 0, 0
CTUN, 214873, 401, 0, 401, 0, -0.63, -1.38, 0, 0, 0, 0
ATT, 214894, 0, -0.08, 0, -0.08, 73.83, 73.72, 0, 0.05
RCIN, 214894, 1503, 1503, 1331, 1504, 1504, 1504, 1504, 1504, 0, 0, 0, 0, 0, 0
GPS, 1, 0, 0, 0, 99.99, 0, 0, -0.65, -17, 0, 0, 0, 214933
CTUN, 214974, 401, 0, 401, 0, -0.67, -0.95, 0, 0, 0, -1
ATT, 214993, 0, -0.08, 0, -0.08, 73.83, 73.71, 0, 0
RCIN, 214993, 1504, 1503, 1331, 1504, 1504, 1504, 1504, 1503, 0, 0, 0, 0, 0, 0
CTUN, 215074, 401, 0, 401, 0, -0.69, -0.76, 0, 0, 0, -1
ATT, 215093, 0, -0.08, 0, -0.08, 73.83, 73.7, 0, 0.05
RCIN, 215094, 1503, 1503, 1331, 1504, 1504, 1504, 1504, 1504, 0, 0, 0, 0, 0, 0
GPS, 1, 0, 0, 0, 99.99, 0, 0, -0.7, -17, 0, 0, 0, 215133
CTUN, 215173, 402, 0, 402, 0, -0.7, 0.08, 0, 0, 0, -1
ATT, 215193, 0, -0.08, 0, -0.08, 73.83, 73.7, 0, 0.02
RCIN, 215193, 1504, 1503, 1332, 1503, 1504, 1504, 1504, 1503, 0, 0, 0, 0, 0, 0
CTUN, 215273, 429, 0, 427, 0, -0.65, -0.33, 0, 0, 0, -1
ATT, 215293, 0, -0.08, 0, -0.09, 73.83, 73.71, 0, 0.02
RCIN, 215294, 1504, 1503, 1362, 1504, 1504, 1504, 1504, 1503, 0, 0, 0, 0, 0, 0
GPS, 1, 0, 0, 0, 99.99, 0, 0, -0.64, -17, 0, 0, 0, 215333
CTUN, 215374, 432, 0, 432, 0, -0.63, -1.11, 0, 0, 0, 0
ATT, 215393, 0, -0.08, 0, -0.09, 73.83, 73.72, 0, 0.03
RCIN, 215393, 1503, 1504, 1366, 1504, 1504, 1504, 1504, 1503, 0, 0, 0, 0, 0, 0
CTUN, 215475, 466, 0, 467, 0, -0.66, -1.39, 0, 0, 0, 0
ATT, 215493, 0, -0.09, 0, -0.09, 73.83, 73.71, 0, 0.02
RCIN, 215493, 1503, 1503, 1413, 1504, 1504, 1504, 1504, 1503, 0, 0, 0, 0, 0, 0
GPS, 1, 0, 0, 0, 99.99, 0, 0, -0.69, -17, 0, 0, 0, 215533
DU32, 7, 150392
CURR, 215553, 495, 109805, 0, 0, 4732, 0
CTUN, 215574, 495, 0, 495, 0, -0.71, 0.02, 0, 0, 0, -1
ATT, 215593, 0, -0.09, 0, -0.09, 73.83, 73.72, 0, 0.07
RCIN, 215593, 1504, 1503, 1439, 1504, 1504, 1504, 1504, 1504, 0, 0, 0, 0, 0, 0
RAD, 215604, 191, 191, 100, 20, 44, 0, 0
RAD, 215604, 191, 191, 100, 20, 44, 0, 0
CTUN, 215673, 518, 0, 497, 0, -0.67, -0.6, 0, 0, 0, 0
ATT, 215693, 0, -0.09, 0, -0.08, 73.83, 73.76, 0, 0.09
RCIN, 215694, 1504, 1503, 1476, 1504, 1504, 1504, 1504, 1503, 0, 0, 0, 0, 0, 0
GPS, 1, 0, 0, 0, 99.99, 0, 0, -0.66, -17, 0, 0, 0, 215734
CTUN, 215773, 557, 0, 557, 0, -0.66, -1.07, 0, 0, 0, 0
ATT, 215793, 0, -0.09, 0, -0.09, 73.83, 73.79, 0, 0.01
RCIN, 215793, 1503, 1504, 1509, 1504, 1504, 1504, 1504, 1503, 0, 0, 0, 0, 0, 0
CTUN, 215874, 585, 0, 585, 0, -0.69, -1, 0, 0, 0, -1
ATT, 215894, 0, -0.08, 0, -0.09, 73.83, 73.79, 0, 0
RCIN, 215895, 1504, 1503, 1543, 1504, 1504, 1504, 1504, 1503, 0, 0, 0, 0, 0, 0
GPS, 1, 0, 0, 0, 99.99, 0, 0, -0.7, -17, 0, 0, 0, 215933
CTUN, 215974, 627, 0, 617, 0, -0.71, -0.92, 0, 0, 0, -1
ATT, 215993, 0, -0.09, 0, -0.08, 73.83, 73.81, 0, 0.14
RCIN, 215993, 1504, 1503, 1613, 1504, 1504, 1504, 1504, 1503, 0, 0, 0, 0, 0, 0
CTUN, 216074, 699, 0, 699, 0, -0.72, 0.23, 0, 0, 0, -2
ATT, 216093, 0, -0.09, 0, -0.08, 73.83, 73.85, 0, 0.03
RCIN, 216093, 1504, 1503, 1690, 1504, 1504, 1504, 1504, 1503, 0, 0, 0, 0, 0, 0
GPS, 1, 0, 0, 0, 99.99, 0, 0, -0.69, -17, 0, 0, 0, 216133
CTUN, 216174, 785, 0, 772, 0, -0.67, 0.23, 0, 0, 0, 0
ATT, 216193, 0, -0.09, 0, -0.08, 73.83, 73.86, 0, 0.13
RCIN, 216193, 1503, 1503, 1782, 1504, 1504, 1504, 1504, 1503, 0, 0, 0, 0, 0, 0
CTUN, 216274, 848, 0, 848, 0, -0.61, -0.86, 0, 0, 0, 1
ATT, 216293, 0, -0.09, 0, -0.08, 73.83, 73.89, 0, 0.02
RCIN, 216293, 1504, 1503, 1864, 1504, 1504, 1504, 1504, 1503, 0, 0, 0, 0, 0, 0
GPS, 1, 0, 0, 0, 99.99, 0, 0, -0.62, -17, 0, 0, 0, 216333
CTUN, 216374, 930, 0, 916, 0, -0.63, -1.05, 0, 0, 0, 0
ATT, 216392, 0, -0.09, 0, -0.08, 73.83, 73.89, 0, 0.05
RCIN, 216393, 1503, 1504, 1952, 1504, 1503, 1504, 1504, 1503, 0, 0, 0, 0, 0, 0
CTUN, 216473, 999, 0, 999, 0, -0.65, -0.83, 0, 0, 0, 8
ATT, 216493, 0, -0.08, 0, -0.08, 73.83, 73.89, 0, 0.09
RCIN, 216493, 1503, 1503, 2015, 1504, 1504, 1504, 1504, 1503, 0, 0, 0, 0, 0, 0
GPS, 1, 0, 0, 0, 99.99, 0, 0, -0.65, -17, 0, 0, 0, 216533
DU32, 7, 150392
CURR, 216553, 999, 117206, 0, 0, 4732, 0
CTUN, 216574, 1000, 0, 1000, 0, -0.65, -0.84, 0, 0, 0, 6
ATT, 216593, 0, -0.08, 0, -0.09, 73.83, 73.91, 0.02, 0.04
RCIN, 216594, 1504, 1503, 2016, 1504, 1504, 1504, 1504, 1504, 0, 0, 0, 0, 0, 0
CTUN, 216673, 1000, 0, 1000, 0, -0.66, -0.82, 0, 0, 0, -1
ATT, 216693, 0, -0.08, 0, -0.1, 73.83, 73.91, 0.02, 0.09
RCIN, 216693, 1504, 1503, 2016, 1504, 1504, 1504, 1504, 1503, 0, 0, 0, 0, 0, 0
GPS, 1, 0, 0, 0, 99.99, 0, 0, -0.67, -17, 0, 0, 0, 216733
CTUN, 216773, 999, 0, 1000, 0, -0.67, -0.35, 0, 0, 0, -6
RAD, 216783, 191, 191, 96, 20, 49, 0, 0
RAD, 216784, 191, 191, 96, 20, 49, 0, 0
ATT, 216793, 0, -0.07, 0, -0.09, 73.83, 73.94, 0.03, 0
RCIN, 216794, 1503, 1503, 2016, 1504, 1504, 1504, 1504, 1504, 0, 0, 0, 0, 0, 0
CTUN, 216873, 1000, 0, 1000, 0, -0.66, -0.14, 0, 0, 0, 0
ATT, 216893, 0, -0.06, 0, -0.08, 73.83, 73.95, 0.03, 0.11
RCIN, 216893, 1503, 1504, 2015, 1504, 1504, 1504, 1504, 1503, 0, 0, 0, 0, 0, 0
GPS, 1, 0, 0, 0, 99.99, 0, 0, -0.64, -17, 0, 0, 0, 216935
CTUN, 216973, 1000, 0, 1000, 0, -0.62, -0.83, 0, 0, 0, 8
ATT, 216993, 0, -0.07, 0, -0.07, 73.83, 74, 0.03, 0.11
RCIN, 216993, 1503, 1504, 2015, 1504, 1504, 1504, 1504, 1503, 0, 0, 0, 0, 0, 0
CTUN, 217074, 1000, 0, 999, 0, -0.63, -0.94, 0, 0, 0, 3
ATT, 217093, 0, -0.09, 0, -0.08, 73.83, 74.02, 0.03, 0.08
RCIN, 217093, 1504, 1503, 2016, 1503, 1504, 1504, 1504, 1503, 0, 0, 0, 0, 0, 0
GPS, 1, 0, 0, 0, 99.99, 0, 0, -0.64, -17, 0, 0, 0, 217134
CTUN, 217174, 999, 0, 999, 0, -0.65, -1.34, 0, 0, 0, -5
ATT, 217193, 0, -0.09, 0, -0.08, 73.83, 74.02, 0.04, 0.15
RCIN, 217193, 1503, 1503, 2016, 1504, 1503, 1504, 1504, 1503, 0, 0, 0, 0, 0, 0
CTUN, 217273, 1000, 0, 999, 0, -0.7, 1.05, 0, 0, 0, -7
ATT, 217293, 0, -0.06, 0, -0.09, 73.83, 74.06, 0.04, 0.02
RCIN, 217293, 1504, 1503, 2015, 1504, 1504, 1504, 1504, 1503, 0, 0, 0, 0, 0, 0
GPS, 1, 0, 0, 0, 99.99, 0, 0, -0.64, -17, 0, 0, 0, 217333
CTUN, 217374, 938, 0, 938, 0, -0.59, -1.19, 0, 0, 0, 3
ATT, 217393, 0, -0.05, 0, -0.09, 73.83, 74.07, 0.03, 0
RCIN, 217393, 1503, 1503, 1927, 1503, 1504, 1504, 1504, 1503, 0, 0, 0, 0, 0, 0
CTUN, 217473, 782, 0, 827, 0, -0.62, -0.95, 0, 0, 0, 7
ATT, 217493, 0, -0.07, 0, -0.08, 73.83, 74.1, 0.03, 0.16
RCIN, 217493, 1504, 1504, 1744, 1504, 1504, 1504, 1503, 1504, 0, 0, 0, 0, 0, 0
GPS, 1, 0, 0, 0, 99.99, 0, 0, -0.63, -17, 0, 0, 0, 217534
DU32, 7, 150392
CURR, 217553, 665, 126697, 0, 0, 4732, 0
CTUN, 217574, 648, 0, 648, 0, -0.64, -0.81, 0, 0, 0, 2
ATT, 217593, 0, -0.07, 0, -0.07, 73.83, 74.15, 0.02, 0
RCIN, 217593, 1503, 1503, 1553, 1504, 1504, 1504, 1504, 1503, 0, 0, 0, 0, 0, 0
CTUN, 217674, 502, 0, 521, 0, -0.64, -0.35, 0, 0, 0, 3
ATT, 217693, 0, -0.08, 0, -0.08, 73.83, 74.16, 0.02, 0.04
RCIN, 217694, 1503, 1504, 1429, 1504, 1504, 1504, 1504, 1503, 0, 0, 0, 0, 0, 0
GPS, 1, 0, 0, 0, 99.99, 0, 0, -0.63, -17, 0, 0, 0, 217733
RAD, 217734, 191, 191, 96, 30, 49, 0, 0
RAD, 217735, 191, 191, 96, 30, 49, 0, 0
CTUN, 217773, 452, 0, 458, 0, -0.62, 0.31, 0, 0, 0, 4
ATT, 217794, 0, -0.08, 0, -0.09, 73.83, 74.18, 0, 0.04
RCIN, 217794, 1503, 1503, 1339, 1503, 1504, 1504, 1504, 1503, 0, 0, 0, 0, 0, 0
CTUN, 217874, 332, 0, 332, 0, -0.56, -0.88, 0, 0, 0, 5
ATT, 217893, 0, -0.07, 0, -0.1, 73.83, 74.19, 0, 0.09
RCIN, 217893, 1503, 1503, 1252, 1503, 1504, 1504, 1504, 1503, 0, 0, 0, 0, 0, 0
GPS, 1, 0, 0, 0, 99.99, 0, 0, -0.57, -17, 0, 0, 0, 217933
CTUN, 217975, 269, 0, 270, 0, -0.57, -0.47, 0, 0, 0, 4
ATT, 217993, 0, -0.08, 0, -0.1, 73.83, 74.17, 0, 0
RCIN, 217993, 1503, 1503, 1180, 1504, 1504, 1504, 1504, 1503, 0, 0, 0, 0, 0, 0
CTUN, 218074, 219, 0, 219, 0, -0.56, -0.41, 0, 0, 0, 4
ATT, 218093, 0, -0.07, 0, -0.09, 73.83, 74.18, 0, 0.01
RCIN, 218093, 1503, 1503, 1088, 1503, 1504, 1504, 1504, 1504, 0, 0, 0, 0, 0, 0
GPS, 1, 0, 0, 0, 99.99, 0, 0, -0.55, -17, 0, 0, 0, 218134
CTUN, 218174, 161, 0, 177, 0, -0.55, 0.2, 0, 0, 0, 5
ATT, 218192, 0, -0.07, 0, -0.1, 73.83, 74.2, 0, 0.02
RCIN, 218193, 1504, 1503, 1003, 1504, 1504, 1504, 1504, 1503, 0, 0, 0, 0, 0, 0
CTUN, 218272, 0, 0, 0, 0, -0.5, -0.92, 0, 0, 0, 6
ATT, 218292, 0, -0.07, 0, -0.1, 74.2, 74.2, 0, 0.03
RCIN, 218292, 1503, 1503, 992, 1503, 1504, 1504, 1504, 1503, 0, 0, 0, 0, 0, 0
EV, 17
GPS, 1, 0, 0, 0, 99.99, 0, 0, -0.51, -17, 0, 0, 0, 218332
CTUN, 218372, 0, 0, 0, 0, -0.51, -0.85, 0, 0, 0, 5
ATT, 218391, 0, -0.08, 0, -0.1, 74.19, 74.19, 0, 0.05
RCIN, 218391, 1503, 1504, 991, 1503, 1504, 1504, 1504, 1503, 0, 0, 0, 0, 0, 0
CTUN, 218472, 0, 0, 0, 0, -0.53, -0.69, 0, 0, 0, 5
ATT, 218492, 0, -0.08, 0, -0.1, 74.17, 74.17, 0, 0.08
RCIN, 218492, 1503, 1503, 992, 1503, 1504, 1504, 1504, 1503, 0, 0, 0, 0, 0, 0
GPS, 1, 0, 0, 0, 99.99, 0, 0, -0.53, -17, 0, 0, 0, 218532
DU32, 7, 412536
CURR, 218552, 0, 128764, 0, 0, 4673, 0
CTUN, 218572, 0, 0, 0, 0, -0.53, 0.32, 0, 0, 0, 5
ATT, 218591, 0, -0.08, 0, -0.09, 74.16, 74.16, 0, 0.04
RCIN, 218591, 1503, 1503, 991, 1512, 1504, 1504, 1504, 1503, 0, 0, 0, 0, 0, 0
CTUN, 218672, 0, 0, 0, 0, -0.47, -0.9, 0, 0, 0, 6
ATT, 218691, 0, -0.08, 0, -0.09, 74.17, 74.17, 0, 0.06
RCIN, 218692, 1503, 1504, 991, 1534, 1504, 1504, 1504, 1503, 0, 0, 0, 0, 0, 0
RAD, 218702, 190, 189, 93, 27, 47, 0, 0
RAD, 218703, 190, 189, 93, 27, 47, 0, 0
GPS, 1, 0, 0, 0, 99.99, 0, 0, -0.49, -17, 0, 0, 0, 218732
CTUN, 218772, 0, 0, 0, 0, -0.49, 0.78, 0, 0, 0, 6
ATT, 218792, 0, -0.08, 0, -0.09, 74.16, 74.16, 0, 0.05
RCIN, 218792, 1503, 1503, 991, 1533, 1504, 1504, 1504, 1503, 0, 0, 0, 0, 0, 0
CTUN, 218872, 0, 0, 0, 0, -0.41, -0.79, 0, 0, 0, 7
ATT, 218891, 0, -0.08, 0, -0.09, 74.18, 74.18, 0, 0.07
RCIN, 218891, 1504, 1503, 991, 1541, 1504, 1504, 1504, 1503, 0, 0, 0, 0, 0, 0
GPS, 1, 0, 0, 0, 99.99, 0, 0, -0.42, -17, 0, 0, 0, 218951
CTUN, 218972, 0, 0, 0, 0, -0.42, -0.83, 0, 0, 0, 7
ATT, 218991, 0, -0.08, 0, -0.09, 74.15, 74.15, 0, 0.08
RCIN, 218991, 1504, 1503, 991, 1513, 1504, 1504, 1503, 1504, 0, 0, 0, 0, 0, 0
CTUN, 219072, 0, 0, 0, 0, -0.44, -0.39, 0, 0, 0, 7
ATT, 219091, 0, -0.08, 0, -0.09, 74.12, 74.12, 0, 0.04
RCIN, 219092, 1503, 1503, 991, 1504, 1504, 1504, 1504, 1503, 0, 0, 0, 0, 0, 0
GPS, 1, 0, 0, 0, 99.99, 0, 0, -0.43, -17, 0, 0, 0, 219132
EV, 17
CTUN, 219172, 0, 0, 0, 0, -0.43, -0.51, 0, 0, 0, 7
ATT, 219191, 0, -0.09, 0, -0.09, 74.11, 74.11, 0, 0.01
RCIN, 219191, 1504, 1503, 991, 1504, 1504, 1504, 1504, 1503, 0, 0, 0, 0, 0, 0
CTUN, 219272, 0, 0, 0, 0, -0.43, -0.43, 0, 0, 0, 7
ATT, 219292, 0, -0.09, 0, -0.09, 74.1, 74.1, 0, 0.08
RCIN, 219292, 1504, 1503, 991, 1504, 1504, 1504, 1504, 1504, 0, 0, 0, 0, 0, 0
GPS, 1, 0, 0, 0, 99.99, 0, 0, -0.42, -17, 0, 0, 0, 219332
CTUN, 219372, 0, 0, 0, 0, -0.42, 0.02, 0, 0, 0, 7
ATT, 219391, 0, -0.09, 0, -0.09, 74.08, 74.08, 0, 0.04
RCIN, 219391, 1504, 1503, 991, 1504, 1504, 1504, 1504, 1503, 0, 0, 0, 0, 0, 0
EV, 17
CTUN, 219472, 0, 0, 0, 0, -0.38, -0.92, 0, 0, 0, 7
ATT, 219491, 0, -0.09, 0, -0.09, 74.09, 74.09, 0, 0.12
RCIN, 219491, 1503, 1503, 991, 1504, 1504, 1504, 1504, 1503, 0, 0, 0, 0, 0, 0
GPS, 1, 0, 0, 0, 99.99, 0, 0, -0.4, -17, 0, 0, 0, 219532
DU32, 7, 936792
CURR, 219552, 0, 128764, 0, 0, 4752, 0
CTUN, 219572, 0, 0, 0, 0, -0.41, -0.8, 0, 0, 0, 7
ATT, 219591, 0, -0.09, 0, -0.08, 74.05, 74.05, 0, 0.06
RCIN, 219591, 1503, 1504, 991, 1504, 1504, 1504, 1504, 1503, 0, 0, 0, 0, 0, 0
CTUN, 219672, 0, 0, 0, 0, -0.42, -0.87, 0, 0, 0, 6
ATT, 219691, 0, -0.09, 0, -0.08, 74.02, 74.02, 0, 0.07
RCIN, 219692, 1504, 1503, 991, 1504, 1504, 1504, 1504, 1504, 0, 0, 0, 0, 0, 0
GPS, 1, 0, 0, 0, 99.99, 0, 0, -0.43, -17, 0, 0, 0, 219732
RAD, 219763, 187, 185, 93, 20, 42, 0, 0
RAD, 219763, 187, 185, 93, 20, 42, 0, 0
CTUN, 219772, 0, 0, 0, 0, -0.44, 0.62, 0, 0, 0, 6
ATT, 219791, 0, -0.09, 0, -0.08, 74.01, 74.01, 0, 0.02
RCIN, 219791, 1504, 1503, 991, 1504, 1504, 1504, 1504, 1503, 0, 0, 0, 0, 0, 0
CTUN, 219872, 0, 0, 0, 0, -0.37, -0.53, 0, 0, 0, 7
ATT, 219891, 0, -0.09, 0, -0.08, 74.03, 74.03, 0, 0
RCIN, 219891, 1504, 1503, 991, 1504, 1504, 1504, 1504, 1503, 0, 0, 0, 0, 0, 0
GPS, 1, 0, 0, 0, 99.99, 0, 0, -0.37, -17, 0, 0, 0, 219951
CTUN, 219972, 0, 0, 0, 0, -0.37, -0.91, 0, 0, 0, 7
ATT, 219991, 0, -0.08, 0, -0.08, 74.02, 74.02, 0, 0.07
RCIN, 219991, 1504, 1503, 991, 1504, 1504, 1504, 1504, 1504, 0, 0, 0, 0, 0, 0
CTUN, 220072, 0, 0, 0, 0, -0.4, -0.77, 0, 0, 0, 7
ATT, 220092, 0, -0.08, 0, -0.08, 73.99, 73.99, 0, 0.09
RCIN, 220092, 1503, 1503, 991, 1504, 1504, 1504, 1504, 1504, 0, 0, 0, 0, 0, 0
GPS, 1, 0, 0, 0, 99.99, 0, 0, -0.41, -17, 0, 0, 0, 220132
CTUN, 220172, 0, 0, 0, 0, -0.41, -0.86, 0, 0, 0, 6
ATT, 220191, 0, -0.08, 0, -0.08, 73.96, 73.96, 0, 0.07
RCIN, 220191, 1504, 1503, 991, 1504, 1504, 1504, 1503, 1503, 0, 0, 0, 0, 0, 0
CTUN, 220272, 0, 0, 0, 0, -0.43, 1.12, 0, 0, 0, 6
ATT, 220291, 0, -0.09, 0, -0.08, 73.95, 73.95, 0, 0.1
RCIN, 220292, 1504, 1503, 992, 1504, 1503, 1504, 1504, 1503, 0, 0, 0, 0, 0, 0
GPS, 1, 0, 0, 0, 99.99, 0, 0, -0.37, -17, 0, 0, 0, 220332
CTUN, 220372, 0, 0, 0, 0, -0.33, -1.33, 0, 0, 0, 8
ATT, 220391, 0, -0.08, 0, -0.08, 73.98, 73.98, 0, 0.1
RCIN, 220391, 1503, 1503, 991, 1504, 1504, 1504, 1504, 1504, 0, 0, 0, 0, 0, 0
CTUN, 220472, 0, 0, 0, 0, -0.38, -0.86, 0, 0, 0, 7
ATT, 220491, 0, -0.08, 0, -0.08, 73.95, 73.95, 0, 0.03
RCIN, 220491, 1503, 1503, 992, 1504, 1504, 1504, 1504, 1503, 0, 0, 0, 0, 0, 0
GPS, 1, 0, 0, 0, 99.99, 0, 0, -0.39, -17, 0, 0, 0, 220532
DU32, 7, 674648
CURR, 220552, 0, 128764, 0, 0, 4712, 0
CTUN, 220572, 0, 0, 0, 0, -0.4, 0.18, 0, 0, 0, 6
ATT, 220591, 0, -0.08, 0, -0.08, 73.94, 73.94, 0, 0.03
RCIN, 220591, 1503, 1503, 991, 1504, 1503, 1504, 1504, 1503, 0, 0, 0, 0, 0, 0
RAD, 220602, 180, 178, 100, 25, 49, 0, 0
RAD, 220603, 180, 178, 100, 25, 49, 0, 0
CTUN, 220672, 0, 0, 0, 0, -0.36, -0.57, 0, 0, 0, 7
ATT, 220691, 0, -0.08, 0, -0.08, 73.94, 73.94, 0, 0.04
RCIN, 220692, 1504, 1503, 992, 1503, 1504, 1504, 1504, 1503, 0, 0, 0, 0, 0, 0
GPS, 1, 0, 0, 0, 99.99, 0, 0, -0.36, -17, 0, 0, 0, 220732
CTUN, 220772, 0, 0, 0, 0, -0.36, -0.88, 0, 0, 0, 7
ATT, 220791, 0, -0.08, 0, -0.08, 73.95, 73.95, 0, 0.06
RCIN, 220791, 1503, 1504, 991, 1504, 1503, 1504, 1504, 1503, 0, 0, 0, 0, 0, 0
CTUN, 220872, 0, 0, 0, 0, -0.39, -0.7, 0, 0, 0, 6
ATT, 220891, 0, -0.08, 0, -0.08, 73.93, 73.93, 0, 0.08
RCIN, 220891, 1503, 1504, 991, 1504, 1504, 1504, 1504, 1503, 0, 0, 0, 0, 0, 0
GPS, 1, 0, 0, 0, 99.99, 0, 0, -0.39, -17, 0, 0, 0, 220932
EV, 17
CTUN, 220972, 0, 0, 0, 0, -0.4, 0, 0, 0, 0, 6
ATT, 220991, 0, -0.08, 0, -0.08, 73.92, 73.92, 0, 0.11
RCIN, 220991, 1503, 1503, 991, 1504, 1504, 1504, 1504, 1503, 0, 0, 0, 0, 0, 0
CTUN, 221072, 0, 0, 0, 0, -0.37, -0.6, 0, 0, 0, 6
ATT, 221091, 0, -0.08, 0, -0.08, 73.95, 73.95, 0, 0.08
RCIN, 221092, 1504, 1503, 991, 1504, 1504, 1504, 1504, 1504, 0, 0, 0, 0, 0, 0
GPS, 1, 0, 0, 0, 99.99, 0, 0, -0.37, -17, 0, 0, 0, 221132
CTUN, 221172, 0, 0, 0, 0, -0.37, -0.98, 0, 0, 0, 6
ATT, 221191, 0, -0.09, 0, -0.08, 73.92, 73.92, 0, 0.07
RCIN, 221192, 1504, 1503, 991, 1504, 1504, 1504, 1504, 1503, 0, 0, 0, 0, 0, 0
CTUN, 221272, 0, 0, 0, 0, -0.4, -0.89, 0, 0, 0, 6
ATT, 221292, 0, -0.09, 0, -0.08, 73.89, 73.89, 0, 0.09
RCIN, 221292, 1504, 1503, 991, 1504, 1504, 1504, 1504, 1503, 0, 0, 0, 0, 0, 0
GPS, 1, 0, 0, 0, 99.99, 0, 0, -0.42, -17, 0, 0, 0, 221332
CTUN, 221372, 0, 0, 0, 0, -0.43, 0.05, 0, 0, 0, 5
ATT, 221391, 0, -0.09, 0, -0.08, 73.86, 73.86, 0, 0.02
RCIN, 221391, 1504, 1503, 991, 1503, 1504, 1504, 1504, 1503, 0, 0, 0, 0, 0, 0
CTUN, 221472, 0, 0, 0, 0, -0.39, -0.47, 0, 0, 0, 6
ATT, 221491, 0, -0.08, 0, -0.08, 73.86, 73.86, 0, 0.02
RCIN, 221491, 1503, 1503, 991, 1504, 1504, 1504, 1504, 1503, 0, 0, 0, 0, 0, 0
GPS, 1, 0, 0, 0, 99.99, 0, 0, -0.39, -17, 0, 0, 0, 221532
DU32, 7, 936792
CURR, 221552, 0, 128764, 0, 0, 4732, 0
PM, 6, 1000, 11995, 10, 0, 0, 0
CTUN, 221572, 0, 0, 0, 0, -0.39, -0.19, 0, 0, 0, 6
ATT, 221591, 0, -0.09, 0, -0.08, 73.88, 73.88, 0, 0.01
RCIN, 221591, 1504, 1503, 991, 1504, 1504, 1504, 1504, 1503, 0, 0, 0, 0, 0, 0
CTUN, 221673, 0, 0, 0, 0, -0.37, -1.24, 0, 0, 0, 6
ATT, 221691, 0, -0.08, 0, -0.08, 73.87, 73.87, 0, 0.11
RCIN, 221691, 1503, 1503, 992, 1504, 1503, 1504, 1504, 1503, 0, 0, 0, 0, 0, 0
RAD, 221703, 186, 188, 100, 19, 53, 0, 0
RAD, 221703, 186, 188, 100, 19, 53, 0, 0
GPS, 1, 0, 0, 0, 99.99, 0, 0, -0.4, -17, 0, 0, 0, 221732
CTUN, 221772, 0, 0, 0, 0, -0.42, -0.46, 0, 0, 0, 5
ATT, 221791, 0, -0.09, 0, -0.09, 73.85, 73.85, 0, 0
RCIN, 221791, 1503, 1503, 991, 1504, 1503, 1504, 1504, 1503, 0, 0, 0, 0, 0, 0
EV, 17
CTUN, 221873, 0, 0, 0, 0, -0.41, 0.55, 0, 0, 0, 5
ATT, 221891, 0, -0.08, 0, -0.08, 73.86, 73.86, 0, 0.03
RCIN, 221891, 1503, 1504, 991, 1504, 1503, 1504, 1504, 1503, 0, 0, 0, 0, 0, 0
GPS, 1, 0, 0, 0, 99.99, 0, 0, -0.36, -17, 0, 0, 0, 221951
CTUN, 221972, 0, 0, 0, 0, -0.35, -0.82, 0, 0, 0, 6
ATT, 221991, 0, -0.08, 0, -0.08, 73.87, 73.87, 0, 0.05
RCIN, 221991, 1504, 1503, 991, 1504, 1504, 1504, 1504, 1504, 0, 0, 0, 0, 0, 0
CTUN, 222072, 0, 0, 0, 0, -0.37, -0.11, 0, 0, 0, 6
ATT, 222091, 0, -0.08, 0, -0.08, 73.86, 73.86, 0, 0.01
RCIN, 222091, 1504, 1503, 991, 1504, 1504, 1504, 1504, 1503, 0, 0, 0, 0, 0, 0
GPS, 1, 0, 0, 0, 99.99, 0, 0, -0.36, -17, 0, 0, 0, 222132
CTUN, 222172, 0, 0, 0, 0, -0.35, -0.49, 0, 0, 0, 6
ATT, 222191, 0, -0.08, 0, -0.08, 73.85, 73.85, 0, 0.05
RCIN, 222191, 1504, 1503, 991, 1504, 1503, 1504, 1504, 1503, 0, 0, 0, 0, 0, 0
CTUN, 222272, 0, 0, 0, 0, -0.35, -0.35, 0, 0, 0, 6
ATT, 222291, 0, -0.08, 0, -0.09, 73.83, 73.83, 0, 0.02
RCIN, 222292, 1503, 1503, 992, 1504, 1504, 1504, 1504, 1503, 0, 0, 0, 0, 0, 0
GPS, 1, 0, 0, 0, 99.99, 0, 0, -0.34, -17, 0, 0, 0, 222351
EV, 17
CTUN, 222372, 0, 0, 0, 0, -0.34, -1.13, 0, 0, 0, 6
ATT, 222391, 0, -0.08, 0, -0.09, 73.82, 73.82, 0, 0.11
RCIN, 222391, 1503, 1503, 991, 1504, 1504, 1504, 1504, 1504, 0, 0, 0, 0, 0, 0
CTUN, 222472, 0, 0, 0, 0, -0.38, -1.02, 0, 0, 0, 5
ATT, 222492, 0, -0.08, 0, -0.09, 73.78, 73.78, 0, 0.08
RCIN, 222493, 1504, 1503, 992, 1503, 1504, 1504, 1504, 1503, 0, 0, 0, 0, 0, 0
GPS, 1, 0, 0, 0, 99.99, 0, 0, -0.4, -17, 0, 0, 0, 222532
DU32, 7, 936792
CURR, 222551, 0, 128764, 0, 0, 4712, 0
CTUN, 222572, 0, 0, 0, 0, -0.41, 0.2, 0, 0, 0, 5
ATT, 222591, 0, -0.08, 0, -0.09, 73.78, 73.78, 0, 0.11
RCIN, 222591, 1504, 1503, 991, 1504, 1504, 1504, 1504, 1503, 0, 0, 0, 0, 0, 0
RAD, 222622, 189, 188, 100, 22, 39, 0, 0
RAD, 222623, 189, 188, 100, 22, 39, 0, 0
CTUN, 222672, 0, 0, 0, 0, -0.37, 0.26, 0, 0, 0, 5
ATT, 222693, 0, -0.08, 0, -0.09, 73.83, 73.83, 0, 0.06
RCIN, 222693, 1503, 1503, 992, 1503, 1504, 1504, 1504, 1503, 0, 0, 0, 0, 0, 0
GPS, 1, 0, 0, 0, 99.99, 0, 0, -0.34, -17, 0, 0, 0, 222732
CTUN, 222772, 0, 0, 0, 0, -0.33, -0.45, 0, 0, 0, 6
ATT, 222791, 0, -0.09, 0, -0.09, 73.85, 73.85, 0, 0.01
RCIN, 222791, 1503, 1504, 991, 1504, 1504, 1504, 1504, 1503, 0, 0, 0, 0, 0, 0
CTUN, 222872, 0, 0, 0, 0, -0.33, -0.7, 0, 0, 0, 6
ATT, 222891, 0, -0.09, 0, -0.09, 73.85, 73.85, 0, 0.03
RCIN, 222891, 1503, 1503, 991, 1504, 1504, 1504, 1504, 1503, 0, 0, 0, -27229, -32640, 18009
FMT, 129, 23, PARM, Nf, Name,Value
FMT, 130, 45, GPS, BIHBcLLeeEefI, Status,TimeMS,Week,NSats,HDop,Lat,Lng,RelAlt,Alt,Spd,GCrs,VZ,T
FMT, 131, 31, IMU, Iffffff, 
