FMT, 128, 89, FMT, BBnNZ, Type,Length,Name,Format,Columns
FMT, 129, 23, PARM, Nf, Name,Value
FMT, 130, 45, GPS, BIHBcLLeeEefI, Status,TimeMS,Week,NSats,HDop,Lat,Lng,RelAlt,Alt,Spd,GCrs,VZ,T
FMT, 131, 31, IMU, Iffffff, TimeMS,GyrX,GyrY,GyrZ,AccX,AccY,AccZ
FMT, 132, 67, MSG, Z, Message
FMT, 133, 35, RCIN, Ihhhhhhhhhhhhhh, TimeMS,C1,C2,C3,C4,C5,C6,C7,C8,C9,C10,C11,C12,C13,C14
FMT, 134, 23, RCOU, Ihhhhhhhh, TimeMS,Chan1,Chan2,Chan3,Chan4,Chan5,Chan6,Chan7,Chan8
FMT, 136, 21, BARO, Iffcf, TimeMS,Alt,Press,Temp,CRt
FMT, 137, 13, POWR, ICCH, TimeMS,Vcc,VServo,Flags
FMT, 145, 41, CMD, IHHHfffffff, TimeMS,CTot,CNum,CId,Prm1,Prm2,Prm3,Prm4,Lat,Lng,Alt
FMT, 146, 16, RAD, IBBBBBHH, TimeMS,RSSI,RemRSSI,TxBuf,Noise,RemNoise,RxErrors,Fixed
FMT, 148, 31, CAM, IHLLeeccC, GPSTime,GPSWeek,Lat,Lng,Alt,RelAlt,Roll,Pitch,Yaw
FMT, 25, 25, ATUN, BBfffff, Axis,TuneStep,RateMin,RateMax,RPGain,RDGain,SPGain
FMT, 26, 9, ATDE, cf, Angle,Rate
FMT, 9, 23, CURR, IhIhhhf, TimeMS,ThrOut,ThrInt,Volt,Curr,Vcc,CurrTot
FMT, 12, 20, OF, hhBccee, Dx,Dy,SQual,X,Y,Roll,Pitch
FMT, 5, 47, NTUN, Iffffffffff, TimeMS,DPosX,DPosY,PosX,PosY,DVelX,DVelY,VelX,VelY,DAccX,DAccY
FMT, 4, 33, CTUN, Ihhhffecchh, TimeMS,ThrIn,AngBst,ThrOut,DAlt,Alt,BarAlt,DSAlt,SAlt,DCRt,CRt
FMT, 15, 25, MAG, Ihhhhhhhhh, TimeMS,MagX,MagY,MagZ,OfsX,OfsY,OfsZ,MOfsX,MOfsY,MOfsZ
FMT, 6, 17, PM, HHIhBHB, NLon,NLoop,MaxT,PMT,I2CErr,INSErr,INAVErr
FMT, 1, 23, ATT, IccccCCCC, TimeMS,DesRoll,Roll,DesPitch,Pitch,DesYaw,Yaw,ErrRP,ErrYaw
FMT, 3, 6, MODE, Mh, Mode,ThrCrs
FMT, 10, 3, STRT, , 
FMT, 13, 4, EV, B, Id
FMT, 20, 6, D16, Bh, Id,Value
FMT, 21, 6, DU16, BH, Id,Value
FMT, 22, 8, D32, Bi, Id,Value
FMT, 23, 8, DU32, BI, Id,Value
FMT, 24, 8, DFLT, Bf, Id,Value
FMT, 19, 5, ERR, BB, Subsys,ECode
PARM, SYSID_SW_MREV, 120
PARM, SYSID_SW_TYPE, 10
PARM, SYSID_THISMAV, 1
PARM, SYSID_MYGCS, 255
PARM, SERIAL0_BAUD, 115
PARM, SERIAL1_BAUD, 57
PARM, TELEM_DELAY, 0
PARM, RTL_ALT, 1500
PARM, RNGFND_GAIN, 0.8
PARM, FS_BATT_ENABLE, 0
PARM, FS_BATT_VOLTAGE, 10.5
PARM, FS_BATT_MAH, 0
PARM, FS_GPS_ENABLE, 1
PARM, FS_GCS_ENABLE, 1
PARM, GPS_HDOP_GOOD, 230
PARM, MAG_ENABLE, 1
PARM, FLOW_ENABLE, 0
PARM, SUPER_SIMPLE, 0
PARM, RTL_ALT_FINAL, 0
PARM, RSSI_PIN, -1
PARM, RSSI_RANGE, 5
PARM, WP_YAW_BEHAVIOR, 2
PARM, RTL_LOIT_TIME, 5000
PARM, LAND_SPEED, 50
PARM, PILOT_VELZ_MAX, 250
PARM, PILOT_ACCEL_Z, 250
PARM, THR_MIN, 130
PARM, THR_MAX, 1000
PARM, FS_THR_ENABLE, 0
PARM, FS_THR_VALUE, 975
PARM, TRIM_THROTTLE, 450
PARM, THR_MID, 500
PARM, THR_DZ, 100
PARM, FLTMODE1, 0
PARM, FLTMODE2, 0
PARM, FLTMODE3, 0
PARM, FLTMODE4, 0
PARM, FLTMODE5, 0
PARM, FLTMODE6, 0
PARM, SIMPLE, 0
PARM, LOG_BITMASK, 894
PARM, ESC, 0
PARM, TUNE, 0
PARM, TUNE_LOW, 0
PARM, TUNE_HIGH, 1000
PARM, FRAME, 1
PARM, CH7_OPT, 0
PARM, CH8_OPT, 0
PARM, ARMING_CHECK, 0
PARM, ANGLE_MAX, 4500
PARM, RC_FEEL_RP, 100
PARM, PHLD_BRAKE_RATE, 8
PARM, PHLD_BRAKE_ANGLE, 3000
PARM, LAND_REPOSITION, 1
PARM, EKF_CHECK_THRESH, 0.8
PARM, DCM_CHECK_THRESH, 0.8
PARM, RC1_MIN, 1100
PARM, RC1_TRIM, 900
PARM, RC1_MAX, 1900
PARM, RC1_REV, 1
PARM, RC1_DZ, 30
PARM, RC2_MIN, 1100
PARM, RC2_TRIM, 900
PARM, RC2_MAX, 1900
PARM, RC2_REV, 1
PARM, RC2_DZ, 30
PARM, RC3_MIN, 1100
PARM, RC3_TRIM, 900
PARM, RC3_MAX, 1900
PARM, RC3_REV, 1
PARM, RC3_DZ, 30
PARM, RC4_MIN, 1100
PARM, RC4_TRIM, 900
PARM, RC4_MAX, 1900
PARM, RC4_REV, 1
PARM, RC4_DZ, 40
PARM, RC5_MIN, 1100
PARM, RC5_TRIM, 900
PARM, RC5_MAX, 1900
PARM, RC5_REV, 1
PARM, RC5_DZ, 0
PARM, RC5_FUNCTION, 0
PARM, RC6_MIN, 1100
PARM, RC6_TRIM, 900
PARM, RC6_MAX, 1900
PARM, RC6_REV, 1
PARM, RC6_DZ, 0
PARM, RC6_FUNCTION, 0
PARM, RC7_MIN, 1100
PARM, RC7_TRIM, 900
PARM, RC7_MAX, 1900
PARM, RC7_REV, 1
PARM, RC7_DZ, 0
PARM, RC7_FUNCTION, 0
PARM, RC8_MIN, 1100
PARM, RC8_TRIM, 900
PARM, RC8_MAX, 1900
PARM, RC8_REV, 1
PARM, RC8_DZ, 0
PARM, RC8_FUNCTION, 0
PARM, RC10_MIN, 1100
PARM, RC10_TRIM, 0
PARM, RC10_MAX, 1900
PARM, RC10_REV, 1
PARM, RC10_DZ, 0
PARM, RC10_FUNCTION, 0
PARM, RC11_MIN, 1100
PARM, RC11_TRIM, 0
PARM, RC11_MAX, 1900
PARM, RC11_REV, 1
PARM, RC11_DZ, 0
PARM, RC11_FUNCTION, 0
PARM, RC_SPEED, 490
PARM, ACRO_RP_P, 4.5
PARM, ACRO_YAW_P, 4.5
PARM, ACRO_BAL_ROLL, 1
PARM, ACRO_BAL_PITCH, 1
PARM, ACRO_TRAINER, 2
PARM, ACRO_EXPO, 0.3
PARM, RATE_RLL_P, 0.15
PARM, RATE_RLL_I, 0.1
PARM, RATE_RLL_D, 0.004
PARM, RATE_RLL_IMAX, 1000
PARM, RATE_PIT_P, 0.15
PARM, RATE_PIT_I, 0.1
PARM, RATE_PIT_D, 0.004
PARM, RATE_PIT_IMAX, 1000
PARM, RATE_YAW_P, 0.2
PARM, RATE_YAW_I, 0.02
PARM, RATE_YAW_D, 0
PARM, RATE_YAW_IMAX, 1000
PARM, LOITER_LAT_P, 1
PARM, LOITER_LAT_I, 0.5
PARM, LOITER_LAT_D, 0
PARM, LOITER_LAT_IMAX, 1000
PARM, LOITER_LON_P, 1
PARM, LOITER_LON_I, 0.5
PARM, LOITER_LON_D, 0
PARM, LOITER_LON_IMAX, 1000
PARM, THR_RATE_P, 5
PARM, THR_ACCEL_P, 0.5
PARM, THR_ACCEL_I, 1
PARM, THR_ACCEL_D, 0
PARM, THR_ACCEL_IMAX, 800
PARM, OF_RLL_P, 2.5
PARM, OF_RLL_I, 0.5
PARM, OF_RLL_D, 0.12
PARM, OF_RLL_IMAX, 100
PARM, OF_PIT_P, 2.5
PARM, OF_PIT_I, 0.5
PARM, OF_PIT_D, 0.12
PARM, OF_PIT_IMAX, 100
PARM, STB_RLL_P, 4.5
PARM, STB_PIT_P, 4.5
PARM, STB_YAW_P, 4.5
PARM, THR_ALT_P, 1
PARM, HLD_LAT_P, 1
PARM, CAM_TRIGG_TYPE, 0
PARM, CAM_DURATION, 10
PARM, CAM_SERVO_ON, 1300
PARM, CAM_SERVO_OFF, 1100
PARM, CAM_TRIGG_DIST, 0
PARM, RELAY_PIN, 13
PARM, RELAY_PIN2, -1
PARM, COMPASS_OFS_X, 67
PARM, COMPASS_OFS_Y, 130
PARM, COMPASS_OFS_Z, 43
PARM, COMPASS_DEC, 0
PARM, COMPASS_LEARN, 1
PARM, COMPASS_USE, 1
PARM, COMPASS_AUTODEC, 1
PARM, COMPASS_MOTCT, 0
PARM, COMPASS_MOT_X, 0
PARM, COMPASS_MOT_Y, 0
PARM, COMPASS_MOT_Z, 0
PARM, COMPASS_ORIENT, 8
PARM, COMPASS_EXTERNAL, 1
PARM, INS_PRODUCT_ID, 0
PARM, INS_ACCSCAL_X, 0.9942261
PARM, INS_ACCSCAL_Y, 0.9974292
PARM, INS_ACCSCAL_Z, 0.9833565
PARM, INS_ACCOFFS_X, -0.02768973
PARM, INS_ACCOFFS_Y, 0.2324637
PARM, INS_ACCOFFS_Z, -0.001491388
PARM, INS_GYROFFS_X, 0.007337795
PARM, INS_GYROFFS_Y, -0.004560182
PARM, INS_GYROFFS_Z, 0.009349171
PARM, INS_MPU6K_FILTER, 0
PARM, INAV_TC_XY, 2.5
PARM, INAV_TC_Z, 5
PARM, WPNAV_SPEED, 500
PARM, WPNAV_RADIUS, 200
PARM, WPNAV_SPEED_UP, 250
PARM, WPNAV_SPEED_DN, 150
PARM, WPNAV_LOIT_SPEED, 500
PARM, WPNAV_ACCEL, 100
PARM, WPNAV_ACCEL_Z, 100
PARM, WPNAV_LOIT_JERK, 1000
PARM, CIRCLE_RADIUS, 1000
PARM, CIRCLE_RATE, 20
PARM, ATC_RATE_RP_MAX, 18000
PARM, ATC_RATE_Y_MAX, 9000
PARM, ATC_SLEW_YAW, 1000
PARM, ATC_ACCEL_RP_MAX, 0
PARM, ATC_ACCEL_Y_MAX, 0
PARM, ATC_RATE_FF_ENAB, 0
PARM, POSCON_THR_HOVER, 450
PARM, SR0_RAW_SENS, 2
PARM, SR0_EXT_STAT, 2
PARM, SR0_RC_CHAN, 2
PARM, SR0_RAW_CTRL, 2
PARM, SR0_POSITION, 2
PARM, SR0_EXTRA1, 4
PARM, SR0_EXTRA2, 4
PARM, SR0_EXTRA3, 2
PARM, SR0_PARAMS, 10
PARM, SR1_RAW_SENS, 2
PARM, SR1_EXT_STAT, 2
PARM, SR1_RC_CHAN, 2
PARM, SR1_RAW_CTRL, 2
PARM, SR1_POSITION, 2
PARM, SR1_EXTRA1, 2
PARM, SR1_EXTRA2, 2
PARM, SR1_EXTRA3, 2
PARM, SR1_PARAMS, 0
PARM, AHRS_GPS_GAIN, 1
PARM, AHRS_GPS_USE, 1
PARM, AHRS_YAW_P, 0.1
PARM, AHRS_RP_P, 0.1
PARM, AHRS_WIND_MAX, 0
PARM, AHRS_TRIM_X, 0.003521048
PARM, AHRS_TRIM_Y, 0.02424807
PARM, AHRS_TRIM_Z, 0
PARM, AHRS_ORIENTATION, 0
PARM, AHRS_COMP_BETA, 0.1
PARM, AHRS_GPS_MINSATS, 6
PARM, MNT_MODE, 0
PARM, MNT_RETRACT_X, 0
PARM, MNT_RETRACT_Y, 0
PARM, MNT_RETRACT_Z, 0
PARM, MNT_NEUTRAL_X, 0
PARM, MNT_NEUTRAL_Y, 0
PARM, MNT_NEUTRAL_Z, 0
PARM, MNT_CONTROL_X, 0
PARM, MNT_CONTROL_Y, 0
PARM, MNT_CONTROL_Z, 0
PARM, MNT_STAB_ROLL, 0
PARM, MNT_STAB_TILT, 0
PARM, MNT_STAB_PAN, 0
PARM, MNT_RC_IN_ROLL, 0
PARM, MNT_ANGMIN_ROL, -4500
PARM, MNT_ANGMAX_ROL, 4500
PARM, MNT_RC_IN_TILT, 0
PARM, MNT_ANGMIN_TIL, -4500
PARM, MNT_ANGMAX_TIL, 4500
PARM, MNT_RC_IN_PAN, 0
PARM, MNT_ANGMIN_PAN, -4500
PARM, MNT_ANGMAX_PAN, 4500
PARM, MNT_JSTICK_SPD, 0
PARM, BATT_MONITOR, 0
PARM, BATT_VOLT_PIN, -1
PARM, BATT_CURR_PIN, -1
PARM, BATT_VOLT_MULT, 10.1
PARM, BATT_AMP_PERVOLT, 17
PARM, BATT_AMP_OFFSET, 0
PARM, BATT_CAPACITY, 3300
PARM, BATT_VOLT2_PIN, -1
PARM, BATT_VOLT2_MULT, 1
PARM, GND_ABS_PRESS, 41512.21
PARM, GND_TEMP, 26.77952
PARM, GND_ALT_OFFSET, 0
PARM, GPS_TYPE, 1
PARM, GPS_NAVFILTER, 8
PARM, SCHED_DEBUG, 0
PARM, FENCE_ENABLE, 0
PARM, FENCE_TYPE, 3
PARM, FENCE_ACTION, 1
PARM, FENCE_ALT_MAX, 100
PARM, FENCE_RADIUS, 300
PARM, FENCE_MARGIN, 2
PARM, GPSGLITCH_ENABLE, 1
PARM, GPSGLITCH_RADIUS, 200
PARM, GPSGLITCH_ACCEL, 1000
PARM, BAROGLTCH_ENABLE, 1
PARM, BAROGLTCH_DIST, 500
PARM, BAROGLTCH_ACCEL, 1500
PARM, MOT_TCRV_ENABLE, 1
PARM, MOT_TCRV_MIDPCT, 52
PARM, MOT_TCRV_MAXPCT, 93
PARM, MOT_SPIN_ARMED, 70
PARM, RCMAP_ROLL, 1
PARM, RCMAP_PITCH, 2
PARM, RCMAP_THROTTLE, 3
PARM, RCMAP_YAW, 4
PARM, MIS_TOTAL, 0
PARM, MIS_RESTART, 0
PARM, RNGFND_TYPE, 0
PARM, RNGFND_PIN, -1
PARM, RNGFND_SCALING, 3
PARM, RNGFND_OFFSET, 0
PARM, RNGFND_FUNCTION, 0
PARM, RNGFND_MIN_CM, 20
PARM, RNGFND_MAX_CM, 700
PARM, RNGFND_STOP_PIN, -1
PARM, RNGFND_SETTLE_MS, 0
PARM, RNGFND_RMETRIC, 1
MSG, ArduCopter V3.2.1 (36b405fb)
MSG, Frame: QUAD
MODE, Stabilize, 450
EV, 10
MODE, Stabilize, 450
GPS, 2, 167982400, 2004, 3, 2.77, 39.9206572, -105.1132293, 0, 1694.52, 5.08, 336.27, 0, 180125
CTUN, 180154, 0, 0, 0, 0, -0.03, -0.49, 0, 0, 0, 718
ATT, 180164, 0, -1.09, 0, -0.48, 73.64, 73.64, 0, 0
RCIN, 180165, 900, 900, 900, 900, 900, 900, 900, 900, 0, 0, 0, 0, 0, 0
RAD, 180194, 205, 207, 95, 24, 53, 0, 0
RAD, 180194, 205, 207, 95, 24, 53, 0, 0
CTUN, 180255, 0, 0, 0, 0, -0.21, 0.51, 0, 0, 0, 709
ATT, 180266, 0, -1.09, 0, -0.47, 73.64, 73.64, 0, 0
RCIN, 180266, 900, 900, 900, 900, 900, 900, 900, 900, 0, 0, 0, 0, 0, 0
GPS, 2, 167982400, 2004, 3, 2.77, 39.9203247, -105.1129675, 0.14, 1694.44, 1.86, 332.24, 0, 180304
CTUN, 180354, 0, 0, 0, 0, 0.44, 0.48, 0, 0, 0, 717
ATT, 180364, 0, -1.09, 0, -0.47, 73.64, 73.64, 0, 0
RCIN, 180365, 900, 900, 900, 900, 900, 900, 900, 900, 0, 0, 0, 0, 0, 0
DU32, 7, 655576
CURR, 180444, 0, 0, 0, 0, 4752, 0
CTUN, 180455, 0, 0, 0, 0, 1.22, -0.24, 0, 0, 0, 727
ATT, 180466, 0, -1.09, 0, -0.46, 73.64, 73.64, 0, 0
RCIN, 180466, 900, 900, 900, 900, 900, 900, 900, 900, 0, 0, 0, 0, 0, 0
GPS, 2, 167984200, 2004, 3, 2.77, 39.920333, -105.1129637, 1.65, 1694.43, 2.59, 333.29, 0, 180504
RAD, 180513, 205, 207, 97, 27, 53, 0, 0
RAD, 180514, 205, 207, 97, 27, 53, 0, 0
CTUN, 180554, 0, 0, 0, 0, 1.93, 0.45, 0, 0, 0, 736
ATT, 180564, 0, -1.09, 0, -0.46, 73.64, 73.64, 0, 0
RCIN, 180565, 900, 900, 900, 900, 900, 900, 900, 900, 0, 0, 0, 0, 0, 0
CTUN, 180655, 0, 0, 0, 0, 2.64, -0.25, 0, 0, 0, 745
ATT, 180665, 0, -1.08, 0, -0.45, 73.63, 73.63, 0, 0
RCIN, 180666, 900, 900, 900, 900, 900, 900, 900, 900, 0, 0, 0, 0, 0, 0
GPS, 2, 167984400, 2004, 3, 2.77, 39.9203378, -105.1129518, 3.03, 1694.43, 3.21, 335.22, 0, 180704
CTUN, 180755, 0, 0, 0, 0, 3.28, -0.3, 0, 0, 0, 752
ATT, 180765, 0, -1.08, 0, -0.45, 73.63, 73.63, 0, 0
RCIN, 180765, 900, 900, 900, 900, 900, 900, 900, 900, 0, 0, 0, 0, 0, 0
CTUN, 180855, 0, 0, 0, 0, 3.88, -0.19, 0, 0, 0, 758
ATT, 180866, 0, -1.08, 0, -0.45, 73.63, 73.63, 0, 0
RCIN, 180866, 900, 900, 900, 900, 900, 900, 900, 900, 0, 0, 0, 0, 0, 0
GPS, 2, 167984600, 2004, 3, 2.77, 39.9203436, -105.1129406, 4.23, 1694.43, 3.79, 337.84, 0, 180904
CTUN, 180954, 0, 0, 0, 0, 4.46, -0.47, 0, 0, 0, 763
ATT, 180964, 0, -1.08, 0, -0.44, 73.63, 73.63, 0, 0
RCIN, 180965, 900, 900, 900, 900, 900, 900, 900, 900, 0, 0, 0, 0, 0, 0
CTUN, 181055, 0, 0, 0, 0, 5, -0.41, 0, 0, 0, 768
ATT, 181065, 0, -1.07, 0, -0.44, 73.62, 73.62, 0, 0
RCIN, 181065, 900, 900, 900, 900, 900, 900, 900, 900, 0, 0, 0, 0, 0, 0
GPS, 2, 167984800, 2004, 3, 2.77, 39.920332, -105.1129203, 5.3, 1694.44, 3.73, 340.31, 0, 181104
CTUN, 181154, 0, 0, 0, 0, 5.51, 0.36, 0, 0, 0, 771
ATT, 181164, 0, -1.07, 0, -0.44, 73.63, 73.63, 0, 0
RCIN, 181165, 900, 900, 900, 900, 900, 900, 900, 900, 0, 0, 0, 0, 0, 0
CTUN, 181255, 0, 0, 0, 0, 6.03, 0.36, 0, 0, 0, 775
ATT, 181266, 0, -1.07, 0, -0.44, 73.63, 73.63, 0, 0
RCIN, 181266, 900, 900, 900, 900, 900, 900, 900, 900, 0, 0, 0, 0, 0, 0
GPS, 2, 167985000, 2004, 3, 2.77, 39.9203191, -105.1128878, 6.33, 1694.44, 4.04, 343.27, 0, 181304
CTUN, 181354, 0, 0, 0, 0, 6.53, 0.44, 0, 0, 0, 779
ATT, 181365, 0, -1.07, 0, -0.43, 73.63, 73.63, 0, 0
RCIN, 181365, 900, 900, 900, 900, 900, 900, 900, 900, 0, 0, 0, 0, 0, 0
DU32, 7, 655576
CURR, 181444, 0, 0, 0, 0, 4732, 0
CTUN, 181455, 0, 0, 0, 0, 7.01, 0.32, 0, 0, 0, 782
ATT, 181466, 0, -1.07, 0, -0.43, 73.63, 73.63, 0, 0
RCIN, 181466, 900, 900, 900, 900, 900, 900, 900, 900, 0, 0, 0, 0, 0, 0
RAD, 181474, 205, 207, 97, 28, 55, 0, 0
RAD, 181474, 205, 207, 97, 28, 55, 0, 0
GPS, 2, 167985200, 2004, 3, 2.77, 39.9203212, -105.1128716, 7.28, 1694.44, 4.5, 346.8, 0, 181504
CTUN, 181554, 0, 0, 0, 0, 7.46, -0.08, 0, 0, 0, 784
ATT, 181564, 0, -1.07, 0, -0.43, 73.63, 73.63, 0, 0
RCIN, 181565, 900, 900, 900, 900, 900, 900, 900, 900, 0, 0, 0, 0, 0, 0
CTUN, 181655, 0, 0, 0, 0, 7.86, 0.03, 0, 0, 0, 785
ATT, 181665, 0, -1.07, 0, -0.43, 73.63, 73.63, 0, 0
RCIN, 181665, 900, 900, 900, 900, 900, 900, 900, 900, 0, 0, 0, 0, 0, 0
GPS, 2, 167985400, 2004, 3, 2.77, 39.9203128, -105.1128483, 8.09, 1694.45, 4.65, 350.56, 0, 181704
CTUN, 181754, 0, 0, 0, 0, 8.24, 0.76, 0, 0, 0, 786
ATT, 181764, 0, -1.07, 0, -0.42, 73.63, 73.63, 0, 0
RCIN, 181765, 900, 900, 900, 900, 900, 900, 900, 900, 0, 0, 0, 0, 0, 0
CTUN, 181855, 0, 0, 0, 0, 8.64, -0.55, 0, 0, 0, 787
ATT, 181865, 0, -1.07, 0, -0.42, 73.63, 73.63, 0, 0
RCIN, 181866, 900, 900, 900, 900, 900, 900, 900, 900, 0, 0, 0, 0, 0, 0
GPS, 2, 167985600, 2004, 3, 2.77, 39.9203184, -105.1128324, 8.83, 1694.45, 5.16, 354.91, 0, 181904
CTUN, 181955, 0, 0, 0, 0, 8.95, 0.87, 0, 0, 0, 786
ATT, 181964, 0, -1.06, 0, -0.42, 73.63, 73.63, 0, 0
RCIN, 181965, 900, 900, 900, 900, 900, 900, 900, 900, 0, 0, 0, 0, 0, 0
CTUN, 182055, 0, 0, 0, 0, 9.31, -0.33, 0, 0, 0, 786
ATT, 182065, 0, -1.06, 0, -0.41, 73.63, 73.63, 0, 0
RCIN, 182065, 900, 900, 900, 900, 900, 900, 900, 900, 0, 0, 0, 0, 0, 0
GPS, 2, 167985800, 2004, 3, 2.77, 39.9203297, -105.1128188, 9.48, 1694.45, 5.77, 359.73, 0, 182104
CTUN, 182155, 0, 0, 0, 0, 9.59, 0.24, 0, 0, 0, 784
ATT, 182164, 0, -1.06, 0, -0.41, 73.62, 73.62, 0, 0
RCIN, 182165, 900, 900, 900, 900, 900, 900, 900, 900, 0, 0, 0, 0, 0, 0
CTUN, 182254, 0, 0, 0, 0, 9.87, -0.23, 0, 0, 0, 783
ATT, 182265, 0, -1.06, 0, -0.41, 73.62, 73.62, 0, 0
RCIN, 182265, 900, 900, 900, 900, 900, 900, 900, 900, 0, 0, 0, 0, 0, 0
GPS, 2, 167986000, 2004, 3, 2.77, 39.9203353, -105.1128023, 10.02, 1694.45, 6.15, 4.56, 0, 182304
CTUN, 182355, 0, 0, 0, 0, 10.12, -0.57, 0, 0, 0, 781
ATT, 182366, 0, -1.06, 0, -0.4, 73.62, 73.62, 0, 0
RCIN, 182366, 900, 900, 900, 900, 900, 900, 900, 900, 0, 0, 0, 0, 0, 0
DU32, 7, 655576
CURR, 182444, 0, 0, 0, 0, 4752, 0
CTUN, 182455, 0, 0, 0, 0, 10.32, -0.27, 0, 0, 0, 777
ATT, 182465, 0, -1.06, 0, -0.4, 73.61, 73.61, 0, 0
RCIN, 182466, 900, 900, 900, 900, 900, 900, 900, 900, 0, 0, 0, 0, 0, 0
GPS, 2, 167986200, 2004, 3, 2.77, 39.9203421, -105.1127962, 10.44, 1694.45, 6.02, 8.23, 0, 182504
CTUN, 182554, 0, 0, 0, 0, 10.52, -0.82, 0, 0, 0, 774
ATT, 182565, 0, -1.06, 0, -0.4, 73.61, 73.61, 0, 0
RCIN, 182565, 900, 900, 900, 900, 900, 900, 900, 900, 0, 0, 0, 0, 0, 0
RAD, 182613, 205, 207, 91, 20, 55, 0, 0
RAD, 182614, 205, 207, 91, 20, 55, 0, 0
CTUN, 182655, 0, 0, 0, 0, 10.68, 0.96, 0, 0, 0, 770
ATT, 182665, 0, -1.05, 0, -0.4, 73.61, 73.61, 0, 0
RCIN, 182665, 900, 900, 900, 900, 900, 900, 900, 900, 0, 0, 0, 0, 0, 0
GPS, 2, 167986400, 2004, 3, 2.77, 39.920362, -105.1127964, 10.82, 1694.45, 6.33, 11.01, 0, 182704
CTUN, 182754, 0, 0, 0, 0, 10.92, -0.21, 0, 0, 0, 768
ATT, 182765, 0, -1.05, 0, -0.39, 73.6, 73.6, 0, 0
RCIN, 182765, 900, 900, 900, 900, 900, 900, 900, 900, 0, 0, 0, 0, 0, 0
CTUN, 182854, 0, 0, 0, 0, 11.09, -0.28, 0, 0, 0, 764
ATT, 182866, 0, -1.05, 0, -0.39, 73.6, 73.6, 0, 0.01
RCIN, 182866, 900, 900, 900, 900, 900, 900, 900, 900, 0, 0, 0, 0, 0, 0
GPS, 2, 167986600, 2004, 3, 2.77, 39.9203824, -105.1127969, 11.18, 1694.45, 6.73, 12.77, 0, 182904
CTUN, 182955, 0, 0, 0, 0, 11.23, -0.17, 0, 0, 0, 759
ATT, 182964, 0, -1.05, 0, -0.39, 73.6, 73.6, 0, 0
RCIN, 182965, 900, 900, 900, 900, 900, 900, 900, 900, 0, 0, 0, 0, 0, 0
CTUN, 183055, 0, 0, 0, 0, 11.37, -0.13, 0, 0, 0, 755
ATT, 183066, 0, -1.05, 0, -0.39, 73.59, 73.59, 0, 0
RCIN, 183066, 900, 900, 900, 900, 900, 900, 900, 900, 0, 0, 0, 0, 0, 0
GPS, 2, 167986800, 2004, 3, 2.77, 39.920403, -105.1128061, 11.45, 1694.45, 6.85, 12.67, 0, 183104
CTUN, 183154, 0, 0, 0, 0, 11.5, 0, 0, 0, 0, 750
ATT, 183164, 0, -1.05, 0, -0.39, 73.59, 73.59, 0, 0
RCIN, 183164, 900, 900, 900, 900, 900, 900, 900, 900, 0, 0, 0, 0, 0, 0
CTUN, 183256, 0, 0, 0, 0, 11.62, 0.53, 0, 0, 0, 745
ATT, 183265, 0, -1.05, 0, -0.38, 73.59, 73.59, 0, 0
RCIN, 183266, 900, 900, 900, 900, 900, 900, 900, 900, 0, 0, 0, 0, 0, 0
GPS, 2, 167987000, 2004, 3, 2.77, 39.9204144, -105.1128052, 11.7, 1694.45, 6.94, 11.93, 0, 183304
CTUN, 183354, 0, 0, 0, 0, 11.75, -0.23, 0, 0, 0, 741
ATT, 183364, 0, -1.05, 0, -0.38, 73.59, 73.59, 0, 0.01
RCIN, 183365, 900, 900, 900, 900, 900, 900, 900, 900, 0, 0, 0, 0, 0, 0
DU32, 7, 655576
CURR, 183444, 0, 0, 0, 0, 4732, 0
CTUN, 183456, 0, 0, 0, 0, 11.84, -0.44, 0, 0, 0, 735
ATT, 183466, 0, -1.05, 0, -0.38, 73.58, 73.58, 0, 0
RCIN, 183466, 900, 900, 900, 900, 900, 900, 900, 900, 0, 0, 0, 0, 0, 0
GPS, 2, 167987200, 2004, 3, 2.77, 39.9204197, -105.1127972, 11.87, 1694.45, 6.92, 11.4, 0, 183504
RAD, 183533, 205, 207, 96, 24, 53, 0, 0
RAD, 183534, 205, 207, 96, 24, 53, 0, 0
CTUN, 183554, 0, 0, 0, 0, 11.9, 0.24, 0, 0, 0, 729
ATT, 183564, 0, -1.05, 0, -0.37, 73.58, 73.58, 0, 0.01
RCIN, 183564, 900, 900, 900, 900, 900, 900, 900, 900, 0, 0, 0, 0, 0, 0
CTUN, 183655, 0, 0, 0, 0, 11.98, -0.83, 0, 0, 0, 723
ATT, 183666, 0, -1.05, 0, -0.37, 73.59, 73.59, 0, 0
RCIN, 183667, 900, 900, 900, 900, 900, 900, 900, 900, 0, 0, 0, 0, 0, 0
GPS, 2, 167987400, 2004, 3, 2.77, 39.9204249, -105.1127955, 11.99, 1694.45, 6.73, 10.38, 0, 183704
CTUN, 183754, 0, 0, 0, 0, 12, 0.25, 0, 0, 0, 717
ATT, 183764, 0, -1.04, 0, -0.37, 73.58, 73.58, 0, 0
RCIN, 183765, 900, 900, 900, 900, 900, 900, 900, 900, 0, 0, 0, 0, 0, 0
CTUN, 183855, 0, 0, 0, 0, 12.06, -0.06, 0, 0, 0, 711
ATT, 183866, 0, -1.04, 0, -0.37, 73.58, 73.58, 0, 0
RCIN, 183867, 900, 900, 900, 900, 900, 900, 900, 900, 0, 0, 0, 0, 0, 0
GPS, 2, 167987600, 2004, 3, 2.77, 39.9204182, -105.1127887, 12.09, 1694.45, 6.08, 9.43, 0, 183904
CTUN, 183954, 0, 0, 0, 0, 12.1, -0.43, 0, 0, 0, 705
ATT, 183964, 0, -1.04, 0, -0.37, 73.58, 73.58, 0, 0
RCIN, 183965, 900, 900, 900, 900, 900, 900, 900, 900, 0, 0, 0, 0, 0, 0
CTUN, 184055, 0, 0, 0, 0, 12.11, 0.25, 0, 0, 0, 698
ATT, 184067, 0, -1.04, 0, -0.37, 73.58, 73.58, 0, 0
RCIN, 184067, 900, 900, 900, 900, 900, 900, 900, 900, 0, 0, 0, 0, 0, 0
GPS, 2, 167987800, 2004, 3, 2.77, 39.920414, -105.1127823, 12.14, 1694.46, 5.64, 8.58, 0, 184104
CTUN, 184154, 0, 0, 0, 0, 12.15, 0, 0, 0, 0, 692
ATT, 184165, 0, -1.04, 0, -0.36, 73.58, 73.58, 0, 0
RCIN, 184165, 900, 900, 900, 900, 900, 900, 900, 900, 0, 0, 0, 0, 0, 0
CTUN, 184255, 0, 0, 0, 0, 12.17, -0.52, 0, 0, 0, 685
ATT, 184266, 0, -1.04, 0, -0.36, 73.58, 73.58, 0, 0
RCIN, 184266, 900, 900, 900, 900, 900, 900, 900, 900, 0, 0, 0, 0, 0, 0
GPS, 2, 167988000, 2004, 3, 2.77, 39.9204105, -105.1127767, 12.16, 1694.46, 5.23, 7.82, 0, 184304
CTUN, 184354, 0, 0, 0, 0, 12.15, 0.52, 0, 0, 0, 678
ATT, 184364, 0, -1.04, 0, -0.36, 73.58, 73.58, 0, 0
RCIN, 184365, 900, 900, 900, 900, 900, 900, 900, 900, 0, 0, 0, 0, 0, 0
DU32, 7, 655576
CURR, 184444, 0, 0, 0, 0, 4732, 0
CTUN, 184455, 0, 0, 0, 0, 12.18, -0.52, 0, 0, 0, 671
ATT, 184466, 0, -1.04, 0, -0.35, 73.57, 73.57, 0, 0
RCIN, 184466, 900, 900, 900, 900, 900, 900, 900, 900, 0, 0, 0, 0, 0, 0
GPS, 2, 167988200, 2004, 3, 2.77, 39.9204037, -105.1127613, 12.16, 1694.46, 4.92, 7.87, 0, 184504
CTUN, 184555, 0, 0, 0, 0, 12.15, -0.35, 0, 0, 0, 664
ATT, 184564, 0, -1.04, 0, -0.35, 73.57, 73.57, 0, 0
RCIN, 184565, 900, 900, 900, 900, 900, 900, 900, 900, 0, 0, 0, 0, 0, 0
RAD, 184634, 205, 207, 89, 26, 56, 0, 0
RAD, 184634, 205, 207, 89, 26, 56, 0, 0
CTUN, 184655, 0, 0, 0, 0, 12.11, -0.24, 0, 0, 0, 657
ATT, 184665, 0, -1.04, 0, -0.35, 73.57, 73.57, 0, 0
RCIN, 184665, 900, 900, 900, 900, 900, 900, 900, 900, 0, 0, 0, 0, 0, 0
GPS, 2, 167988400, 2004, 3, 2.77, 39.9203936, -105.1127448, 12.09, 1694.47, 4.52, 8.38, 0, 184704
CTUN, 184755, 0, 0, 0, 0, 12.08, -0.37, 0, 0, 0, 649
ATT, 184764, 0, -1.03, 0, -0.35, 73.57, 73.57, 0, 0
RCIN, 184765, 900, 900, 900, 900, 900, 900, 900, 900, 0, 0, 0, 0, 0, 0
CTUN, 184854, 0, 0, 0, 0, 12.03, -0.55, 0, 0, 0, 642
ATT, 184864, 0, -1.03, 0, -0.34, 73.56, 73.56, 0, 0
RCIN, 184865, 900, 900, 900, 900, 900, 900, 900, 900, 0, 0, 0, 0, 0, 0
GPS, 1, 167988400, 2004, 4, 5.45, 39.9198295, -105.1124, 11.97, 1746.93, 25.68, 56.92, -13.87, 184944
CTUN, 184955, 0, 0, 0, 0, 11.97, 0.98, 0, 0, 0, 634
ATT, 184965, 0, -1.04, 0, -0.34, 73.56, 73.56, 0, 0
RCIN, 184965, 900, 900, 900, 900, 900, 900, 900, 900, 0, 0, 0, 0, 0, 0
CTUN, 185055, 0, 0, 0, 0, 11.98, 1.16, 0, 0, 0, 628
ATT, 185066, 0, -1.04, 0, -0.34, 73.55, 73.55, 0, 0
RCIN, 185066, 900, 900, 900, 900, 900, 900, 900, 900, 0, 0, 0, 0, 0, 0
GPS, 1, 167988400, 2004, 4, 2.66, 39.9201931, -105.1125999, 12, 1695.72, 11.34, 62.19, -0.03, 185105
CTUN, 185154, 0, 0, 0, 0, 12.01, -0.19, 0, 0, 0, 622
ATT, 185164, 0, -1.03, 0, -0.34, 73.55, 73.55, 0, 0
RCIN, 185164, 900, 900, 900, 900, 900, 900, 900, 900, 0, 0, 0, 0, 0, 0
CTUN, 185254, 0, 0, 0, 0, 11.96, 0.11, 0, 0, 0, 614
ATT, 185265, 0, -1.03, 0, -0.33, 73.55, 73.55, 0, 0
RCIN, 185265, 900, 900, 900, 900, 900, 900, 900, 900, 0, 0, 0, 0, 0, 0
GPS, 1, 167988400, 2004, 5, 5.35, 39.9199682, -105.1123736, 11.93, 1690.1, 7.75, 71, -0.01, 185305
CTUN, 185354, 0, 0, 0, 0, 11.91, 0.1, 0, 0, 0, 607
ATT, 185364, 0, -1.03, 0, -0.33, 73.55, 73.55, 0, 0
RCIN, 185365, 900, 900, 900, 900, 900, 900, 900, 900, 0, 0, 0, 0, 0, 0
DU32, 7, 655576
CURR, 185444, 0, 0, 0, 0, 4732, 0
PM, 1, 1000, 1817134, 12, 0, 0, 0
CTUN, 185455, 0, 0, 0, 0, 11.85, -0.46, 0, 0, 0, 599
ATT, 185466, 0, -1.03, 0, -0.32, 73.55, 73.55, 0, 0
RCIN, 185466, 900, 900, 900, 900, 900, 900, 900, 900, 0, 0, 0, 0, 0, 0
GPS, 1, 167988400, 2004, 5, 5.35, 39.9198793, -105.1122977, 11.8, 1689.96, 6.3, 81.46, -0.01, 185504
CTUN, 185555, 0, 0, 0, 0, 11.76, -0.15, 0, 0, 0, 591
RAD, 185555, 205, 207, 94, 29, 47, 0, 0
RAD, 185556, 205, 207, 94, 29, 47, 0, 0
ATT, 185564, 0, -1.03, 0, -0.32, 73.54, 73.54, 0, 0
RCIN, 185564, 900, 900, 900, 900, 900, 900, 900, 900, 0, 0, 0, 0, 0, 0
CTUN, 185654, 0, 0, 0, 0, 11.68, -0.69, 0, 0, 0, 584
ATT, 185665, 0, -1.03, 0, -0.32, 73.54, 73.54, 0, 0
RCIN, 185665, 900, 900, 900, 900, 900, 900, 900, 900, 0, 0, 0, 0, 0, 0
GPS, 3, 167989400, 2004, 5, 5.35, 39.919827, -105.1122571, 11.62, 1690.61, 5.04, 89.5, 0, 185704
CTUN, 185754, 0, 0, 0, 0, 11.57, 0.52, 0, 0, 0, 575
ATT, 185764, 0, -1.03, 0, -0.31, 73.53, 73.53, 0, 0
RCIN, 185765, 900, 900, 900, 900, 900, 900, 900, 900, 0, 0, 0, 0, 0, 0
CTUN, 185854, 0, 0, 0, 0, 11.52, 0.48, 0, 0, 0, 568
ATT, 185866, 0, -1.02, 0, -0.31, 73.53, 73.53, 0, 0
RCIN, 185866, 900, 900, 900, 900, 900, 900, 900, 900, 0, 0, 0, 0, 0, 0
GPS, 3, 167989600, 2004, 5, 5.35, 39.9197894, -105.112224, 11.49, 1691.54, 5.15, 96.88, 0, 185904
CTUN, 185955, 0, 0, 0, 0, 11.47, -0.48, 0, 0, 0, 561
ATT, 185965, 0, -1.02, 0, -0.31, 73.53, 73.53, 0, 0
RCIN, 185965, 900, 900, 900, 900, 900, 900, 900, 900, 0, 0, 0, 0, 0, 0
CTUN, 186055, 0, 0, 0, 0, 11.36, -0.16, 0, 0, 0, 553
ATT, 186065, 0, -1.02, 0, -0.3, 73.52, 73.52, 0, 0
RCIN, 186065, 900, 900, 900, 900, 900, 900, 900, 900, 0, 0, 0, 0, 0, 0
GPS, 3, 167989800, 2004, 5, 5.35, 39.919762, -105.1121979, 11.31, 1692.31, 4.33, 101.76, 0, 186104
CTUN, 186155, 0, 0, 0, 0, 11.27, -0.37, 0, 0, 0, 546
ATT, 186165, 0, -1.02, 0, -0.3, 73.52, 73.52, 0, 0
RCIN, 186166, 900, 900, 900, 900, 900, 900, 900, 900, 0, 0, 0, 0, 0, 0
CTUN, 186255, 0, 0, 0, 0, 11.16, 0.65, 0, 0, 0, 537
ATT, 186265, 0, -1.02, 0, -0.3, 73.51, 73.51, 0, 0
RCIN, 186265, 900, 900, 900, 900, 900, 900, 900, 900, 0, 0, 0, 0, 0, 0
GPS, 3, 167990000, 2004, 5, 5.35, 39.9197308, -105.1121769, 11.12, 1693.28, 4.27, 108.21, 0, 186304
CTUN, 186354, 0, 0, 0, 0, 11.1, 0.64, 0, 0, 0, 531
ATT, 186364, 0, -1.02, 0, -0.3, 73.51, 73.51, 0, 0
RCIN, 186365, 900, 900, 900, 900, 900, 900, 900, 900, 0, 0, 0, 0, 0, 0
DU32, 7, 655576
CURR, 186444, 0, 0, 0, 0, 4752, 0
CTUN, 186455, 0, 0, 0, 0, 11.04, -0.38, 0, 0, 0, 524
ATT, 186465, 0, -1.01, 0, -0.29, 73.5, 73.5, 0, 0
RCIN, 186465, 900, 900, 900, 900, 900, 900, 900, 900, 0, 0, 0, 0, 0, 0
GPS, 3, 167990200, 2004, 5, 5.35, 39.9197093, -105.1121659, 10.98, 1694.28, 3.69, 113.76, 0, 186504
CTUN, 186554, 0, 0, 0, 0, 10.93, -0.42, 0, 0, 0, 516
ATT, 186565, 0, -1.02, 0, -0.29, 73.5, 73.5, 0, 0
RCIN, 186565, 900, 900, 900, 900, 900, 900, 900, 900, 0, 0, 0, 0, 0, 0
RAD, 186593, 205, 207, 95, 24, 52, 0, 0
RAD, 186594, 205, 207, 95, 24, 52, 0, 0
CTUN, 186655, 0, 0, 0, 0, 10.8, 0.78, 0, 0, 0, 508
ATT, 186665, 0, -1.02, 0, -0.29, 73.5, 73.5, 0, 0
RCIN, 186665, 900, 900, 900, 900, 900, 900, 900, 900, 0, 0, 0, 0, 0, 0
GPS, 3, 167990400, 2004, 5, 5.35, 39.9196946, -105.1121573, 10.76, 1695.21, 2.77, 116.77, 0, 186704
CTUN, 186756, 0, 0, 0, 0, 10.74, -0.23, 0, 0, 0, 501
ATT, 186764, 0, -1.02, 0, -0.28, 73.49, 73.49, 0, 0
RCIN, 186765, 900, 900, 900, 900, 900, 900, 900, 900, 0, 0, 0, 0, 0, 0
CTUN, 186855, 0, 0, 0, 0, 10.63, 0.13, 0, 0, 0, 493
ATT, 186865, 0, -1.02, 0, -0.28, 73.49, 73.49, 0, 0
RCIN, 186865, 900, 900, 900, 900, 900, 900, 900, 900, 0, 0, 0, 0, 0, 0
GPS, 3, 167990600, 2004, 5, 5.35, 39.9196844, -105.1121515, 10.57, 1696.11, 2.08, 118.47, 0, 186904
CTUN, 186954, 0, 0, 0, 0, 10.53, 0.52, 0, 0, 0, 486
ATT, 186966, 0, -1.02, 0, -0.28, 73.49, 73.49, 0, 0.01
RCIN, 186966, 900, 900, 900, 900, 900, 900, 900, 900, 0, 0, 0, 0, 0, 0
CTUN, 187054, 0, 0, 0, 0, 10.45, -0.12, 0, 0, 0, 479
ATT, 187065, 0, -1.02, 0, -0.27, 73.5, 73.5, 0, 0
RCIN, 187065, 900, 900, 900, 900, 900, 900, 900, 900, 0, 0, 0, 0, 0, 0
GPS, 3, 167990800, 2004, 5, 5.35, 39.9196754, -105.1121472, 10.38, 1697.17, 1.52, 118.47, 0, 187104
CTUN, 187154, 0, 0, 0, 0, 10.33, 0.38, 0, 0, 0, 472
ATT, 187166, 0, -1.02, 0, -0.27, 73.49, 73.49, 0, 0
RCIN, 187166, 900, 900, 900, 900, 900, 900, 900, 900, 0, 0, 0, 0, 0, 0
CTUN, 187255, 0, 0, 0, 0, 10.24, -0.22, 0, 0, 0, 465
ATT, 187265, 0, -1.01, 0, -0.27, 73.49, 73.49, 0, 0
RCIN, 187266, 900, 900, 900, 900, 900, 900, 900, 900, 0, 0, 0, 0, 0, 0
GPS, 3, 167991000, 2004, 5, 5.35, 39.9196655, -105.1121405, 10.17, 1698.24, 1.32, 118.47, 0, 187304
CTUN, 187354, 0, 0, 0, 0, 10.12, -0.02, 0, 0, 0, 458
ATT, 187364, 0, -1.01, 0, -0.27, 73.49, 73.49, 0, 0.01
RCIN, 187364, 900, 900, 900, 900, 900, 900, 900, 900, 0, 0, 0, 0, 0, 0
DU32, 7, 655576
CURR, 187444, 0, 0, 0, 0, 4752, 0
CTUN, 187455, 0, 0, 0, 0, 10, -0.11, 0, 0, 0, 450
ATT, 187465, 0, -1.01, 0, -0.26, 73.49, 73.49, 0, 0
RCIN, 187465, 900, 900, 900, 900, 900, 900, 900, 900, 0, 0, 0, 0, 0, 0
GPS, 3, 167991200, 2004, 5, 5.35, 39.9196542, -105.1121322, 9.93, 1699.27, 1.16, 118.47, 0, 187504
CTUN, 187555, 0, 0, 0, 0, 9.88, -0.45, 0, 0, 0, 443
ATT, 187565, 0, -1.01, 0, -0.26, 73.49, 73.49, 0, 0
RCIN, 187565, 900, 900, 900, 900, 900, 900, 900, 900, 0, 0, 0, 0, 0, 0
RAD, 187633, 206, 208, 95, 23, 56, 0, 0
RAD, 187634, 206, 208, 95, 23, 56, 0, 0
CTUN, 187654, 0, 0, 0, 0, 9.74, -0.15, 0, 0, 0, 435
ATT, 187666, 0, -1.01, 0, -0.26, 73.49, 73.49, 0, 0
RCIN, 187666, 900, 900, 900, 900, 900, 900, 900, 900, 0, 0, 0, 0, 0, 0
GPS, 3, 167991400, 2004, 5, 5.35, 39.9196407, -105.1121203, 9.66, 1700.25, 1.44, 118.47, 0, 187704
EV, 25
CMD, 187705, 0, 0, 16, 0, 0, 0, 0, 39.91964, -105.1121, 1700.25
ERR, 7, 1
CTUN, 187755, 0, 0, 0, 0, 9.61, -0.1, 0, 0, 0, 428
ATT, 187765, 0, -1.01, 0, -0.26, 73.49, 73.49, 0, 0.15
RCIN, 187765, 900, 900, 900, 900, 900, 900, 900, 900, 0, 0, 0, 0, 0, 0
CTUN, 187855, 0, 0, 0, 0, 9.49, -0.32, 0, 0, 0, 421
ATT, 187866, 0, -1.01, 0, -0.25, 73.55, 73.55, 0, 0.13
RCIN, 187866, 900, 900, 900, 900, 900, 900, 900, 900, 0, 0, 0, 0, 0, 0
GPS, 3, 167991600, 2004, 5, 5.35, 39.9196283, -105.1121103, 9.41, 1701.23, 1.45, 118.47, 0, 187904
ERR, 7, 0
CTUN, 187955, 0, 0, 0, 0, 9.35, 0.19, 0, 0, 0, 413
ATT, 187965, 0, -1.01, 0, -0.25, 73.61, 73.61, 0, 0.13
RCIN, 187965, 900, 900, 900, 900, 900, 900, 900, 900, 0, 0, 0, 0, 0, 0
CTUN, 188055, 0, 0, 0, 0, 9.25, -0.53, 0, 0, 0, 407
ATT, 188066, 0, -1.01, 0, -0.25, 73.67, 73.67, 0, 0.13
RCIN, 188066, 900, 900, 900, 900, 900, 900, 900, 900, 0, 0, 0, 0, 0, 0
GPS, 3, 167991800, 2004, 5, 5.35, 39.9196153, -105.1121009, 9.16, 1702.27, 1.45, 118.47, 0, 188104
CTUN, 188155, 0, 0, 0, 0, 9.1, 0.48, 0, 0, 0, 400
ATT, 188165, 0, -1.01, 0, -0.24, 73.73, 73.73, 0, 0.14
RCIN, 188165, 900, 900, 900, 900, 900, 900, 900, 900, 0, 0, 0, 0, 0, 0
CTUN, 188255, 0, 0, 0, 0, 9.01, -0.27, 0, 0, 0, 393
ATT, 188265, 0, -1.01, 0, -0.24, 73.79, 73.79, 0, 0.14
RCIN, 188265, 900, 900, 900, 900, 900, 900, 900, 900, 0, 0, 0, 0, 0, 0
GPS, 3, 167992000, 2004, 5, 5.35, 39.9196007, -105.1120907, 8.93, 1703.5, 1.46, 118.47, 0, 188304
CTUN, 188355, 0, 0, 0, 0, 8.88, 0.07, 0, 0, 0, 386
ATT, 188365, 0, -1.01, 0, -0.24, 73.85, 73.85, 0, 0.13
RCIN, 188365, 900, 900, 900, 900, 900, 900, 900, 900, 0, 0, 0, 0, 0, 0
DU32, 7, 655577
CURR, 188445, 0, 0, 0, 0, 4732, 0
CTUN, 188455, 0, 0, 0, 0, 8.76, -0.38, 0, 0, 0, 380
ATT, 188465, 0, -1.01, 0, -0.24, 73.91, 73.91, 0, 0.13
RCIN, 188465, 900, 900, 900, 900, 900, 900, 900, 900, 0, 0, 0, 0, 0, 0
GPS, 3, 167992200, 2004, 4, 5.45, 39.9196049, -105.1120969, 8.68, 1705.25, 1.42, 118.47, 0, 188504
CTUN, 188555, 0, 0, 0, 0, 8.63, -0.03, 0, 0, 0, 373
ATT, 188565, 0, -1, 0, -0.23, 73.97, 73.97, 0, 0.12
RCIN, 188565, 900, 900, 900, 900, 900, 900, 900, 900, 0, 0, 0, 0, 0, 0
RAD, 188595, 207, 208, 99, 18, 52, 0, 0
RAD, 188596, 207, 208, 99, 18, 52, 0, 0
CTUN, 188655, 0, 0, 0, 0, 8.51, 0.86, 0, 0, 0, 367
ATT, 188666, 0, -1, 0, -0.23, 74.02, 74.02, 0, 0.12
RCIN, 188666, 900, 900, 900, 900, 900, 900, 900, 900, 0, 0, 0, 0, 0, 0
GPS, 2, 167992400, 2004, 3, 2.77, 39.9196181, -105.1121039, 8.46, 1704.91, 1.4, 118.47, 0, 188704
ERR, 11, 2
CTUN, 188755, 0, 0, 0, 0, 8.44, 0.62, 0, 0, 0, 361
ATT, 188764, 0, -1, 0, -0.23, 74.08, 74.08, 0, 0.12
RCIN, 188765, 900, 900, 900, 900, 900, 900, 900, 900, 0, 0, 0, 0, 0, 0
CTUN, 188855, 0, 0, 0, 0, 8.36, -0.05, 0, 0, 0, 356
ATT, 188866, 0, -1, 0, -0.23, 74.13, 74.13, 0, 0.12
RCIN, 188866, 900, 900, 900, 900, 900, 900, 900, 900, 0, 0, 0, 0, 0, 0
GPS, 2, 167992600, 2004, 3, 2.77, 39.9196282, -105.1121086, 8.29, 1704.79, 1.37, 118.47, 0, 188904
CTUN, 188954, 0, 0, 0, 0, 8.24, -0.3, 0, 0, 0, 349
ATT, 188965, 0, -1, 0, -0.22, 74.19, 74.19, 0, 0.13
RCIN, 188965, 900, 900, 900, 900, 900, 900, 900, 900, 0, 0, 0, 0, 0, 0
CTUN, 189055, 0, 0, 0, 0, 8.1, 0.37, 0, 0, 0, 343
ATT, 189065, 0, -1, 0, -0.22, 74.24, 74.24, 0, 0.13
RCIN, 189066, 900, 900, 900, 900, 900, 900, 900, 900, 0, 0, 0, 0, 0, 0
GPS, 2, 167992800, 2004, 3, 2.77, 39.9196377, -105.1121124, 8.04, 1704.74, 1.33, 118.47, 0, 189104
CTUN, 189155, 0, 0, 0, 0, 8, -0.29, 0, 0, 0, 337
ATT, 189165, 0, -1, 0, -0.21, 74.3, 74.3, 0, 0.12
RCIN, 189165, 900, 900, 900, 900, 900, 900, 900, 900, 0, 0, 0, 0, 0, 0
CTUN, 189257, 0, 0, 0, 0, 7.87, -0.35, 0, 0, 0, 330
ATT, 189268, 0, -0.99, 0, -0.21, 74.35, 74.35, 0, 0.13
RCIN, 189268, 900, 900, 900, 900, 900, 900, 900, 900, 0, 0, 0, 0, 0, 0
GPS, 2, 167993000, 2004, 3, 2.77, 39.9196455, -105.1121152, 7.79, 1704.73, 1.31, 118.47, 0, 189305
CTUN, 189356, 0, 0, 0, 0, 7.73, -0.29, 0, 0, 0, 324
ATT, 189366, 0, -0.99, 0, -0.21, 74.41, 74.41, 0, 0.12
RCIN, 189366, 900, 900, 900, 900, 900, 900, 900, 900, 0, 0, 0, 0, 0, 0
DU32, 7, 655577
CURR, 189445, 0, 0, 0, 0, 4693, 0
CTUN, 189455, 0, 0, 0, 0, 7.6, -0.27, 0, 0, 0, 318
ATT, 189466, 0, -0.99, 0, -0.21, 74.46, 74.46, 0, 0.12
RCIN, 189466, 900, 900, 900, 900, 900, 900, 900, 900, 0, 0, 0, 0, 0, 0
GPS, 2, 167993200, 2004, 3, 2.77, 39.9196522, -105.1121177, 7.52, 1704.72, 1.27, 118.47, 0, 189506
CTUN, 189556, 0, 0, 0, 0, 7.47, -0.62, 0, 0, 0, 311
ATT, 189566, 0, -0.99, 0, -0.2, 74.51, 74.51, 0, 0.12
RCIN, 189566, 900, 900, 900, 900, 900, 900, 900, 900, 0, 0, 0, 0, 0, 0
CTUN, 189655, 0, 0, 0, 0, 7.32, -0.36, 0, 0, 0, 305
ATT, 189666, 0, -0.99, 0, -0.2, 74.57, 74.57, 0, 0.12
RCIN, 189666, 900, 900, 900, 900, 900, 900, 900, 900, 0, 0, 0, 0, 0, 0
GPS, 2, 167993400, 2004, 3, 2.77, 39.919658, -105.1121194, 7.24, 1704.72, 1.26, 118.47, 0, 189704
RAD, 189734, 207, 208, 93, 24, 51, 0, 0
RAD, 189734, 207, 208, 93, 24, 51, 0, 0
CTUN, 189756, 0, 0, 0, 0, 7.18, 0.25, 0, 0, 0, 298
ATT, 189766, 0, -0.98, 0, -0.2, 74.62, 74.62, 0, 0.13
RCIN, 189767, 900, 900, 900, 900, 900, 900, 900, 900, 0, 0, 0, 0, 0, 0
CTUN, 189856, 0, 0, 0, 0, 7.08, -0.42, 0, 0, 0, 293
ATT, 189866, 0, -0.98, 0, -0.2, 74.68, 74.68, 0, 0.12
RCIN, 189866, 900, 900, 900, 900, 900, 900, 900, 900, 0, 0, 0, 0, 0, 0
GPS, 2, 167993600, 2004, 3, 2.77, 39.919663, -105.1121203, 7.01, 1704.72, 1.25, 118.47, 0, 189904
CTUN, 189955, 0, 0, 0, 0, 6.95, 0.32, 0, 0, 0, 287
ATT, 189965, 0, -0.98, 0, -0.19, 74.73, 74.73, 0, 0.11
RCIN, 189965, 900, 900, 900, 900, 900, 900, 900, 900, 0, 0, 0, 0, 0, 0
CTUN, 190056, 0, 0, 0, 0, 6.86, 0.34, 0, 0, 0, 282
ATT, 190067, 0, -0.98, 0, -0.19, 74.78, 74.78, 0, 0.11
RCIN, 190067, 900, 900, 900, 900, 900, 900, 900, 900, 0, 0, 0, 0, 0, 0
GPS, 2, 167993800, 2004, 3, 2.77, 39.9196676, -105.1121213, 6.81, 1704.71, 1.23, 118.47, 0, 190105
CTUN, 190155, 0, 0, 0, 0, 6.77, 0.17, 0, 0, 0, 277
ATT, 190165, 0, -0.98, 0, -0.19, 74.83, 74.83, 0, 0.1
RCIN, 190165, 900, 900, 900, 900, 900, 900, 900, 900, 0, 0, 0, 0, 0, 0
CTUN, 190257, 0, 0, 0, 0, 6.68, -0.92, 0, 0, 0, 272
ATT, 190267, 0, -0.97, 0, -0.19, 74.88, 74.88, 0, 0.11
RCIN, 190267, 900, 900, 900, 900, 900, 900, 900, 900, 0, 0, 0, 0, 0, 0
GPS, 2, 167994000, 2004, 3, 2.77, 39.9196724, -105.1121227, 6.58, 1704.71, 1.2, 118.47, 0, 190305
CTUN, 190356, 0, 0, 0, 0, 6.52, 0.03, 0, 0, 0, 266
ATT, 190366, 0, -0.97, 0, -0.18, 74.93, 74.93, 0, 0.12
RCIN, 190366, 900, 900, 900, 900, 900, 900, 900, 900, 0, 0, 0, 0, 0, 0
DU32, 7, 655577
CURR, 190445, 0, 0, 0, 0, 4752, 0
CTUN, 190455, 0, 0, 0, 0, 6.41, -0.28, 0, 0, 0, 261
ATT, 190466, 0, -0.97, 0, -0.18, 74.99, 74.99, 0, 0.1
RCIN, 190466, 900, 900, 900, 900, 900, 900, 900, 900, 0, 0, 0, 0, 0, 0
GPS, 2, 167994200, 2004, 3, 2.77, 39.9196769, -105.1121236, 6.34, 1704.71, 1.17, 118.47, 0, 190504
CTUN, 190556, 0, 0, 0, 0, 6.29, -0.24, 0, 0, 0, 255
ATT, 190566, 0, -0.97, 0, -0.18, 75.04, 75.04, 0, 0.11
RCIN, 190566, 900, 900, 900, 900, 900, 900, 900, 900, 0, 0, 0, 0, 0, 0
RAD, 190616, 207, 208, 89, 26, 53, 0, 0
RAD, 190616, 207, 208, 89, 26, 53, 0, 0
CTUN, 190655, 0, 0, 0, 0, 6.17, -0.4, 0, 0, 0, 250
ATT, 190666, 0, -0.97, 0, -0.18, 75.09, 75.09, 0, 0.11
RCIN, 190667, 900, 900, 900, 900, 900, 900, 900, 900, 0, 0, 0, 0, 0, 0
GPS, 2, 167994400, 2004, 3, 2.77, 39.9196812, -105.1121248, 6.1, 1704.71, 1.15, 118.47, 0, 190704
CTUN, 190755, 0, 0, 0, 0, 6.05, -0.58, 0, 0, 0, 244
ATT, 190764, 0, -0.97, 0, -0.17, 75.14, 75.14, 0, 0.1
RCIN, 190765, 900, 900, 900, 900, 900, 900, 900, 900, 0, 0, 0, 0, 0, 0
CTUN, 190856, 0, 0, 0, 0, 5.91, -0.14, 0, 0, 0, 239
ATT, 190866, 0, -0.97, 0, -0.17, 75.19, 75.19, 0, 0.11
RCIN, 190866, 900, 900, 900, 900, 900, 900, 900, 900, 0, 0, 0, 0, 0, 0
GPS, 2, 167994600, 2004, 3, 2.77, 39.919685, -105.112125, 5.84, 1704.72, 1.16, 118.47, 0, 190904
CTUN, 190955, 0, 0, 0, 0, 5.8, 0.53, 0, 0, 0, 234
ATT, 190965, 0, -0.97, 0, -0.16, 75.24, 75.24, 0, 0.11
RCIN, 190965, 900, 900, 900, 900, 900, 900, 900, 900, 0, 0, 0, 0, 0, 0
CTUN, 191056, 0, 0, 0, 0, 5.73, -0.46, 0, 0, 0, 230
ATT, 191067, 0, -0.96, 0, -0.16, 75.3, 75.3, 0, 0.11
RCIN, 191067, 900, 900, 900, 900, 900, 900, 900, 900, 0, 0, 0, 0, 0, 0
GPS, 2, 167994800, 2004, 3, 2.77, 39.9196879, -105.1121247, 5.66, 1704.72, 1.16, 118.47, 0, 191105
CTUN, 191155, 0, 0, 0, 0, 5.62, -0.61, 0, 0, 0, 225
ATT, 191165, 0, -0.96, 0, -0.16, 75.35, 75.35, 0, 0.1
RCIN, 191165, 900, 900, 900, 900, 900, 900, 900, 900, 0, 0, 0, 0, 0, 0
CTUN, 191255, 0, 0, 0, 0, 5.48, 0, 0, 0, 0, 220
ATT, 191265, 0, -0.96, 0, -0.16, 75.4, 75.4, 0, 0.1
RCIN, 191265, 900, 900, 900, 900, 900, 900, 900, 900, 0, 0, 0, 0, 0, 0
GPS, 2, 167995000, 2004, 3, 2.77, 39.9196894, -105.1121258, 5.42, 1704.73, 1.13, 118.47, 0, 191305
CTUN, 191356, 0, 0, 0, 0, 5.39, 0.18, 0, 0, 0, 215
ATT, 191366, 0, -0.96, 0, -0.16, 75.45, 75.45, 0, 0.11
RCIN, 191366, 900, 900, 900, 900, 900, 900, 900, 900, 0, 0, 0, 0, 0, 0
DU32, 7, 655577
CURR, 191445, 0, 0, 0, 0, 4732, 0
CTUN, 191455, 0, 0, 0, 0, 5.31, -0.1, 0, 0, 0, 211
ATT, 191466, 0, -0.96, 0, -0.15, 75.51, 75.51, 0, 0.1
RCIN, 191466, 900, 900, 900, 900, 900, 900, 900, 900, 0, 0, 0, 0, 0, 0
GPS, 2, 167995200, 2004, 3, 2.77, 39.9196915, -105.112128, 5.25, 1704.73, 1.07, 118.47, 0, 191504
RAD, 191534, 207, 208, 98, 24, 47, 0, 0
CTUN, 191556, 0, 0, 0, 0, 5.21, -0.04, 0, 0, 0, 206
RAD, 191557, 207, 208, 98, 24, 47, 0, 0
ATT, 191567, 0, -0.96, 0, -0.15, 75.56, 75.56, 0, 0.1
RCIN, 191567, 900, 900, 900, 900, 900, 900, 900, 900, 0, 0, 0, 0, 0, 0
CTUN, 191655, 0, 0, 0, 0, 5.11, 0.8, 0, 0, 0, 202
ATT, 191666, 0, -0.96, 0, -0.15, 75.61, 75.61, 0, 0.11
RCIN, 191666, 900, 900, 900, 900, 900, 900, 900, 900, 0, 0, 0, 0, 0, 0
GPS, 2, 167995400, 2004, 3, 2.77, 39.919694, -105.1121308, 5.09, 1704.74, 1, 118.47, 0, 191704
CTUN, 191755, 0, 0, 0, 0, 5.07, -0.12, 0, 0, 0, 199
ATT, 191764, 0, -0.95, 0, -0.15, 75.66, 75.66, 0, 0.1
RCIN, 191765, 900, 900, 900, 900, 900, 900, 900, 900, 0, 0, 0, 0, 0, 0
CTUN, 191856, 0, 0, 0, 0, 4.98, -0.13, 0, 0, 0, 195
ATT, 191866, 0, -0.95, 0, -0.15, 75.71, 75.71, 0, 0.11
RCIN, 191866, 900, 900, 900, 900, 900, 900, 900, 900, 0, 0, 0, 0, 0, 0
GPS, 3, 167995600, 2004, 4, 9.88, 39.9197193, -105.1121917, 4.92, 1715.61, 0.76, 118.47, 0, 191905
ERR, 11, 0
CTUN, 191955, 0, 0, 0, 0, 4.88, -0.42, 0, 0, 0, 191
ATT, 191965, 0, -0.95, 0, -0.14, 75.76, 75.76, 0, 0.09
RCIN, 191965, 900, 900, 900, 900, 900, 900, 900, 900, 0, 0, 0, 0, 0, 0
CTUN, 192055, 0, 0, 0, 0, 4.77, -0.34, 0, 0, 0, 186
ATT, 192067, 0, -0.94, 0, -0.14, 75.81, 75.81, 0, 0.09
RCIN, 192067, 900, 900, 900, 900, 900, 900, 900, 900, 0, 0, 0, 0, 0, 0
GPS, 3, 167995800, 2004, 4, 9.87, 39.9197504, -105.1122613, 4.7, 1719.32, 2.31, 118.47, 0, 192105
ERR, 11, 2
CTUN, 192155, 0, 0, 0, 0, 4.66, -0.53, 0, 0, 0, 182
ATT, 192166, 0, -0.94, 0, -0.14, 75.85, 75.85, 0, 0.09
RCIN, 192166, 900, 900, 900, 900, 900, 900, 900, 900, 0, 0, 0, 0, 0, 0
CTUN, 192255, 0, 0, 0, 0, 4.55, -0.35, 0, 0, 0, 177
ATT, 192265, 0, -0.94, 0, -0.14, 75.9, 75.9, 0, 0.1
RCIN, 192265, 900, 900, 900, 900, 900, 900, 900, 900, 0, 0, 0, 0, 0, 0
GPS, 3, 167996000, 2004, 4, 9.87, 39.9197521, -105.1122786, 4.48, 1722.57, 1.33, 118.47, 0, 192304
CTUN, 192356, 0, 0, 0, 0, 4.44, -0.63, 0, 0, 0, 173
ATT, 192366, 0, -0.93, 0, -0.13, 75.95, 75.95, 0, 0.09
RCIN, 192366, 900, 900, 900, 900, 900, 900, 900, 900, 0, 0, 0, 0, 0, 0
DU32, 7, 655577
CURR, 192446, 0, 0, 0, 0, 4712, 0
CTUN, 192455, 0, 0, 0, 0, 4.32, -0.48, 0, 0, 0, 169
ATT, 192465, 0, -0.93, 0, -0.13, 75.99, 75.99, 0, 0.09
RCIN, 192465, 900, 900, 900, 900, 900, 900, 900, 900, 0, 0, 0, 0, 0, 0
GPS, 3, 167996200, 2004, 4, 9.87, 39.9197515, -105.1122921, 4.26, 1725.66, 1.31, 118.47, 0, 192504
CTUN, 192554, 0, 0, 0, 0, 4.22, 0.52, 0, 0, 0, 165
ATT, 192564, 0, -0.93, 0, -0.13, 76.04, 76.04, 0, 0.11
RCIN, 192565, 900, 900, 900, 900, 900, 900, 900, 900, 0, 0, 0, 0, 0, 0
RAD, 192575, 207, 208, 100, 25, 56, 0, 0
RAD, 192594, 207, 208, 100, 25, 56, 0, 0
CTUN, 192655, 0, 0, 0, 0, 4.17, 0.6, 0, 0, 0, 162
ATT, 192666, 0, -0.93, 0, -0.12, 76.09, 76.09, 0, 0.1
RCIN, 192666, 900, 900, 900, 900, 900, 900, 900, 900, 0, 0, 0, 0, 0, 0
GPS, 3, 167996400, 2004, 4, 9.87, 39.9197559, -105.1123054, 4.14, 1727.91, 1.12, 118.47, 0, 192704
CTUN, 192755, 0, 0, 0, 0, 4.13, 0.73, 0, 0, 0, 159
ATT, 192764, 0, -0.93, 0, -0.12, 76.14, 76.14, 0, 0.1
RCIN, 192765, 900, 900, 900, 900, 900, 900, 900, 900, 0, 0, 0, 0, 0, 0
CTUN, 192856, 0, 0, 0, 0, 4.09, 0.45, 0, 0, 0, 157
ATT, 192866, 0, -0.93, 0, -0.12, 76.19, 76.19, 0, 0.09
RCIN, 192866, 900, 900, 900, 900, 900, 900, 900, 900, 0, 0, 0, 0, 0, 0
GPS, 3, 167996600, 2004, 4, 9.86, 39.9197604, -105.1123164, 4.06, 1729.62, 0.98, 118.47, 0, 192904
CTUN, 192955, 0, 0, 0, 0, 4.04, -0.15, 0, 0, 0, 154
ATT, 192964, 0, -0.93, 0, -0.12, 76.23, 76.23, 0, 0.09
RCIN, 192965, 900, 900, 900, 900, 900, 900, 900, 900, 0, 0, 0, 0, 0, 0
CTUN, 193056, 0, 0, 0, 0, 3.96, -0.21, 0, 0, 0, 150
ATT, 193065, 0, -0.93, 0, -0.12, 76.28, 76.28, 0, 0.09
RCIN, 193065, 900, 900, 900, 900, 900, 900, 900, 900, 0, 0, 0, 0, 0, 0
GPS, 3, 167996800, 2004, 4, 9.86, 39.9197592, -105.1123241, 3.91, 1731.31, 0.96, 118.47, 0, 193105
CTUN, 193155, 0, 0, 0, 0, 3.87, -0.12, 0, 0, 0, 147
ATT, 193166, 0, -0.93, 0, -0.11, 76.32, 76.32, 0, 0.08
RCIN, 193166, 900, 900, 900, 900, 900, 900, 900, 900, 0, 0, 0, 0, 0, 0
CTUN, 193256, 0, 0, 0, 0, 3.79, -0.5, 0, 0, 0, 143
ATT, 193265, 0, -0.92, 0, -0.11, 76.37, 76.37, 0, 0.09
RCIN, 193266, 900, 900, 900, 900, 900, 900, 900, 900, 0, 0, 0, 0, 0, 0
GPS, 3, 167997000, 2004, 4, 9.86, 39.9197582, -105.1123314, 3.73, 1732.35, 0.97, 118.47, 0, 193304
CTUN, 193355, 0, 0, 0, 0, 3.69, 0.6, 0, 0, 0, 139
ATT, 193365, 0, -0.92, 0, -0.11, 76.41, 76.41, 0, 0.09
RCIN, 193366, 900, 900, 900, 900, 900, 900, 900, 900, 0, 0, 0, 0, 0, 0
DU32, 7, 655577
CURR, 193445, 0, 0, 0, 0, 4732, 0
CTUN, 193456, 0, 0, 0, 0, 3.65, 0.11, 0, 0, 0, 137
ATT, 193465, 0, -0.92, 0, -0.11, 76.45, 76.45, 0, 0.09
RCIN, 193465, 900, 900, 900, 900, 900, 900, 900, 900, 0, 0, 0, 0, 0, 0
GPS, 3, 167997200, 2004, 4, 9.86, 39.9197561, -105.1123375, 3.61, 1733.1, 0.97, 118.47, 0, 193504
CTUN, 193555, 0, 0, 0, 0, 3.58, -0.07, 0, 0, 0, 134
ATT, 193564, 0, -0.92, 0, -0.11, 76.49, 76.49, 0, 0.08
RCIN, 193565, 900, 900, 900, 900, 900, 900, 900, 900, 0, 0, 0, 0, 0, 0
RAD, 193614, 207, 208, 96, 25, 50, 0, 0
RAD, 193615, 207, 208, 96, 25, 50, 0, 0
CTUN, 193656, 0, 0, 0, 0, 3.51, 0.33, 0, 0, 0, 131
ATT, 193665, 0, -0.92, 0, -0.11, 76.53, 76.53, 0, 0.08
RCIN, 193665, 900, 900, 900, 900, 900, 900, 900, 900, 0, 0, 0, 0, 0, 0
GPS, 3, 167997400, 2004, 4, 9.86, 39.9197538, -105.112343, 3.48, 1733.82, 0.98, 118.47, 0, 193704
ERR, 11, 0
CTUN, 193755, 0, 0, 0, 0, 3.46, -0.36, 0, 0, 0, 128
ATT, 193765, 0, -0.92, 0, -0.11, 76.58, 76.58, 0, 0.08
RCIN, 193765, 900, 900, 900, 900, 900, 900, 900, 900, 0, 0, 0, 0, 0, 0
CTUN, 193855, 0, 0, 0, 0, 3.37, -0.07, 0, 0, 0, 125
ATT, 193868, 0, -0.92, 0, -0.1, 76.62, 76.62, 0, 0.08
RCIN, 193868, 900, 900, 900, 900, 900, 900, 900, 900, 0, 0, 0, 0, 0, 0
GPS, 3, 167997600, 2004, 4, 9.85, 39.9197516, -105.1123479, 3.32, 1734.52, 0.98, 118.47, 0, 193904
CTUN, 193955, 0, 0, 0, 0, 3.3, 0.52, 0, 0, 0, 122
ATT, 193965, 0, -0.91, 0, -0.1, 76.66, 76.66, 0, 0.09
RCIN, 193966, 900, 900, 900, 900, 900, 900, 900, 900, 0, 0, 0, 0, 0, 0
CTUN, 194055, 0, 0, 0, 0, 3.26, 0.64, 0, 0, 0, 119
ATT, 194065, 0, -0.92, 0, -0.1, 76.71, 76.71, 0, 0.09
RCIN, 2510550545, -32640, 18009, 21581, 16896, 28226, 23118, 0, 0, 0, 0, 0, 21504, 28793, 11365
FMT, 129, 23, PARM, Nf, Name,Value
FMT, 130, 45, GPS, BIHBcLLeeEefI, S
