FMT, 128, 89, FMT, BBnNZ, Type,Length,Name,Format,Columns
FMT, 129, 23, PARM, Nf, Name,Value
FMT, 130, 45, GPS, BIHBcLLeeEefI, Status,TimeMS,Week,NSats,HDop,Lat,Lng,RelAlt,Alt,Spd,GCrs,VZ,T
FMT, 131, 31, IMU, Iffffff, TimeMS,GyrX,GyrY,GyrZ,AccX,AccY,AccZ
FMT, 132, 67, MSG, Z, Message
FMT, 133, 35, RCIN, Ihhhhhhhhhhhhhh, TimeMS,C1,C2,C3,C4,C5,C6,C7,C8,C9,C10,C11,C12,C13,C14
FMT, 134, 23, RCOU, Ihhhhhhhh, TimeMS,Chan1,Chan2,Chan3,Chan4,Chan5,Chan6,Chan7,Chan8
FMT, 136, 21, BARO, Iffcf, TimeMS,Alt,Press,Temp,CRt
FMT, 137, 13, POWR, ICCH, TimeMS,Vcc,VServo,Flags
FMT, 145, 41, CMD, IHHHfffffff, TimeMS,CTot,CNum,CId,Prm1,Prm2,Prm3,Prm4,Lat,Lng,Alt
FMT, 146, 16, RAD, IBBBBBHH, TimeMS,RSSI,RemRSSI,TxBuf,Noise,RemNoise,RxErrors,Fixed
FMT, 148, 31, CAM, IHLLeeccC, GPSTime,GPSWeek,Lat,Lng,Alt,RelAlt,Roll,Pitch,Yaw
FMT, 25, 25, ATUN, BBfffff, Axis,TuneStep,RateMin,RateMax,RPGain,RDGain,SPGain
FMT, 26, 9, ATDE, cf, Angle,Rate
FMT, 9, 23, CURR, IhIhhhf, TimeMS,ThrOut,ThrInt,Volt,Curr,Vcc,CurrTot
FMT, 12, 20, OF, hhBccee, Dx,Dy,SQual,X,Y,Roll,Pitch
FMT, 5, 47, NTUN, Iffffffffff, TimeMS,DPosX,DPosY,PosX,PosY,DVelX,DVelY,VelX,VelY,DAccX,DAccY
FMT, 4, 33, CTUN, Ihhhffecchh, TimeMS,ThrIn,AngBst,ThrOut,DAlt,Alt,BarAlt,DSAlt,SAlt,DCRt,CRt
FMT, 15, 25, MAG, Ihhhhhhhhh, TimeMS,MagX,MagY,MagZ,OfsX,OfsY,OfsZ,MOfsX,MOfsY,MOfsZ
FMT, 6, 17, PM, HHIhBHB, NLon,NLoop,MaxT,PMT,I2CErr,INSErr,INAVErr
FMT, 1, 23, ATT, IccccCCCC, TimeMS,DesRoll,Roll,DesPitch,Pitch,DesYaw,Yaw,ErrRP,ErrYaw
FMT, 3, 6, MODE, Mh, Mode,ThrCrs
FMT, 10, 3, STRT, , 
FMT, 13, 4, EV, B, Id
FMT, 20, 6, D16, Bh, Id,Value
FMT, 21, 6, DU16, BH, Id,Value
FMT, 22, 8, D32, Bi, Id,Value
FMT, 23, 8, DU32, BI, Id,Value
FMT, 24, 8, DFLT, Bf, Id,Value
FMT, 19, 5, ERR, BB, Subsys,ECode
PARM, SYSID_SW_MREV, 120
PARM, SYSID_SW_TYPE, 10
PARM, SYSID_THISMAV, 1
PARM, SYSID_MYGCS, 255
PARM, SERIAL0_BAUD, 115
PARM, SERIAL1_BAUD, 57
PARM, TELEM_DELAY, 0
PARM, RTL_ALT, 1500
PARM, RNGFND_GAIN, 0.8
PARM, FS_BATT_ENABLE, 0
PARM, FS_BATT_VOLTAGE, 10.5
PARM, FS_BATT_MAH, 0
PARM, FS_GPS_ENABLE, 1
PARM, FS_GCS_ENABLE, 1
PARM, GPS_HDOP_GOOD, 230
PARM, MAG_ENABLE, 1
PARM, FLOW_ENABLE, 0
PARM, SUPER_SIMPLE, 0
PARM, RTL_ALT_FINAL, 0
PARM, RSSI_PIN, -1
PARM, RSSI_RANGE, 5
PARM, WP_YAW_BEHAVIOR, 2
PARM, RTL_LOIT_TIME, 5000
PARM, LAND_SPEED, 50
PARM, PILOT_VELZ_MAX, 250
PARM, PILOT_ACCEL_Z, 250
PARM, THR_MIN, 130
PARM, THR_MAX, 1000
PARM, FS_THR_ENABLE, 0
PARM, FS_THR_VALUE, 975
PARM, TRIM_THROTTLE, 450
PARM, THR_MID, 500
PARM, THR_DZ, 100
PARM, FLTMODE1, 0
PARM, FLTMODE2, 0
PARM, FLTMODE3, 0
PARM, FLTMODE4, 0
PARM, FLTMODE5, 0
PARM, FLTMODE6, 0
PARM, SIMPLE, 0
PARM, LOG_BITMASK, 894
PARM, ESC, 0
PARM, TUNE, 0
PARM, TUNE_LOW, 0
PARM, TUNE_HIGH, 1000
PARM, FRAME, 1
PARM, CH7_OPT, 0
PARM, CH8_OPT, 0
PARM, ARMING_CHECK, 0
PARM, ANGLE_MAX, 4500
PARM, RC_FEEL_RP, 100
PARM, PHLD_BRAKE_RATE, 8
PARM, PHLD_BRAKE_ANGLE, 3000
PARM, LAND_REPOSITION, 1
PARM, EKF_CHECK_THRESH, 0.8
PARM, DCM_CHECK_THRESH, 0.8
PARM, RC1_MIN, 1100
PARM, RC1_TRIM, 900
PARM, RC1_MAX, 1900
PARM, RC1_REV, 1
PARM, RC1_DZ, 30
PARM, RC2_MIN, 1100
PARM, RC2_TRIM, 900
PARM, RC2_MAX, 1900
PARM, RC2_REV, 1
PARM, RC2_DZ, 30
PARM, RC3_MIN, 1100
PARM, RC3_TRIM, 900
PARM, RC3_MAX, 1900
PARM, RC3_REV, 1
PARM, RC3_DZ, 30
PARM, RC4_MIN, 1100
PARM, RC4_TRIM, 900
PARM, RC4_MAX, 1900
PARM, RC4_REV, 1
PARM, RC4_DZ, 40
PARM, RC5_MIN, 1100
PARM, RC5_TRIM, 900
PARM, RC5_MAX, 1900
PARM, RC5_REV, 1
PARM, RC5_DZ, 0
PARM, RC5_FUNCTION, 0
PARM, RC6_MIN, 1100
PARM, RC6_TRIM, 900
PARM, RC6_MAX, 1900
PARM, RC6_REV, 1
PARM, RC6_DZ, 0
PARM, RC6_FUNCTION, 0
PARM, RC7_MIN, 1100
PARM, RC7_TRIM, 900
PARM, RC7_MAX, 1900
PARM, RC7_REV, 1
PARM, RC7_DZ, 0
PARM, RC7_FUNCTION, 0
PARM, RC8_MIN, 1100
PARM, RC8_TRIM, 900
PARM, RC8_MAX, 1900
PARM, RC8_REV, 1
PARM, RC8_DZ, 0
PARM, RC8_FUNCTION, 0
PARM, RC10_MIN, 1100
PARM, RC10_TRIM, 0
PARM, RC10_MAX, 1900
PARM, RC10_REV, 1
PARM, RC10_DZ, 0
PARM, RC10_FUNCTION, 0
PARM, RC11_MIN, 1100
PARM, RC11_TRIM, 0
PARM, RC11_MAX, 1900
PARM, RC11_REV, 1
PARM, RC11_DZ, 0
PARM, RC11_FUNCTION, 0
PARM, RC_SPEED, 490
PARM, ACRO_RP_P, 4.5
PARM, ACRO_YAW_P, 4.5
PARM, ACRO_BAL_ROLL, 1
PARM, ACRO_BAL_PITCH, 1
PARM, ACRO_TRAINER, 2
PARM, ACRO_EXPO, 0.3
PARM, RATE_RLL_P, 0.15
PARM, RATE_RLL_I, 0.1
PARM, RATE_RLL_D, 0.004
PARM, RATE_RLL_IMAX, 1000
PARM, RATE_PIT_P, 0.15
PARM, RATE_PIT_I, 0.1
PARM, RATE_PIT_D, 0.004
PARM, RATE_PIT_IMAX, 1000
PARM, RATE_YAW_P, 0.2
PARM, RATE_YAW_I, 0.02
PARM, RATE_YAW_D, 0
PARM, RATE_YAW_IMAX, 1000
PARM, LOITER_LAT_P, 1
PARM, LOITER_LAT_I, 0.5
PARM, LOITER_LAT_D, 0
PARM, LOITER_LAT_IMAX, 1000
PARM, LOITER_LON_P, 1
PARM, LOITER_LON_I, 0.5
PARM, LOITER_LON_D, 0
PARM, LOITER_LON_IMAX, 1000
PARM, THR_RATE_P, 5
PARM, THR_ACCEL_P, 0.5
PARM, THR_ACCEL_I, 1
PARM, THR_ACCEL_D, 0
PARM, THR_ACCEL_IMAX, 800
PARM, OF_RLL_P, 2.5
PARM, OF_RLL_I, 0.5
PARM, OF_RLL_D, 0.12
PARM, OF_RLL_IMAX, 100
PARM, OF_PIT_P, 2.5
PARM, OF_PIT_I, 0.5
PARM, OF_PIT_D, 0.12
PARM, OF_PIT_IMAX, 100
PARM, STB_RLL_P, 4.5
PARM, STB_PIT_P, 4.5
PARM, STB_YAW_P, 4.5
PARM, THR_ALT_P, 1
PARM, HLD_LAT_P, 1
PARM, CAM_TRIGG_TYPE, 0
PARM, CAM_DURATION, 10
PARM, CAM_SERVO_ON, 1300
PARM, CAM_SERVO_OFF, 1100
PARM, CAM_TRIGG_DIST, 0
PARM, RELAY_PIN, 13
PARM, RELAY_PIN2, -1
PARM, COMPASS_OFS_X, 67
PARM, COMPASS_OFS_Y, 130
PARM, COMPASS_OFS_Z, 43
PARM, COMPASS_DEC, 0.1408029
PARM, COMPASS_LEARN, 1
PARM, COMPASS_USE, 1
PARM, COMPASS_AUTODEC, 1
PARM, COMPASS_MOTCT, 0
PARM, COMPASS_MOT_X, 0
PARM, COMPASS_MOT_Y, 0
PARM, COMPASS_MOT_Z, 0
PARM, COMPASS_ORIENT, 8
PARM, COMPASS_EXTERNAL, 1
PARM, INS_PRODUCT_ID, 0
PARM, INS_ACCSCAL_X, 0.993845
PARM, INS_ACCSCAL_Y, 0.996743
PARM, INS_ACCSCAL_Z, 0.9828588
PARM, INS_ACCOFFS_X, -0.04287017
PARM, INS_ACCOFFS_Y, 0.2343776
PARM, INS_ACCOFFS_Z, -0.1386581
PARM, INS_GYROFFS_X, 0.003937612
PARM, INS_GYROFFS_Y, -0.02789852
PARM, INS_GYROFFS_Z, 0.007257978
PARM, INS_MPU6K_FILTER, 0
PARM, INAV_TC_XY, 2.5
PARM, INAV_TC_Z, 5
PARM, WPNAV_SPEED, 500
PARM, WPNAV_RADIUS, 200
PARM, WPNAV_SPEED_UP, 250
PARM, WPNAV_SPEED_DN, 150
PARM, WPNAV_LOIT_SPEED, 500
PARM, WPNAV_ACCEL, 100
PARM, WPNAV_ACCEL_Z, 100
PARM, WPNAV_LOIT_JERK, 1000
PARM, CIRCLE_RADIUS, 1000
PARM, CIRCLE_RATE, 20
PARM, ATC_RATE_RP_MAX, 18000
PARM, ATC_RATE_Y_MAX, 9000
PARM, ATC_SLEW_YAW, 1000
PARM, ATC_ACCEL_RP_MAX, 0
PARM, ATC_ACCEL_Y_MAX, 0
PARM, ATC_RATE_FF_ENAB, 0
PARM, POSCON_THR_HOVER, 450
PARM, SR0_RAW_SENS, 2
PARM, SR0_EXT_STAT, 2
PARM, SR0_RC_CHAN, 2
PARM, SR0_RAW_CTRL, 2
PARM, SR0_POSITION, 2
PARM, SR0_EXTRA1, 4
PARM, SR0_EXTRA2, 4
PARM, SR0_EXTRA3, 2
PARM, SR0_PARAMS, 10
PARM, SR1_RAW_SENS, 2
PARM, SR1_EXT_STAT, 2
PARM, SR1_RC_CHAN, 2
PARM, SR1_RAW_CTRL, 2
PARM, SR1_POSITION, 2
PARM, SR1_EXTRA1, 2
PARM, SR1_EXTRA2, 2
PARM, SR1_EXTRA3, 2
PARM, SR1_PARAMS, 0
PARM, AHRS_GPS_GAIN, 1
PARM, AHRS_GPS_USE, 1
PARM, AHRS_YAW_P, 0.1
PARM, AHRS_RP_P, 0.1
PARM, AHRS_WIND_MAX, 0
PARM, AHRS_TRIM_X, 0.003329636
PARM, AHRS_TRIM_Y, 0.006029837
PARM, AHRS_TRIM_Z, 0
PARM, AHRS_ORIENTATION, 0
PARM, AHRS_COMP_BETA, 0.1
PARM, AHRS_GPS_MINSATS, 6
PARM, MNT_MODE, 0
PARM, MNT_RETRACT_X, 0
PARM, MNT_RETRACT_Y, 0
PARM, MNT_RETRACT_Z, 0
PARM, MNT_NEUTRAL_X, 0
PARM, MNT_NEUTRAL_Y, 0
PARM, MNT_NEUTRAL_Z, 0
PARM, MNT_CONTROL_X, 0
PARM, MNT_CONTROL_Y, 0
PARM, MNT_CONTROL_Z, 0
PARM, MNT_STAB_ROLL, 0
PARM, MNT_STAB_TILT, 0
PARM, MNT_STAB_PAN, 0
PARM, MNT_RC_IN_ROLL, 0
PARM, MNT_ANGMIN_ROL, -4500
PARM, MNT_ANGMAX_ROL, 4500
PARM, MNT_RC_IN_TILT, 0
PARM, MNT_ANGMIN_TIL, -4500
PARM, MNT_ANGMAX_TIL, 4500
PARM, MNT_RC_IN_PAN, 0
PARM, MNT_ANGMIN_PAN, -4500
PARM, MNT_ANGMAX_PAN, 4500
PARM, MNT_JSTICK_SPD, 0
PARM, BATT_MONITOR, 0
PARM, BATT_VOLT_PIN, -1
PARM, BATT_CURR_PIN, -1
PARM, BATT_VOLT_MULT, 10.1
PARM, BATT_AMP_PERVOLT, 17
PARM, BATT_AMP_OFFSET, 0
PARM, BATT_CAPACITY, 3300
PARM, BATT_VOLT2_PIN, -1
PARM, BATT_VOLT2_MULT, 1
PARM, GND_ABS_PRESS, 41530.48
PARM, GND_TEMP, 35.50333
PARM, GND_ALT_OFFSET, 0
PARM, GPS_TYPE, 1
PARM, GPS_NAVFILTER, 8
PARM, SCHED_DEBUG, 0
PARM, FENCE_ENABLE, 0
PARM, FENCE_TYPE, 3
PARM, FENCE_ACTION, 1
PARM, FENCE_ALT_MAX, 100
PARM, FENCE_RADIUS, 300
PARM, FENCE_MARGIN, 2
PARM, GPSGLITCH_ENABLE, 1
PARM, GPSGLITCH_RADIUS, 200
PARM, GPSGLITCH_ACCEL, 1000
PARM, BAROGLTCH_ENABLE, 1
PARM, BAROGLTCH_DIST, 500
PARM, BAROGLTCH_ACCEL, 1500
PARM, MOT_TCRV_ENABLE, 1
PARM, MOT_TCRV_MIDPCT, 52
PARM, MOT_TCRV_MAXPCT, 93
PARM, MOT_SPIN_ARMED, 70
PARM, RCMAP_ROLL, 1
PARM, RCMAP_PITCH, 2
PARM, RCMAP_THROTTLE, 3
PARM, RCMAP_YAW, 4
PARM, MIS_TOTAL, 0
PARM, MIS_RESTART, 0
PARM, RNGFND_TYPE, 0
PARM, RNGFND_PIN, -1
PARM, RNGFND_SCALING, 3
PARM, RNGFND_OFFSET, 0
PARM, RNGFND_FUNCTION, 0
PARM, RNGFND_MIN_CM, 20
PARM, RNGFND_MAX_CM, 700
PARM, RNGFND_STOP_PIN, -1
PARM, RNGFND_SETTLE_MS, 0
PARM, RNGFND_RMETRIC, 1
MSG, ArduCopter V3.2.1 (36b405fb)
MSG, Frame: QUAD
MODE, Stabilize, 450
EV, 10
MODE, Stabilize, 450
GPS, 3, 164435400, 2004, 5, 3.56, 39.9204919, -105.1130495, 0, 1744.68, 0.41, 127.12, 0, 248662
ATT, 248670, 0, 0.14, 0, -0.06, 303.9, 303.9, 0, 0.05
RCIN, 248670, 900, 900, 900, 900, 900, 900, 900, 900, 0, 0, 0, 0, 0, 0
GPS, 3, 164435400, 2004, 5, 3.56, 39.920498, -105.1130524, 0, 1744.68, 0.42, 127.12, 0, 248740
CTUN, 248742, 0, 0, 0, 0, 0, 0.21, 0, 0, 0, 0
ATT, 248769, 0, 0.14, 0, -0.07, 303.75, 303.75, 0, 0.04
RCIN, 248770, 900, 900, 900, 900, 900, 900, 900, 900, 0, 0, 0, 0, 0, 0
CTUN, 248841, 0, 0, 0, 0, -0.02, 0.37, 0, 0, 0, -1
ATT, 248869, 0, 0.14, 0, -0.06, 303.73, 303.73, 0, 0.04
RCIN, 248870, 900, 900, 900, 900, 900, 900, 900, 900, 0, 0, 0, 0, 0, 0
GPS, 3, 164437200, 2004, 5, 3.56, 39.9204991, -105.1130536, 0, 1744.68, 0.44, 127.12, 0, 248940
CTUN, 248942, 0, 0, 0, 0, 0, 0.38, 0, 0, 0, 0
ATT, 248969, 0, 0.14, 0, -0.07, 303.71, 303.71, 0, 0.04
RCIN, 248969, 900, 900, 900, 900, 900, 900, 900, 900, 0, 0, 0, 0, 0, 0
CTUN, 249041, 0, 0, 0, 0, 0.02, 0.3, 0, 0, 0, 0
ATT, 249069, 0, 0.14, 0, -0.06, 303.69, 303.69, 0, 0.04
RCIN, 249070, 900, 900, 900, 900, 900, 900, 900, 900, 0, 0, 0, 0, 0, 0
GPS, 3, 164437400, 2004, 5, 3.56, 39.9205009, -105.1130552, 0.04, 1744.68, 0.45, 127.12, 0, 249140
CTUN, 249142, 0, 0, 0, 0, 0.04, 0.01, 0, 0, 0, 0
ATT, 249169, 0, 0.14, 0, -0.06, 303.72, 303.72, 0, 0.53
RCIN, 249170, 900, 900, 900, 900, 900, 900, 900, 900, 0, 0, 0, 0, 0, 0
CTUN, 249241, 0, 0, 0, 0, 0.03, 0.2, 0, 0, 0, 0
ATT, 249270, 0, 0.15, 0, -0.06, 303.91, 303.91, 0, 0.04
RCIN, 249270, 900, 900, 900, 900, 900, 900, 900, 900, 0, 0, 0, 0, 0, 0
GPS, 3, 164437600, 2004, 5, 3.56, 39.9205023, -105.1130568, 0.05, 1744.68, 0.47, 127.12, 0, 249340
CTUN, 249342, 0, 0, 0, 0, 0.05, 0.3, 0, 0, 0, 0
ATT, 249369, 0, 0.15, 0, -0.06, 303.88, 303.88, 0, 0.04
RCIN, 249369, 900, 900, 900, 900, 900, 900, 900, 900, 0, 0, 0, 0, 0, 0
CTUN, 249441, 0, 0, 0, 0, 0.06, 0.03, 0, 0, 0, 0
ATT, 249470, 0, 0.15, 0, -0.06, 303.86, 303.86, 0, 0.04
RCIN, 249470, 900, 900, 900, 900, 900, 900, 900, 900, 0, 0, 0, 0, 0, 0
GPS, 3, 164437800, 2004, 5, 3.56, 39.9205036, -105.1130587, 0.06, 1744.68, 0.48, 127.12, 0, 249540
CTUN, 249542, 0, 0, 0, 0, 0.06, 0.35, 0, 0, 0, 0
DU32, 7, 663769
CURR, 249550, 0, 0, 0, 0, 5006, 0
ATT, 249569, 0, 0.15, 0, -0.06, 303.9, 303.9, 0, 0.54
RCIN, 249569, 900, 900, 900, 900, 900, 900, 900, 900, 0, 0, 0, 0, 0, 0
CTUN, 249641, 0, 0, 0, 0, 0.08, 0.18, 0, 0, 0, 1
ATT, 249670, 0, 0.15, 0, -0.06, 304.09, 304.09, 0, 0.05
RCIN, 249670, 900, 900, 900, 900, 900, 900, 900, 900, 0, 0, 0, 0, 0, 0
GPS, 3, 164438000, 2004, 5, 3.56, 39.9205054, -105.1130601, 0.09, 1744.68, 0.48, 127.12, 0, 249740
CTUN, 249742, 0, 0, 0, 0, 0.09, 0.13, 0, 0, 0, 1
ATT, 249769, 0, 0.15, 0, -0.06, 304.06, 304.06, 0, 0.05
RCIN, 249770, 900, 900, 900, 900, 900, 900, 900, 900, 0, 0, 0, 0, 0, 0
CTUN, 249841, 0, 0, 0, 0, 0.09, 0.33, 0, 0, 0, 1
ATT, 249872, 0, 0.15, 0, -0.06, 304.04, 304.04, 0, 0.04
RCIN, 249872, 900, 900, 900, 900, 900, 900, 900, 900, 0, 0, 0, 0, 0, 0
GPS, 3, 164438200, 2004, 5, 3.56, 39.9205073, -105.1130614, 0.11, 1744.68, 0.51, 127.12, 0, 249941
CTUN, 249943, 0, 0, 0, 0, 0.11, 0.44, 0, 0, 0, 1
ATT, 249970, 0, 0.15, 0, -0.06, 304.01, 304.01, 0, 0.05
RCIN, 249971, 900, 900, 900, 900, 900, 900, 900, 900, 0, 0, 0, 0, 0, 0
CTUN, 250042, 0, 0, 0, 0, 0.13, 0.3, 0, 0, 0, 2
ATT, 250070, 0, 0.15, 0, -0.06, 303.99, 303.99, 0, 0.05
RCIN, 250070, 900, 900, 900, 900, 900, 900, 900, 900, 0, 0, 0, 0, 0, 0
GPS, 3, 164438400, 2004, 5, 3.56, 39.9205092, -105.1130629, 0.14, 1744.68, 0.52, 127.12, 0, 250142
CTUN, 250144, 0, 0, 0, 0, 0.14, 0.22, 0, 0, 0, 2
ATT, 250171, 0, 0.15, 0, -0.06, 303.97, 303.97, 0, 0.04
RCIN, 250171, 900, 900, 900, 900, 900, 900, 900, 900, 0, 0, 0, 0, 0, 0
CTUN, 250242, 0, 0, 0, 0, 0.15, 0.29, 0, 0, 0, 2
ATT, 250270, 0, 0.15, 0, -0.06, 303.95, 303.95, 0, 0.05
RCIN, 250270, 900, 900, 900, 900, 900, 900, 900, 900, 0, 0, 0, 0, 0, 0
GPS, 3, 164438600, 2004, 5, 3.56, 39.9205108, -105.1130645, 0.16, 1744.67, 0.52, 127.12, 0, 250340
CTUN, 250342, 0, 0, 0, 0, 0.16, 0.03, 0, 0, 0, 2
ATT, 250371, 0, 0.15, 0, -0.06, 303.92, 303.92, 0, 0.05
RCIN, 250371, 900, 900, 900, 900, 900, 900, 900, 900, 0, 0, 0, 0, 0, 0
CTUN, 250442, 0, 0, 0, 0, 0.15, 0.53, 0, 0, 0, 2
ATT, 250471, 0, 0.15, 0, -0.06, 303.9, 303.9, 0, 0.04
RCIN, 250471, 900, 900, 900, 900, 900, 900, 900, 900, 0, 0, 0, 0, 0, 0
GPS, 3, 164438800, 2004, 5, 3.56, 39.9205123, -105.1130661, 0.18, 1744.67, 0.53, 127.12, 0, 250540
CTUN, 250542, 0, 0, 0, 0, 0.18, 0.24, 0, 0, 0, 2
DU32, 7, 663769
CURR, 250551, 0, 0, 0, 0, 5006, 0
ATT, 250570, 0, 0.15, 0, -0.06, 303.88, 303.88, 0, 0.04
RCIN, 250570, 900, 900, 900, 900, 900, 900, 900, 900, 0, 0, 0, 0, 0, 0
CTUN, 250643, 0, 0, 0, 0, 0.19, 0.34, 0, 0, 0, 3
ATT, 250671, 0, 0.15, 0, -0.06, 303.86, 303.86, 0, 0.04
RCIN, 250671, 900, 900, 900, 900, 900, 900, 900, 900, 0, 0, 0, 0, 0, 0
GPS, 3, 164439000, 2004, 5, 3.56, 39.9205137, -105.1130678, 0.2, 1744.67, 0.55, 127.12, 0, 250741
CTUN, 250743, 0, 0, 0, 0, 0.2, 0.27, 0, 0, 0, 3
ATT, 250770, 0, 0.15, 0, -0.06, 303.84, 303.84, 0, 0.05
RCIN, 250770, 900, 900, 900, 900, 900, 900, 900, 900, 0, 0, 0, 0, 0, 0
CTUN, 250841, 0, 0, 0, 0, 0.21, 0.21, 0, 0, 0, 3
ATT, 250871, 0, 0.15, 0, -0.06, 303.82, 303.82, 0, 0.04
RCIN, 250872, 900, 900, 900, 900, 900, 900, 900, 900, 0, 0, 0, 0, 0, 0
GPS, 3, 164439200, 2004, 5, 3.56, 39.9205152, -105.113069, 0.21, 1744.67, 0.56, 127.12, 0, 250941
CTUN, 250943, 0, 0, 0, 0, 0.21, 0.22, 0, 0, 0, 3
ATT, 250970, 0, 0.15, 0, -0.06, 303.8, 303.8, 0, 0.04
RCIN, 250971, 900, 900, 900, 900, 900, 900, 900, 900, 0, 0, 0, 0, 0, 0
CTUN, 251042, 0, 0, 0, 0, 0.21, 0.21, 0, 0, 0, 3
ATT, 251071, 0, 0.15, 0, -0.05, 303.83, 303.83, 0, 0.54
RCIN, 251071, 900, 900, 900, 900, 900, 900, 900, 900, 0, 0, 0, 0, 0, 0
GPS, 3, 164439400, 2004, 5, 3.56, 39.9205167, -105.1130698, 0.22, 1744.67, 0.56, 127.12, 0, 251141
CTUN, 251143, 0, 0, 0, 0, 0.22, 0.14, 0, 0, 0, 3
ATT, 251171, 0, 0.15, 0, -0.06, 304.02, 304.02, 0, 0.05
RCIN, 251171, 900, 900, 900, 900, 900, 900, 900, 900, 0, 0, 0, 0, 0, 0
CTUN, 251242, 0, 0, 0, 0, 0.22, 0.31, 0, 0, 0, 3
ATT, 251271, 0, 0.15, 0, -0.05, 303.99, 303.99, 0, 0.05
RCIN, 251271, 900, 900, 900, 900, 900, 900, 900, 900, 0, 0, 0, 0, 0, 0
GPS, 3, 164439600, 2004, 5, 3.56, 39.920518, -105.1130706, 0.23, 1744.67, 0.57, 127.12, 0, 251341
CTUN, 251343, 0, 0, 0, 0, 0.23, 0.28, 0, 0, 0, 3
ATT, 251371, 0, 0.15, 0, -0.05, 303.97, 303.97, 0, 0.05
RCIN, 251371, 900, 900, 900, 900, 900, 900, 900, 900, 0, 0, 0, 0, 0, 0
CTUN, 251442, 0, 0, 0, 0, 0.23, 0.17, 0, 0, 0, 3
ATT, 251471, 0, 0.15, 0, -0.05, 303.95, 303.95, 0, 0.04
RCIN, 251471, 900, 900, 900, 900, 900, 900, 900, 900, 0, 0, 0, 0, 0, 0
GPS, 3, 164439800, 2004, 5, 3.56, 39.9205192, -105.1130714, 0.23, 1744.67, 0.57, 127.12, 0, 251542
CTUN, 251544, 0, 0, 0, 0, 0.23, 0.16, 0, 0, 0, 3
DU32, 7, 663769
CURR, 251551, 0, 0, 0, 0, 4984, 0
ATT, 251571, 0, 0.15, 0, -0.06, 303.93, 303.93, 0, 0.04
RCIN, 251571, 900, 900, 900, 900, 900, 900, 900, 900, 0, 0, 0, 0, 0, 0
CTUN, 251643, 0, 0, 0, 0, 0.23, 0.17, 0, 0, 0, 3
ATT, 251671, 0, 0.15, 0, -0.05, 303.91, 303.91, 0, 0.04
RCIN, 251672, 900, 900, 900, 900, 900, 900, 900, 900, 0, 0, 0, 0, 0, 0
GPS, 3, 164440000, 2004, 5, 3.56, 39.9205205, -105.1130719, 0.23, 1744.67, 0.58, 127.12, 0, 251743
CTUN, 251745, 0, 0, 0, 0, 0.23, 0.29, 0, 0, 0, 3
ATT, 251771, 0, 0.15, 0, -0.05, 303.95, 303.95, 0, 0.53
RCIN, 251771, 900, 900, 900, 900, 900, 900, 900, 900, 0, 0, 0, 0, 0, 0
CTUN, 251842, 0, 0, 0, 0, 0.24, 0.32, 0, 0, 0, 3
ATT, 251872, 0, 0.15, 0, -0.06, 304.19, 304.19, 0, 0.52
RCIN, 251872, 900, 900, 900, 900, 900, 900, 900, 900, 0, 0, 0, 0, 0, 0
GPS, 3, 164440200, 2004, 5, 3.56, 39.9205218, -105.1130732, 0.25, 1744.67, 0.58, 127.12, 0, 251943
CTUN, 251945, 0, 0, 0, 0, 0.25, 0.12, 0, 0, 0, 3
ATT, 251971, 0, 0.15, 0, -0.06, 304.42, 304.42, 0, 0.53
RCIN, 251972, 900, 900, 900, 900, 900, 900, 900, 900, 0, 0, 0, 0, 0, 0
CTUN, 252043, 0, 0, 0, 0, 0.24, 0.16, 0, 0, 0, 3
ATT, 252072, 0, 0.16, 0, -0.06, 304.6, 304.6, 0, 0.06
RCIN, 252073, 900, 900, 900, 900, 900, 900, 900, 900, 0, 0, 0, 0, 0, 0
GPS, 3, 164440400, 2004, 5, 3.56, 39.9205227, -105.1130742, 0.24, 1744.67, 0.58, 127.12, 0, 252143
CTUN, 252145, 0, 0, 0, 0, 0.24, 0.08, 0, 0, 0, 3
ATT, 252171, 0, 0.16, 0, -0.06, 304.63, 304.63, 0, 0.53
RCIN, 252172, 900, 900, 900, 900, 900, 900, 900, 900, 0, 0, 0, 0, 0, 0
CTUN, 252242, 0, 0, 0, 0, 0.24, 0.19, 0, 0, 0, 2
ATT, 252272, 0, 0.16, 0, -0.07, 304.81, 304.81, 0, 0.06
RCIN, 252272, 900, 900, 900, 900, 900, 900, 900, 900, 0, 0, 0, 0, 0, 0
GPS, 3, 164440600, 2004, 5, 3.56, 39.9205233, -105.113075, 0.24, 1744.67, 0.58, 127.12, 0, 252341
CTUN, 252343, 0, 0, 0, 0, 0.24, 0.15, 0, 0, 0, 2
ATT, 252371, 0, 0.17, 0, -0.07, 304.78, 304.78, 0, 0.06
RCIN, 252372, 900, 900, 900, 900, 900, 900, 900, 900, 0, 0, 0, 0, 0, 0
CTUN, 252442, 0, 0, 0, 0, 0.23, 0.05, 0, 0, 0, 2
ATT, 252472, 0, 0.17, 0, -0.06, 304.76, 304.76, 0, 0.06
RCIN, 252473, 900, 900, 900, 900, 900, 900, 900, 900, 0, 0, 0, 0, 0, 0
GPS, 3, 164440800, 2004, 5, 3.56, 39.920524, -105.1130762, 0.23, 1744.67, 0.58, 127.12, 0, 252541
CTUN, 252543, 0, 0, 0, 0, 0.23, 0.34, 0, 0, 0, 2
DU32, 7, 663769
CURR, 252552, 0, 0, 0, 0, 5028, 0
ATT, 252571, 0, 0.17, 0, -0.06, 304.73, 304.73, 0, 0.06
RCIN, 252572, 900, 900, 900, 900, 900, 900, 900, 900, 0, 0, 0, 0, 0, 0
CTUN, 252643, 0, 0, 0, 0, 0.24, 0.24, 0, 0, 0, 2
ATT, 252672, 0, 0.17, 0, -0.07, 304.76, 304.76, 0, 0.51
RCIN, 252672, 900, 900, 900, 900, 900, 900, 900, 900, 0, 0, 0, 0, 0, 0
GPS, 3, 164441000, 2004, 5, 3.56, 39.9205251, -105.1130775, 0.24, 1744.67, 0.58, 127.12, 0, 252741
CTUN, 252743, 0, 0, 0, 0, 0.24, 0.23, 0, 0, 0, 2
ATT, 252772, 0, 0.17, 0, -0.07, 304.93, 304.93, 0, 0.06
RCIN, 252772, 900, 900, 900, 900, 900, 900, 900, 900, 0, 0, 0, 0, 0, 0
CTUN, 252842, 0, 0, 0, 0, 0.24, 0.2, 0, 0, 0, 2
ATT, 252872, 0, 0.17, 0, -0.07, 304.9, 304.9, 0, 0.06
RCIN, 252872, 900, 900, 900, 900, 900, 900, 900, 900, 0, 0, 0, 0, 0, 0
GPS, 3, 164441200, 2004, 5, 3.56, 39.9205262, -105.1130786, 0.24, 1744.67, 0.59, 127.12, 0, 252941
CTUN, 252943, 0, 0, 0, 0, 0.24, 0.32, 0, 0, 0, 2
ATT, 252971, 0, 0.17, 0, -0.07, 304.87, 304.87, 0, 0.06
RCIN, 252972, 900, 900, 900, 900, 900, 900, 900, 900, 0, 0, 0, 0, 0, 0
CTUN, 253042, 0, 0, 0, 0, 0.25, 0.05, 0, 0, 0, 2
ATT, 253072, 0, 0.17, 0, -0.07, 304.85, 304.85, 0, 0.06
RCIN, 253072, 900, 900, 900, 900, 900, 900, 900, 900, 0, 0, 0, 0, 0, 0
GPS, 3, 164441400, 2004, 5, 3.56, 39.9205274, -105.1130794, 0.24, 1744.67, 0.59, 127.12, 0, 253141
CTUN, 253143, 0, 0, 0, 0, 0.24, 0.12, 0, 0, 0, 2
ATT, 253171, 0, 0.17, 0, -0.07, 304.82, 304.82, 0, 0.06
RCIN, 253172, 900, 900, 900, 900, 900, 900, 900, 900, 0, 0, 0, 0, 0, 0
CTUN, 253242, 0, 0, 0, 0, 0.24, 0.15, 0, 0, 0, 2
ATT, 253272, 0, 0.17, 0, -0.07, 304.79, 304.79, 0, 0.06
RCIN, 253272, 900, 900, 900, 900, 900, 900, 900, 900, 0, 0, 0, 0, 0, 0
GPS, 3, 164441600, 2004, 5, 3.56, 39.9205279, -105.1130803, 0.23, 1744.67, 0.59, 127.12, 0, 253341
CTUN, 253343, 0, 0, 0, 0, 0.23, 0.13, 0, 0, 0, 2
ATT, 253373, 0, 0.17, 0, -0.07, 304.76, 304.76, 0, 0.06
RCIN, 253374, 900, 900, 900, 900, 900, 900, 900, 900, 0, 0, 0, 0, 0, 0
CTUN, 253442, 0, 0, 0, 0, 0.23, 0.03, 0, 0, 0, 2
ATT, 253472, 0, 0.17, 0, -0.06, 304.73, 304.73, 0, 0.06
RCIN, 253472, 900, 900, 900, 900, 900, 900, 900, 900, 0, 0, 0, 0, 0, 0
GPS, 3, 164441800, 2004, 5, 3.56, 39.9205285, -105.1130812, 0.22, 1744.67, 0.59, 127.12, 0, 253541
CTUN, 253543, 0, 0, 0, 0, 0.22, 0.17, 0, 0, 0, 1
DU32, 7, 663769
CURR, 253552, 0, 0, 0, 0, 5006, 0
ATT, 253573, 0, 0.17, 0, -0.06, 304.7, 304.7, 0, 0.06
RCIN, 253573, 900, 900, 900, 900, 900, 900, 900, 900, 0, 0, 0, 0, 0, 0
CTUN, 253642, 0, 0, 0, 0, 0.22, 0.14, 0, 0, 0, 1
ATT, 253672, 0, 0.17, 0, -0.06, 304.68, 304.68, 0, 0.06
RCIN, 253672, 900, 900, 900, 900, 900, 900, 900, 900, 0, 0, 0, 0, 0, 0
GPS, 3, 164442000, 2004, 5, 3.56, 39.9205288, -105.1130823, 0.22, 1744.67, 0.59, 127.12, 0, 253741
CTUN, 253743, 0, 0, 0, 0, 0.22, 0.2, 0, 0, 0, 1
ATT, 253773, 0, 0.17, 0, -0.06, 304.66, 304.66, 0, 0.06
RCIN, 253773, 900, 900, 900, 900, 900, 900, 900, 900, 0, 0, 0, 0, 0, 0
CTUN, 253842, 0, 0, 0, 0, 0.22, 0.48, 0, 0, 0, 1
ATT, 253872, 0, 0.17, 0, -0.06, 304.69, 304.69, 0, 0.52
RCIN, 253872, 900, 900, 900, 900, 900, 900, 900, 900, 0, 0, 0, 0, 0, 0
GPS, 3, 164442200, 2004, 5, 3.56, 39.9205293, -105.1130833, 0.23, 1744.67, 0.59, 127.12, 0, 253941
CTUN, 253943, 0, 0, 0, 0, 0.23, 0.09, 0, 0, 0, 1
ATT, 253972, 0, 0.17, 0, -0.06, 304.87, 304.87, 0, 0.06
RCIN, 253972, 900, 900, 900, 900, 900, 900, 900, 900, 0, 0, 0, 0, 0, 0
CTUN, 254042, 0, 0, 0, 0, 0.23, 0.14, 0, 0, 0, 1
ATT, 254072, 0, 0.17, 0, -0.07, 304.85, 304.85, 0, 0.06
RCIN, 254073, 900, 900, 900, 900, 900, 900, 900, 900, 0, 0, 0, 0, 0, 0
GPS, 3, 164442400, 2004, 5, 3.56, 39.9205303, -105.1130845, 0.22, 1744.67, 0.59, 127.12, 0, 254141
CTUN, 254143, 0, 0, 0, 0, 0.22, 0.22, 0, 0, 0, 1
ATT, 254172, 0, 0.17, 0, -0.07, 304.83, 304.83, 0, 0.06
RCIN, 254172, 900, 900, 900, 900, 900, 900, 900, 900, 0, 0, 0, 0, 0, 0
CTUN, 254242, 0, 0, 0, 0, 0.23, 0.07, 0, 0, 0, 1
ATT, 254272, 0, 0.17, 0, -0.07, 304.8, 304.8, 0, 0.06
RCIN, 254273, 900, 900, 900, 900, 900, 900, 900, 900, 0, 0, 0, 0, 0, 0
GPS, 3, 164442600, 2004, 5, 3.56, 39.9205314, -105.1130859, 0.22, 1744.67, 0.61, 127.12, 0, 254341
CTUN, 254343, 0, 0, 0, 0, 0.22, 0.02, 0, 0, 0, 1
ATT, 254371, 0, 0.17, 0, -0.07, 304.78, 304.78, 0, 0.06
RCIN, 254372, 900, 900, 900, 900, 900, 900, 900, 900, 0, 0, 0, 0, 0, 0
CTUN, 254442, 0, 0, 0, 0, 0.21, 0.22, 0, 0, 0, 1
ATT, 254472, 0, 0.16, 0, -0.06, 304.75, 304.75, 0, 0.06
RCIN, 254472, 900, 900, 900, 900, 900, 900, 900, 900, 0, 0, 0, 0, 0, 0
GPS, 3, 164442800, 2004, 5, 3.56, 39.9205329, -105.1130875, 0.21, 1744.67, 0.61, 127.12, 0, 254541
CTUN, 254543, 0, 0, 0, 0, 0.21, 0.17, 0, 0, 0, 1
DU32, 7, 663769
CURR, 254552, 0, 0, 0, 0, 5028, 0
ATT, 254571, 0, 0.17, 0, -0.06, 304.73, 304.73, 0, 0.06
RCIN, 254572, 900, 900, 900, 900, 900, 900, 900, 900, 0, 0, 0, 0, 0, 0
CTUN, 254642, 0, 0, 0, 0, 0.21, 0.16, 0, 0, 0, 1
ATT, 254672, 0, 0.17, 0, -0.06, 304.71, 304.71, 0, 0.06
RCIN, 254672, 900, 900, 900, 900, 900, 900, 900, 900, 0, 0, 0, 0, 0, 0
GPS, 3, 164443000, 2004, 5, 3.56, 39.9205344, -105.1130888, 0.21, 1744.67, 0.62, 127.12, 0, 254741
CTUN, 254743, 0, 0, 0, 0, 0.21, 0.25, 0, 0, 0, 1
ATT, 254771, 0, 0.17, 0, -0.08, 304.57, 304.57, 0, 0.06
RCIN, 254772, 900, 900, 900, 900, 900, 900, 900, 900, 0, 0, 0, 0, 0, 0
CTUN, 254842, 0, 0, 0, 0, 0.21, 0.04, 0, 0, 0, 1
ATT, 254872, 0, 0.16, 0, -0.07, 303.97, 303.97, 0, 0.05
RCIN, 254873, 900, 900, 900, 900, 900, 900, 900, 900, 0, 0, 0, 0, 0, 0
GPS, 3, 164443200, 2004, 5, 3.56, 39.9205362, -105.1130903, 0.2, 1744.67, 0.63, 127.12, 0, 254942
CTUN, 254944, 0, 0, 0, 0, 0.2, 0.1, 0, 0, 0, 1
ATT, 254971, 0, 0.15, 0, -0.07, 303.39, 303.39, 0, 0.04
RCIN, 254972, 900, 900, 900, 900, 900, 900, 900, 900, 0, 0, 0, 0, 0, 0
CTUN, 255042, 0, 0, 0, 0, 0.2, 0.03, 0, 0, 0, 1
ATT, 255072, 0, 0.14, 0, -0.07, 303.38, 303.38, 0, 0.04
RCIN, 255072, 900, 900, 900, 900, 900, 900, 900, 900, 0, 0, 0, 0, 0, 0
GPS, 3, 164443400, 2004, 5, 3.56, 39.9205379, -105.1130915, 0.19, 1744.67, 0.64, 127.12, 0, 255141
CTUN, 255143, 0, 0, 0, 0, 0.19, 0.34, 0, 0, 0, 0
ATT, 255172, 0, 0.15, 0, -0.08, 303.36, 303.36, 0, 0.04
RCIN, 255172, 900, 900, 900, 900, 900, 900, 900, 900, 0, 0, 0, 0, 0, 0
CTUN, 255242, 0, 0, 0, 0, 0.2, 0.35, 0, 0, 0, 0
ATT, 255272, 0, 0.15, 0, -0.06, 303.41, 303.41, 0, 0.05
RCIN, 255272, 900, 900, 900, 900, 900, 900, 900, 900, 0, 0, 0, 0, 0, 0
GPS, 3, 164443600, 2004, 5, 3.56, 39.9205395, -105.1130928, 0.21, 1744.67, 0.64, 127.12, 0, 255341
CTUN, 255343, 0, 0, 0, 0, 0.21, 0.37, 0, 0, 0, 0
ATT, 255371, 0, 0.15, 0, -0.06, 303.39, 303.39, 0, 0.05
RCIN, 255372, 900, 900, 900, 900, 900, 900, 900, 900, 0, 0, 0, 0, 0, 0
CTUN, 255442, 0, 0, 0, 0, 0.22, 0.4, 0, 0, 0, 1
ATT, 255472, 0, 0.15, 0, -0.06, 303.37, 303.37, 0, 0.05
RCIN, 255472, 900, 900, 900, 900, 900, 900, 900, 900, 0, 0, 0, 0, 0, 0
GPS, 3, 164443800, 2004, 5, 3.56, 39.920541, -105.1130944, 0.23, 1744.67, 0.65, 127.12, 0, 255541
CTUN, 255543, 0, 0, 0, 0, 0.23, 0.03, 0, 0, 0, 1
PM, 13, 1000, 1819624, 12, 0, 0, 255
DU32, 7, 663769
CURR, 255552, 0, 0, 0, 0, 5006, 0
ATT, 255571, 0, 0.15, 0, -0.06, 303.36, 303.36, 0, 0.04
RCIN, 255572, 900, 900, 900, 900, 900, 900, 900, 900, 0, 0, 0, 0, 0, 0
CTUN, 255642, 0, 0, 0, 0, 0.22, 0, 0, 0, 0, 1
ATT, 255672, 0, 0.15, 0, -0.06, 303.35, 303.35, 0, 0.04
RCIN, 255672, 900, 900, 900, 900, 900, 900, 900, 900, 0, 0, 0, 0, 0, 0
GPS, 3, 164444000, 2004, 5, 3.55, 39.9205424, -105.1130957, 0.21, 1744.67, 0.65, 127.12, 0, 255741
CTUN, 255743, 0, 0, 0, 0, 0.21, 0.25, 0, 0, 0, 1
ATT, 255771, 0, 0.15, 0, -0.06, 303.33, 303.33, 0, 0.05
RCIN, 255772, 900, 900, 900, 900, 900, 900, 900, 900, 0, 0, 0, 0, 0, 0
CTUN, 255842, 0, 0, 0, 0, 0.21, 0.33, 0, 0, 0, 1
ATT, 255872, 0, 0.14, 0, -0.05, 303.33, 303.33, 0, 0.04
RCIN, 255872, 900, 900, 900, 900, 900, 900, 900, 900, 0, 0, 0, 0, 0, 0
GPS, 3, 164444200, 2004, 5, 3.55, 39.9205438, -105.1130963, 0.22, 1744.67, 0.65, 127.12, 0, 255941
CTUN, 255943, 0, 0, 0, 0, 0.22, 0.37, 0, 0, 0, 1
ATT, 255972, 0, 0.15, 0, -0.06, 303.42, 303.42, 0, 0.04
RCIN, 255972, 900, 900, 900, 900, 900, 900, 900, 900, 0, 0, 0, 0, 0, 0
CTUN, 256042, 0, 0, 0, 0, 0.23, 0.32, 0, 0, 0, 1
ATT, 256072, 0, 0.15, 0, -0.06, 303.4, 303.4, 0, 0.05
RCIN, 256072, 900, 900, 900, 900, 900, 900, 900, 900, 0, 0, 0, 0, 0, 0
GPS, 3, 164444400, 2004, 5, 3.55, 39.9205449, -105.1130971, 0.24, 1744.67, 0.65, 127.12, 0, 256141
CTUN, 256143, 0, 0, 0, 0, 0.24, 0.14, 0, 0, 0, 1
ATT, 256171, 0, 0.15, 0, -0.06, 303.39, 303.39, 0, 0.04
RCIN, 256172, 900, 900, 900, 900, 900, 900, 900, 900, 0, 0, 0, 0, 0, 0
CTUN, 256242, 0, 0, 0, 0, 0.23, 0.17, 0, 0, 0, 1
ATT, 256272, 0, 0.15, 0, -0.06, 303.37, 303.37, 0, 0.04
RCIN, 256272, 900, 900, 900, 900, 900, 900, 900, 900, 0, 0, 0, 0, 0, 0
GPS, 3, 164444600, 2004, 5, 3.55, 39.9205461, -105.1130979, 0.23, 1744.67, 0.65, 127.12, 0, 256341
CTUN, 256343, 0, 0, 0, 0, 0.23, 0.25, 0, 0, 0, 1
ATT, 256371, 0, 0.16, 0, -0.06, 303.36, 303.36, 0, 0.04
RCIN, 256372, 900, 900, 900, 900, 900, 900, 900, 900, 0, 0, 0, 0, 0, 0
CTUN, 256442, 0, 0, 0, 0, 0.24, 0.17, 0, 0, 0, 1
ATT, 256472, 0, 0.15, 0, -0.06, 303.39, 303.39, 0, 0.04
RCIN, 256473, 900, 900, 900, 900, 900, 900, 900, 900, 0, 0, 0, 0, 0, 0
GPS, 3, 164444800, 2004, 5, 3.55, 39.9205476, -105.113099, 0.23, 1744.67, 0.65, 127.12, 0, 256542
CTUN, 256544, 0, 0, 0, 0, 0.23, 0.12, 0, 0, 0, 1
DU32, 7, 663769
CURR, 256552, 0, 0, 0, 0, 5028, 0
ATT, 256583, 0, 0.15, 0, -0.06, 303.37, 303.37, 0, 0.04
RCIN, 256583, 900, 900, 900, 900, 900, 900, 900, 900, 0, 0, 0, 0, 0, 0
CTUN, 256643, 0, 0, 0, 0, 0.23, 0.16, 0, 0, 0, 1
ATT, 256681, 0, 0.14, 0, -0.06, 303.44, 303.44, 0, 0.53
RCIN, 256682, 900, 900, 900, 900, 900, 900, 900, 900, 0, 0, 0, 0, 0, 0
GPS, 3, 164445000, 2004, 5, 3.55, 39.9205491, -105.1131, 0.22, 1744.67, 0.66, 127.12, 0, 256742
CTUN, 256743, 0, 0, 0, 0, 0.22, 0.03, 0, 0, 0, 1
ATT, 256782, 0, 0.14, 0, -0.07, 303.4, 303.4, 0, 0.04
RCIN, 256783, 900, 900, 900, 900, 900, 900, 900, 900, 0, 0, 0, 0, 0, 0
CTUN, 256843, 0, 0, 0, 0, 0.21, 0.1, 0, 0, 0, 0
ATT, 256882, 0, 0.14, 0, -0.07, 303.39, 303.39, 0, 0.04
RCIN, 256882, 900, 900, 900, 900, 900, 900, 900, 900, 0, 0, 0, 0, 0, 0
GPS, 3, 164445200, 2004, 5, 3.55, 39.9205503, -105.1131007, 0.21, 1744.66, 0.66, 127.12, 0, 256942
CTUN, 256943, 0, 0, 0, 0, 0.21, 0.03, 0, 0, 0, 0
ATT, 256981, 0, 0.14, 0, -0.07, 303.37, 303.37, 0, 0.05
RCIN, 256982, 900, 900, 900, 900, 900, 900, 900, 900, 0, 0, 0, 0, 0, 0
CTUN, 257043, 0, 0, 0, 0, 0.2, 0.18, 0, 0, 0, 0
ATT, 257082, 0, 0.15, 0, -0.07, 303.23, 303.23, 0, 0.04
RCIN, 257082, 900, 900, 900, 900, 900, 900, 900, 900, 0, 0, 0, 0, 0, 0
GPS, 3, 164445400, 2004, 5, 3.55, 39.9205516, -105.1131014, 0.2, 1744.66, 0.66, 127.12, 0, 257141
CTUN, 257143, 0, 0, 0, 0, 0.2, 0.2, 0, 0, 0, 0
ATT, 257181, 0, 0.14, 0, -0.08, 303.24, 303.24, 0, 0.04
RCIN, 257182, 900, 900, 900, 900, 900, 900, 900, 900, 0, 0, 0, 0, 0, 0
CTUN, 257243, 0, 0, 0, 0, 0.2, 0.19, 0, 0, 0, 0
ATT, 257281, 0, 0.14, 0, -0.08, 303.22, 303.22, 0, 0.04
RCIN, 257282, 900, 900, 900, 900, 900, 900, 900, 900, 0, 0, 0, 0, 0, 0
GPS, 3, 164445600, 2004, 5, 3.55, 39.9205528, -105.1131022, 0.2, 1744.66, 0.66, 127.12, 0, 257341
CTUN, 257343, 0, 0, 0, 0, 0.2, 0.26, 0, 0, 0, 0
ATT, 257382, 0, 0.14, 0, -0.07, 303.21, 303.21, 0, 0.04
RCIN, 257382, 900, 900, 900, 900, 900, 900, 900, 900, 0, 0, 0, 0, 0, 0
CTUN, 257442, 0, 0, 0, 0, 0.2, 0.1, 0, 0, 0, 0
ATT, 257482, 0, 0.14, 0, -0.07, 303.19, 303.19, 0, 0.04
RCIN, 257482, 900, 900, 900, 900, 900, 900, 900, 900, 0, 0, 0, 0, 0, 0
GPS, 3, 164445800, 2004, 5, 3.55, 39.9205539, -105.1131033, 0.2, 1744.66, 0.66, 127.12, 0, 257541
CTUN, 257543, 0, 0, 0, 0, 0.2, 0.14, 0, 0, 0, 0
DU32, 7, 663769
CURR, 257552, 0, 0, 0, 0, 5006, 0
ATT, 257581, 0, 0.14, 0, -0.07, 303.18, 303.18, 0, 0.04
RCIN, 257582, 900, 900, 900, 900, 900, 900, 900, 900, 0, 0, 0, 0, 0, 0
CTUN, 257642, 0, 0, 0, 0, 0.19, 0.08, 0, 0, 0, 0
ATT, 257681, 0, 0.14, 0, -0.07, 303.25, 303.25, 0, 0.52
RCIN, 257682, 900, 900, 900, 900, 900, 900, 900, 900, 0, 0, 0, 0, 0, 0
GPS, 3, 164446000, 2004, 5, 3.55, 39.9205547, -105.1131041, 0.19, 1744.66, 0.65, 127.12, 0, 257741
CTUN, 257743, 0, 0, 0, 0, 0.19, 0.24, 0, 0, 0, 0
ATT, 257781, 0, 0.15, 0, -0.07, 303.4, 303.4, 0, 0.04
RCIN, 257782, 900, 900, 900, 900, 900, 900, 900, 900, 0, 0, 0, 0, 0, 0
CTUN, 257842, 0, 0, 0, 0, 0.19, 0.27, 0, 0, 0, 0
ATT, 257882, 0, 0.15, 0, -0.07, 303.39, 303.39, 0, 0.04
RCIN, 257882, 900, 900, 900, 900, 900, 900, 900, 900, 0, 0, 0, 0, 0, 0
GPS, 3, 164446200, 2004, 5, 3.55, 39.9205555, -105.1131045, 0.2, 1744.66, 0.64, 127.12, 0, 257941
CTUN, 257943, 0, 0, 0, 0, 0.2, 0.04, 0, 0, 0, 0
ATT, 257982, 0, 0.15, 0, -0.07, 303.37, 303.37, 0, 0.04
RCIN, 257982, 900, 900, 900, 900, 900, 900, 900, 900, 0, 0, 0, 0, 0, 0
CTUN, 258042, 0, 0, 0, 0, 0.19, 0.23, 0, 0, 0, 0
ATT, 258082, 0, 0.14, 0, -0.07, 303.35, 303.35, 0, 0.04
RCIN, 258082, 900, 900, 900, 900, 900, 900, 900, 900, 0, 0, 0, 0, 0, 0
GPS, 3, 164446400, 2004, 5, 3.55, 39.9205564, -105.1131047, 0.19, 1744.66, 0.64, 127.12, 0, 258141
CTUN, 258143, 0, 0, 0, 0, 0.19, 0.1, 0, 0, 0, 0
ATT, 258181, 0, 0.14, 0, -0.07, 303.34, 303.34, 0, 0.04
RCIN, 258182, 900, 900, 900, 900, 900, 900, 900, 900, 0, 0, 0, 0, 0, 0
CTUN, 258242, 0, 0, 0, 0, 0.18, 0.09, 0, 0, 0, 0
ATT, 258282, 0, 0.14, 0, -0.07, 303.32, 303.32, 0, 0.04
RCIN, 258282, 900, 900, 900, 900, 900, 900, 900, 900, 0, 0, 0, 0, 0, 0
GPS, 3, 164446600, 2004, 5, 3.55, 39.9205574, -105.1131049, 0.18, 1744.66, 0.63, 127.12, 0, 258341
CTUN, 258343, 0, 0, 0, 0, 0.18, 0.1, 0, 0, 0, 0
ATT, 258381, 0, 0.15, 0, -0.07, 303.3, 303.3, 0, 0.04
RCIN, 258382, 900, 900, 900, 900, 900, 900, 900, 900, 0, 0, 0, 0, 0, 0
CTUN, 258442, 0, 0, 0, 0, 0.17, 0.23, 0, 0, 0, 0
ATT, 258483, 0, 0.15, 0, -0.07, 303.29, 303.29, 0, 0.04
RCIN, 258483, 900, 900, 900, 900, 900, 900, 900, 900, 0, 0, 0, 0, 0, 0
GPS, 3, 164446800, 2004, 5, 3.55, 39.9205581, -105.1131051, 0.18, 1744.66, 0.63, 127.12, 0, 258541
CTUN, 258543, 0, 0, 0, 0, 0.18, 0.27, 0, 0, 0, 0
DU32, 7, 663769
CURR, 258552, 0, 0, 0, 0, 4984, 0
ATT, 258582, 0, 0.15, 0, -0.06, 303.27, 303.27, 0, 0.04
RCIN, 258582, 900, 900, 900, 900, 900, 900, 900, 900, 0, 0, 0, 0, 0, 0
CTUN, 258642, 0, 0, 0, 0, 0.18, 0.16, 0, 0, 0, 0
ATT, 258683, 0, 0.15, 0, -0.07, 303.25, 303.25, 0, 0.04
RCIN, 258683, 900, 900, 900, 900, 900, 900, 900, 900, 0, 0, 0, 0, 0, 0
GPS, 3, 164447000, 2004, 5, 3.55, 39.9205586, -105.1131047, 0.18, 1744.66, 0.62, 127.12, 0, 258741
CTUN, 258743, 0, 0, 0, 0, 0.18, -0.05, 0, 0, 0, 0
ATT, 258782, 0, 0.15, 0, -0.07, 303.23, 303.23, 0, 0.04
RCIN, 258782, 900, 900, 900, 900, 900, 900, 900, 900, 0, 0, 0, 0, 0, 0
CTUN, 258842, 0, 0, 0, 0, 0.17, 0.2, 0, 0, 0, 0
ATT, 258881, 0, 0.15, 0, -0.07, 303.21, 303.21, 0, 0.04
RCIN, 258882, 900, 900, 900, 900, 900, 900, 900, 900, 0, 0, 0, 0, 0, 0
GPS, 3, 164447200, 2004, 5, 3.55, 39.9205596, -105.1131042, 0.17, 1744.66, 0.61, 127.12, 0, 258941
CTUN, 258943, 0, 0, 0, 0, 0.17, 0.07, 0, 0, 0, 0
ATT, 258981, 0, 0.15, 0, -0.07, 303.19, 303.19, 0, 0.04
RCIN, 258982, 900, 900, 900, 900, 900, 900, 900, 900, 0, 0, 0, 0, 0, 0
CTUN, 259042, 0, 0, 0, 0, 0.16, 0.14, 0, 0, 0, 0
ATT, 259082, 0, 0.15, 0, -0.07, 303.26, 303.26, 0, 0.53
RCIN, 259082, 900, 900, 900, 900, 900, 900, 900, 900, 0, 0, 0, 0, 0, 0
GPS, 3, 164447400, 2004, 5, 3.55, 39.9205604, -105.1131036, 0.16, 1744.66, 0.59, 127.12, 0, 259141
CTUN, 259143, 0, 0, 0, 0, 0.16, 0.12, 0, 0, 0, 0
ATT, 259181, 0, 0.15, 0, -0.07, 303.41, 303.41, 0, 0.04
RCIN, 259182, 900, 900, 900, 900, 900, 900, 900, 900, 0, 0, 0, 0, 0, 0
CTUN, 259242, 0, 0, 0, 0, 0.16, 0.36, 0, 0, 0, 0
ATT, 259281, 0, 0.15, 0, -0.07, 303.39, 303.39, 0, 0.04
RCIN, 259282, 900, 900, 900, 900, 900, 900, 900, 900, 0, 0, 0, 0, 0, 0
GPS, 3, 164447600, 2004, 5, 3.55, 39.9205611, -105.1131032, 0.17, 1744.66, 0.58, 127.12, 0, 259342
CTUN, 259343, 0, 0, 0, 0, 0.17, 0.26, 0, 0, 0, 0
ATT, 259382, 0, 0.15, 0, -0.07, 303.37, 303.37, 0, 0.04
RCIN, 259382, 900, 900, 900, 900, 900, 900, 900, 900, 0, 0, 0, 0, 0, 0
CTUN, 259442, 0, 0, 0, 0, 0.17, 0.41, 0, 0, 0, 0
ATT, 259482, 0, 0.15, 0, -0.07, 303.43, 303.43, 0, 0.53
RCIN, 259482, 900, 900, 900, 900, 900, 900, 900, 900, 0, 0, 0, 0, 0, 0
GPS, 3, 164447800, 2004, 5, 3.55, 39.9205615, -105.1131027, 0.19, 1744.66, 0.58, 127.12, 0, 259541
CTUN, 259543, 0, 0, 0, 0, 0.19, 0, 0, 0, 0, 0
DU32, 7, 663769
CURR, 259552, 0, 0, 0, 0, 4984, 0
ATT, 259581, 0, 0.15, 0, -0.08, 303.58, 303.58, 0, 0.04
RCIN, 259582, 900, 900, 900, 900, 900, 900, 900, 900, 0, 0, 0, 0, 0, 0
CTUN, 259642, 0, 0, 0, 0, 0.18, -0.08, 0, 0, 0, 0
ATT, 259681, 0, 0.15, 0, -0.08, 303.56, 303.56, 0, 0.04
RCIN, 259682, 900, 900, 900, 900, 900, 900, 900, 900, 0, 0, 0, 0, 0, 0
GPS, 3, 164448000, 2004, 5, 3.55, 39.9205618, -105.1131022, 0.16, 1744.66, 0.57, 127.12, 0, 259741
CTUN, 259743, 0, 0, 0, 0, 0.16, 0.2, 0, 0, 0, 0
ATT, 259781, 0, 0.15, 0, -0.08, 303.54, 303.54, 0, 0.04
RCIN, 259782, 900, 900, 900, 900, 900, 900, 900, 900, 0, 0, 0, 0, 0, 0
CTUN, 259842, 0, 0, 0, 0, 0.16, 0.02, 0, 0, 0, 0
ATT, 259882, 0, 0.16, 0, -0.08, 303.52, 303.52, 0, 0.05
RCIN, 259882, 900, 900, 900, 900, 900, 900, 900, 900, 0, 0, 0, 0, 0, 0
GPS, 3, 164448200, 2004, 5, 3.55, 39.9205622, -105.1131017, 0.15, 1744.66, 0.56, 127.12, 0, 259941
CTUN, 259944, 0, 0, 0, 0, 0.15, 0.13, 0, 0, 0, -1
ATT, 259981, 0, 0.16, 0, -0.08, 303.49, 303.49, 0, 0.04
RCIN, 259982, 900, 900, 900, 900, 900, 900, 900, 900, 0, 0, 0, 0, 0, 0
CTUN, 260042, 0, 0, 0, 0, 0.15, 0, 0, 0, 0, -1
ATT, 260081, 0, 0.16, 0, -0.09, 303.47, 303.47, 0, 0.04
RCIN, 260082, 900, 900, 900, 900, 900, 900, 900, 900, 0, 0, 0, 0, 0, 0
GPS, 3, 164448400, 2004, 5, 3.55, 39.9205625, -105.1131016, 0.14, 1744.66, 0.55, 127.12, 0, 260141
CTUN, 260143, 0, 0, 0, 0, 0.14, -0.03, 0, 0, 0, -1
ATT, 260181, 0, 0.15, 0, -0.08, 303.45, 303.45, 0, 0.04
RCIN, 260182, 900, 900, 900, 900, 900, 900, 900, 900, 0, 0, 0, 0, 0, 0
CTUN, 260242, 0, 0, 0, 0, 0.13, 0.17, 0, 0, 0, -1
ATT, 260281, 0, 0.15, 0, -0.09, 303.43, 303.43, 0, 0.04
RCIN, 260282, 900, 900, 900, 900, 900, 900, 900, 900, 0, 0, 0, 0, 0, 0
GPS, 3, 164448600, 2004, 5, 3.55, 39.9205627, -105.1131015, 0.13, 1744.66, 0.53, 127.12, 0, 260341
CTUN, 260343, 0, 0, 0, 0, 0.13, 0.19, 0, 0, 0, -1
ATT, 260381, 0, 0.15, 0, -0.09, 303.41, 303.41, 0, 0.04
RCIN, 260382, 900, 900, 900, 900, 900, 900, 900, 900, 0, 0, 0, 0, 0, 0
CTUN, 260442, 0, 0, 0, 0, 0.13, -0.03, 0, 0, 0, -1
ATT, 260481, 0, 0.15, 0, -0.09, 303.39, 303.39, 0, 0.04
RCIN, 260482, 900, 900, 900, 900, 900, 900, 900, 900, 0, 0, 0, 0, 0, 0
GPS, 3, 164448800, 2004, 5, 3.55, 39.9205629, -105.113101, 0.12, 1744.66, 0.52, 127.12, 0, 260541
CTUN, 260543, 0, 0, 0, 0, 0.12, 0.12, 0, 0, 0, -1
DU32, 7, 663769
CURR, 260552, 0, 0, 0, 0, 5028, 0
ATT, 260582, 0, 0.15, 0, -0.09, 303.37, 303.37, 0, 0.04
RCIN, 260582, 900, 900, 900, 900, 900, 900, 900, 900, 0, 0, 0, 0, 0, 0
CTUN, 260642, 0, 0, 0, 0, 0.12, 0.17, 0, 0, 0, -1
ATT, 260681, 0, 0.16, 0, -0.09, 303.35, 303.35, 0, 0.05
RCIN, 260682, 900, 900, 900, 900, 900, 900, 900, 900, 0, 0, 0, 0, 0, 0
GPS, 3, 164449000, 2004, 5, 3.55, 39.9205625, -105.1131006, 0.12, 1744.66, 0.51, 127.12, 0, 260741
CTUN, 260743, 0, 0, 0, 0, 0.12, 0.14, 0, 0, 0, -1
ATT, 260781, 0, 0.15, 0, -0.09, 303.33, 303.33, 0, 0.04
RCIN, 260782, 900, 900, 900, 900, 900, 900, 900, 900, 0, 0, 0, 0, 0, 0
CTUN, 260842, 0, 0, 0, 0, 0.12, 0.21, 0, 0, 0, -1
ATT, 260881, 0, 0.15, 0, -0.09, 303.31, 303.31, 0, 0.04
RCIN, 260882, 900, 900, 900, 900, 900, 900, 900, 900, 0, 0, 0, 0, 0, 0
GPS, 3, 164449200, 2004, 5, 3.55, 39.9205615, -105.1130999, 0.12, 1744.66, 0.48, 127.12, 0, 260942
CTUN, 260943, 0, 0, 0, 0, 0.12, 0.27, 0, 0, 0, -1
ATT, 260982, 0, 0.15, 0, -0.09, 303.37, 303.37, 0, 0.52
RCIN, 260982, 900, 900, 900, 900, 900, 900, 900, 900, 0, 0, 0, 0, 0, 0
CTUN, 261042, 0, 0, 0, 0, 0.13, 0.48, 0, 0, 0, -1
ATT, 261081, 0, 0.16, 0, -0.09, 303.52, 303.52, 0, 0.05
RCIN, 261082, 900, 900, 900, 900, 900, 900, 900, 900, 0, 0, 0, 0, 0, 0
GPS, 3, 164449400, 2004, 5, 3.55, 39.9205605, -105.1130993, 0.15, 1744.66, 0.47, 127.12, 0, 261143
CTUN, 261144, 0, 0, 0, 0, 0.15, 0.26, 0, 0, 0, 0
ATT, 261181, 0, 0.15, 0, -0.09, 303.5, 303.5, 0, 0.04
RCIN, 261182, 900, 900, 900, 900, 900, 900, 900, 900, 0, 0, 0, 0, 0, 0
CTUN, 261242, 0, 0, 0, 0, 0.15, -0.07, 0, 0, 0, 0
ATT, 261281, 0, 0.16, 0, -0.09, 303.48, 303.48, 0, 0.04
RCIN, 261281, 900, 900, 900, 900, 900, 900, 900, 900, 0, 0, 0, 0, 0, 0
GPS, 3, 164449600, 2004, 5, 3.55, 39.9205595, -105.1130988, 0.14, 1744.66, 0.45, 127.12, 0, 261343
CTUN, 261345, 0, 0, 0, 0, 0.14, 0.04, 0, 0, 0, 0
ATT, 261381, 0, 0.16, 0, -0.09, 303.46, 303.46, 0, 0.05
RCIN, 261381, 900, 900, 900, 900, 900, 900, 900, 900, 0, 0, 0, 0, 0, 0
CTUN, 261442, 0, 0, 0, 0, 0.13, 0.19, 0, 0, 0, 0
ATT, 261481, 0, 0.15, 0, -0.09, 303.44, 303.44, 0, 0.04
RCIN, 261481, 900, 900, 900, 900, 900, 900, 900, 900, 0, 0, 0, 0, 0, 0
GPS, 3, 164449800, 2004, 5, 3.55, 39.9205591, -105.1130982, 0.13, 1744.66, 0.44, 127.12, 0, 261541
CTUN, 261543, 0, 0, 0, 0, 0.13, 0.29, 0, 0, 0, 0
DU32, 7, 663769
CURR, 261553, 0, 0, 0, 0, 5028, 0
ATT, 261581, 0, 0.15, 0, -0.09, 303.42, 303.42, 0, 0.04
RCIN, 261582, 900, 900, 900, 900, 900, 900, 900, 900, 0, 0, 0, 0, 0, 0
CTUN, 261642, 0, 0, 0, 0, 0.14, 0.29, 0, 0, 0, 0
ATT, 261681, 0, 0.15, 0, -0.09, 303.4, 303.4, 0, 0.04
RCIN, 261682, 900, 900, 900, 900, 900, 900, 900, 900, 0, 0, 0, 0, 0, 0
GPS, 3, 164450000, 2004, 5, 3.55, 39.9205588, -105.1130971, 0.15, 1744.66, 0.42, 127.12, 0, 261741
CTUN, 261743, 0, 0, 0, 0, 0.15, 0.04, 0, 0, 0, 0
ATT, 261781, 0, 0.15, 0, -0.09, 303.38, 303.38, 0, 0.04
RCIN, 261781, 900, 900, 900, 900, 900, 900, 900, 900, 0, 0, 0, 0, 0, 0
CTUN, 261842, 0, 0, 0, 0, 0.14, 0.06, 0, 0, 0, 0
ATT, 261881, 0, 0.15, 0, -0.09, 303.36, 303.36, 0, 0.04
RCIN, 261881, 900, 900, 900, 900, 900, 900, 900, 900, 0, 0, 0, 0, 0, 0
GPS, 3, 164450200, 2004, 5, 3.55, 39.9205587, -105.1130962, 0.14, 1744.66, 0.42, 127.12, 0, 261941
CTUN, 261943, 0, 0, 0, 0, 0.14, 0.1, 0, 0, 0, 0
ATT, 261981, 0, 0.15, 0, -0.09, 303.34, 303.34, 0, 0.03
RCIN, 261981, 900, 900, 900, 900, 900, 900, 900, 900, 0, 0, 0, 0, 0, 0
CTUN, 262042, 0, 0, 0, 0, 0.13, 0.19, 0, 0, 0, 0
ATT, 262081, 0, 0.16, 0, -0.09, 303.32, 303.32, 0, 0.04
RCIN, 262082, 900, 900, 900, 900, 900, 900, 900, 900, 0, 0, 0, 0, 0, 0
GPS, 3, 164450400, 2004, 5, 3.55, 39.9205579, -105.113095, 0.14, 1744.66, 0.39, 127.12, 0, 262141
CTUN, 262143, 0, 0, 0, 0, 0.14, 0.11, 0, 0, 0, 0
ATT, 262181, 0, 0.16, 0, -0.1, 303.39, 303.39, 0, 0.53
RCIN, 262181, 900, 900, 900, 900, 900, 900, 900, 900, 0, 0, 0, 0, 0, 0
CTUN, 262242, 0, 0, 0, 0, 0.13, 0.23, 0, 0, 0, 0
ATT, 262281, 0, 0.16, 0, -0.1, 303.54, 303.54, 0, 0.04
RCIN, 262282, 900, 900, 900, 900, 900, 900, 900, 900, 0, 0, 0, 0, 0, 0
GPS, 3, 164450600, 2004, 5, 3.55, 39.9205572, -105.113094, 0.14, 1744.66, 0.39, 127.12, 0, 262341
CTUN, 262343, 0, 0, 0, 0, 0.14, 0.13, 0, 0, 0, 0
ATT, 262381, 0, 0.16, 0, -0.09, 303.52, 303.52, 0, 0.04
RCIN, 262381, 900, 900, 900, 900, 900, 900, 900, 900, 0, 0, 0, 0, 0, 0
CTUN, 262442, 0, 0, 0, 0, 0.14, 0.2, 0, 0, 0, 0
ATT, 262481, 0, 0.15, 0, -0.09, 303.5, 303.5, 0, 0.04
RCIN, 262481, 900, 900, 900, 900, 900, 900, 900, 900, 0, 0, 0, 0, 0, 0
GPS, 3, 164450800, 2004, 5, 3.55, 39.9205567, -105.1130929, 0.14, 1744.65, 0.38, 127.12, 0, 262541
CTUN, 262543, 0, 0, 0, 0, 0.14, 0.11, 0, 0, 0, 0
DU32, 7, 663769
CURR, 262552, 0, 0, 0, 0, 4984, 0
ATT, 262581, 0, 0.15, 0, -0.1, 303.48, 303.48, 0, 0.04
RCIN, 262581, 900, 900, 900, 900, 900, 900, 900, 900, 0, 0, 0, 0, 0, 0
CTUN, 262642, 0, 0, 0, 0, 0.14, 0.24, 0, 0, 0, 0
ATT, 262681, 0, 0.16, 0, -0.1, 303.46, 303.46, 0, 0.04
RCIN, 262681, 900, 900, 900, 900, 900, 900, 900, 900, 0, 0, 0, 0, 0, 0
GPS, 3, 164451000, 2004, 5, 3.55, 39.9205561, -105.1130923, 0.14, 1744.65, 0.37, 127.12, 0, 262742
CTUN, 262744, 0, 0, 0, 0, 0.14, 0.27, 0, 0, 0, 0
ATT, 262783, 0, 0.16, 0, -0.09, 303.44, 303.44, 0, 0.04
RCIN, 262783, 900, 900, 900, 900, 900, 900, 900, 900, 0, 0, 0, 0, 0, 0
CTUN, 262842, 0, 0, 0, 0, 0.15, 0.42, 0, 0, 0, 0
ATT, 262881, 0, 0.16, 0, -0.09, 303.42, 303.42, 0, 0.04
RCIN, 262881, 900, 900, 900, 900, 900, 900, 900, 900, 0, 0, 0, 0, 0, 0
GPS, 3, 164451200, 2004, 5, 3.55, 39.9205555, -105.1130915, 0.17, 1744.65, 0.36, 127.12, 0, 262942
CTUN, 262943, 0, 0, 0, 0, 0.17, 0.1, 0, 0, 0, 0
ATT, 262981, 0, 0.15, 0, -0.09, 303.39, 303.39, 0, 0.04
RCIN, 262981, 900, 900, 900, 900, 900, 900, 900, 900, 0, 0, 0, 0, 0, 0
CTUN, 263042, 0, 0, 0, 0, 0.16, 0.25, 0, 0, 0, 0
ATT, 263081, 0, 0.16, 0, -0.09, 303.37, 303.37, 0, 0.04
RCIN, 263082, 900, 900, 900, 900, 900, 900, 900, 900, 0, 0, 0, 0, 0, 0
GPS, 3, 164451400, 2004, 5, 3.55, 39.920555, -105.1130905, 0.17, 1744.65, 0.35, 127.12, 0, 263141
CTUN, 263143, 0, 0, 0, 0, 0.17, 0.09, 0, 0, 0, 0
ATT, 263181, 0, 0.16, 0, -0.09, 303.35, 303.35, 0, 0.04
RCIN, 263181, 900, 900, 900, 900, 900, 900, 900, 900, 0, 0, 0, 0, 0, 0
CTUN, 263242, 0, 0, 0, 0, 0.16, 0.2, 0, 0, 0, 0
ATT, 263281, 0, 0.16, 0, -0.09, 303.33, 303.33, 0, 0.04
RCIN, 263281, 900, 900, 900, 900, 900, 900, 900, 900, 0, 0, 0, 0, 0, 0
GPS, 3, 164451600, 2004, 5, 3.55, 39.9205547, -105.1130893, 0.16, 1744.65, 0.35, 127.12, 0, 263342
CTUN, 263343, 0, 0, 0, 0, 0.16, 0.01, 0, 0, 0, 0
ATT, 263381, 0, 0.16, 0, -0.09, 303.31, 303.31, 0, 0.04
RCIN, 263382, 900, 900, 900, 900, 900, 900, 900, 900, 0, 0, 0, 0, 0, 0
CTUN, 263442, 0, 0, 0, 0, 0.15, 0.23, 0, 0, 0, 0
ATT, 263481, 0, 0.16, 0, -0.09, 303.29, 303.29, 0, 0.04
RCIN, 263482, 900, 900, 900, 900, 900, 900, 900, 900, 0, 0, 0, 0, 0, 0
GPS, 3, 164451800, 2004, 5, 3.55, 39.9205545, -105.1130881, 0.16, 1744.65, 0.34, 127.12, -1.374196E-38, 1296456064
FMT, 129, 23, PARM, Nf, Name,Value
FMT, 130, 45, GPS, BIHBcLLeeEefI, Statu
