FMT, 128, 89, FMT, BBnNZ, Type,Length,Name,Format,Columns
FMT, 129, 23, PARM, Nf, Name,Value
FMT, 130, 45, GPS, BIHBcLLeeEefI, Status,TimeMS,Week,NSats,HDop,Lat,Lng,RelAlt,Alt,Spd,GCrs,VZ,T
FMT, 131, 31, IMU, Iffffff, TimeMS,GyrX,GyrY,GyrZ,AccX,AccY,AccZ
FMT, 132, 67, MSG, Z, Message
FMT, 133, 35, RCIN, Ihhhhhhhhhhhhhh, TimeMS,C1,C2,C3,C4,C5,C6,C7,C8,C9,C10,C11,C12,C13,C14
FMT, 134, 23, RCOU, Ihhhhhhhh, TimeMS,Chan1,Chan2,Chan3,Chan4,Chan5,Chan6,Chan7,Chan8
FMT, 136, 21, BARO, Iffcf, TimeMS,Alt,Press,Temp,CRt
FMT, 137, 13, POWR, ICCH, TimeMS,Vcc,VServo,Flags
FMT, 145, 41, CMD, IHHHfffffff, TimeMS,CTot,CNum,CId,Prm1,Prm2,Prm3,Prm4,Lat,Lng,Alt
FMT, 146, 16, RAD, IBBBBBHH, TimeMS,RSSI,RemRSSI,TxBuf,Noise,RemNoise,RxErrors,Fixed
FMT, 148, 31, CAM, IHLLeeccC, GPSTime,GPSWeek,Lat,Lng,Alt,RelAlt,Roll,Pitch,Yaw
FMT, 25, 25, ATUN, BBfffff, Axis,TuneStep,RateMin,RateMax,RPGain,RDGain,SPGain
FMT, 26, 9, ATDE, cf, Angle,Rate
FMT, 9, 23, CURR, IhIhhhf, TimeMS,ThrOut,ThrInt,Volt,Curr,Vcc,CurrTot
FMT, 12, 20, OF, hhBccee, Dx,Dy,SQual,X,Y,Roll,Pitch
FMT, 5, 47, NTUN, Iffffffffff, TimeMS,DPosX,DPosY,PosX,PosY,DVelX,DVelY,VelX,VelY,DAccX,DAccY
FMT, 4, 33, CTUN, Ihhhffecchh, TimeMS,ThrIn,AngBst,ThrOut,DAlt,Alt,BarAlt,DSAlt,SAlt,DCRt,CRt
FMT, 15, 25, MAG, Ihhhhhhhhh, TimeMS,MagX,MagY,MagZ,OfsX,OfsY,OfsZ,MOfsX,MOfsY,MOfsZ
FMT, 6, 17, PM, HHIhBHB, NLon,NLoop,MaxT,PMT,I2CErr,INSErr,INAVErr
FMT, 1, 23, ATT, IccccCCCC, TimeMS,DesRoll,Roll,DesPitch,Pitch,DesYaw,Yaw,ErrRP,ErrYaw
FMT, 3, 6, MODE, Mh, Mode,ThrCrs
FMT, 10, 3, STRT, , 
FMT, 13, 4, EV, B, Id
FMT, 20, 6, D16, Bh, Id,Value
FMT, 21, 6, DU16, BH, Id,Value
FMT, 22, 8, D32, Bi, Id,Value
FMT, 23, 8, DU32, BI, Id,Value
FMT, 24, 8, DFLT, Bf, Id,Value
FMT, 19, 5, ERR, BB, Subsys,ECode
PARM, SYSID_SW_MREV, 120
PARM, SYSID_SW_TYPE, 10
PARM, SYSID_THISMAV, 1
PARM, SYSID_MYGCS, 255
PARM, SERIAL0_BAUD, 115
PARM, SERIAL1_BAUD, 57
PARM, TELEM_DELAY, 0
PARM, RTL_ALT, 1500
PARM, RNGFND_GAIN, 0.8
PARM, FS_BATT_ENABLE, 0
PARM, FS_BATT_VOLTAGE, 10.5
PARM, FS_BATT_MAH, 0
PARM, FS_GPS_ENABLE, 0
PARM, FS_GCS_ENABLE, 0
PARM, GPS_HDOP_GOOD, 230
PARM, MAG_ENABLE, 1
PARM, FLOW_ENABLE, 0
PARM, SUPER_SIMPLE, 0
PARM, RTL_ALT_FINAL, 0
PARM, RSSI_PIN, -1
PARM, RSSI_RANGE, 5
PARM, WP_YAW_BEHAVIOR, 2
PARM, RTL_LOIT_TIME, 5000
PARM, LAND_SPEED, 50
PARM, PILOT_VELZ_MAX, 250
PARM, PILOT_ACCEL_Z, 250
PARM, THR_MIN, 130
PARM, THR_MAX, 1000
PARM, FS_THR_ENABLE, 0
PARM, FS_THR_VALUE, 975
PARM, TRIM_THROTTLE, 450
PARM, THR_MID, 500
PARM, THR_DZ, 100
PARM, FLTMODE1, 0
PARM, FLTMODE2, 0
PARM, FLTMODE3, 0
PARM, FLTMODE4, 0
PARM, FLTMODE5, 0
PARM, FLTMODE6, 0
PARM, SIMPLE, 0
PARM, LOG_BITMASK, 894
PARM, ESC, 0
PARM, TUNE, 0
PARM, TUNE_LOW, 0
PARM, TUNE_HIGH, 1000
PARM, FRAME, 1
PARM, CH7_OPT, 0
PARM, CH8_OPT, 0
PARM, ARMING_CHECK, 0
PARM, ANGLE_MAX, 4500
PARM, RC_FEEL_RP, 100
PARM, PHLD_BRAKE_RATE, 8
PARM, PHLD_BRAKE_ANGLE, 3000
PARM, LAND_REPOSITION, 1
PARM, EKF_CHECK_THRESH, 0.8
PARM, DCM_CHECK_THRESH, 0.8
PARM, RC1_MIN, 1100
PARM, RC1_TRIM, 900
PARM, RC1_MAX, 1900
PARM, RC1_REV, 1
PARM, RC1_DZ, 30
PARM, RC2_MIN, 1100
PARM, RC2_TRIM, 900
PARM, RC2_MAX, 1900
PARM, RC2_REV, 1
PARM, RC2_DZ, 30
PARM, RC3_MIN, 1100
PARM, RC3_TRIM, 900
PARM, RC3_MAX, 1900
PARM, RC3_REV, 1
PARM, RC3_DZ, 30
PARM, RC4_MIN, 1100
PARM, RC4_TRIM, 900
PARM, RC4_MAX, 1900
PARM, RC4_REV, 1
PARM, RC4_DZ, 40
PARM, RC5_MIN, 1100
PARM, RC5_TRIM, 900
PARM, RC5_MAX, 1900
PARM, RC5_REV, 1
PARM, RC5_DZ, 0
PARM, RC5_FUNCTION, 0
PARM, RC6_MIN, 1100
PARM, RC6_TRIM, 900
PARM, RC6_MAX, 1900
PARM, RC6_REV, 1
PARM, RC6_DZ, 0
PARM, RC6_FUNCTION, 0
PARM, RC7_MIN, 1100
PARM, RC7_TRIM, 900
PARM, RC7_MAX, 1900
PARM, RC7_REV, 1
PARM, RC7_DZ, 0
PARM, RC7_FUNCTION, 0
PARM, RC8_MIN, 1100
PARM, RC8_TRIM, 900
PARM, RC8_MAX, 1900
PARM, RC8_REV, 1
PARM, RC8_DZ, 0
PARM, RC8_FUNCTION, 0
PARM, RC10_MIN, 1100
PARM, RC10_TRIM, 0
PARM, RC10_MAX, 1900
PARM, RC10_REV, 1
PARM, RC10_DZ, 0
PARM, RC10_FUNCTION, 0
PARM, RC11_MIN, 1100
PARM, RC11_TRIM, 0
PARM, RC11_MAX, 1900
PARM, RC11_REV, 1
PARM, RC11_DZ, 0
PARM, RC11_FUNCTION, 0
PARM, RC_SPEED, 490
PARM, ACRO_RP_P, 4.5
PARM, ACRO_YAW_P, 4.5
PARM, ACRO_BAL_ROLL, 1
PARM, ACRO_BAL_PITCH, 1
PARM, ACRO_TRAINER, 2
PARM, ACRO_EXPO, 0.3
PARM, RATE_RLL_P, 0.15
PARM, RATE_RLL_I, 0.1
PARM, RATE_RLL_D, 0.004
PARM, RATE_RLL_IMAX, 1000
PARM, RATE_PIT_P, 0.15
PARM, RATE_PIT_I, 0.1
PARM, RATE_PIT_D, 0.004
PARM, RATE_PIT_IMAX, 1000
PARM, RATE_YAW_P, 0.2
PARM, RATE_YAW_I, 0.02
PARM, RATE_YAW_D, 0
PARM, RATE_YAW_IMAX, 1000
PARM, LOITER_LAT_P, 1
PARM, LOITER_LAT_I, 0.5
PARM, LOITER_LAT_D, 0
PARM, LOITER_LAT_IMAX, 1000
PARM, LOITER_LON_P, 1
PARM, LOITER_LON_I, 0.5
PARM, LOITER_LON_D, 0
PARM, LOITER_LON_IMAX, 1000
PARM, THR_RATE_P, 5
PARM, THR_ACCEL_P, 0.5
PARM, THR_ACCEL_I, 1
PARM, THR_ACCEL_D, 0
PARM, THR_ACCEL_IMAX, 800
PARM, OF_RLL_P, 2.5
PARM, OF_RLL_I, 0.5
PARM, OF_RLL_D, 0.12
PARM, OF_RLL_IMAX, 100
PARM, OF_PIT_P, 2.5
PARM, OF_PIT_I, 0.5
PARM, OF_PIT_D, 0.12
PARM, OF_PIT_IMAX, 100
PARM, STB_RLL_P, 4.5
PARM, STB_PIT_P, 4.5
PARM, STB_YAW_P, 4.5
PARM, THR_ALT_P, 1
PARM, HLD_LAT_P, 1
PARM, CAM_TRIGG_TYPE, 0
PARM, CAM_DURATION, 10
PARM, CAM_SERVO_ON, 1300
PARM, CAM_SERVO_OFF, 1100
PARM, CAM_TRIGG_DIST, 0
PARM, RELAY_PIN, 13
PARM, RELAY_PIN2, -1
PARM, COMPASS_OFS_X, 67
PARM, COMPASS_OFS_Y, 130
PARM, COMPASS_OFS_Z, 43
PARM, COMPASS_DEC, 0
PARM, COMPASS_LEARN, 0
PARM, COMPASS_USE, 1
PARM, COMPASS_AUTODEC, 1
PARM, COMPASS_MOTCT, 0
PARM, COMPASS_MOT_X, 0
PARM, COMPASS_MOT_Y, 0
PARM, COMPASS_MOT_Z, 0
PARM, COMPASS_ORIENT, 0
PARM, COMPASS_EXTERNAL, 0
PARM, INS_PRODUCT_ID, 0
PARM, INS_ACCSCAL_X, 0.993845
PARM, INS_ACCSCAL_Y, 0.996743
PARM, INS_ACCSCAL_Z, 0.9828588
PARM, INS_ACCOFFS_X, -0.04287017
PARM, INS_ACCOFFS_Y, 0.2343776
PARM, INS_ACCOFFS_Z, -0.1386581
PARM, INS_GYROFFS_X, 0.002075228
PARM, INS_GYROFFS_Y, -0.02839338
PARM, INS_GYROFFS_Z, 0.009482197
PARM, INS_MPU6K_FILTER, 0
PARM, INAV_TC_XY, 2.5
PARM, INAV_TC_Z, 5
PARM, WPNAV_SPEED, 500
PARM, WPNAV_RADIUS, 200
PARM, WPNAV_SPEED_UP, 250
PARM, WPNAV_SPEED_DN, 150
PARM, WPNAV_LOIT_SPEED, 500
PARM, WPNAV_ACCEL, 100
PARM, WPNAV_ACCEL_Z, 100
PARM, WPNAV_LOIT_JERK, 1000
PARM, CIRCLE_RADIUS, 1000
PARM, CIRCLE_RATE, 20
PARM, ATC_RATE_RP_MAX, 18000
PARM, ATC_RATE_Y_MAX, 9000
PARM, ATC_SLEW_YAW, 1000
PARM, ATC_ACCEL_RP_MAX, 0
PARM, ATC_ACCEL_Y_MAX, 0
PARM, ATC_RATE_FF_ENAB, 0
PARM, POSCON_THR_HOVER, 450
PARM, SR0_RAW_SENS, 2
PARM, SR0_EXT_STAT, 2
PARM, SR0_RC_CHAN, 2
PARM, SR0_RAW_CTRL, 2
PARM, SR0_POSITION, 2
PARM, SR0_EXTRA1, 4
PARM, SR0_EXTRA2, 4
PARM, SR0_EXTRA3, 2
PARM, SR0_PARAMS, 10
PARM, SR1_RAW_SENS, 2
PARM, SR1_EXT_STAT, 2
PARM, SR1_RC_CHAN, 2
PARM, SR1_RAW_CTRL, 2
PARM, SR1_POSITION, 2
PARM, SR1_EXTRA1, 2
PARM, SR1_EXTRA2, 2
PARM, SR1_EXTRA3, 2
PARM, SR1_PARAMS, 0
PARM, AHRS_GPS_GAIN, 1
PARM, AHRS_GPS_USE, 1
PARM, AHRS_YAW_P, 0.1
PARM, AHRS_RP_P, 0.1
PARM, AHRS_WIND_MAX, 0
PARM, AHRS_TRIM_X, 0.003329636
PARM, AHRS_TRIM_Y, 0.006029837
PARM, AHRS_TRIM_Z, 0
PARM, AHRS_ORIENTATION, 0
PARM, AHRS_COMP_BETA, 0.1
PARM, AHRS_GPS_MINSATS, 6
PARM, MNT_MODE, 0
PARM, MNT_RETRACT_X, 0
PARM, MNT_RETRACT_Y, 0
PARM, MNT_RETRACT_Z, 0
PARM, MNT_NEUTRAL_X, 0
PARM, MNT_NEUTRAL_Y, 0
PARM, MNT_NEUTRAL_Z, 0
PARM, MNT_CONTROL_X, 0
PARM, MNT_CONTROL_Y, 0
PARM, MNT_CONTROL_Z, 0
PARM, MNT_STAB_ROLL, 0
PARM, MNT_STAB_TILT, 0
PARM, MNT_STAB_PAN, 0
PARM, MNT_RC_IN_ROLL, 0
PARM, MNT_ANGMIN_ROL, -4500
PARM, MNT_ANGMAX_ROL, 4500
PARM, MNT_RC_IN_TILT, 0
PARM, MNT_ANGMIN_TIL, -4500
PARM, MNT_ANGMAX_TIL, 4500
PARM, MNT_RC_IN_PAN, 0
PARM, MNT_ANGMIN_PAN, -4500
PARM, MNT_ANGMAX_PAN, 4500
PARM, MNT_JSTICK_SPD, 0
PARM, BATT_MONITOR, 0
PARM, BATT_VOLT_PIN, 1
PARM, BATT_CURR_PIN, 2
PARM, BATT_VOLT_MULT, 10.1
PARM, BATT_AMP_PERVOLT, 17
PARM, BATT_AMP_OFFSET, 0
PARM, BATT_CAPACITY, 3300
PARM, BATT_VOLT2_PIN, -1
PARM, BATT_VOLT2_MULT, 1
PARM, GND_ABS_PRESS, 41538.77
PARM, GND_TEMP, 33.7308
PARM, GND_ALT_OFFSET, 0
PARM, GPS_TYPE, 1
PARM, GPS_NAVFILTER, 8
PARM, SCHED_DEBUG, 0
PARM, FENCE_ENABLE, 0
PARM, FENCE_TYPE, 3
PARM, FENCE_ACTION, 1
PARM, FENCE_ALT_MAX, 100
PARM, FENCE_RADIUS, 300
PARM, FENCE_MARGIN, 2
PARM, GPSGLITCH_ENABLE, 1
PARM, GPSGLITCH_RADIUS, 200
PARM, GPSGLITCH_ACCEL, 1000
PARM, BAROGLTCH_ENABLE, 1
PARM, BAROGLTCH_DIST, 500
PARM, BAROGLTCH_ACCEL, 1500
PARM, MOT_TCRV_ENABLE, 1
PARM, MOT_TCRV_MIDPCT, 52
PARM, MOT_TCRV_MAXPCT, 93
PARM, MOT_SPIN_ARMED, 70
PARM, RCMAP_ROLL, 1
PARM, RCMAP_PITCH, 2
PARM, RCMAP_THROTTLE, 3
PARM, RCMAP_YAW, 4
PARM, MIS_TOTAL, 0
PARM, MIS_RESTART, 0
PARM, RNGFND_TYPE, 0
PARM, RNGFND_PIN, -1
PARM, RNGFND_SCALING, 3
PARM, RNGFND_OFFSET, 0
PARM, RNGFND_FUNCTION, 0
PARM, RNGFND_MIN_CM, 20
PARM, RNGFND_MAX_CM, 700
PARM, RNGFND_STOP_PIN, -1
PARM, RNGFND_SETTLE_MS, 0
PARM, RNGFND_RMETRIC, 1
MSG, ArduCopter V3.2.1 (36b405fb)
MSG, Frame: QUAD
MODE, Stabilize, 450
ATT, 55260, 0, -1.53, 0, -0.02, 267.44, 267.44, 0, 0
RCIN, 55260, 900, 900, 900, 900, 900, 900, 900, 900, 0, 0, 0, 0, 0, 0
GPS, 1, 0, 0, 0, 99.99, 0, 0, 0.2, -17, 0, 0, 0, 55265
CTUN, 55347, 0, 0, 0, 0, 0.2, 0.27, 0, 0, 0, -1
ATT, 55357, 0, -1.54, 0, -0.02, 267.44, 267.44, 0, 0
RCIN, 55357, 900, 900, 900, 900, 900, 900, 900, 900, 0, 0, 0, 0, 0, 0
CTUN, 55448, 0, 0, 0, 0, 0.21, 0.41, 0, 0, 0, -1
ATT, 55457, 0, -1.54, 0, -0.02, 267.45, 267.45, 0, 0
RCIN, 55457, 900, 900, 900, 900, 900, 900, 900, 900, 0, 0, 0, 0, 0, 0
GPS, 1, 0, 0, 0, 99.99, 0, 0, 0.21, -17, 0, 0, 0, 55487
CTUN, 55548, 0, 0, 0, 0, 0.22, 0.07, 0, 0, 0, 0
DU32, 7, 991448
CURR, 55548, 0, 0, 0, 0, 5028, 0
PM, 38, 1000, 733578, 11, 0, 0, 0
ATT, 55558, 0, -1.54, 0, -0.02, 267.44, 267.44, 0, 0
RCIN, 55558, 900, 900, 900, 900, 900, 900, 900, 900, 0, 0, 0, 0, 0, 0
CTUN, 55649, 0, 0, 0, 0, 0.21, 0.18, 0, 0, 0, 0
ATT, 55657, 0, -1.54, 0, -0.02, 267.44, 267.44, 0, 0
RCIN, 55658, 900, 900, 900, 900, 900, 900, 900, 900, 0, 0, 0, 0, 0, 0
GPS, 1, 0, 0, 0, 99.99, 0, 0, 0.21, -17, 0, 0, 0, 55686
CTUN, 55748, 0, 0, 0, 0, 0.2, 0.26, 0, 0, 0, 0
ATT, 55757, 0, -1.54, 0, -0.02, 267.44, 267.44, 0, 0
RCIN, 55757, 900, 900, 900, 900, 900, 900, 900, 900, 0, 0, 0, 0, 0, 0
CTUN, 55848, 0, 0, 0, 0, 0.21, 0.34, 0, 0, 0, 0
ATT, 55857, 0, -1.54, 0, -0.02, 267.44, 267.44, 0, 0
RCIN, 55857, 900, 900, 900, 900, 900, 900, 900, 900, 0, 0, 0, 0, 0, 0
GPS, 1, 0, 0, 0, 99.99, 0, 0, 0.21, -17, 0, 0, 0, 55887
CTUN, 55948, 0, 0, 0, 0, 0.21, 0.18, 0, 0, 0, 0
ATT, 55957, 0, -1.54, 0, -0.02, 267.44, 267.44, 0, 0
RCIN, 55957, 900, 900, 900, 900, 900, 900, 900, 900, 0, 0, 0, 0, 0, 0
CTUN, 56048, 0, 0, 0, 0, 0.21, 0.16, 0, 0, 0, 0
ATT, 56058, 0, -1.54, 0, -0.03, 267.44, 267.44, 0, 0
RCIN, 56058, 900, 900, 900, 900, 900, 900, 900, 900, 0, 0, 0, 0, 0, 0
GPS, 1, 0, 0, 0, 99.99, 0, 0, 0.21, -17, 0, 0, 0, 56088
CTUN, 56148, 0, 0, 0, 0, 0.21, 0.18, 0, 0, 0, -1
ATT, 56157, 0, -1.54, 0, -0.03, 267.44, 267.44, 0, 0
RCIN, 56158, 900, 900, 900, 900, 900, 900, 900, 900, 0, 0, 0, 0, 0, 0
CTUN, 56248, 0, 0, 0, 0, 0.2, 0.29, 0, 0, 0, -1
ATT, 56257, 0, -1.54, 0, -0.03, 267.44, 267.44, 0, 0
RCIN, 56257, 900, 900, 900, 900, 900, 900, 900, 900, 0, 0, 0, 0, 0, 0
GPS, 1, 0, 0, 0, 99.99, 0, 0, 0.21, -17, 0, 0, 0, 56286
CTUN, 56347, 0, 0, 0, 0, 0.21, 0.2, 0, 0, 0, -1
ATT, 56357, 0, -1.53, 0, -0.03, 267.44, 267.44, 0, 0
RCIN, 56357, 900, 900, 900, 900, 900, 900, 900, 900, 0, 0, 0, 0, 0, 0
CTUN, 56448, 0, 0, 0, 0, 0.21, 0.17, 0, 0, 0, -1
ATT, 56457, 0, -1.53, 0, -0.03, 267.44, 267.44, 0, 0
RCIN, 56457, 900, 900, 900, 900, 900, 900, 900, 900, 0, 0, 0, 0, 0, 0
GPS, 1, 0, 0, 0, 99.99, 0, 0, 0.21, -17, 0, 0, 0, 56487
CTUN, 56547, 0, 0, 0, 0, 0.2, 0.12, 0, 0, 0, -1
DU32, 7, 991448
CURR, 56548, 0, 0, 0, 0, 5051, 0
ATT, 56557, 0, -1.54, 0, -0.03, 267.44, 267.44, 0, 0
RCIN, 56557, 900, 900, 900, 900, 900, 900, 900, 900, 0, 0, 0, 0, 0, 0
CTUN, 56648, 0, 0, 0, 0, 0.2, 0.33, 0, 0, 0, -1
ATT, 56658, 0, -1.54, 0, -0.03, 267.44, 267.44, 0, 0
RCIN, 56658, 900, 900, 900, 900, 900, 900, 900, 900, 0, 0, 0, 0, 0, 0
GPS, 1, 0, 0, 0, 99.99, 0, 0, 0.2, -17, 0, 0, 0, 56687
CTUN, 56747, 0, 0, 0, 0, 0.2, 0.2, 0, 0, 0, 0
ATT, 56757, 0, -1.53, 0, -0.03, 267.44, 267.44, 0, 0
RCIN, 56757, 900, 900, 900, 900, 900, 900, 900, 900, 0, 0, 0, 0, 0, 0
CTUN, 56848, 0, 0, 0, 0, 0.2, 0.33, 0, 0, 0, -1
ATT, 56857, 0, -1.53, 0, -0.04, 267.45, 267.45, 0, 0
RCIN, 56857, 900, 900, 900, 900, 900, 900, 900, 900, 0, 0, 0, 0, 0, 0
GPS, 1, 0, 0, 0, 99.99, 0, 0, 0.21, -17, 0, 0, 0, 56887
CTUN, 56947, 0, 0, 0, 0, 0.21, 0.29, 0, 0, 0, 0
ATT, 56957, 0, -1.53, 0, -0.04, 267.44, 267.44, 0, 0
RCIN, 56957, 900, 900, 900, 900, 900, 900, 900, 900, 0, 0, 0, 0, 0, 0
CTUN, 57048, 0, 0, 0, 0, 0.21, 0.39, 0, 0, 0, 0
ATT, 57057, 0, -1.53, 0, -0.04, 267.44, 267.44, 0, 0
RCIN, 57057, 900, 900, 900, 900, 900, 900, 900, 900, 0, 0, 0, 0, 0, 0
GPS, 1, 0, 0, 0, 99.99, 0, 0, 0.22, -17, 0, 0, 0, 57087
CTUN, 57147, 0, 0, 0, 0, 0.22, 0.04, 0, 0, 0, 0
ATT, 57157, 0, -1.53, 0, -0.04, 267.44, 267.44, 0, 0
RCIN, 57157, 900, 900, 900, 900, 900, 900, 900, 900, 0, 0, 0, 0, 0, 0
CTUN, 57248, 0, 0, 0, 0, 0.21, 0.3, 0, 0, 0, 0
ATT, 57257, 0, -1.53, 0, -0.04, 267.44, 267.44, 0, 0
RCIN, 57258, 900, 900, 900, 900, 900, 900, 900, 900, 0, 0, 0, 0, 0, 0
GPS, 1, 0, 0, 0, 99.99, 0, 0, 0.21, -17, 0, 0, 0, 57287
CTUN, 57348, 0, 0, 0, 0, 0.22, 0.24, 0, 0, 0, 0
ATT, 57357, 0, -1.53, 0, -0.04, 267.44, 267.44, 0, 0
RCIN, 57357, 900, 900, 900, 900, 900, 900, 900, 900, 0, 0, 0, 0, 0, 0
CTUN, 57448, 0, 0, 0, 0, 0.22, 0.17, 0, 0, 0, 0
ATT, 57457, 0, -1.53, 0, -0.03, 267.44, 267.44, 0, 0
RCIN, 57457, 900, 900, 900, 900, 900, 900, 900, 900, 0, 0, 0, 0, 0, 0
GPS, 1, 0, 0, 0, 99.99, 0, 0, 0.21, -17, 0, 0, 0, 57487
CTUN, 57547, 0, 0, 0, 0, 0.21, 0.4, 0, 0, 0, 0
DU32, 7, 991448
CURR, 57548, 0, 0, 0, 0, 5028, 0
ATT, 57557, 0, -1.54, 0, -0.03, 267.44, 267.44, 0, 0
RCIN, 57557, 900, 900, 900, 900, 900, 900, 900, 900, 0, 0, 0, 0, 0, 0
CTUN, 57648, 0, 0, 0, 0, 0.22, 0.41, 0, 0, 0, 0
ATT, 57657, 0, -1.54, 0, -0.03, 267.44, 267.44, 0, 0
RCIN, 57657, 900, 900, 900, 900, 900, 900, 900, 900, 0, 0, 0, 0, 0, 0
GPS, 1, 0, 0, 0, 99.99, 0, 0, 0.23, -17, 0, 0, 0, 57687
CTUN, 57747, 0, 0, 0, 0, 0.23, 0.38, 0, 0, 0, 0
ATT, 57757, 0, -1.54, 0, -0.03, 267.44, 267.44, 0, 0
RCIN, 57757, 900, 900, 900, 900, 900, 900, 900, 900, 0, 0, 0, 0, 0, 0
CTUN, 57848, 0, 0, 0, 0, 0.24, 0.1, 0, 0, 0, 0
ATT, 57857, 0, -1.54, 0, -0.03, 267.44, 267.44, 0, 0
RCIN, 57857, 900, 900, 900, 900, 900, 900, 900, 900, 0, 0, 0, 0, 0, 0
GPS, 1, 0, 0, 0, 99.99, 0, 0, 0.24, -17, 0, 0, 0, 57886
CTUN, 57948, 0, 0, 0, 0, 0.23, 0.06, 0, 0, 0, 0
ATT, 57957, 0, -1.54, 0, -0.03, 267.44, 267.44, 0, 0
RCIN, 57957, 900, 900, 900, 900, 900, 900, 900, 900, 0, 0, 0, 0, 0, 0
CTUN, 58048, 0, 0, 0, 0, 0.22, 0.17, 0, 0, 0, 0
ATT, 58058, 0, -1.54, 0, -0.03, 267.44, 267.44, 0, 0
RCIN, 58058, 900, 900, 900, 900, 900, 900, 900, 900, 0, 0, 0, 0, 0, 0
GPS, 1, 0, 0, 0, 99.99, 0, 0, 0.22, -17, 0, 0, 0, 58087
CTUN, 58148, 0, 0, 0, 0, 0.22, 0.35, 0, 0, 0, 0
ATT, 58157, 0, -1.54, 0, -0.03, 267.44, 267.44, 0, 0
RCIN, 58158, 900, 900, 900, 900, 900, 900, 900, 900, 0, 0, 0, 0, 0, 0
CTUN, 58248, 0, 0, 0, 0, 0.23, 0.4, 0, 0, 0, 0
ATT, 58258, 0, -1.54, 0, -0.03, 267.44, 267.44, 0, 0
RCIN, 58258, 900, 900, 900, 900, 900, 900, 900, 900, 0, 0, 0, 0, 0, 0
GPS, 1, 0, 0, 0, 99.99, 0, 0, 0.23, -17, 0, 0, 0, 58287
CTUN, 58348, 0, 0, 0, 0, 0.24, 0.18, 0, 0, 0, 0
ATT, 58357, 0, -1.54, 0, -0.03, 267.44, 267.44, 0, 0
RCIN, 58358, 900, 900, 900, 900, 900, 900, 900, 900, 0, 0, 0, 0, 0, 0
CTUN, 58448, 0, 0, 0, 0, 0.23, 0.32, 0, 0, 0, 0
ATT, 58457, 0, -1.54, 0, -0.03, 267.44, 267.44, 0, 0
RCIN, 58457, 900, 900, 900, 900, 900, 900, 900, 900, 0, 0, 0, 0, 0, 0
GPS, 1, 0, 0, 0, 99.99, 0, 0, 0.24, -17, 0, 0, 0, 58487
CTUN, 58549, 0, 0, 0, 0, 0.24, 0.25, 0, 0, 0, 0
DU32, 7, 991448
CURR, 58549, 0, 0, 0, 0, 5028, 0
ATT, 58557, 0, -1.54, 0, -0.03, 267.44, 267.44, 0, 0
RCIN, 58557, 900, 900, 900, 900, 900, 900, 900, 900, 0, 0, 0, 0, 0, 0
CTUN, 58648, 0, 0, 0, 0, 0.24, 0.25, 0, 0, 0, 0
ATT, 58657, 0, -1.54, 0, -0.03, 267.45, 267.45, 0, 0
RCIN, 58658, 900, 900, 900, 900, 900, 900, 900, 900, 0, 0, 0, 0, 0, 0
GPS, 1, 0, 0, 0, 99.99, 0, 0, 0.24, -17, 0, 0, 0, 58687
CTUN, 58747, 0, 0, 0, 0, 0.24, 0.25, 0, 0, 0, 0
ATT, 58758, 0, -1.54, 0, -0.03, 267.45, 267.45, 0, 0
RCIN, 58758, 900, 900, 900, 900, 900, 900, 900, 900, 0, 0, 0, 0, 0, 0
CTUN, 58848, 0, 0, 0, 0, 0.24, 0.23, 0, 0, 0, 0
ATT, 58857, 0, -1.54, 0, -0.03, 267.45, 267.45, 0, 0
RCIN, 58857, 900, 900, 900, 900, 900, 900, 900, 900, 0, 0, 0, 0, 0, 0
GPS, 1, 0, 0, 0, 99.99, 0, 0, 0.24, -17, 0, 0, 0, 58886
CTUN, 58948, 0, 0, 0, 0, 0.24, 0.4, 0, 0, 0, 0
ATT, 58959, 0, -1.53, 0, -0.02, 267.45, 267.45, 0, 0
RCIN, 58960, 900, 900, 900, 900, 900, 900, 900, 900, 0, 0, 0, 0, 0, 0
CTUN, 59048, 0, 0, 0, 0, 0.25, 0.19, 0, 0, 0, 0
ATT, 59057, 0, -1.53, 0, -0.02, 267.45, 267.45, 0, 0
RCIN, 59057, 900, 900, 900, 900, 900, 900, 900, 900, 0, 0, 0, 0, 0, 0
GPS, 1, 0, 0, 0, 99.99, 0, 0, 0.25, -17, 0, 0, 0, 59087
CTUN, 59147, 0, 0, 0, 0, 0.25, -0.06, 0, 0, 0, 0
ATT, 59157, 0, -1.53, 0, -0.02, 267.45, 267.45, 0, 0
RCIN, 59157, 900, 900, 900, 900, 900, 900, 900, 900, 0, 0, 0, 0, 0, 0
CTUN, 59248, 0, 0, 0, 0, 0.23, 0.19, 0, 0, 0, 0
ATT, 59257, 0, -1.53, 0, -0.02, 267.45, 267.45, 0, 0
RCIN, 59257, 900, 900, 900, 900, 900, 900, 900, 900, 0, 0, 0, 0, 0, 0
GPS, 1, 0, 0, 0, 99.99, 0, 0, 0.23, -17, 0, 0, 0, 59287
CTUN, 59348, 0, 0, 0, 0, 0.22, 0, 0, 0, 0, 0
ATT, 59357, 0, -1.53, 0, -0.02, 267.45, 267.45, 0, 0
RCIN, 59358, 900, 900, 900, 900, 900, 900, 900, 900, 0, 0, 0, 0, 0, 0
CTUN, 60249, 0, 0, 0, 0, 0.21, 0.21, 0, 0, 0, 0
ATT, 60259, 0, -1.54, 0, -0.03, 267.44, 267.44, 0, 0
RCIN, 60259, 900, 900, 900, 900, 900, 900, 900, 900, 0, 0, 0, 0, 0, 0
GPS, 1, 0, 0, 0, 99.99, 0, 0, 0.21, -17, 0, 0, 0, 60287
CTUN, 60348, 0, 0, 0, 0, 0.21, 0.39, 0, 0, 0, 0
ATT, 60357, 0, -1.53, 0, -0.04, 267.44, 267.44, 0, 0
RCIN, 60358, 900, 900, 900, 900, 900, 900, 900, 900, 0, 0, 0, 0, 0, 0
CTUN, 60449, 0, 0, 0, 0, 0.22, 0.23, 0, 0, 0, 0
ATT, 60458, 0, -1.54, 0, -0.04, 267.44, 267.44, 0, 0
RCIN, 60458, 900, 900, 900, 900, 900, 900, 900, 900, 0, 0, 0, 0, 0, 0
GPS, 1, 0, 0, 0, 99.99, 0, 0, 0.22, -17, 0, 0, 0, 60487
CTUN, 60548, 0, 0, 0, 0, 0.22, 0.17, 0, 0, 0, 0
ATT, 60557, 0, -1.54, 0, -0.04, 267.44, 267.44, 0, 0
RCIN, 60558, 900, 900, 900, 900, 900, 900, 900, 900, 0, 0, 0, 0, 0, 0
CTUN, 60649, 0, 0, 0, 0, 0.22, 0.28, 0, 0, 0, 0
ATT, 60658, 0, -1.54, 0, -0.04, 267.44, 267.44, 0, 0
RCIN, 60659, 900, 900, 900, 900, 900, 900, 900, 900, 0, 0, 0, 0, 0, 0
GPS, 1, 0, 0, 0, 99.99, 0, 0, 0.22, -17, 0, 0, 0, 60687
CTUN, 60748, 0, 0, 0, 0, 0.22, 0.12, 0, 0, 0, 0
ATT, 60757, 0, -1.53, 0, -0.04, 267.44, 267.44, 0, 0
RCIN, 60758, 900, 900, 900, 900, 900, 900, 900, 900, 0, 0, 0, 0, 0, 0
CTUN, 60850, 0, 0, 0, 0, 0.21, 0.29, 0, 0, 0, 0
ATT, 60863, 0, -1.54, 0, -0.03, 267.45, 267.45, 0, 0
RCIN, 60864, 900, 900, 900, 900, 900, 900, 900, 900, 0, 0, 0, 0, 0, 0
GPS, 1, 0, 0, 0, 99.99, 0, 0, 0.22, -17, 0, 0, 0, 60892
CTUN, 60953, 0, 0, 0, 0, 0.22, 0.25, 0, 0, 0, 0
DU32, 7, 991448
CURR, 60954, 0, 0, 0, 0, 5028, 0
ATT, 60963, 0, -1.53, 0, -0.03, 267.45, 267.45, 0, 0
RCIN, 60963, 900, 900, 900, 900, 900, 900, 900, 900, 0, 0, 0, 0, 0, 0
CTUN, 61054, 0, 0, 0, 0, 0.22, 0.45, 0, 0, 0, 0
ATT, 61063, 0, -1.53, 0, -0.03, 267.45, 267.45, 0, 0
RCIN, 61064, 900, 900, 900, 900, 900, 900, 900, 900, 0, 0, 0, 0, 0, 0
GPS, 1, 0, 0, 0, 99.99, 0, 0, 0.23, -17, 0, 0, 0, 61092
CTUN, 61153, 0, 0, 0, 0, 0.23, 0.23, 0, 0, 0, 0
ATT, 61163, 0, -1.53, 0, -0.03, 267.44, 267.44, 0, 0
RCIN, 61163, 900, 900, 900, 900, 900, 900, 900, 900, 0, 0, 0, 0, 0, 0
CTUN, 61254, 0, 0, 0, 0, 0.23, 0.22, 0, 0, 0, 0
ATT, 61263, 0, -1.53, 0, -0.03, 267.44, 267.44, 0, 0
RCIN, 61263, 900, 900, 900, 900, 900, 900, 900, 900, 0, 0, 0, 0, 0, 0
GPS, 1, 0, 0, 0, 99.99, 0, 0, 0.23, -17, 0, 0, 0, 61292
CTUN, 61353, 0, 0, 0, 0, 0.23, 0.22, 0, 0, 0, 0
ATT, 61363, 0, -1.53, 0, -0.03, 267.45, 267.45, 0, 0
RCIN, 61363, 900, 900, 900, 900, 900, 900, 900, 900, 0, 0, 0, 0, 0, 0
CTUN, 61454, 0, 0, 0, 0, 0.23, 0.45, 0, 0, 0, 0
ATT, 61463, 0, -1.54, 0, -0.03, 267.45, 267.45, 0, 0
RCIN, 61463, 900, 900, 900, 900, 900, 900, 900, 900, 0, 0, 0, 0, 0, 0
GPS, 1, 0, 0, 0, 99.99, 0, 0, 0.24, -17, 0, 0, 0, 61492
CTUN, 61553, 0, 0, 0, 0, 0.24, 0.32, 0, 0, 0, 0
ATT, 61563, 0, -1.54, 0, -0.03, 267.45, 267.45, 0, 0
RCIN, 61563, 900, 900, 900, 900, 900, 900, 900, 900, 0, 0, 0, 0, 0, 0
CTUN, 61654, 0, 0, 0, 0, 0.25, 0.23, 0, 0, 0, 0
ATT, 61663, 0, -1.54, 0, -0.02, 267.45, 267.45, 0, 0
RCIN, 61663, 900, 900, 900, 900, 900, 900, 900, 900, 0, 0, 0, 0, 0, 0
GPS, 1, 0, 0, 0, 99.99, 0, 0, 0.25, -17, 0, 0, 0, 61693
CTUN, 61753, 0, 0, 0, 0, 0.25, 0.19, 0, 0, 0, 0
ATT, 61763, 0, -1.54, 0, -0.02, 267.44, 267.44, 0, 0
RCIN, 61763, 900, 900, 900, 900, 900, 900, 900, 900, 0, 0, 0, 0, 0, 0
CTUN, 61854, 0, 0, 0, 0, 0.24, 0.24, 0, 0, 0, 0
ATT, 61864, 0, -1.54, 0, -0.02, 267.44, 267.44, 0, 0
RCIN, 61864, 900, 900, 900, 900, 900, 900, 900, 900, 0, 0, 0, 0, 0, 0
GPS, 1, 0, 0, 0, 99.99, 0, 0, 0.24, -17, 0, 0, 0, 61893
CTUN, 61953, 0, 0, 0, 0, 0.24, 0.3, 0, 0, 0, 0
DU32, 7, 991448
CURR, 61954, 0, 0, 0, 0, 5006, -6.583518E-26
FMT, 129, 23, PARM, Nf, Name,Value
