FMT, 128, 89, FMT, BBnNZ, Type,Length,Name,Format,Columns
FMT, 129, 23, PARM, Nf, Name,Value
FMT, 130, 45, GPS, BIHBcLLeeEefI, Status,TimeMS,Week,NSats,HDop,Lat,Lng,RelAlt,Alt,Spd,GCrs,VZ,T
FMT, 131, 31, IMU, Iffffff, TimeMS,GyrX,GyrY,GyrZ,AccX,AccY,AccZ
FMT, 132, 67, MSG, Z, Message
FMT, 133, 35, RCIN, Ihhhhhhhhhhhhhh, TimeMS,C1,C2,C3,C4,C5,C6,C7,C8,C9,C10,C11,C12,C13,C14
FMT, 134, 23, RCOU, Ihhhhhhhh, TimeMS,Chan1,Chan2,Chan3,Chan4,Chan5,Chan6,Chan7,Chan8
FMT, 136, 21, BARO, Iffcf, TimeMS,Alt,Press,Temp,CRt
FMT, 137, 13, POWR, ICCH, TimeMS,Vcc,VServo,Flags
FMT, 145, 41, CMD, IHHHfffffff, TimeMS,CTot,CNum,CId,Prm1,Prm2,Prm3,Prm4,Lat,Lng,Alt
FMT, 146, 16, RAD, IBBBBBHH, TimeMS,RSSI,RemRSSI,TxBuf,Noise,RemNoise,RxErrors,Fixed
FMT, 148, 31, CAM, IHLLeeccC, GPSTime,GPSWeek,Lat,Lng,Alt,RelAlt,Roll,Pitch,Yaw
FMT, 25, 25, ATUN, BBfffff, Axis,TuneStep,RateMin,RateMax,RPGain,RDGain,SPGain
FMT, 26, 9, ATDE, cf, Angle,Rate
FMT, 9, 23, CURR, IhIhhhf, TimeMS,ThrOut,ThrInt,Volt,Curr,Vcc,CurrTot
FMT, 12, 20, OF, hhBccee, Dx,Dy,SQual,X,Y,Roll,Pitch
FMT, 5, 47, NTUN, Iffffffffff, TimeMS,DPosX,DPosY,PosX,PosY,DVelX,DVelY,VelX,VelY,DAccX,DAccY
FMT, 4, 33, CTUN, Ihhhffecchh, TimeMS,ThrIn,AngBst,ThrOut,DAlt,Alt,BarAlt,DSAlt,SAlt,DCRt,CRt
FMT, 15, 25, MAG, Ihhhhhhhhh, TimeMS,MagX,MagY,MagZ,OfsX,OfsY,OfsZ,MOfsX,MOfsY,MOfsZ
FMT, 6, 17, PM, HHIhBHB, NLon,NLoop,MaxT,PMT,I2CErr,INSErr,INAVErr
FMT, 1, 23, ATT, IccccCCCC, TimeMS,DesRoll,Roll,DesPitch,Pitch,DesYaw,Yaw,ErrRP,ErrYaw
FMT, 3, 6, MODE, Mh, Mode,ThrCrs
FMT, 10, 3, STRT, , 
FMT, 13, 4, EV, B, Id
FMT, 20, 6, D16, Bh, Id,Value
FMT, 21, 6, DU16, BH, Id,Value
FMT, 22, 8, D32, Bi, Id,Value
FMT, 23, 8, DU32, BI, Id,Value
FMT, 24, 8, DFLT, Bf, Id,Value
FMT, 19, 5, ERR, BB, Subsys,ECode
PARM, SYSID_SW_MREV, 120
PARM, SYSID_SW_TYPE, 10
PARM, SYSID_THISMAV, 1
PARM, SYSID_MYGCS, 255
PARM, SERIAL0_BAUD, 115
PARM, SERIAL1_BAUD, 57
PARM, TELEM_DELAY, 0
PARM, RTL_ALT, 1500
PARM, RNGFND_GAIN, 0.8
PARM, FS_BATT_ENABLE, 0
PARM, FS_BATT_VOLTAGE, 10.5
PARM, FS_BATT_MAH, 0
PARM, FS_GPS_ENABLE, 1
PARM, FS_GCS_ENABLE, 1
PARM, GPS_HDOP_GOOD, 230
PARM, MAG_ENABLE, 1
PARM, FLOW_ENABLE, 0
PARM, SUPER_SIMPLE, 0
PARM, RTL_ALT_FINAL, 0
PARM, RSSI_PIN, -1
PARM, RSSI_RANGE, 5
PARM, WP_YAW_BEHAVIOR, 2
PARM, RTL_LOIT_TIME, 5000
PARM, LAND_SPEED, 50
PARM, PILOT_VELZ_MAX, 250
PARM, PILOT_ACCEL_Z, 250
PARM, THR_MIN, 130
PARM, THR_MAX, 1000
PARM, FS_THR_ENABLE, 0
PARM, FS_THR_VALUE, 975
PARM, TRIM_THROTTLE, 450
PARM, THR_MID, 500
PARM, THR_DZ, 100
PARM, FLTMODE1, 0
PARM, FLTMODE2, 0
PARM, FLTMODE3, 0
PARM, FLTMODE4, 0
PARM, FLTMODE5, 0
PARM, FLTMODE6, 0
PARM, SIMPLE, 0
PARM, LOG_BITMASK, 894
PARM, ESC, 0
PARM, TUNE, 0
PARM, TUNE_LOW, 0
PARM, TUNE_HIGH, 1000
PARM, FRAME, 1
PARM, CH7_OPT, 0
PARM, CH8_OPT, 0
PARM, ARMING_CHECK, 0
PARM, ANGLE_MAX, 4500
PARM, RC_FEEL_RP, 100
PARM, PHLD_BRAKE_RATE, 8
PARM, PHLD_BRAKE_ANGLE, 3000
PARM, LAND_REPOSITION, 1
PARM, EKF_CHECK_THRESH, 0.8
PARM, DCM_CHECK_THRESH, 0.8
PARM, RC1_MIN, 1100
PARM, RC1_TRIM, 900
PARM, RC1_MAX, 1900
PARM, RC1_REV, 1
PARM, RC1_DZ, 30
PARM, RC2_MIN, 1100
PARM, RC2_TRIM, 900
PARM, RC2_MAX, 1900
PARM, RC2_REV, 1
PARM, RC2_DZ, 30
PARM, RC3_MIN, 1100
PARM, RC3_TRIM, 900
PARM, RC3_MAX, 1900
PARM, RC3_REV, 1
PARM, RC3_DZ, 30
PARM, RC4_MIN, 1100
PARM, RC4_TRIM, 900
PARM, RC4_MAX, 1900
PARM, RC4_REV, 1
PARM, RC4_DZ, 40
PARM, RC5_MIN, 1100
PARM, RC5_TRIM, 900
PARM, RC5_MAX, 1900
PARM, RC5_REV, 1
PARM, RC5_DZ, 0
PARM, RC5_FUNCTION, 0
PARM, RC6_MIN, 1100
PARM, RC6_TRIM, 900
PARM, RC6_MAX, 1900
PARM, RC6_REV, 1
PARM, RC6_DZ, 0
PARM, RC6_FUNCTION, 0
PARM, RC7_MIN, 1100
PARM, RC7_TRIM, 900
PARM, RC7_MAX, 1900
PARM, RC7_REV, 1
PARM, RC7_DZ, 0
PARM, RC7_FUNCTION, 0
PARM, RC8_MIN, 1100
PARM, RC8_TRIM, 900
PARM, RC8_MAX, 1900
PARM, RC8_REV, 1
PARM, RC8_DZ, 0
PARM, RC8_FUNCTION, 0
PARM, RC10_MIN, 1100
PARM, RC10_TRIM, 0
PARM, RC10_MAX, 1900
PARM, RC10_REV, 1
PARM, RC10_DZ, 0
PARM, RC10_FUNCTION, 0
PARM, RC11_MIN, 1100
PARM, RC11_TRIM, 0
PARM, RC11_MAX, 1900
PARM, RC11_REV, 1
PARM, RC11_DZ, 0
PARM, RC11_FUNCTION, 0
PARM, RC_SPEED, 490
PARM, ACRO_RP_P, 4.5
PARM, ACRO_YAW_P, 4.5
PARM, ACRO_BAL_ROLL, 1
PARM, ACRO_BAL_PITCH, 1
PARM, ACRO_TRAINER, 2
PARM, ACRO_EXPO, 0.3
PARM, RATE_RLL_P, 0.15
PARM, RATE_RLL_I, 0.1
PARM, RATE_RLL_D, 0.004
PARM, RATE_RLL_IMAX, 1000
PARM, RATE_PIT_P, 0.15
PARM, RATE_PIT_I, 0.1
PARM, RATE_PIT_D, 0.004
PARM, RATE_PIT_IMAX, 1000
PARM, RATE_YAW_P, 0.2
PARM, RATE_YAW_I, 0.02
PARM, RATE_YAW_D, 0
PARM, RATE_YAW_IMAX, 1000
PARM, LOITER_LAT_P, 1
PARM, LOITER_LAT_I, 0.5
PARM, LOITER_LAT_D, 0
PARM, LOITER_LAT_IMAX, 1000
PARM, LOITER_LON_P, 1
PARM, LOITER_LON_I, 0.5
PARM, LOITER_LON_D, 0
PARM, LOITER_LON_IMAX, 1000
PARM, THR_RATE_P, 5
PARM, THR_ACCEL_P, 0.5
PARM, THR_ACCEL_I, 1
PARM, THR_ACCEL_D, 0
PARM, THR_ACCEL_IMAX, 800
PARM, OF_RLL_P, 2.5
PARM, OF_RLL_I, 0.5
PARM, OF_RLL_D, 0.12
PARM, OF_RLL_IMAX, 100
PARM, OF_PIT_P, 2.5
PARM, OF_PIT_I, 0.5
PARM, OF_PIT_D, 0.12
PARM, OF_PIT_IMAX, 100
PARM, STB_RLL_P, 4.5
PARM, STB_PIT_P, 4.5
PARM, STB_YAW_P, 4.5
PARM, THR_ALT_P, 1
PARM, HLD_LAT_P, 1
PARM, CAM_TRIGG_TYPE, 0
PARM, CAM_DURATION, 10
PARM, CAM_SERVO_ON, 1300
PARM, CAM_SERVO_OFF, 1100
PARM, CAM_TRIGG_DIST, 0
PARM, RELAY_PIN, 13
PARM, RELAY_PIN2, -1
PARM, COMPASS_OFS_X, 67
PARM, COMPASS_OFS_Y, 130
PARM, COMPASS_OFS_Z, 43
PARM, COMPASS_DEC, 0
PARM, COMPASS_LEARN, 0
PARM, COMPASS_USE, 1
PARM, COMPASS_AUTODEC, 1
PARM, COMPASS_MOTCT, 0
PARM, COMPASS_MOT_X, 0
PARM, COMPASS_MOT_Y, 0
PARM, COMPASS_MOT_Z, 0
PARM, COMPASS_ORIENT, 0
PARM, COMPASS_EXTERNAL, 0
PARM, INS_PRODUCT_ID, 0
PARM, INS_ACCSCAL_X, 0.993845
PARM, INS_ACCSCAL_Y, 0.996743
PARM, INS_ACCSCAL_Z, 0.9828588
PARM, INS_ACCOFFS_X, -0.04287017
PARM, INS_ACCOFFS_Y, 0.2343776
PARM, INS_ACCOFFS_Z, -0.1386581
PARM, INS_GYROFFS_X, 0.003479998
PARM, INS_GYROFFS_Y, -0.02533907
PARM, INS_GYROFFS_Z, 0.009652473
PARM, INS_MPU6K_FILTER, 0
PARM, INAV_TC_XY, 2.5
PARM, INAV_TC_Z, 5
PARM, WPNAV_SPEED, 500
PARM, WPNAV_RADIUS, 200
PARM, WPNAV_SPEED_UP, 250
PARM, WPNAV_SPEED_DN, 150
PARM, WPNAV_LOIT_SPEED, 500
PARM, WPNAV_ACCEL, 100
PARM, WPNAV_ACCEL_Z, 100
PARM, WPNAV_LOIT_JERK, 1000
PARM, CIRCLE_RADIUS, 1000
PARM, CIRCLE_RATE, 20
PARM, ATC_RATE_RP_MAX, 18000
PARM, ATC_RATE_Y_MAX, 9000
PARM, ATC_SLEW_YAW, 1000
PARM, ATC_ACCEL_RP_MAX, 0
PARM, ATC_ACCEL_Y_MAX, 0
PARM, ATC_RATE_FF_ENAB, 0
PARM, POSCON_THR_HOVER, 450
PARM, SR0_RAW_SENS, 2
PARM, SR0_EXT_STAT, 2
PARM, SR0_RC_CHAN, 2
PARM, SR0_RAW_CTRL, 2
PARM, SR0_POSITION, 2
PARM, SR0_EXTRA1, 4
PARM, SR0_EXTRA2, 4
PARM, SR0_EXTRA3, 2
PARM, SR0_PARAMS, 10
PARM, SR1_RAW_SENS, 2
PARM, SR1_EXT_STAT, 2
PARM, SR1_RC_CHAN, 2
PARM, SR1_RAW_CTRL, 2
PARM, SR1_POSITION, 2
PARM, SR1_EXTRA1, 2
PARM, SR1_EXTRA2, 2
PARM, SR1_EXTRA3, 2
PARM, SR1_PARAMS, 0
PARM, AHRS_GPS_GAIN, 1
PARM, AHRS_GPS_USE, 1
PARM, AHRS_YAW_P, 0.1
PARM, AHRS_RP_P, 0.1
PARM, AHRS_WIND_MAX, 0
PARM, AHRS_TRIM_X, 0.003329636
PARM, AHRS_TRIM_Y, 0.006029837
PARM, AHRS_TRIM_Z, 0
PARM, AHRS_ORIENTATION, 0
PARM, AHRS_COMP_BETA, 0.1
PARM, AHRS_GPS_MINSATS, 6
PARM, MNT_MODE, 0
PARM, MNT_RETRACT_X, 0
PARM, MNT_RETRACT_Y, 0
PARM, MNT_RETRACT_Z, 0
PARM, MNT_NEUTRAL_X, 0
PARM, MNT_NEUTRAL_Y, 0
PARM, MNT_NEUTRAL_Z, 0
PARM, MNT_CONTROL_X, 0
PARM, MNT_CONTROL_Y, 0
PARM, MNT_CONTROL_Z, 0
PARM, MNT_STAB_ROLL, 0
PARM, MNT_STAB_TILT, 0
PARM, MNT_STAB_PAN, 0
PARM, MNT_RC_IN_ROLL, 0
PARM, MNT_ANGMIN_ROL, -4500
PARM, MNT_ANGMAX_ROL, 4500
PARM, MNT_RC_IN_TILT, 0
PARM, MNT_ANGMIN_TIL, -4500
PARM, MNT_ANGMAX_TIL, 4500
PARM, MNT_RC_IN_PAN, 0
PARM, MNT_ANGMIN_PAN, -4500
PARM, MNT_ANGMAX_PAN, 4500
PARM, MNT_JSTICK_SPD, 0
PARM, BATT_MONITOR, 0
PARM, BATT_VOLT_PIN, 1
PARM, BATT_CURR_PIN, 2
PARM, BATT_VOLT_MULT, 10.1
PARM, BATT_AMP_PERVOLT, 17
PARM, BATT_AMP_OFFSET, 0
PARM, BATT_CAPACITY, 3300
PARM, BATT_VOLT2_PIN, -1
PARM, BATT_VOLT2_MULT, 1
PARM, GND_ABS_PRESS, 41547.51
PARM, GND_TEMP, 32.13256
PARM, GND_ALT_OFFSET, 0
PARM, GPS_TYPE, 1
PARM, GPS_NAVFILTER, 8
PARM, SCHED_DEBUG, 0
PARM, FENCE_ENABLE, 0
PARM, FENCE_TYPE, 3
PARM, FENCE_ACTION, 1
PARM, FENCE_ALT_MAX, 100
PARM, FENCE_RADIUS, 300
PARM, FENCE_MARGIN, 2
PARM, GPSGLITCH_ENABLE, 1
PARM, GPSGLITCH_RADIUS, 200
PARM, GPSGLITCH_ACCEL, 1000
PARM, BAROGLTCH_ENABLE, 1
PARM, BAROGLTCH_DIST, 500
PARM, BAROGLTCH_ACCEL, 1500
PARM, MOT_TCRV_ENABLE, 1
PARM, MOT_TCRV_MIDPCT, 52
PARM, MOT_TCRV_MAXPCT, 93
PARM, MOT_SPIN_ARMED, 70
PARM, RCMAP_ROLL, 1
PARM, RCMAP_PITCH, 2
PARM, RCMAP_THROTTLE, 3
PARM, RCMAP_YAW, 4
PARM, MIS_TOTAL, 0
PARM, MIS_RESTART, 0
PARM, RNGFND_TYPE, 0
PARM, RNGFND_PIN, -1
PARM, RNGFND_SCALING, 3
PARM, RNGFND_OFFSET, 0
PARM, RNGFND_FUNCTION, 0
PARM, RNGFND_MIN_CM, 20
PARM, RNGFND_MAX_CM, 700
PARM, RNGFND_STOP_PIN, -1
PARM, RNGFND_SETTLE_MS, 0
PARM, RNGFND_RMETRIC, 1
MSG, ArduCopter V3.2.1 (36b405fb)
MSG, Frame: QUAD
MODE, Stabilize, 450
EV, 10
MODE, Stabilize, 450
GPS, 1, 0, 0, 0, 99.99, 0, 0, 0, -17, 0, 0, 0, 90819
CTUN, 90838, 0, 0, 0, 0, 0, 0.08, 0, 0, 0, 0
ATT, 90847, 0, -1.36, 0, -0.01, 267.33, 267.33, 0, 0
RCIN, 90848, 900, 900, 900, 900, 900, 900, 900, 900, 0, 0, 0, 0, 0, 0
CTUN, 90941, 0, 0, 0, 0, -0.02, 0.02, 0, 0, 0, 0
ATT, 90948, 0, -1.36, 0, -0.01, 267.34, 267.34, 0, 0
RCIN, 90949, 900, 900, 900, 900, 900, 900, 900, 900, 0, 0, 0, 0, 0, 0
GPS, 1, 0, 0, 0, 99.99, 0, 0, -0.01, -17, 0, 0, 0, 90957
CTUN, 91038, 0, 0, 0, 0, -0.01, 0.1, 0, 0, 0, 0
ATT, 91048, 0, -1.36, 0, -0.01, 267.33, 267.33, 0, 0
RCIN, 91048, 900, 900, 900, 900, 900, 900, 900, 900, 0, 0, 0, 0, 0, 0
CTUN, 91141, 0, 0, 0, 0, -0.01, 0.4, 0, 0, 0, 0
ATT, 91148, 0, -1.36, 0, -0.01, 267.33, 267.33, 0, 0
RCIN, 91149, 900, 900, 900, 900, 900, 900, 900, 900, 0, 0, 0, 0, 0, 0
GPS, 1, 0, 0, 0, 99.99, 0, 0, 0, -17, 0, 0, 0, 91157
CTUN, 91238, 0, 0, 0, 0, 0.01, -0.01, 0, 0, 0, 0
ATT, 91249, 0, -1.36, 0, -0.01, 267.33, 267.33, 0, 0
RCIN, 91250, 900, 900, 900, 900, 900, 900, 900, 900, 0, 0, 0, 0, 0, 0
CTUN, 91341, 0, 0, 0, 0, 0.01, -0.11, 0, 0, 0, 0
ATT, 91349, 0, -1.36, 0, -0.01, 267.33, 267.33, 0, 0
RCIN, 91349, 900, 900, 900, 900, 900, 900, 900, 900, 0, 0, 0, 0, 0, 0
GPS, 1, 0, 0, 0, 99.99, 0, 0, 0.01, -17, 0, 0, 0, 91357
CTUN, 91438, 0, 0, 0, 0, 0, 0, 0, 0, 0, 0
ATT, 91448, 0, -1.36, 0, -0.01, 267.33, 267.33, 0, 0
RCIN, 91448, 900, 900, 900, 900, 900, 900, 900, 900, 0, 0, 0, 0, 0, 0
CTUN, 91540, 0, 0, 0, 0, 0, 0.1, 0, 0, 0, 0
DU32, 7, 663768
CURR, 91541, 0, 0, 0, 0, 5006, 0
ATT, 91549, 0, -1.36, 0, -0.01, 267.33, 267.33, 0, 0
RCIN, 91550, 900, 900, 900, 900, 900, 900, 900, 900, 0, 0, 0, 0, 0, 0
GPS, 1, 0, 0, 0, 99.99, 0, 0, 0, -17, 0, 0, 0, 91557
CTUN, 91638, 0, 0, 0, 0, 0, 0.04, 0, 0, 0, 0
ATT, 91649, 0, -1.36, 0, -0.02, 267.33, 267.33, 0, 0
RCIN, 91649, 900, 900, 900, 900, 900, 900, 900, 900, 0, 0, 0, 0, 0, 0
CTUN, 91740, 0, 0, 0, 0, 0.01, 0.03, 0, 0, 0, 0
ATT, 91749, 0, -1.36, 0, -0.02, 267.33, 267.33, 0, 0
RCIN, 91750, 900, 900, 900, 900, 900, 900, 900, 900, 0, 0, 0, 0, 0, 0
GPS, 1, 0, 0, 0, 99.99, 0, 0, 0.01, -17, 0, 0, 0, 91757
CTUN, 91838, 0, 0, 0, 0, 0.01, 0.05, 0, 0, 0, 0
ATT, 91849, 0, -1.36, 0, -0.02, 267.33, 267.33, 0, 0
RCIN, 91849, 900, 900, 900, 900, 900, 900, 900, 900, 0, 0, 0, 0, 0, 0
CTUN, 91940, 0, 0, 0, 0, 0.01, -0.1, 0, 0, 0, 0
ATT, 91949, 0, -1.36, 0, -0.02, 267.33, 267.33, 0, 0
RCIN, 91949, 900, 900, 900, 900, 900, 900, 900, 900, 0, 0, 0, 0, 0, 0
GPS, 1, 0, 0, 0, 99.99, 0, 0, 0.01, -17, 0, 0, 0, 91959
CTUN, 92038, 0, 0, 0, 0, 0, 0, 0, 0, 0, 0
ATT, 92048, 0, -1.36, 0, -0.02, 267.33, 267.33, 0, 0
RCIN, 92048, 900, 900, 900, 900, 900, 900, 900, 900, 0, 0, 0, 0, 0, 0
CTUN, 92140, 0, 0, 0, 0, 0, -0.11, 0, 0, 0, 0
ATT, 92148, 0, -1.36, 0, -0.02, 267.33, 267.33, 0, 0
RCIN, 92148, 900, 900, 900, 900, 900, 900, 900, 900, 0, 0, 0, 0, 0, 0
GPS, 1, 0, 0, 0, 99.99, 0, 0, 0, -17, 0, 0, 0, 92157
CTUN, 92238, 0, 0, 0, 0, 0, 0.05, 0, 0, 0, 0
ATT, 92248, 0, -1.36, 0, -0.02, 267.33, 267.33, 0, 0
RCIN, 92248, 900, 900, 900, 900, 900, 900, 900, 900, 0, 0, 0, 0, 0, 0
CTUN, 92340, 0, 0, 0, 0, 0, -0.12, 0, 0, 0, 0
ATT, 92349, 0, -1.36, 0, -0.02, 267.33, 267.33, 0, 0
RCIN, 92349, 900, 900, 900, 900, 900, 900, 900, 900, 0, 0, 0, 0, 0, 0
GPS, 1, 0, 0, 0, 99.99, 0, 0, 0, -17, 0, 0, 0, 92358
CTUN, 92438, 0, 0, 0, 0, 0, 0.11, 0, 0, 0, 0
ATT, 92449, 0, -1.36, 0, -0.02, 267.33, 267.33, 0, 0
RCIN, 92449, 900, 900, 900, 900, 900, 900, 900, 900, 0, 0, 0, 0, 0, 0
CTUN, 92540, 0, 0, 0, 0, 0, 0.07, 0, 0, 0, 0
DU32, 7, 663768
CURR, 92541, 0, 0, 0, 0, 5028, 0
ATT, 92548, 0, -1.35, 0, -0.03, 267.33, 267.33, 0, 0
RCIN, 92548, 900, 900, 900, 900, 900, 900, 900, 900, 0, 0, 0, 0, 0, 0
GPS, 1, 0, 0, 0, 99.99, 0, 0, 0, -17, 0, 0, 0, 92557
CTUN, 92638, 0, 0, 0, 0, 0, 0.12, 0, 0, 0, 0
ATT, 92648, 0, -1.35, 0, -0.02, 267.33, 267.33, 0, 0
RCIN, 92648, 900, 900, 900, 900, 900, 900, 900, 900, 0, 0, 0, 0, 0, 0
CTUN, 92740, 0, 0, 0, 0, 0, 0.15, 0, 0, 0, 0
ATT, 92748, 0, -1.35, 0, -0.02, 267.32, 267.32, 0, 0
RCIN, 92748, 900, 900, 900, 900, 900, 900, 900, 900, 0, 0, 0, 0, 0, 0
GPS, 1, 0, 0, 0, 99.99, 0, 0, 0.01, -17, 0, 0, 0, 92758
CTUN, 92838, 0, 0, 0, 0, 0.01, -0.11, 0, 0, 0, 0
ATT, 92848, 0, -1.35, 0, -0.02, 267.32, 267.32, 0, 0
RCIN, 92848, 900, 900, 900, 900, 900, 900, 900, 900, 0, 0, 0, 0, 0, 0
CTUN, 92941, 0, 0, 0, 0, 0, -0.06, 0, 0, 0, 0
ATT, 92950, 0, -1.35, 0, -0.03, 267.32, 267.32, 0, 0
RCIN, 92950, 900, 900, 900, 900, 900, 900, 900, 900, 0, 0, 0, 0, 0, 0
GPS, 1, 0, 0, 0, 99.99, 0, 0, 0, -17, 0, 0, 0, 92959
CTUN, 93040, 0, 0, 0, 0, 0, 0.06, 0, 0, 0, 0
ATT, 93049, 0, -1.35, 0, -0.03, 267.32, 267.32, 0, 0
RCIN, 93049, 900, 900, 900, 900, 900, 900, 900, 900, 0, 0, 0, 0, 0, 0
CTUN, 93140, 0, 0, 0, 0, 0, 0.11, 0, 0, 0, 0
ATT, 93150, 0, -1.35, 0, -0.03, 267.32, 267.32, 0, 0
RCIN, 93150, 900, 900, 900, 900, 900, 900, 900, 900, 0, 0, 0, 0, 0, 0
GPS, 1, 0, 0, 0, 99.99, 0, 0, 0, -17, 0, 0, 0, 93160
CTUN, 93240, 0, 0, 0, 0, 0.01, 0.08, 0, 0, 0, 0
ATT, 93249, 0, -1.35, 0, -0.02, 267.32, 267.32, 0, 0
RCIN, 93250, 900, 900, 900, 900, 900, 900, 900, 900, 0, 0, 0, 0, 0, 0
CTUN, 93340, 0, 0, 0, 0, 0.01, 0.03, 0, 0, 0, 0
ATT, 93350, 0, -1.35, 0, -0.03, 267.32, 267.32, 0, 0
RCIN, 93350, 900, 900, 900, 900, 900, 900, 900, 900, 0, 0, 0, 0, 0, 0
GPS, 1, 0, 0, 0, 99.99, 0, 0, 0.01, -17, 0, 0, 0, 93358
CTUN, 93440, 0, 0, 0, 0, 0.01, 0.17, 0, 0, 0, 0
ATT, 93450, 0, -1.35, 0, -0.03, 267.32, 267.32, 0, 0
RCIN, 93450, 900, 900, 900, 900, 900, 900, 900, 900, 0, 0, 0, 0, 0, 0
CTUN, 93541, 0, 0, 0, 0, 0.02, 0.07, 0, 0, 0, 0
DU32, 7, 663768
CURR, 93542, 0, 0, 0, 0, 5006, 0
ATT, 93549, 0, -1.35, 0, -0.03, 267.32, 267.32, 0, 0
RCIN, 93550, 900, 900, 900, 900, 900, 900, 900, 900, 0, 0, 0, 0, 0, 0
GPS, 1, 0, 0, 0, 99.99, 0, 0, 0.02, -17, 0, 0, 0, 93558
CTUN, 93638, 0, 0, 0, 0, 0.03, 0, 0, 0, 0, 0
ATT, 93650, 0, -1.35, 0, -0.03, 267.32, 267.32, 0, 0
RCIN, 93650, 900, 900, 900, 900, 900, 900, 900, 900, 0, 0, 0, 0, 0, 0
CTUN, 93741, 0, 0, 0, 0, 0.03, 0.18, 0, 0, 0, 0
ATT, 93749, 0, -1.35, 0, -0.03, 267.32, 267.32, 0, 0
RCIN, 93750, 900, 900, 900, 900, 900, 900, 900, 900, 0, 0, 0, 0, 0, 0
GPS, 1, 0, 0, 0, 99.99, 0, 0, 0.03, -17, 0, 0, 0, 93759
CTUN, 93839, 0, 0, 0, 0, 0.03, 0.12, 0, 0, 0, 0
ATT, 93849, 0, -1.35, 0, -0.03, 267.32, 267.32, 0, 0
RCIN, 93850, 900, 900, 900, 900, 900, 900, 900, 900, 0, 0, 0, 0, 0, 0
CTUN, 93941, 0, 0, 0, 0, 0.04, 0.1, 0, 0, 0, 0
ATT, 93951, 0, -1.35, 0, -0.03, 267.32, 267.32, 0, 0
RCIN, 93951, 900, 900, 900, 900, 900, 900, 900, 900, 0, 0, 0, 0, 0, 0
GPS, 1, 0, 0, 0, 99.99, 0, 0, 0.04, -17, 0, 0, 0, 93959
CTUN, 94040, 0, 0, 0, 0, 0.04, 0.02, 0, 0, 0, 0
ATT, 94049, 0, -1.35, 0, -0.03, 267.32, 267.32, 0, 0
RCIN, 94049, 900, 900, 900, 900, 900, 900, 900, 900, 0, 0, 0, 0, 0, 0
CTUN, 94140, 0, 0, 0, 0, 0.04, 0.18, 0, 0, 0, 0
ATT, 94149, 0, -1.35, 0, -0.03, 267.32, 267.32, 0, 0
RCIN, 94149, 900, 900, 900, 900, 900, 900, 900, 900, 0, 0, 0, 0, 0, 0
GPS, 1, 0, 0, 0, 99.99, 0, 0, 0.05, -17, 0, 0, 0, 94160
CTUN, 94240, 0, 0, 0, 0, 0.05, -0.1, 0, 0, 0, 0
ATT, 94249, 0, -1.35, 0, -0.03, 267.32, 267.32, 0, 0
RCIN, 94250, 900, 900, 900, 900, 900, 900, 900, 900, 0, 0, 0, 0, 0, 0
CTUN, 94340, 0, 0, 0, 0, 0.04, 0.09, 0, 0, 0, 0
ATT, 94349, 0, -1.35, 0, -0.03, 267.32, 267.32, 0, 0
RCIN, 94349, 900, 900, 900, 900, 900, 900, 900, 900, 0, 0, 0, 0, 0, 0
GPS, 1, 0, 0, 0, 99.99, 0, 0, 0.05, -17, 0, 0, 0, 94358
CTUN, 94440, 0, 0, 0, 0, 0.05, -0.05, 0, 0, 0, 0
ATT, 94450, 0, -1.35, 0, -0.03, 267.32, 267.32, 0, 0
RCIN, 94450, 900, 900, 900, 900, 900, 900, 900, 900, 0, 0, 0, 0, 0, 0
CTUN, 94541, 0, 0, 0, 0, 0.04, -0.13, 0, 0, 0, 0
DU32, 7, 663768
CURR, 94541, 0, 0, 0, 0, 5006, 0
ATT, 94549, 0, -1.35, 0, -0.03, 267.32, 267.32, 0, 0
RCIN, 94549, 900, 900, 900, 900, 900, 900, 900, 900, 0, 0, 0, 0, 0, 0
GPS, 1, 0, 0, 0, 99.99, 0, 0, 0.04, -17, 0, 0, 0, 94558
CTUN, 94638, 0, 0, 0, 0, 0.03, 0, 0, 0, 0, 0
ATT, 94649, 0, -1.35, 0, -0.03, 267.32, 267.32, 0, 0
RCIN, 94649, 900, 900, 900, 900, 900, 900, 900, 900, 0, 0, 0, 0, 0, 0
CTUN, 94741, 0, 0, 0, 0, 0.03, 0.1, 0, 0, 0, 0
ATT, 94750, 0, -1.35, 0, -0.03, 267.32, 267.32, 0, 0
RCIN, 94750, 900, 900, 900, 900, 900, 900, 900, 900, 0, 0, 0, 0, 0, 0
GPS, 1, 0, 0, 0, 99.99, 0, 0, 0.03, -17, 0, 0, 0, 94759
CTUN, 94839, 0, 0, 0, 0, 0.04, 0.13, 0, 0, 0, 0
ATT, 94848, 0, -1.35, 0, -0.02, 267.33, 267.33, 0, 0
RCIN, 94849, 900, 900, 900, 900, 900, 900, 900, 900, 0, 0, 0, 0, 0, 0
CTUN, 94941, 0, 0, 0, 0, 0.04, 0.1, 0, 0, 0, 0
ATT, 94950, 0, -1.34, 0, -0.03, 267.33, 267.33, 0, 0
RCIN, 94950, 900, 900, 900, 900, 900, 900, 900, 900, 0, 0, 0, 0, 0, 0
GPS, 1, 0, 0, 0, 99.99, 0, 0, 0.04, -17, 0, 0, 0, 94959
CTUN, 95040, 0, 0, 0, 0, 0.05, 0, 0, 0, 0, 0
ATT, 95050, 0, -1.34, 0, -0.03, 267.33, 267.33, 0, 0
RCIN, 95050, 900, 900, 900, 900, 900, 900, 900, 900, 0, 0, 0, 0, 0, 0
CTUN, 95140, 0, 0, 0, 0, 0.04, -0.07, 0, 0, 0, 0
ATT, 95148, 0, -1.34, 0, -0.03, 267.32, 267.32, 0, 0
RCIN, 95148, 900, 900, 900, 900, 900, 900, 900, 900, 0, 0, 0, 0, 0, 0
GPS, 1, 0, 0, 0, 99.99, 0, 0, 0.04, -17, 0, 0, 0, 95158
CTUN, 95240, 0, 0, 0, 0, 0.04, -0.03, 0, 0, 0, 0
ATT, 95249, 0, -1.34, 0, -0.03, 267.33, 267.33, 0, 0
RCIN, 95249, 900, 900, 900, 900, 900, 900, 900, 900, 0, 0, 0, 0, 0, 0
CTUN, 95340, 0, 0, 0, 0, 0.03, -0.11, 0, 0, 0, 0
ATT, 95349, 0, -1.34, 0, -0.03, 267.33, 267.33, 0, 0
RCIN, 95349, 900, 900, 900, 900, 900, 900, 900, 900, 0, 0, 0, 0, 0, 0
GPS, 1, 0, 0, 0, 99.99, 0, 0, 0.03, -17, 0, 0, 0, 95358
CTUN, 95440, 0, 0, 0, 0, 0.02, 0.03, 0, 0, 0, 0
ATT, 95450, 0, -1.34, 0, -0.03, 267.32, 267.32, 0, 0
RCIN, 95450, 900, 900, 900, 900, 900, 900, 900, 900, 0, 0, 0, 0, 0, 0
CTUN, 95541, 0, 0, 0, 0, 0.02, -0.01, 0, 0, 0, 0
DU32, 7, 663768
CURR, 95541, 0, 0, 0, 0, 5051, 0
PM, 25, 1000, 1816894, 11, 0, 0, 0
ATT, 95549, 0, -1.34, 0, -0.03, 267.32, 267.32, 0, 0
RCIN, 95549, 900, 900, 900, 900, 900, 900, 900, 900, 0, 0, 0, 0, 0, 0
GPS, 1, 0, 0, 0, 99.99, 0, 0, 0.02, -17, 0, 0, 0, 95558
CTUN, 95638, 0, 0, 0, 0, 0.02, -0.01, 0, 0, 0, 0
ATT, 95648, 0, -1.34, 0, -0.03, 267.32, 267.32, 0, 0
RCIN, 95648, 900, 900, 900, 900, 900, 900, 900, 900, 0, 0, 0, 0, 0, 0
CTUN, 95741, 0, 0, 0, 0, 0.02, 0.08, 0, 0, 0, 0
ATT, 95750, 0, -1.34, 0, -0.03, 267.33, 267.33, 0, 0
RCIN, 95750, 900, 900, 900, 900, 900, 900, 900, 900, 0, 0, 0, 0, 0, 0
GPS, 1, 0, 0, 0, 99.99, 0, 0, 0.02, -17, 0, 0, 0, 95758
CTUN, 95839, 0, 0, 0, 0, 0.02, -0.23, 0, 0, 0, 0
ATT, 95849, 0, -1.34, 0, -0.03, 267.33, 267.33, 0, 0
RCIN, 95849, 900, 900, 900, 900, 900, 900, 900, 900, 0, 0, 0, 0, 0, 0
CTUN, 95941, 0, 0, 0, 0, 0.01, 0.08, 0, 0, 0, 0
ATT, 95950, 0, -1.34, 0, -0.03, 267.32, 267.32, 0, 0
RCIN, 95950, 900, 900, 900, 900, 900, 900, 900, 900, 0, 0, 0, 0, 0, 0
GPS, 1, 0, 0, 0, 99.99, 0, 0, 0.01, -17, 0, 0, 0, 95959
CTUN, 96039, 0, 0, 0, 0, 0.01, 0.19, 0, 0, 0, 0
ATT, 96049, 0, -1.34, 0, -0.04, 267.33, 267.33, 0, 0
RCIN, 96049, 900, 900, 900, 900, 900, 900, 900, 900, 0, 0, 0, 0, 0, 0
CTUN, 96140, 0, 0, 0, 0, 0.02, -0.21, 0, 0, 0, 0
ATT, 96149, 0, -1.34, 0, -0.04, 267.32, 267.32, 0, 0
RCIN, 96149, 900, 900, 900, 900, 900, 900, 900, 900, 0, 0, 0, 0, 0, 0
GPS, 1, 0, 0, 0, 99.99, 0, 0, 0.02, -17, 0, 0, 0, 96158
CTUN, 96240, 0, 0, 0, 0, 0.01, -0.04, 0, 0, 0, 0
ATT, 96249, 0, -1.34, 0, -0.03, 267.32, 267.32, 0, 0
RCIN, 96249, 900, 900, 900, 900, 900, 900, 900, 900, 0, 0, 0, 0, 0, 0
CTUN, 96340, 0, 0, 0, 0, 0, 0.04, 0, 0, 0, 0
ATT, 96349, 0, -1.34, 0, -0.04, 267.32, 267.32, 0, 0
RCIN, 96349, 900, 900, 900, 900, 900, 900, 900, 900, 0, 0, 0, 0, 0, 0
GPS, 1, 0, 0, 0, 99.99, 0, 0, 0.01, -17, 0, 0, 0, 96358
CTUN, 96438, 0, 0, 0, 0, 0.01, -0.11, 0, 0, 0, 0
ATT, 96449, 0, -1.34, 0, -0.03, 267.32, 267.32, 0, 0
RCIN, 96449, 900, 900, 900, 900, 900, 900, 900, 900, 0, 0, 0, 0, 0, 0
CTUN, 96540, 0, 0, 0, 0, 0, 0.09, 0, 0, 0, 0
DU32, 7, 663768
CURR, 96541, 0, 0, 0, 0, 4984, 0
ATT, 96549, 0, -1.34, 0, -0.03, 267.32, 267.32, 0, 0
RCIN, 96549, 900, 900, 900, 900, 900, 900, 900, 900, 0, 0, 0, 0, 0, 0
GPS, 1, 0, 0, 0, 99.99, 0, 0, 0, -17, 0, 0, 0, 96558
CTUN, 96638, 0, 0, 0, 0, 0, 0.14, 0, 0, 0, 0
ATT, 96649, 0, -1.34, 0, -0.04, 267.33, 267.33, 0, 0
RCIN, 96649, 900, 900, 900, 900, 900, 900, 900, 900, 0, 0, 0, 0, 0, 0
CTUN, 96741, 0, 0, 0, 0, 0.01, 0.01, 0, 0, 0, 0
ATT, 96750, 0, -1.34, 0, -0.03, 267.32, 267.32, 0, 0
RCIN, 96750, 900, 900, 900, 900, 900, 900, 900, 900, 0, 0, 0, 0, 0, 0
GPS, 1, 0, 0, 0, 99.99, 0, 0, 0.01, -17, 0, 0, 0, 96758
CTUN, 96839, 0, 0, 0, 0, 0.01, 0.03, 0, 0, 0, 0
ATT, 96848, 0, -1.34, 0, -0.03, 267.32, 267.32, 0, 0
RCIN, 96849, 900, 900, 900, 900, 900, 900, 900, 900, 0, 0, 0, 0, 0, 0
CTUN, 96940, 0, 0, 0, 0, 0.01, 0.06, 0, 0, 0, 0
ATT, 96948, 0, -1.34, 0, -0.03, 267.32, 267.32, 0, 0
RCIN, 96948, 900, 900, 900, 900, 900, 900, 900, 900, 0, 0, 0, 0, 0, 0
GPS, 1, 0, 0, 0, 99.99, 0, 0, 0.01, -17, 0, 0, 0, 96959
CTUN, 97039, 0, 0, 0, 0, 0.02, -0.1, 0, 0, 0, 0
ATT, 97049, 0, -1.34, 0, -0.03, 267.32, 267.32, 0, 0
RCIN, 97049, 900, 900, 900, 900, 900, 900, 900, 900, 0, 0, 0, 0, 0, 0
CTUN, 97140, 0, 0, 0, 0, 0.01, 0.01, 0, 0, 0, 0
ATT, 97148, 0, -1.34, 0, -0.03, 267.32, 267.32, 0, 0
RCIN, 97148, 900, 900, 900, 900, 900, 900, 900, 900, 0, 0, 0, 0, 0, 0
GPS, 1, 0, 0, 0, 99.99, 0, 0, 0.01, -17, 0, 0, 0, 97157
CTUN, 97240, 0, 0, 0, 0, 0.01, 0.11, 0, 0, 0, 0
ATT, 97249, 0, -1.34, 0, -0.03, 267.32, 267.32, 0, 0
RCIN, 97249, 900, 900, 900, 900, 900, 900, 900, 900, 0, 0, 0, 0, 0, 0
CTUN, 97340, 0, 0, 0, 0, 0.02, 0, 0, 0, 0, 0
ATT, 97349, 0, -1.34, 0, -0.04, 267.33, 267.33, 0, 0
RCIN, 97349, 900, 900, 900, 900, 900, 900, 900, 900, 0, 0, 0, 0, 0, 0
GPS, 1, 0, 0, 0, 99.99, 0, 0, 0.02, -17, 0, 0, 0, 97357
CTUN, 97438, 0, 0, 0, 0, 0.01, -0.11, 0, 0, 0, 0
ATT, 97449, 0, -1.34, 0, -0.03, 267.37, 267.37, 0, 0
RCIN, 97449, 900, 900, 900, 900, 900, 900, 900, 900, 0, 0, 0, 0, 0, 0
CTUN, 97540, 0, 0, 0, 0, 0.01, 0.18, 0, 0, 0, 0
DU32, 7, 663768
CURR, 97541, 0, 0, 0, 0, 5006, 0
ATT, 97550, 0, -1.34, 0, -0.03, 267.37, 267.37, 0, 0
RCIN, 97550, 900, 900, 900, 900, 900, 900, 900, 900, 0, 0, 0, 0, 0, 0
GPS, 1, 0, 0, 0, 99.99, 0, 0, 0.01, -17, 0, 0, 0, 97558
CTUN, 97638, 0, 0, 0, 0, 0.02, -0.33, 0, 0, 0, 0
ATT, 97648, 0, -1.34, 0, -0.03, 267.37, 267.37, 0, 0
RCIN, 97648, 900, 900, 900, 900, 900, 900, 900, 900, 0, 0, 0, 0, 0, 0
CTUN, 97741, 0, 0, 0, 0, 0, -0.28, 0, 0, 0, 0
ATT, 97750, 0, -1.34, 0, -0.03, 267.49, 267.49, 0, 0
RCIN, 97750, 900, 900, 900, 900, 900, 900, 900, 900, 0, 0, 0, 0, 0, 0
GPS, 1, 0, 0, 0, 99.99, 0, 0, 0, -17, 0, 0, 0, 97758
CTUN, 97839, 0, 0, 0, 0, -0.01, 0.12, 0, 0, 0, 0
ATT, 97849, 0, -1.34, 0, -0.03, 267.48, 267.48, 0, 0
RCIN, 97849, 900, 900, 900, 900, 900, 900, 900, 900, 0, 0, 0, 0, 0, 0
CTUN, 97940, 0, 0, 0, 0, 0, -0.06, 0, 0, 0, 0
ATT, 97948, 0, -1.34, 0, -0.03, 267.48, 267.48, 0, 0
RCIN, 97948, 900, 900, 900, 900, 900, 900, 900, 900, 0, 0, 0, 0, 0, 0
GPS, 1, 0, 0, 0, 99.99, 0, 0, -0.01, -17, 0, 0, 0, 97958
CTUN, 98039, 0, 0, 0, 0, -0.01, -0.24, 0, 0, 0, 0
ATT, 98049, 0, -1.34, 0, -0.03, 267.48, 267.48, 0, 0
RCIN, 98049, 900, 900, 900, 900, 900, 900, 900, 900, 0, 0, 0, 0, 0, 0
CTUN, 98140, 0, 0, 0, 0, -0.02, -0.01, 0, 0, 0, 0
ATT, 98149, 0, -1.33, 0, -0.03, 267.48, 267.48, 0, 0
RCIN, 98149, 900, 900, 900, 900, 900, 900, 900, 900, 0, 0, 0, 0, 0, 0
GPS, 1, 0, 0, 0, 99.99, 0, 0, -0.02, -17, 0, 0, 0, 98158
CTUN, 98240, 0, 0, 0, 0, -0.02, -0.05, 0, 0, 0, 0
ATT, 98249, 0, -1.35, 0, -0.03, 267.48, 267.48, 0, 0
RCIN, 98249, 900, 900, 900, 900, 900, 900, 900, 900, 0, 0, 0, 0, 0, 0
CTUN, 98340, 0, 0, 0, 0, -0.03, 0.17, 0, 0, 0, 0
ATT, 98348, 0, -1.34, 0, -0.03, 267.47, 267.47, 0, 0
RCIN, 98349, 900, 900, 900, 900, 900, 900, 900, 900, 0, 0, 0, 0, 0, 0
GPS, 1, 0, 0, 0, 99.99, 0, 0, -0.02, -17, 0, 0, 0, 98357
CTUN, 98440, 0, 0, 0, 0, -0.01, 0.22, 0, 0, 0, 0
ATT, 98448, 0, -1.34, 0, -0.03, 267.47, 267.47, 0, 0
RCIN, 98448, 900, 900, 900, 900, 900, 900, 900, 900, 0, 0, 0, 0, 0, 0
CTUN, 98540, 0, 0, 0, 0, 0, 0, 0, 0, 0, 0
DU32, 7, 663768
CURR, 98541, 0, 0, 0, 0, 4984, 0
ATT, 98549, 0, -1.34, 0, -0.03, 267.47, 267.47, 0, 0
RCIN, 98549, 900, 900, 900, 900, 900, 900, 900, 900, 0, 0, 0, 0, 0, 0
GPS, 1, 0, 0, 0, 99.99, 0, 0, 0, -17, 0, 0, 0, 98558
CTUN, 98640, 0, 0, 0, 0, 0, -0.2, 0, 0, 0, 0
ATT, 98648, 0, -1.34, 0, -0.03, 267.47, 267.47, 0, 0
RCIN, 98648, 900, 900, 900, 900, 900, 900, 900, 900, 0, 0, 0, 0, 0, 0
CTUN, 98741, 0, 0, 0, 0, -0.01, 0.06, 0, 0, 0, 0
ATT, 98749, 0, -1.34, 0, -0.03, 267.48, 267.48, 0, 0
RCIN, 98749, 900, 900, 900, 900, 900, 900, 900, 900, 0, 0, 0, 0, 0, 0
GPS, 1, 0, 0, 0, 99.99, 0, 0, -0.01, -17, 0, 0, 0, 98758
CTUN, 98840, 0, 0, 0, 0, -0.01, -0.01, 0, 0, 0, 0
ATT, 98848, 0, -1.34, 0, -0.03, 267.47, 267.47, 0, 0
RCIN, 98849, 900, 900, 900, 900, 900, 900, 900, 900, 0, 0, 0, 0, 0, 0
CTUN, 98940, 0, 0, 0, 0, -0.01, -0.11, 0, 0, 0, 0
ATT, 98948, 0, -1.34, 0, -0.03, 267.48, 267.48, 0, 0
RCIN, 98949, 900, 900, 900, 900, 900, 900, 900, 900, 0, 0, 0, 0, 0, 0
GPS, 1, 0, 0, 0, 99.99, 0, 0, -0.01, -17, 0, 0, 0, 98957
CTUN, 99040, 0, 0, 0, 0, -0.02, -0.27, 0, 0, 0, 0
ATT, 99049, 0, -1.34, 0, -0.02, 267.48, 267.48, 0, 0
RCIN, 99050, 900, 900, 900, 900, 900, 900, 900, 900, 0, 0, 0, 0, 0, 0
CTUN, 99140, 0, 0, 0, 0, -0.03, -0.15, 0, 0, 0, 0
ATT, 99149, 0, -1.34, 0, -0.02, 267.48, 267.48, 0, 0
RCIN, 99149, 900, 900, 900, 900, 900, 900, 900, 900, 0, 0, 0, 0, 0, 0
GPS, 1, 0, 0, 0, 99.99, 0, 0, -0.03, -17, 0, 0, 0, 99158
CTUN, 99238, 0, 0, 0, 0, -0.04, -0.16, 0, 0, 0, -1
ATT, 99250, 0, -1.34, 0, -0.02, 267.47, 267.47, 0, 0
RCIN, 99251, 900, 900, 900, 900, 900, 900, 900, 900, 0, 0, 0, 0, 0, 0
CTUN, 99340, 0, 0, 0, 0, -0.05, -0.01, 0, 0, 0, -1
ATT, 99349, 0, -1.34, 0, -0.03, 267.47, 267.47, 0, 0
RCIN, 99349, 900, 900, 900, 900, 900, 900, 900, 900, 0, 0, 0, 0, 0, 0
GPS, 1, 0, 0, 0, 99.99, 0, 0, -0.05, -17, 0, 0, 0, 99358
CTUN, 99438, 0, 0, 0, 0, -0.05, -0.1, 0, 0, 0, -1
ATT, 99448, 0, -1.34, 0, -0.03, 267.47, 267.47, 0, 0
RCIN, 99448, 900, 900, 900, 900, 900, 900, 900, 900, 0, 0, 0, 0, 0, 0
CTUN, 99540, 0, 0, 0, 0, -0.05, 0.16, 0, 0, 0, -1
DU32, 7, 663768
CURR, 99541, 0, 0, 0, 0, 5028, 0
ATT, 99549, 0, -1.34, 0, -0.03, 267.47, 267.47, 0, 0
RCIN, 99550, 900, 900, 900, 900, 900, 900, 900, 900, 0, 0, 0, 0, 0, 0
GPS, 1, 0, 0, 0, 99.99, 0, 0, -0.05, -17, 0, 0, 0, 99558
CTUN, 99638, 0, 0, 0, 0, -0.04, -0.22, 0, 0, 0, 0
ATT, 99648, 0, -1.33, 0, -0.02, 267.47, 267.47, 0, 0
RCIN, 99648, 900, 900, 900, 900, 900, 900, 900, 900, 0, 0, 0, 0, 0, 0
CTUN, 99740, 0, 0, 0, 0, -0.05, -0.08, 0, 0, 0, 0
ATT, 99748, 0, -1.33, 0, -0.02, 267.47, 267.47, 0, 0
RCIN, 99748, 900, 900, 900, 900, 900, 900, 900, 900, 0, 0, 0, 0, 0, 0
GPS, 1, 0, 0, 0, 99.99, 0, 0, -0.05, -17, 0, 0, 0, 99757
CTUN, 99838, 0, 0, 0, 0, -0.05, -0.17, 0, 0, 0, 0
ATT, 99848, 0, -1.33, 0, -0.02, 267.47, 267.47, 0, 0
RCIN, 99848, 900, 900, 900, 900, 900, 900, 900, 900, 0, 0, 0, 0, 0, 0
CTUN, 99940, 0, 0, 0, 0, -0.06, 0.11, 0, 0, 0, -1
ATT, 99948, 0, -1.34, 0, -0.02, 267.47, 267.47, 0, 0
RCIN, 99948, 900, 900, 900, 900, 900, 900, 900, 900, 0, 0, 0, 0, 0, 0
GPS, 1, 0, 0, 0, 99.99, 0, 0, -0.06, -17, 0, 0, 0, 99958
CTUN, 100039, 0, 0, 0, 0, -0.05, -0.03, 0, 0, 0, 0
ATT, 100049, 0, -1.34, 0, -0.02, 267.46, 267.46, 0, 0
RCIN, 100049, 900, 900, 900, 900, 900, 900, 900, 900, 0, 0, 0, 0, 0, 0
CTUN, 100140, 0, 0, 0, 0, -0.05, -0.24, 0, 0, 0, 0
ATT, 100148, 0, -1.33, 0, -0.03, 267.47, 267.47, 0, 0
RCIN, 100148, 900, 900, 900, 900, 900, 900, 900, 900, 0, 0, 0, 0, 0, 0
GPS, 1, 0, 0, 0, 99.99, 0, 0, -0.05, -17, 0, 0, 0, 100157
CTUN, 100238, 0, 0, 0, 0, -0.06, 0.09, 0, 0, 0, -1
ATT, 100248, 0, -1.33, 0, -0.02, 267.46, 267.46, 0, 0
RCIN, 100249, 900, 900, 900, 900, 900, 900, 900, 900, 0, 0, 0, 0, 0, 0
CTUN, 100340, 0, 0, 0, 0, -0.05, 0, 0, 0, 0, 0
ATT, 100349, 0, -1.33, 0, -0.02, 267.45, 267.45, 0, 0
RCIN, 100349, 900, 900, 900, 900, 900, 900, 900, 900, 0, 0, 0, 0, 0, 0
GPS, 1, 0, 0, 0, 99.99, 0, 0, -0.05, -17, 0, 0, 0, 100358
CTUN, 100438, 0, 0, 0, 0, -0.05, -0.07, 0, 0, 0, 0
ATT, 100448, 0, -1.33, 0, -0.02, 267.46, 267.46, 0, 0
RCIN, 100449, 900, 900, 900, 900, 900, 900, 900, 900, 0, 0, 0, 0, 0, 0
CTUN, 100540, 0, 0, 0, 0, -0.05, 0.01, 0, 0, 0, 0
DU32, 7, 663768
CURR, 100541, 0, 0, 0, 0, 4984, 0
ATT, 100549, 0, -1.33, 0, -0.03, 267.97, 267.97, 0, 0.01
RCIN, 100549, 900, 900, 900, 900, 900, 900, 900, 900, 0, 0, 0, 0, 0, 0
GPS, 1, 0, 0, 0, 99.99, 0, 0, -0.05, -17, 0, 0, 0, 100558
CTUN, 100638, 0, 0, 0, 0, -0.05, 0.14, 0, 0, 0, 0
ATT, 100648, 0, -1.33, 0, -0.02, 267.96, 267.96, 0, 0
RCIN, 100648, 900, 900, 900, 900, 900, 900, 900, 900, 0, 0, 0, 0, 0, 0
CTUN, 100740, 0, 0, 0, 0, -0.04, -0.03, 0, 0, 0, 0
ATT, 100748, 0, -1.33, 0, -0.02, 267.96, 267.96, 0, 0
RCIN, 100748, 900, 900, 900, 900, 900, 900, 900, 900, 0, 0, 0, 0, 0, 0
GPS, 1, 0, 0, 0, 99.99, 0, 0, -0.04, -17, 0, 0, 0, 100757
CTUN, 100838, 0, 0, 0, 0, -0.04, 0.06, 0, 0, 0, 0
ATT, 100848, 0, -1.33, 0, -0.03, 268.05, 268.05, 0, 0.01
RCIN, 100848, 900, 900, 900, 900, 900, 900, 900, 900, 0, 0, 0, 0, 0, 0
CTUN, 100940, 0, 0, 0, 0, -0.03, -0.08, 0, 0, 0, 0
ATT, 100948, 0, -1.33, 0, -0.02, 268.02, 268.02, 0, 0
RCIN, 100949, 900, 900, 900, 900, 900, 900, 900, 900, 0, 0, 0, 0, 0, 0
GPS, 1, 0, 0, 0, 99.99, 0, 0, -0.03, -17, 0, 0, 0, 100958
CTUN, 101039, 0, 0, 0, 0, -0.04, -0.18, 0, 0, 0, 0
ATT, 101048, 0, -1.33, 0, -0.02, 268.02, 268.02, 0, 0
RCIN, 101049, 900, 900, 900, 900, 900, 900, 900, 900, 0, 0, 0, 0, 0, 0
CTUN, 101140, 0, 0, 0, 0, -0.04, -0.32, 0, 0, 0, 0
ATT, 101148, 0, -1.33, 0, -0.03, 268.07, 268.07, 0, 0.01
RCIN, 101148, 900, 900, 900, 900, 900, 900, 900, 900, 0, 0, 0, 0, 0, 0
GPS, 1, 0, 0, 0, 99.99, 0, 0, -0.05, -17, 0, 0, 0, 101158
CTUN, 101238, 0, 0, 0, 0, -0.06, -0.21, 0, 0, 0, 0
ATT, 101248, 0, -1.33, 0, -0.02, 268.17, 268.17, 0, 0.01
RCIN, 101248, 900, 900, 900, 900, 900, 900, 900, 900, 0, 0, 0, 0, 0, 0
CTUN, 101340, 0, 0, 0, 0, -0.07, -0.02, 0, 0, 0, -1
ATT, 101348, 0, -1.33, 0, -0.02, 268.16, 268.16, 0, 0.01
RCIN, 101349, 900, 900, 900, 900, 900, 900, 900, 900, 0, 0, 0, 0, 0, 0
GPS, 1, 0, 0, 0, 99.99, 0, 0, -0.07, -17, 0, 0, 0, 101357
CTUN, 101438, 0, 0, 0, 0, -0.07, -0.24, 0, 0, 0, -1
ATT, 101448, 0, -1.33, 0, -0.02, 268.16, 268.16, 0, 0.01
RCIN, 101448, 900, 900, 900, 900, 900, 900, 900, 900, 0, 0, 0, 0, 0, 0
CTUN, 101540, 0, 0, 0, 0, -0.08, -0.18, 0, 0, 0, -1
DU32, 7, 663768
CURR, 101541, 0, 0, 0, 0, 5006, 0
ATT, 101549, 0, -1.33, 0, -0.02, 268.59, 268.59, 0.01, 0.01
RCIN, 101549, 900, 900, 900, 900, 900, 900, 900, 900, 0, 0, 0, 0, 0, 0
GPS, 1, 0, 0, 0, 99.99, 0, 0, -0.08, -17, 0, 0, 0, 101558
CTUN, 101638, 0, 0, 0, 0, -0.09, 0.01, 0, 0, 0, -1
ATT, 101649, 0, -1.32, 0, -0.03, 268.58, 268.58, 0.01, 0.01
RCIN, 101649, 900, 900, 900, 900, 900, 900, 900, 900, 0, 0, 0, 0, 0, 0
CTUN, 101740, 0, 0, 0, 0, -0.08, -0.21, 0, 0, 0, 0
ATT, 101748, 0, -1.32, 0, -0.02, 268.57, 268.57, 0.02, 0.01
RCIN, 101748, 900, 900, 900, 900, 900, 900, 900, 900, 0, 0, 0, 0, 0, 0
GPS, 1, 0, 0, 0, 99.99, 0, 0, -0.08, -17, 0, 0, 0, 101758
CTUN, 101838, 0, 0, 0, 0, -0.09, -0.13, 0, 0, 0, 0
ATT, 101848, 0, -1.33, 0, -0.02, 269.12, 269.12, 0.02, 0.02
RCIN, 101848, 900, 900, 900, 900, 900, 900, 900, 900, 0, 0, 0, 0, 0, 0
CTUN, 101940, 0, 0, 0, 0, -0.09, 0.08, 0, 0, 0, 0
ATT, 101949, 0, -1.34, 0, -0.01, 269.13, 269.13, 0, 0.02
RCIN, 101949, 900, 900, 900, 900, 900, 900, 900, 900, 0, 0, 0, 0, 0, 0
GPS, 1, 0, 0, 0, 99.99, 0, 0, -0.09, -17, 0, 0, 0, 101958
CTUN, 102038, 0, 0, 0, 0, -0.08, -0.04, 0, 0, 0, 0
ATT, 102049, 0, -1.34, 0, -0.01, 269.12, 269.12, 0, 0.02
RCIN, 102049, 900, 900, 900, 900, 900, 900, 900, 900, 0, 0, 0, 0, 0, 0
CTUN, 102140, 0, 0, 0, 0, -0.08, -0.08, 0, 0, 0, 0
ATT, 102148, 0, -1.34, 0, -0.01, 269.39, 269.39, 0, 0.03
RCIN, 102148, 900, 900, 900, 900, 900, 900, 900, 900, 0, 0, 0, 0, 0, 0
GPS, 1, 0, 0, 0, 99.99, 0, 0, -0.08, -17, 0, 0, 0, 102158
CTUN, 102238, 0, 0, 0, 0, -0.08, -0.05, 0, 0, 0, 0
ATT, 102248, 0, -1.34, 0, -0.01, 269.58, 269.58, 0, 0.03
RCIN, 102248, 900, 900, 900, 900, 900, 900, 900, 900, 0, 0, 0, 0, 0, 0
CTUN, 102340, 0, 0, 0, 0, -0.08, 0.05, 0, 0, 0, 0
ATT, 102349, 0, -1.34, 0, -0.02, 269.56, 269.56, 0, 0.03
RCIN, 102349, 900, 900, 900, 900, 900, 900, 900, 900, 0, 0, 0, 0, 0, 0
GPS, 1, 0, 0, 0, 99.99, 0, 0, -0.08, -17, 0, 0, 0, 102358
CTUN, 102438, 0, 0, 0, 0, -0.07, 0.1, 0, 0, 0, 0
ATT, 102448, 0, -1.34, 0, -0.02, 269.55, 269.55, 0, 0.03
RCIN, 102448, 900, 900, 900, 900, 900, 900, 900, 900, 0, 0, 0, 0, 0, 0
CTUN, 102540, 0, 0, 0, 0, -0.06, 0, 0, 0, 0, 0
DU32, 7, 663768
CURR, 102541, 0, 0, 0, 0, 5006, 0
ATT, 102548, 0, -1.34, 0, -0.02, 269.53, 269.53, 0, 0.03
RCIN, 102548, 900, 900, 900, 900, 900, 900, 900, 900, 0, 0, 0, 0, 0, 0
GPS, 1, 0, 0, 0, 99.99, 0, 0, -0.06, -17, 0, 0, 0, 102558
CTUN, 102639, 0, 0, 0, 0, -0.06, 0.01, 0, 0, 0, 0
ATT, 102648, 0, -1.34, 0, -0.02, 269.51, 269.51, 0, 0.03
RCIN, 102649, 900, 900, 900, 900, 900, 900, 900, 900, 0, 0, 0, 0, 0, 0
CTUN, 102740, 0, 0, 0, 0, -0.06, -0.03, 0, 0, 0, 0
ATT, 102748, 0, -1.34, 0, -0.02, 269.5, 269.5, 0, 0.03
RCIN, 102748, 900, 900, 900, 900, 900, 900, 900, 900, 0, 0, 0, 0, 0, 0
GPS, 1, 0, 0, 0, 99.99, 0, 0, -0.06, -17, 0, 0, 0, 102758
CTUN, 102838, 0, 0, 0, 0, -0.05, 0.07, 0, 0, 0, 0
ATT, 102848, 0, -1.34, 0, -0.02, 269.49, 269.49, 0, 0.03
RCIN, 102848, 900, 900, 900, 900, 900, 900, 900, 900, 0, 0, 0, 0, 0, 0
CTUN, 102940, 0, 0, 0, 0, -0.05, 0.24, 0, 0, 0, 0
ATT, 102949, 0, -1.36, 0, -0.04, 269.35, 269.35, 0, 0.03
RCIN, 102949, 900, 900, 900, 900, 900, 900, 900, 900, 0, 0, 0, 0, 0, 0
GPS, 1, 0, 0, 0, 99.99, 0, 0, -0.04, -17, 0, 0, 0, 102958
CTUN, 103038, 0, 0, 0, 0, -0.03, -0.23, 0, 0, 0, 0
ATT, 103048, 0, -1.45, 0, -0.12, 269.68, 269.68, 0, 0.03
RCIN, 103049, 900, 900, 900, 900, 900, 900, 900, 900, 0, 0, 0, 0, 0, 0
CTUN, 103140, 0, 0, 0, 0, -0.04, -0.06, 0, 0, 0, 5
ATT, 103149, 0, -1.4, 0, -1.29, 269.42, 269.42, 0, 0.04
RCIN, 103149, 900, 900, 900, 900, 900, 900, 900, 900, 0, 0, 0, 0, 0, 0
GPS, 1, 0, 0, 0, 99.99, 0, 0, -0.04, -17, 0, 0, 0, 103158
CTUN, 103238, 0, 0, 0, 0, -0.03, 0, 0, 0, 0, 6
ATT, 103248, 0, -1.43, 0, -3.82, 269.45, 269.45, 0, 0.06
RCIN, 103249, 900, 900, 900, 900, 900, 900, 900, 900, 0, 0, 0, 0, 0, 0
CTUN, 103341, 0, 0, 0, 0, -0.02, -0.19, 0, 0, 0, 2
ATT, 103348, 0, -1.47, 0, -5.82, 269.51, 269.51, 0, 0.04
RCIN, 103348, 900, 900, 900, 900, 900, 900, 900, 900, 0, 0, 0, 0, 0, 0
GPS, 1, 0, 0, 0, 99.99, 0, 0, -0.03, -17, 0, 0, 0, 103358
CTUN, 103438, 0, 0, 0, 0, -0.04, -0.05, 0, 0, 0, -8
ATT, 103448, 0, -1.41, 0, -4.35, 269.15, 269.15, 0, 0.02
RCIN, 103448, 900, 900, 900, 900, 900, 900, 900, 900, 0, 0, 0, 0, 0, 0
CTUN, 103541, 0, 0, 0, 0, -0.05, -0.08, 0, 0, 0, 9
DU32, 7, 663768
CURR, 103542, 0, 0, 0, 0, 5006, 0
ATT, 103549, 0, -1.38, 0, -0.03, 268.64, 268.64, 0.01, 0
RCIN, 103549, 900, 900, 900, 900, 900, 900, 900, 900, 0, 0, 0, 0, 0, 0
GPS, 1, 0, 0, 0, 99.99, 0, 0, -0.05, -17, 0, 0, 0, 103558
CTUN, 103638, 0, 0, 0, 0, -0.05, 0.15, 0, 0, 0, 0
ATT, 103648, 0, -1.37, 0, -0.01, 268.64, 268.64, 0.01, 0.01
RCIN, 103648, 900, 900, 900, 900, 900, 900, 900, 900, 0, 0, 0, 0, 0, 0
CTUN, 103740, 0, 0, 0, 0, -0.04, -0.07, 0, 0, 0, 0
ATT, 103749, 0, -1.38, 0, -0.02, 268.63, 268.63, 0.01, 0.01
RCIN, 103749, 900, 900, 900, 900, 900, 900, 900, 900, 0, 0, 0, 0, 0, 0
GPS, 1, 0, 0, 0, 99.99, 0, 0, -0.04, -17, 0, 0, 0, 103757
CTUN, 103838, 0, 0, 0, 0, -0.04, 0, 0, 0, 0, 0
ATT, 103848, 0, -1.37, 0, -0.02, 268.62, 268.62, 0.01, 0.01
RCIN, 103848, 900, 900, 900, 900, 900, 900, 900, 900, 0, 0, 0, 0, 0, 0
CTUN, 103940, 0, 0, 0, 0, -0.04, -0.06, 0, 0, 0, 0
ATT, 103949, 0, -1.36, 0, -0.02, 268.61, 268.61, 0, 0.01
RCIN, 103950, 900, 900, 900, 900, 900, 900, 900, 900, 0, 0, 0, 0, 0, 0
GPS, 1, 0, 0, 0, 99.99, 0, 0, -0.04, -17, 0, 0, 0, 103957
CTUN, 104038, 0, 0, 0, 0, -0.04, 0, 0, 0, 0, 0
ATT, 104048, 0, -1.36, 0, -0.02, 268.6, 268.6, 0, 0.01
RCIN, 104048, 900, 900, 900, 900, 900, 900, 900, 900, 0, 0, 0, 0, 0, 0
CTUN, 104140, 0, 0, 0, 0, -0.04, -0.04, 0, 0, 0, 0
ATT, 104148, 0, -1.36, 0, -0.02, 268.59, 268.59, 0, 0.01
RCIN, 104148, 900, 900, 900, 900, 900, 900, 900, 900, 0, 0, 0, 0, 0, 0
GPS, 1, 0, 0, 0, 99.99, 0, 0, -0.04, -17, 0, 0, 0, 104159
CTUN, 104239, 0, 0, 0, 0, -0.04, -0.13, 0, 0, 0, 0
ATT, 104249, 0, -1.37, 0, -0.01, 268.5, 268.5, 0, 0.01
RCIN, 104249, 900, 900, 900, 900, 900, 900, 900, 900, 0, 0, 0, 0, 0, 0
CTUN, 104340, 0, 0, 0, 0, -0.04, 0, 0, 0, 0, 0
ATT, 104349, 0, -1.36, 0, -0.02, 268.43, 268.43, 0, 0.01
RCIN, 104349, 900, 900, 900, 900, 900, 900, 900, 900, 0, 0, 0, 0, 0, 0
GPS, 1, 0, 0, 0, 99.99, 0, 0, -0.04, -17, 0, 0, 0, 104359
CTUN, 104438, 0, 0, 0, 0, -0.04, 0.01, 0, 0, 0, 0
ATT, 104448, 0, -1.36, 0, -0.02, 268.43, 268.43, 0, 0.01
RCIN, 104448, 900, 900, 900, 900, 900, 900, 900, 900, 0, 0, 0, 0, 0, 0
CTUN, 104540, 0, 0, 0, 0, -0.04, -0.21, 0, 0, 0, 0
DU32, 7, 663768
CURR, 104541, 0, 0, 0, 0, 5028, 0
ATT, 104548, 0, -1.36, 0, -0.02, 268.44, 268.44, 0, 0.01
RCIN, 104549, 900, 900, 900, 900, 900, 900, 900, 900, 0, 0, 0, 0, 0, 0
GPS, 1, 0, 0, 0, 99.99, 0, 0, -0.04, -17, 0, 0, 0, 104558
CTUN, 104638, 0, 0, 0, 0, -0.05, 0, 0, 0, 0, 0
ATT, 104648, 0, -1.37, 0, -0.01, 268.49, 268.49, 0, 0.01
RCIN, 104648, 900, 900, 900, 900, 900, 900, 900, 900, 0, 0, 0, 0, 0, 0
CTUN, 104740, 0, 0, 0, 0, -0.04, 0.09, 0, 0, 0, 0
ATT, 104749, 0, -1.37, 0, -0.01, 268.42, 268.42, 0, 0.01
RCIN, 104749, 900, 900, 900, 900, 900, 900, 900, 900, 0, 0, 0, 0, 0, 0
GPS, 1, 0, 0, 0, 99.99, 0, 0, -0.04, -17, 0, 0, 0, 104758
CTUN, 104838, 0, 0, 0, 0, -0.04, -0.15, 0, 0, 0, 0
ATT, 104848, 0, -1.37, 0, -0.02, 268.37, 268.37, 0, 0.01
RCIN, 104849, 900, 900, 900, 900, 900, 900, 900, 900, 0, 0, 0, 0, 0, 0
CTUN, 104940, 0, 0, 0, 0, -0.04, 0.13, 0, 0, 0, 0
ATT, 104947, 0, -1.37, 0, -0.02, 268.36, 268.36, 0, 0.01
RCIN, 104948, 900, 900, 900, 900, 900, 900, 900, 900, 0, 0, 0, 0, 0, 0
GPS, 1, 0, 0, 0, 99.99, 0, 0, -0.04, -17, 0, 0, 0, 104958
CTUN, 105038, 0, 0, 0, 0, -0.03, -0.01, 0, 0, 0, 0
ATT, 105047, 0, -1.36, 0, -0.03, 268.53, 268.53, 0, 0.01
RCIN, 105048, 900, 900, 900, 900, 900, 900, 900, 900, 0, 0, 0, 0, 0, 0
CTUN, 105140, 0, 0, 0, 0, -0.03, -0.19, 0, 0, 0, 0
ATT, 105148, 0, -1.37, 0, -0.02, 268.61, 268.61, 0, 0.01
RCIN, 105148, 900, 900, 900, 900, 900, 900, 900, 900, 0, 0, 0, 0, 0, 0
GPS, 1, 0, 0, 0, 99.99, 0, 0, -0.03, -17, 0, 0, 0, 105158
CTUN, 105238, 0, 0, 0, 0, -0.04, -0.1, 0, 0, 0, 0
ATT, 105248, 0, -1.36, 0, -0.02, 268.59, 268.59, 0, 0.01
RCIN, 105248, 900, 900, 900, 900, 900, 900, 900, 900, 0, 0, 0, 0, 0, 0
CTUN, 105340, 0, 0, 0, 0, -0.04, -0.07, 0, 0, 0, 0
ATT, 105348, 0, -1.37, 0, -0.02, 268.57, 268.57, 0, 0.01
RCIN, 105349, 900, 900, 900, 900, 900, 900, 900, 900, 0, 0, 0, 0, 0, 0
GPS, 1, 0, 0, 0, 99.99, 0, 0, -0.04, -17, 0, 0, 0, 105358
CTUN, 105438, 0, 0, 0, 0, -0.05, -0.08, 0, 0, 0, 0
ATT, 105448, 0, -1.36, 0, -0.03, 268.58, 268.58, 0, 0.01
RCIN, 105448, 900, 900, 900, 900, 900, 900, 900, 900, 0, 0, 0, 0, 0, 0
CTUN, 105540, 0, 0, 0, 0, -0.05, -0.16, 0, 0, 0, 0
DU32, 7, 663768
CURR, 105541, 0, 0, 0, 0, 5006, 0
EV, 10
MODE, Stabilize, 450
CTUN, 120868, 0, 0, 0, 0, 0, -0.02, 0, 0, 0, 4
ATT, 120877, 0, -1.39, 0, 0.03, 267.43, 267.43, 0, 0
RCIN, 120877, 900, 900, 900, 900, 900, 900, 900, 900, 0, 0, 0, 0, 0, 0
GPS, 1, 0, 0, 0, 99.99, 0, 0, 0, -17, 0, 0, 0, 120968
CTUN, 120970, 0, 0, 0, 0, 0, 0.14, 0, 0, 0, 4
ATT, 120977, 0, -1.39, 0, 0.04, 267.42, 267.42, 0, 0
RCIN, 120977, 900, 900, 900, 900, 900, 900, 900, 900, 0, 0, 0, 0, 0, 0
CTUN, 121068, 0, 0, 0, 0, 0.01, 0, 0, 0, 0, 4
ATT, 121077, 0, -1.39, 0, 0.04, 267.42, 267.42, 0, 0
RCIN, 121077, 900, 900, 900, 900, 900, 900, 900, 900, 0, 0, 0, 0, 0, 0
GPS, 1, 0, 0, 0, 99.99, 0, 0, 0.02, -17, 0, 0, 0, 121168
CTUN, 121170, 0, 0, 0, 0, 0.02, -0.03, 0, 0, 0, 4
ATT, 121178, 0, -1.39, 0, 0.04, 267.42, 267.42, 0, 0
RCIN, 121178, 900, 900, 900, 900, 900, 900, 900, 900, 0, 0, 0, 0, 0, 0
CTUN, 121268, 0, 0, 0, 0, 0.02, 0, 0, 0, 0, 4
ATT, 121277, 0, -1.39, 0, 0.04, 267.42, 267.42, 0, 0
RCIN, 121277, 900, 900, 900, 900, 900, 900, 900, 900, 0, 0, 0, 0, 0, 0
GPS, 1, 0, 0, 0, 99.99, 0, 0, 0.02, -17, 0, 0, 0, 121367
CTUN, 121368, 0, 0, 0, 0, 0.02, -0.04, 0, 0, 0, 4
ATT, 121378, 0, -1.38, 0, 0.04, 267.41, 267.41, 0, 0
RCIN, 121378, 900, 900, 900, 900, 900, 900, 900, 900, 0, 0, 0, 0, 0, 0
CTUN, 121468, 0, 0, 0, 0, 0.02, -0.17, 0, 0, 0, 4
ATT, 121478, 0, -1.38, 0, 0.03, 267.41, 267.41, 0, 0
RCIN, 121478, 900, 900, 900, 900, 900, 900, 900, 900, 0, 0, 0, 0, 0, 0
GPS, 1, 0, 0, 0, 99.99, 0, 0, 0.01, -17, 0, 0, 0, 121569
CTUN, 121570, 0, 0, 0, 0, 0.01, -0.17, 0, 0, 0, 4
DU32, 7, 663768
CURR, 121571, 0, 0, 0, 0, 5006, 0
ATT, 121581, 0, -1.38, 0, 0.03, 267.41, 267.41, 0, 0
RCIN, 121581, 900, 900, 900, 900, 900, 900, 900, 900, 0, 0, 0, 0, 0, 0
CTUN, 121668, 0, 0, 0, 0, 0.01, 0.07, 0, 0, 0, 3
ATT, 121678, 0, -1.38, 0, 0.03, 267.4, 267.4, 0, 0
RCIN, 121678, 900, 900, 900, 900, 900, 900, 900, 900, 0, 0, 0, 0, 0, 0
GPS, 1, 0, 0, 0, 99.99, 0, 0, 0.02, -17, 0, 0, 0, 121769
CTUN, 121771, 0, 0, 0, 0, 0.02, 0.02, 0, 0, 0, 4
ATT, 121781, 0, -1.38, 0, 0.03, 267.4, 267.4, 0, 0
RCIN, 121781, 900, 900, 900, 900, 900, 900, 900, 900, 0, 0, 0, 0, 0, 0
CTUN, 121869, 0, 0, 0, 0, 0.02, 0.01, 0, 0, 0, 4
ATT, 121878, 0, -1.38, 0, 0.02, 267.4, 267.4, 0, 0
RCIN, 121879, 900, 900, 900, 900, 900, 900, 900, 900, 0, 0, 0, 0, 0, 0
GPS, 1, 0, 0, 0, 99.99, 0, 0, 0.02, -17, 0, 0, 0, 121967
CTUN, 121969, 0, 0, 0, 0, 0.02, -0.12, 0, 0, 0, 4
ATT, 121978, 0, -1.39, 0, 0.03, 267.39, 267.39, 0, 0
RCIN, 121978, 900, 900, 900, 900, 900, 900, 900, 900, 0, 0, 0, 0, 0, 0
CTUN, 122069, 0, 0, 0, 0, 0.02, 0.08, 0, 0, 0, 3
ATT, 122080, 0, -1.39, 0, 0.03, 267.39, 267.39, 0, 0
RCIN, 122080, 900, 900, 900, 900, 900, 900, 900, 900, 0, 0, 0, 0, 0, 0
GPS, 1, 0, 0, 0, 99.99, 0, 0, 0.03, -17, 0, 0, 0, 122168
CTUN, 122169, 0, 0, 0, 0, 0.03, -0.08, 0, 0, 0, 3
ATT, 122178, 0, -1.39, 0, 0.02, 267.38, 267.38, 0, 0
RCIN, 122179, 900, 900, 900, 900, 900, 900, 900, 900, 0, 0, 0, 0, 0, 0
CTUN, 122270, 0, 0, 0, 0, 0.02, 0.03, 0, 0, 0, 3
ATT, 122280, 0, -1.39, 0, 0.02, 267.38, 267.38, 0, 0
RCIN, 122281, 900, 900, 900, 900, 900, 900, 900, 900, 0, 0, 0, 0, 0, 0
GPS, 1, 0, 0, 0, 99.99, 0, 0, 0.03, -17, 0, 0, 0, 122368
CTUN, 122370, 0, 0, 0, 0, 0.03, -0.08, 0, 0, 0, 3
ATT, 122378, 0, -1.39, 0, 0.02, 267.38, 267.38, 0, 0
RCIN, 122378, 900, 900, 900, 900, 900, 900, 900, 900, 0, 0, 0, 0, 0, 0
CTUN, 122468, 0, 0, 0, 0, 0.03, 0.01, 0, 0, 0, 3
ATT, 122477, 0, -1.39, 0, 0.02, 267.38, 267.38, 0, 0
RCIN, 122478, 900, 900, 900, 900, 900, 900, 900, 900, 0, 0, 0, 0, 0, 0
GPS, 1, 0, 0, 0, 99.99, 0, 0, 0.03, -17, 0, 0, 0, 122569
CTUN, 122570, 0, 0, 0, 0, 0.03, -0.1, 0, 0, 0, 3
DU32, 7, 663768
CURR, 122571, 0, 0, 0, 0, 5006, 0
ATT, 122580, 0, -1.39, 0, 0.02, 267.38, 267.38, 0, 0
RCIN, 122580, 900, 900, 900, 900, 900, 900, 900, 900, 0, 0, 0, 0, 0, 0
CTUN, 122668, 0, 0, 0, 0, 0.03, -0.16, 0, 0, 0, 3
ATT, 122678, 0, -1.39, 0, 0.02, 267.37, 267.37, 0, 0
RCIN, 122678, 900, 900, 900, 900, 900, 900, 900, 900, 0, 0, 0, 0, 0, 0
GPS, 1, 0, 0, 0, 99.99, 0, 0, 0.02, -17, 0, 0, 0, 122767
CTUN, 122769, 0, 0, 0, 0, 0.02, 0.13, 0, 0, 0, 3
ATT, 122777, 0, -1.39, 0, 0.02, 267.37, 267.37, 0, 0
RCIN, 122777, 900, 900, 900, 900, 900, 900, 900, 900, 0, 0, 0, 0, 0, 0
CTUN, 122869, 0, 0, 0, 0, 0.03, 0.06, 0, 0, 0, 3
ATT, 122879, 0, -1.39, 0, 0.02, 267.36, 267.36, 0, 0
RCIN, 122879, 900, 900, 900, 900, 900, 900, 900, 900, 0, 0, 0, 0, 0, 0
GPS, 1, 0, 0, 0, 99.99, 0, 0, 0.03, -17, 0, 0, 0, 122967
CTUN, 122969, 0, 0, 0, 0, 0.03, 0.14, 0, 0, 0, 3
ATT, 122977, 0, -1.39, 0, 0.02, 267.36, 267.36, 0, 0
RCIN, 122978, 900, 900, 900, 900, 900, 900, 900, 900, 0, 0, 0, 0, 0, 0
CTUN, 123069, 0, 0, 0, 0, 0.04, -0.08, 0, 0, 0, 3
ATT, 123079, 0, -1.39, 0, 0.02, 267.36, 267.36, 0, 0
RCIN, 123079, 900, 900, 900, 900, 900, 900, 900, 900, 0, 0, 0, 0, 0, 0
GPS, 1, 0, 0, 0, 99.99, 0, 0, 0.04, -17, 0, 0, 0, 123168
CTUN, 123169, 0, 0, 0, 0, 0.04, -0.02, 0, 0, 0, 3
ATT, 123180, 0, -1.39, 0, 0.01, 267.36, 267.36, 0, 0
RCIN, 123180, 900, 900, 900, 900, 900, 900, 900, 900, 0, 0, 0, 0, 0, 0
CTUN, 123268, 0, 0, 0, 0, 0.04, 0.06, 0, 0, 0, 3
ATT, 123277, 0, -1.39, 0, 0.01, 267.35, 267.35, 0, 0
RCIN, 123278, 900, 900, 900, 900, 900, 900, 900, 900, 0, 0, 0, 0, 0, 0
GPS, 1, 0, 0, 0, 99.99, 0, 0, 0.04, -17, 0, 0, 0, 123368
CTUN, 123370, 0, 0, 0, 0, 0.04, -0.07, 0, 0, 0, 3
ATT, 123378, 0, -1.39, 0, 0.02, 267.35, 267.35, 0, 0
RCIN, 123378, 900, 900, 900, 900, 900, 900, 900, 900, 0, 0, 0, 0, 0, 0
CTUN, 123468, 0, 0, 0, 0, 0.04, 0.09, 0, 0, 0, 3
ATT, 123477, 0, -1.39, 0, 0.02, 267.35, 267.35, 0, 0
RCIN, 123478, 900, 900, 900, 900, 900, 900, 900, 900, 0, 0, 0, 0, 0, 0
GPS, 1, 0, 0, 0, 99.99, 0, 0, 0.05, -17, 0, 0, 0, 123569
CTUN, 123570, 0, 0, 0, 0, 0.05, 0.02, 0, 0, 0, 3
DU32, 7, 663768
CURR, 123571, 0, 0, 0, 0, 5006, 0
ATT, 123580, 0, -1.39, 0, 0.02, 267.34, 267.34, 0, 0
RCIN, 123580, 900, 900, 900, 900, 900, 900, 900, 900, 0, 0, 0, 0, 0, 0
CTUN, 123668, 0, 0, 0, 0, 0.05, -0.07, 0, 0, 0, 3
ATT, 123678, 0, -1.39, 0, 0.02, 267.34, 267.34, 0, 0
RCIN, 123678, 900, 900, 900, 900, 900, 900, 900, 900, 0, 0, 0, 0, 0, 0
GPS, 1, 0, 0, 0, 99.99, 0, 0, 0.05, -17, 0, 0, 0, 123767
CTUN, 123769, 0, 0, 0, 0, 0.05, 0.11, 0, 0, 0, 3
ATT, 123777, 0, -1.39, 0, 0.02, 267.34, 267.34, 0, 0
RCIN, 123777, 900, 900, 900, 900, 900, 900, 900, 900, 0, 0, 0, 0, 0, 0
CTUN, 123869, 0, 0, 0, 0, 0.05, 0.2, 0, 0, 0, 3
ATT, 123878, 0, -1.4, 0, 0.02, 267.34, 267.34, 0, 0
RCIN, 123878, 900, 900, 900, 900, 900, 900, 900, 900, 0, 0, 0, 0, 0, 0
GPS, 1, 0, 0, 0, 99.99, 0, 0, 0.07, -17, 0, 0, 0, 123967
CTUN, 123969, 0, 0, 0, 0, 0.07, 0.16, 0, 0, 0, 3
ATT, 123978, 0, -1.39, 0, 0.02, 267.33, 267.33, 0, 0
RCIN, 123978, 900, 900, 900, 900, 900, 900, 900, 900, 0, 0, 0, 0, 0, 0
CTUN, 124069, 0, 0, 0, 0, 0.08, 0.09, 0, 0, 0, 3
ATT, 124080, 0, -1.4, 0, 0.02, 267.33, 267.33, 0, 0
RCIN, 124080, 900, 900, 900, 900, 900, 900, 900, 900, 0, 0, 0, 0, 0, 0
GPS, 1, 0, 0, 0, 99.99, 0, 0, 0.08, -17, 0, 0, 0, 124168
CTUN, 124169, 0, 0, 0, 0, 0.08, 0.09, 0, 0, 0, 3
ATT, 124178, 0, -1.4, 0, 0.02, 267.33, 267.33, 0, 0
RCIN, 124178, 900, 900, 900, 900, 900, 900, 900, 900, 0, 0, 0, 0, 0, 0
CTUN, 124268, 0, 0, 0, 0, 0.09, 0.22, 0, 0, 0, 3
ATT, 124277, 0, -1.4, 0, 0.02, 267.33, 267.33, 0, 0
RCIN, 124277, 900, 900, 900, 900, 900, 900, 900, 900, 0, 0, 0, 0, 0, 0
GPS, 1, 0, 0, 0, 99.99, 0, 0, 0.1, -17, 0, 0, 0, 124368
CTUN, 124369, 0, 0, 0, 0, 0.1, 0.15, 0, 0, 0, 3
ATT, 124378, 0, -1.4, 0, 0.02, 267.32, 267.32, 0, 0
RCIN, 124378, 900, 900, 900, 900, 900, 900, 900, 900, 0, 0, 0, 0, 0, 0
CTUN, 124468, 0, 0, 0, 0, 0.11, 0.13, 0, 0, 0, 4
ATT, 124477, 0, -1.4, 0, 0.02, 267.32, 267.32, 0, 0
RCIN, 124478, 900, 900, 900, 900, 900, 900, 900, 900, 0, 0, 0, 0, 0, 0
GPS, 1, 0, 0, 0, 99.99, 0, 0, 0.11, -17, 0, 0, 0, 124569
CTUN, 124570, 0, 0, 0, 0, 0.11, -0.04, 0, 0, 0, 4
DU32, 7, 663768
CURR, 124571, 0, 0, 0, 0, 5006, 0
ATT, 124580, 0, -1.4, 0, 0.03, 267.32, 267.32, 0, 0
RCIN, 124580, 900, 900, 900, 900, 900, 900, 900, 900, 0, 0, 0, 0, 0, 0
CTUN, 124669, 0, 0, 0, 0, 0.11, -0.06, 0, 0, 0, 3
ATT, 124678, 0, -1.4, 0, 0.03, 267.31, 267.31, 0, 0
RCIN, 124678, 900, 900, 900, 900, 900, 900, 900, 900, 0, 0, 0, 0, 0, 0
GPS, 1, 0, 0, 0, 99.99, 0, 0, 0.1, -17, 0, 0, 0, 124767
CTUN, 124769, 0, 0, 0, 0, 0.1, 0.15, 0, 0, 0, 3
ATT, 124778, 0, -1.4, 0, 0.03, 267.31, 267.31, 0, 0
RCIN, 124778, 900, 900, 900, 900, 900, 900, 900, 900, 0, 0, 0, 0, 0, 0
CTUN, 124869, 0, 0, 0, 0, 0.11, 0.21, 0, 0, 0, 3
ATT, 124879, 0, -1.4, 0, 0.03, 267.31, 267.31, 0, 0
RCIN, 124879, 900, 900, 900, 900, 900, 900, 900, 900, 0, 0, 0, 0, 0, 0
GPS, 1, 0, 0, 0, 99.99, 0, 0, 0.12, -17, 0, 0, 0, 124967
CTUN, 124969, 0, 0, 0, 0, 0.12, 0.11, 0, 0, 0, 3
ATT, 124978, 0, -1.4, 0, 0.03, 267.31, 267.31, 0, 0
RCIN, 124978, 900, 900, 900, 900, 900, 900, 900, 900, 0, 0, 0, 0, 0, 0
CTUN, 125069, 0, 0, 0, 0, 0.12, 0.38, 0, 0, 0, 3
ATT, 125079, 0, -1.4, 0, 0.02, 267.31, 267.31, 0, 0
RCIN, 125080, 900, 900, 900, 900, 900, 900, 900, 900, 0, 0, 0, 0, 0, 0
GPS, 1, 0, 0, 0, 99.99, 0, 0, 0.14, -17, 0, 0, 0, 125167
CTUN, 125169, 0, 0, 0, 0, 0.14, 0, 0, 0, 0, 4
ATT, 125178, 0, -1.4, 0, 0.02, 267.3, 267.3, 0, 0
RCIN, 125178, 900, 900, 900, 900, 900, 900, 900, 900, 0, 0, 0, 0, 0, 0
CTUN, 125268, 0, 0, 0, 0, 0.14, 0.1, 0, 0, 0, 3
ATT, 125277, 0, -1.4, 0, 0.02, 267.3, 267.3, 0, 0
RCIN, 125277, 900, 900, 900, 900, 900, 900, 900, 900, 0, 0, 0, 0, 0, 0
GPS, 1, 0, 0, 0, 99.99, 0, 0, 0.14, -17, 0, 0, 0, 125368
CTUN, 125370, 0, 0, 0, 0, 0.14, 0.43, 0, 0, 0, 4
ATT, 125379, 0, -1.4, 0, 0.02, 267.29, 267.29, 0, 0
RCIN, 125379, 900, 900, 900, 900, 900, 900, 900, 900, 0, 0, 0, 0, 0, 0
CTUN, 125468, 0, 0, 0, 0, 0.16, 0.15, 0, 0, 0, 4
ATT, 125477, 0, -1.4, 0, 0.02, 267.29, 267.29, 0, 0
RCIN, 125478, 900, 900, 900, 900, 900, 900, 900, 900, 0, 0, 0, 0, 0, 0
GPS, 1, 0, 0, 0, 99.99, 0, 0, 0.16, -17, 0, 0, 0, 125567
CTUN, 125569, 0, 0, 0, 0, 0.16, 0.15, 0, 0, 0, 4
DU32, 7, 663768
CURR, 125570, 0, 0, 0, 0, 5028, 0
ATT, 125580, 0, -1.4, 0, 0.02, 267.29, 267.29, 0, 0
RCIN, 125580, 900, 900, 900, 900, 900, 900, 900, 900, 0, 0, 0, 0, 0, 0
PM, 32, 1000, 37756, 11, 0, 0, 0
CTUN, 125668, 0, 0, 0, 0, 0.17, 0.38, 0, 0, 0, 4
ATT, 125678, 0, -1.4, 0, 0.02, 267.29, 267.29, 0, 0
RCIN, 125678, 900, 900, 900, 900, 900, 900, 900, 900, 0, 0, 0, 0, 0, 0
GPS, 1, 0, 0, 0, 99.99, 0, 0, 0.19, -17, 0, 0, 0, 125767
CTUN, 125769, 0, 0, 0, 0, 0.19, 0.26, 0, 0, 0, 4
ATT, 125777, 0, -1.4, 0, 0.02, 267.29, 267.29, 0, 0
RCIN, 125777, 900, 900, 900, 900, 900, 900, 900, 900, 0, 0, 0, 0, 0, 0
CTUN, 125869, 0, 0, 0, 0, 0.2, 0.02, 0, 0, 0, 4
ATT, 125879, 0, -1.4, 0, 0.02, 267.28, 267.28, 0, 0
RCIN, 125879, 900, 900, 900, 900, 900, 900, 900, 900, 0, 0, 0, 0, 0, 0
GPS, 1, 0, 0, 0, 99.99, 0, 0, 0.19, -17, 0, 0, 0, 125967
CTUN, 125969, 0, 0, 0, 0, 0.19, 0.11, 0, 0, 0, 4
ATT, 125977, 0, -1.4, 0, 0.02, 267.28, 267.28, 0, 0
RCIN, 125977, 900, 900, 900, 900, 900, 900, 900, 900, 0, 0, 0, 0, 0, 0
CTUN, 126068, 0, 0, 0, 0, 0.19, 0.04, 0, 0, 0, 4
ATT, 126077, 0, -1.39, 0, 0.02, 267.28, 267.28, 0, 0
RCIN, 126078, 900, 900, 900, 900, 900, 900, 900, 900, 0, 0, 0, 0, 0, 0
GPS, 1, 0, 0, 0, 99.99, 0, 0, 0.19, -17, 0, 0, 0, 126168
CTUN, 126169, 0, 0, 0, 0, 0.19, 0.24, 0, 0, 0, 4
ATT, 126178, 0, -1.4, 0, 0.02, 267.28, 267.28, 0, 0
RCIN, 126178, 900, 900, 900, 900, 900, 900, 900, 900, 0, 0, 0, 0, 0, 0
CTUN, 126268, 0, 0, 0, 0, 0.2, 0.4, 0, 0, 0, 4
ATT, 126278, 0, -1.4, 0, 0.02, 267.27, 267.27, 0, 0
RCIN, 126278, 900, 900, 900, 900, 900, 900, 900, 900, 0, 0, 0, 0, 0, 0
GPS, 1, 0, 0, 0, 99.99, 0, 0, 0.21, -17, 0, 0, 0, 126368
CTUN, 126369, 0, 0, 0, 0, 0.21, 0.27, 0, 0, 0, 4
ATT, 126378, 0, -1.4, 0, 0.02, 267.27, 267.27, 0, 0
RCIN, 126378, 900, 900, 900, 900, 900, 900, 900, 900, 0, 0, 0, 0, 0, 0
CTUN, 126468, 0, 0, 0, 0, 0.22, 0.09, 0, 0, 0, 4
ATT, 126477, 0, -1.4, 0, 0.02, 267.27, 267.27, 0, 0
RCIN, 126477, 900, 900, 900, 900, 900, 900, 900, 900, 0, 0, 0, 0, 0, 0
GPS, 1, 0, 0, 0, 99.99, 0, 0, 0.22, -17, 0, 0, 0, 126567
CTUN, 126569, 0, 0, 0, 0, 0.22, 0.39, 0, 0, 0, 4
DU32, 7, 663768
CURR, 126570, 0, 0, 0, 0, 4940, 0
ATT, 126578, 0, -1.4, 0, 0.02, 267.26, 267.26, 0, 0
RCIN, 126578, 900, 900, 900, 900, 900, 900, 900, 900, 0, 0, 0, 0, 0, 0
CTUN, 126668, 0, 0, 0, 0, 0.23, 0.13, 0, 0, 0, 5
ATT, 126678, 0, -1.4, 0, 0.01, 267.26, 267.26, 0, 0
RCIN, 126679, 900, 900, 900, 900, 900, 900, 900, 900, 0, 0, 0, 0, 0, 0
GPS, 1, 0, 0, 0, 99.99, 0, 0, 0.23, -17, 0, 0, 0, 126767
CTUN, 126769, 0, 0, 0, 0, 0.23, 0.24, 0, 0, 0, 4
ATT, 126777, 0, -1.4, 0, 0.01, 267.27, 267.27, 0, 0
RCIN, 126778, 900, 900, 900, 900, 900, 900, 900, 900, 0, 0, 0, 0, 0, 0
CTUN, 126868, 0, 0, 0, 0, 0.24, 0.35, 0, 0, 0, 4
ATT, 126878, 0, -1.4, 0, 0.01, 267.26, 267.26, 0, 0
RCIN, 126878, 900, 900, 900, 900, 900, 900, 900, 900, 0, 0, 0, 0, 0, 0
GPS, 1, 0, 0, 0, 99.99, 0, 0, 0.25, -17, 0, 0, 0, 126967
CTUN, 126969, 0, 0, 0, 0, 0.25, 0.43, 0, 0, 0, 5
ATT, 126978, 0, -1.4, 0, 0.01, 267.26, 267.26, 0, 0
RCIN, 126978, 900, 900, 900, 900, 900, 900, 900, 900, 0, 0, 0, 0, 0, 0
CTUN, 127069, 0, 0, 0, 0, 0.27, 0.17, 0, 0, 0, 5
ATT, 127077, 0, -1.4, 0, 0.01, 267.26, 267.26, 0, 0
RCIN, 127077, 900, 900, 900, 900, 900, 900, 900, 900, 0, 0, 0, 0, 0, 0
GPS, 1, 0, 0, 0, 99.99, 0, 0, 0.27, -17, 0, 0, 0, 127167
CTUN, 127169, 0, 0, 0, 0, 0.27, 0.12, 0, 0, 0, 5
ATT, 127177, 0, -1.41, 0, 0.01, 267.26, 267.26, 0, 0
RCIN, 127178, 900, 900, 900, 900, 900, 900, 900, 900, 0, 0, 0, 0, 0, 0
CTUN, 127269, 0, 0, 0, 0, 0.26, 0.32, 0, 0, 0, 5
ATT, 127277, 0, -1.41, 0, 0.01, 267.26, 267.26, 0, 0
RCIN, 127277, 900, 900, 900, 900, 900, 900, 900, 900, 0, 0, 0, 0, 0, 0
GPS, 1, 0, 0, 0, 99.99, 0, 0, 0.27, -17, 0, 0, 0, 127367
CTUN, 127369, 0, 0, 0, 0, 0.27, 0.1, 0, 0, 0, 5
ATT, 127378, 0, -1.41, 0, 0.01, 267.26, 267.26, 0, 0
RCIN, 127378, 900, 900, 900, 900, 900, 900, 900, 900, 0, 0, 0, 0, 0, 0
CTUN, 127469, 0, 0, 0, 0, 0.27, -0.05, 0, 0, 0, 5
ATT, 127478, 0, -1.4, 0, 0.01, 267.25, 267.25, 0, 0
RCIN, 127478, 900, 900, 900, 900, 900, 900, 900, 900, 0, 0, 0, 0, 0, 0
GPS, 1, 0, 0, 0, 99.99, 0, 0, 0.25, -17, 0, 0, 0, 127567
CTUN, 127569, 0, 0, 0, 0, 0.25, 0.38, 0, 0, 0, 4
DU32, 7, 663768
CURR, 127570, 0, 0, 0, 0, 5006, 0
ATT, 127578, 0, -1.41, 0, 0.01, 267.25, 267.25, 0, 0
RCIN, 127578, 900, 900, 900, 900, 900, 900, 900, 900, 0, 0, 0, 0, 0, 0
CTUN, 127669, 0, 0, 0, 0, 0.27, 0.2, 0, 0, 0, 5
ATT, 127678, 0, -1.41, 0, 0, 267.25, 267.25, 0, 0
RCIN, 127678, 900, 900, 900, 900, 900, 900, 900, 900, 0, 0, 0, 0, 0, 0
GPS, 1, 0, 0, 0, 99.99, 0, 0, 0.27, -17, 0, 0, 0, 127767
CTUN, 127769, 0, 0, 0, 0, 0.27, 0.26, 0, 0, 0, 5
ATT, 127777, 0, -1.41, 0, 0, 267.25, 267.25, 0, 0
RCIN, 127778, 900, 900, 900, 900, 900, 900, 900, 900, 0, 0, 0, 0, 0, 0
CTUN, 127868, 0, 0, 0, 0, 0.27, 0.34, 0, 0, 0, 5
ATT, 127879, 0, -1.41, 0, 0, 267.25, 267.25, 0, 0
RCIN, 127880, 900, 900, 900, 900, 900, 900, 900, 900, 0, 0, 0, 0, 0, 0
GPS, 1, 0, 0, 0, 99.99, 0, 0, 0.28, -17, 0, 0, 0, 127967
CTUN, 127969, 0, 0, 0, 0, 0.28, 0.24, 0, 0, 0, 5
ATT, 127977, 0, -1.41, 0, 0, 267.25, 267.25, 0, 0
RCIN, 127977, 900, 900, 900, 900, 900, 900, 900, 900, 0, 0, 0, 0, 0, 0
CTUN, 128068, 0, 0, 0, 0, 0.29, 0.35, 0, 0, 0, 5
ATT, 128077, 0, -1.41, 0, 0, 267.25, 267.25, 0, 0
RCIN, 128077, 900, 900, 900, 900, 900, 900, 900, 900, 0, 0, 0, 0, 0, 0
GPS, 1, 0, 0, 0, 99.99, 0, 0, 0.3, -17, 0, 0, 0, 128167
CTUN, 128169, 0, 0, 0, 0, 0.3, 0.47, 0, 0, 0, 5
ATT, 128178, 0, -1.41, 0, 0, 267.25, 267.25, 0, 0
RCIN, 128178, 900, 900, 900, 900, 900, 900, 900, 900, 0, 0, 0, 0, 0, 0
CTUN, 128268, 0, 0, 0, 0, 0.31, -0.02, 0, 0, 0, 5
ATT, 128277, 0, -1.41, 0, 0, 267.25, 267.25, 0, 0
RCIN, 128277, 900, 900, 900, 900, 900, 900, 900, 900, 0, 0, 0, 0, 0, 0
GPS, 1, 0, 0, 0, 99.99, 0, 0, 0.3, -17, 0, 0, 0, 128367
CTUN, 128369, 0, 0, 0, 0, 0.3, 0.15, 0, 0, 0, 4
ATT, 128378, 0, -1.41, 0, 0, 267.24, 267.24, 0, 0
RCIN, 128378, 900, 900, 900, 900, 900, 900, 900, 900, 0, 0, 0, 0, 0, 0
CTUN, 128468, 0, 0, 0, 0, 0.29, 0.29, 0, 0, 0, 4
ATT, 128478, 0, -1.41, 0, 0, 267.24, 267.24, 0, 0
RCIN, 128478, 900, 900, 900, 900, 900, 900, 900, 900, 0, 0, 0, 0, 0, 0
GPS, 1, 0, 0, 0, 99.99, 0, 0, 0.3, -17, 0, 0, 0, 128567
CTUN, 128569, 0, 0, 0, 0, 0.3, 0.4, 0, 0, 0, 4
DU32, 7, 663768
CURR, 128570, 0, 0, 0, 0, 5028, 0
ATT, 128578, 0, -1.41, 0, 0, 267.24, 267.24, 0, 0
RCIN, 128579, 900, 900, 900, 900, 900, 900, 900, 900, 0, 0, 0, 0, 0, 0
CTUN, 128668, 0, 0, 0, 0, 0.31, 0.29, 0, 0, 0, 4
ATT, 128677, 0, -1.41, 0, 0, 267.25, 267.25, 0, 0
RCIN, 128678, 900, 900, 900, 900, 900, 900, 900, 900, 0, 0, 0, 0, 0, 0
GPS, 1, 0, 0, 0, 99.99, 0, 0, 0.31, -17, 0, 0, 0, 128767
CTUN, 128769, 0, 0, 0, 0, 0.31, 0.23, 0, 0, 0, 4
ATT, 128777, 0, -1.41, 0, 0, 267.24, 267.24, 0, 0
RCIN, 128778, 900, 900, 900, 900, 900, 900, 900, 900, 0, 0, 0, 0, 0, 0
CTUN, 128868, 0, 0, 0, 0, 0.31, 0.36, 0, 0, 0, 4
ATT, 128877, 0, -1.41, 0, -0.01, 267.24, 267.24, 0, 0
RCIN, 128877, 900, 900, 900, 900, 900, 900, 900, 900, 0, 0, 0, 0, 0, 0
GPS, 1, 0, 0, 0, 99.99, 0, 0, 0.32, -17, 0, 0, 0, 128967
CTUN, 128969, 0, 0, 0, 0, 0.32, 0.3, 0, 0, 0, 4
ATT, 128977, 0, -1.41, 0, -0.01, 267.24, 267.24, 0, 0
RCIN, 128977, 900, 900, 900, 900, 900, 900, 900, 900, 0, 0, 0, 0, 0, 0
CTUN, 129068, 0, 0, 0, 0, 0.33, 0.45, 0, 0, 0, 4
ATT, 129077, 0, -1.41, 0, -0.01, 267.24, 267.24, 0, 0
RCIN, 129078, 900, 900, 900, 900, 900, 900, 900, 900, 0, 0, 0, 0, 0, 0
GPS, 1, 0, 0, 0, 99.99, 0, 0, 0.34, -17, 0, 0, 0, 129167
CTUN, 129169, 0, 0, 0, 0, 0.34, 0.43, 0, 0, 0, 5
ATT, 129177, 0, -1.41, 0, -0.01, 267.24, 267.24, 0, 0
RCIN, 129178, 900, 900, 900, 900, 900, 900, 900, 900, 0, 0, 0, 0, 0, 0
CTUN, 129268, 0, 0, 0, 0, 0.35, 0.04, 0, 0, 0, 5
ATT, 129278, 0, -1.41, 0, -0.01, 267.24, 267.24, 0, 0
RCIN, 129278, 900, 900, 900, 900, 900, 900, 900, 900, 0, 0, 0, 0, 0, 0
GPS, 1, 0, 0, 0, 99.99, 0, 0, 0.34, -17, 0, 0, 0, 129367
CTUN, 129369, 0, 0, 0, 0, 0.34, 0.18, 0, 0, 0, 4
ATT, 129378, 0, -1.41, 0, -0.01, 267.24, 267.24, 0, 0
RCIN, 129378, 900, 900, 900, 900, 900, 900, 900, 900, 0, 0, 0, 0, 0, 0
CTUN, 129468, 0, 0, 0, 0, 0.33, 0.22, 0, 0, 0, 4
ATT, 129478, 0, -1.41, 0, -0.01, 267.24, 267.24, 0, 0
RCIN, 129478, 900, 900, 900, 900, 900, 900, 900, 900, 0, 0, 0, 0, 0, 0
GPS, 1, 0, 0, 0, 99.99, 0, 0, 0.33, -17, 0, 0, 0, 129567
CTUN, 129569, 0, 0, 0, 0, 0.33, 0.21, 0, 0, 0, 4
DU32, 7, 663768
CURR, 129570, 0, 0, 0, 0, 5006, 0
ATT, 129578, 0, -1.41, 0, -0.01, 267.24, 267.24, 0, 0
RCIN, 129578, 900, 900, 900, 900, 900, 900, 900, 900, 0, 0, 0, 0, 0, 0
CTUN, 129668, 0, 0, 0, 0, 0.33, 0.32, 0, 0, 0, 4
ATT, 129677, 0, -1.41, 0, -0.01, 267.23, 267.23, 0, 0
RCIN, 129677, 900, 900, 900, 900, 900, 900, 900, 900, 0, 0, 0, 0, 0, 0
GPS, 1, 0, 0, 0, 99.99, 0, 0, 0.33, -17, 0, 0, 0, 129767
CTUN, 129769, 0, 0, 0, 0, 0.33, 0.48, 0, 0, 0, 4
ATT, 129777, 0, -1.42, 0, -0.01, 267.23, 267.23, 0, 0
RCIN, 129777, 900, 900, 900, 900, 900, 900, 900, 900, 0, 0, 0, 0, 0, 0
CTUN, 129868, 0, 0, 0, 0, 0.35, 0.15, 0, 0, 0, 4
ATT, 129878, 0, -1.42, 0, -0.01, 267.23, 267.23, 0, 0
RCIN, 129878, 900, 900, 900, 900, 900, 900, 900, 900, 0, 0, 0, 0, 0, 0
GPS, 1, 0, 0, 0, 99.99, 0, 0, 0.34, -17, 0, 0, 0, 129967
CTUN, 129969, 0, 0, 0, 0, 0.34, 0.41, 0, 0, 0, 4
ATT, 129977, 0, -1.42, 0, -0.01, 267.23, 267.23, 0, 0
RCIN, 129977, 900, 900, 900, 900, 900, 900, 900, 900, 0, 0, 0, 0, 0, 0
CTUN, 130068, 0, 0, 0, 0, 0.35, 0.54, 0, 0, 0, 4
ATT, 130077, 0, -1.41, 0, -0.01, 267.23, 267.23, 0, 0
RCIN, 130077, 900, 900, 900, 900, 900, 900, 900, 900, 0, 0, 0, 0, 0, 0
GPS, 1, 0, 0, 0, 99.99, 0, 0, 0.36, -17, 0, 0, 0, 130167
CTUN, 130169, 0, 0, 0, 0, 0.36, 0.38, 0, 0, 0, 5
ATT, 130178, 0, -1.41, 0, -0.01, 267.23, 267.23, 0, 0
RCIN, 130179, 900, 900, 900, 900, 900, 900, 900, 900, 0, 0, 0, 0, 0, 0
CTUN, 130268, 0, 0, 0, 0, 0.37, 0.41, 0, 0, 0, 5
ATT, 130277, 0, -1.41, 0, -0.02, 267.23, 267.23, 0, 0
RCIN, 130277, 900, 900, 900, 900, 900, 900, 900, 900, 0, 0, 0, 0, 0, 0
GPS, 1, 0, 0, 0, 99.99, 0, 0, 0.38, -17, 0, 0, 0, 130367
CTUN, 130369, 0, 0, 0, 0, 0.38, 0.32, 0, 0, 0, 5
ATT, 130377, 0, -1.41, 0, -0.02, 267.23, 267.23, 0, 0
RCIN, 130377, 900, 900, 900, 900, 900, 900, 900, 900, 0, 0, 0, 0, 0, 0
CTUN, 130468, 0, 0, 0, 0, 0.38, 0.4, 0, 0, 0, 5
ATT, 130477, 0, -1.41, 0, -0.02, 267.23, 267.23, 0, 0
RCIN, 130477, 900, 900, 900, 900, 900, 900, 900, 900, 0, 0, 0, 0, 0, 0
GPS, 1, 0, 0, 0, 99.99, 0, 0, 0.39, -17, 0, 0, 0, 130567
CTUN, 130569, 0, 0, 0, 0, 0.39, 0.46, 0, 0, 0, 5
DU32, 7, 663768
CURR, 130570, 0, 0, 0, 0, 5006, 0
ATT, 130578, 0, -1.41, 0, -0.02, 267.23, 267.23, 0, 0
RCIN, 130578, 900, 900, 900, 900, 900, 900, 900, 900, 0, 0, 0, 0, 0, 0
CTUN, 130668, 0, 0, 0, 0, 0.4, 0.09, 0, 0, 0, 5
ATT, 130677, 0, -1.41, 0, -0.02, 267.23, 267.23, 0, 0
RCIN, 130678, 900, 900, 900, 900, 900, 900, 900, 900, 0, 0, 0, 0, 0, 0
GPS, 1, 0, 0, 0, 99.99, 0, 0, 0.38, -17, 0, 0, 0, 130767
CTUN, 130769, 0, 0, 0, 0, 0.38, 0.61, 0, 0, 0, 4
ATT, 130778, 0, -1.41, 0, -0.02, 267.23, 267.23, 0, 0
RCIN, 130778, 900, 900, 900, 900, 900, 900, 900, 900, 0, 0, 0, 0, 0, 0
CTUN, 130868, 0, 0, 0, 0, 0.4, 0.32, 0, 0, 0, 5
ATT, 130877, 0, -1.41, 0, -0.02, 267.23, 267.23, 0, 0
RCIN, 130877, 900, 900, 900, 900, 900, 900, 900, 900, 0, 0, 0, 0, 0, 0
GPS, 1, 0, 0, 0, 99.99, 0, 0, 0.4, -17, 0, 0, 0, 130967
CTUN, 130969, 0, 0, 0, 0, 0.4, 0.32, 0, 0, 0, 5
ATT, 130977, 0, -1.41, 0, -0.02, 267.22, 267.22, 0, 0
RCIN, 130977, 900, 900, 900, 900, 900, 900, 900, 900, 0, 0, 0, 0, 0, 0
CTUN, 131068, 0, 0, 0, 0, 0.4, 0.4, 0, 0, 0, 4
ATT, 131077, 0, -1.41, 0, -0.03, 267.22, 267.22, 0, 0
RCIN, 131077, 900, 900, 900, 900, 900, 900, 900, 900, 0, 0, 0, 0, 0, 0
GPS, 1, 0, 0, 0, 99.99, 0, 0, 0.41, -17, 0, 0, 0, 131167
CTUN, 131169, 0, 0, 0, 0, 0.41, 0.47, 0, 0, 0, 5
ATT, 131177, 0, -1.41, 0, -0.05, 267.16, 267.16, 0, 0
RCIN, 131178, 900, 900, 900, 900, 900, 900, 900, 900, 0, 0, 0, 0, 0, 0
CTUN, 131268, 0, 0, 0, 0, 0.42, 0.39, 0, 0, 0, 5
ATT, 131278, 0, -1.45, 0, -0.04, 267.18, 267.18, 0, 0
RCIN, 131279, 900, 900, 900, 900, 900, 900, 900, 900, 0, 0, 0, 0, 0, 0
GPS, 1, 0, 0, 0, 99.99, 0, 0, 0.42, -17, 0, 0, 0, 131367
CTUN, 131369, 0, 0, 0, 0, 0.42, 0.18, 0, 0, 0, 5
ATT, 131377, 0, -1.64, 0, -0.06, 267.19, 267.19, 0, 0
RCIN, 131378, 900, 900, 900, 900, 900, 900, 900, 900, 0, 0, 0, 0, 0, 0
CTUN, 131468, 0, 0, 0, 0, 0.41, 0.48, 0, 0, 0, 4
ATT, 131477, 0, -1.59, 0, -0.1, 267.11, 267.11, 0, 0
RCIN, 131477, 900, 900, 900, 900, 900, 900, 900, 900, 0, 0, 0, 0, 0, 0
GPS, 1, 0, 0, 0, 99.99, 0, 0, 0.42, -17, 0, 0, 0, 131569
CTUN, 131570, 0, 0, 0, 0, 0.42, 0.3, 0, 0, 0, 4
DU32, 7, 663768
CURR, 131577, 0, 0, 0, 0, 5006, 0
ATT, 131579, 0, -1.46, 0, -0.1, 267.08, 267.08, 0, 0
RCIN, 131579, 900, 900, 900, 900, 900, 900, 900, 900, 0, 0, 0, 0, 0, 0
CTUN, 131668, 0, 0, 0, 0, 0.42, 0.59, 0, 0, 0, 4
ATT, 131677, 0, -1.43, 0, -0.1, 267.11, 267.11, 0, 0
RCIN, 131677, 900, 900, 900, 900, 900, 900, 900, 900, 0, 0, 0, 0, 0, 0
GPS, 1, 0, 0, 0, 99.99, 0, 0, 0.44, -17, 0, 0, 0, 131767
CTUN, 131769, 0, 0, 0, 0, 0.44, 0.39, 0, 0, 0, 5
ATT, 131778, 0, -1.49, 0, -0.09, 267.13, 267.13, 0, 0
RCIN, 131778, 900, 900, 900, 900, 900, 900, 900, 900, 0, 0, 0, 0, 0, 0
CTUN, 131868, 0, 0, 0, 0, 0.44, 0.43, 0, 0, 0, 5
ATT, 131878, 0, -1.61, 0, -0.1, 267.16, 267.16, 0, 0
RCIN, 131878, 900, 900, 900, 900, 900, 900, 900, 900, 0, 0, 0, 0, 0, 0
GPS, 1, 0, 0, 0, 99.99, 0, 0, 0.44, -17, 0, 0, 0, 131967
CTUN, 131969, 0, 0, 0, 0, 0.44, 0.53, 0, 0, 0, 4
ATT, 131978, 0, -1.62, 0, -0.1, 267.16, 267.16, 0, 0
RCIN, 131978, 900, 900, 900, 900, 900, 900, 900, 900, 0, 0, 0, 0, 0, 0
CTUN, 132068, 0, 0, 0, 0, 0.45, 0.29, 0, 0, 0, 5
ATT, 132077, 0, -1.67, 0, -0.12, 267.14, 267.14, 0, 0
RCIN, 132077, 900, 900, 900, 900, 900, 900, 900, 900, 0, 0, 0, 0, 0, 0
GPS, 1, 0, 0, 0, 99.99, 0, 0, 0.45, -17, 0, 0, 0, 132167
CTUN, 132169, 0, 0, 0, 0, 0.45, 0.45, 0, 0, 0, 4
ATT, 132177, 0, -1.71, 0, -0.11, 267.14, 267.14, 0, 0
RCIN, 132177, 900, 900, 900, 900, 900, 900, 900, 900, 0, 0, 0, 0, 0, 0
CTUN, 132268, 0, 0, 0, 0, 0.46, 0.34, 0, 0, 0, 4
ATT, 132278, 0, -1.68, 0, -0.11, 267.11, 267.11, 0, 0
RCIN, 132278, 900, 900, 900, 900, 900, 900, 900, 900, 0, 0, 0, 0, 0, 0
GPS, 1, 0, 0, 0, 99.99, 0, 0, 0.45, -17, 0, 0, 0, 132368
CTUN, 132369, 0, 0, 0, 0, 0.45, 0.38, 0, 0, 0, 4
ATT, 132377, 0, -1.69, 0, -0.11, 267.12, 267.12, 0, 0
RCIN, 132377, 900, 900, 900, 900, 900, 900, 900, 900, 0, 0, 0, 0, 0, 0
CTUN, 132468, 0, 0, 0, 0, 0.45, 0.28, 0, 0, 0, 4
ATT, 132477, 0, -1.65, 0, -0.12, 267.12, 267.12, 0, 0
RCIN, 132478, 900, 900, 900, 900, 900, 900, 900, 900, 0, 0, 0, 0, 0, 0
GPS, 1, 0, 0, 0, 99.99, 0, 0, 0.45, -17, 0, 0, 0, 132567
CTUN, 132569, 0, 0, 0, 0, 0.45, 0.55, 0, 0, 0, 4
DU32, 7, 663768
CURR, 132576, 0, 0, 0, 0, 5028, 0
ATT, 132578, 0, -1.65, 0, -0.11, 267.12, 267.12, 0, 0
RCIN, 132578, 900, 900, 900, 900, 900, 900, 900, 900, 0, 0, 0, 0, 0, 0
CTUN, 132668, 0, 0, 0, 0, 0.46, 0.46, 0, 0, 0, 4
ATT, 132678, 0, -1.62, 0, -0.1, 267.13, 267.13, 0, 0
RCIN, 132678, 900, 900, 900, 900, 900, 900, 900, 900, 0, 0, 0, 0, 0, 0
GPS, 1, 0, 0, 0, 99.99, 0, 0, 0.47, -17, 0, 0, 0, 132767
CTUN, 132769, 0, 0, 0, 0, 0.47, 0.49, 0, 0, 0, 4
ATT, 132777, 0, -1.58, 0, -0.1, 267.13, 267.13, 0, 0
RCIN, 132777, 900, 900, 900, 900, 900, 900, 900, 900, 0, 0, 0, 0, 0, 0
CTUN, 132868, 0, 0, 0, 0, 0.47, 0.43, 0, 0, 0, 4
ATT, 132878, 0, -1.56, 0, -0.1, 267.12, 267.12, 0, 0
RCIN, 132878, 900, 900, 900, 900, 900, 900, 900, 900, 0, 0, 0, 0, 0, 0
GPS, 1, 0, 0, 0, 99.99, 0, 0, 0.48, -17, 0, 0, 0, 132967
CTUN, 132969, 0, 0, 0, 0, 0.48, 0.61, 0, 0, 0, 4
ATT, 132977, 0, -1.56, 0, -0.1, 267.13, 267.13, 0, 0
RCIN, 132978, 900, 900, 900, 900, 900, 900, 900, 900, 0, 0, 0, 0, 0, 0
CTUN, 133068, 0, 0, 0, 0, 0.49, 0.58, 0, 0, 0, 5
ATT, 133077, 0, -1.52, 0, -0.1, 267.13, 267.13, 0, 0
RCIN, 133077, 900, 900, 900, 900, 900, 900, 900, 900, 0, 0, 0, 0, 0, 0
GPS, 1, 0, 0, 0, 99.99, 0, 0, 0.5, -17, 0, 0, 0, 133167
CTUN, 133169, 0, 0, 0, 0, 0.5, 0.63, 0, 0, 0, 5
ATT, 133177, 0, -1.51, 0, -0.11, 267.12, 267.12, 0, 0
RCIN, 133177, 900, 900, 900, 900, 900, 900, 900, 900, 0, 0, 0, 0, 0, 0
CTUN, 133268, 0, 0, 0, 0, 0.51, 0.2, 0, 0, 0, 5
ATT, 133277, 0, -1.48, 0, -0.11, 267.11, 267.11, 0, 0
RCIN, 133277, 900, 900, 900, 900, 900, 900, 900, 900, 0, 0, 0, 0, 0, 0
GPS, 1, 0, 0, 0, 99.99, 0, 0, 0.5, -17, 0, 0, 0, 133367
CTUN, 133369, 0, 0, 0, 0, 0.5, 0.43, 0, 0, 0, 5
ATT, 133377, 0, -1.47, 0, -0.11, 267.11, 267.11, 0, 0
RCIN, 133377, 900, 900, 900, 900, 900, 900, 900, 900, 0, 0, 0, 0, 0, 0
CTUN, 133468, 0, 0, 0, 0, 0.5, 0.46, 0, 0, 0, 4
ATT, 133477, 0, -1.64, 0, -0.09, 267.12, 267.12, 0, 0
RCIN, 133477, 900, 900, 900, 900, 900, 900, 900, 900, 0, 0, 0, 0, 0, 0
GPS, 1, 0, 0, 0, 99.99, 0, 0, 0.5, -17, 0, 0, 0, 133567
CTUN, 133569, 0, 0, 0, 0, 0.5, 0.33, 0, 0, 0, 4
DU32, 7, 663768
CURR, 133576, 0, 0, 0, 0, 5006, 0
ATT, 133579, 0, -2.01, 0, -0.09, 267.25, 267.25, 0, 0
RCIN, 133579, 900, 900, 900, 900, 900, 900, 900, 900, 0, 0, 0, 0, 0, 0
CTUN, 133668, 0, 0, 0, 0, 0.5, 0.45, 0, 0, 0, 2
ATT, 133677, 0, -4.03, 0, -0.26, 267.25, 267.25, 0, 0
RCIN, 133677, 900, 900, 900, 900, 900, 900, 900, 900, 0, 0, 0, 0, 0, 0
GPS, 1, 0, 0, 0, 99.99, 0, 0, 0.5, -17, 0, 0, 0, 133767
CTUN, 133769, 0, 0, 0, 0, 0.5, 0.54, 0, 0, 0, 2
ATT, 133777, 0, -4.06, 0, -0.27, 267.23, 267.23, 0, 0
RCIN, 133777, 900, 900, 900, 900, 900, 900, 900, 900, 0, 0, 0, 0, 0, 0
CTUN, 133868, 0, 0, 0, 0, 0.5, 0.48, 0, 0, 0, 2
ATT, 133877, 0, -4.13, 0, -0.28, 267.16, 267.16, 0, 0
RCIN, 133878, 900, 900, 900, 900, 900, 900, 900, 900, 0, 0, 0, 0, 0, 0
GPS, 1, 0, 0, 0, 99.99, 0, 0, 0.5, -17, 0, 0, 0, 133968
CTUN, 133969, 0, 0, 0, 0, 0.5, 0.67, 0, 0, 0, 1
ATT, 133978, 0, -4.35, 0, -0.29, 267.12, 267.12, 0, 0
RCIN, 133978, 900, 900, 900, 900, 900, 900, 900, 900, 0, 0, 0, 0, 0, 0
CTUN, 134068, 0, 0, 0, 0, 0.52, 0.35, 0, 0, 0, 1
ATT, 134077, 0, -4.94, 0, -0.29, 267.16, 267.16, 0, 0
RCIN, 134077, 900, 900, 900, 900, 900, 900, 900, 900, 0, 0, 0, 0, 0, 0
GPS, 1, 0, 0, 0, 99.99, 0, 0, 0.51, -17, 0, 0, 0, 134167
CTUN, 134169, 0, 0, 0, 0, 0.51, 0.48, 0, 0, 0, 1
ATT, 134177, 0, -5.06, 0, -0.3, 267.14, 267.14, 0, 0
RCIN, 134178, 900, 900, 900, 900, 900, 900, 900, 900, 0, 0, 0, 0, 0, 0
CTUN, 134268, 0, 0, 0, 0, 0.51, 0.42, 0, 0, 0, 1
ATT, 134277, 0, -5.34, 0, -0.31, 267.12, 267.12, 0, 0
RCIN, 134277, 900, 900, 900, 900, 900, 900, 900, 900, 0, 0, 0, 0, 0, 0
GPS, 1, 0, 0, 0, 99.99, 0, 0, 0.5, -17, 0, 0, 0, 134368
CTUN, 134369, 0, 0, 0, 0, 0.5, 0.36, 0, 0, 0, 1
ATT, 134377, 0, -5.36, 0, -0.31, 267.13, 267.13, 0, 0
RCIN, 134377, 900, 900, 900, 900, 900, 900, 900, 900, 0, 0, 0, 0, 0, 0
CTUN, 134468, 0, 0, 0, 0, 0.5, 0.73, 0, 0, 0, 1
ATT, 134478, 0, -5.3, 0, -0.31, 267.12, 267.12, 0, 0
RCIN, 134478, 900, 900, 900, 900, 900, 900, 900, 900, 0, 0, 0, 0, 0, 0
GPS, 1, 0, 0, 0, 99.99, 0, 0, 0.51, -17, 0, 0, 0, 134568
CTUN, 134569, 0, 0, 0, 0, 0.51, 0.3, 0, 0, 0, 1
DU32, 7, 663768
CURR, 134576, 0, 0, 0, 0, 5028, 0
ATT, 134578, 0, -5.25, 0, -0.3, 267.12, 267.12, 0, 0
RCIN, 134578, 900, 900, 900, 900, 900, 900, 900, 900, 0, 0, 0, 0, 0, 0
CTUN, 134668, 0, 0, 0, 0, 0.5, 0.25, 0, 0, 0, 1
ATT, 134677, 0, -5.25, 0, -0.3, 267.12, 267.12, 0, 0
RCIN, 134677, 900, 900, 900, 900, 900, 900, 900, 900, 0, 0, 0, 0, 0, 0
GPS, 1, 0, 0, 0, 99.99, 0, 0, 0.49, -17, 0, 0, 0, 134767
CTUN, 134769, 0, 0, 0, 0, 0.49, 0.18, 0, 0, 0, 0
ATT, 134777, 0, -5.33, 0, -0.29, 267.15, 267.15, 0, 0
RCIN, 134777, 900, 900, 900, 900, 900, 900, 900, 900, 0, 0, 0, 0, 0, 0
CTUN, 134869, 0, 0, 0, 0, 0.47, 0.57, 0, 0, 0, 0
ATT, 134877, 0, -5.35, 0, -0.28, 267.19, 267.19, 0, 0
RCIN, 134877, 900, 900, 900, 900, 900, 900, 900, 900, 0, 0, 0, 0, 0, 0
GPS, 1, 0, 0, 0, 99.99, 0, 0, 0.48, -17, 0, 0, 0, 134967
CTUN, 134969, 0, 0, 0, 0, 0.48, 0.47, 0, 0, 0, 0
ATT, 134977, 0, -4.87, 0, -0.28, 267.2, 267.2, 0, 0
RCIN, 134977, 900, 900, 900, 900, 900, 900, 900, 900, 0, 0, 0, 0, 0, 0
CTUN, 135069, 0, 0, 0, 0, 0.48, 0.68, 0, 0, 0, 0
ATT, 135078, 0, -4.18, 0, -0.29, 267.03, 267.03, 0, 0
RCIN, 135078, 900, 900, 900, 900, 900, 900, 900, 900, 0, 0, 0, 0, 0, 0
GPS, 1, 0, 0, 0, 99.99, 0, 0, 0.49, -17, 0, 0, 0, 135167
CTUN, 135169, 0, 0, 0, 0, 0.49, 0.52, 0, 0, 0, 0
ATT, 135177, 0, -4.21, 0, -0.28, 267.17, 267.17, 0, 0
RCIN, 135177, 900, 900, 900, 900, 900, 900, 900, 900, 0, 0, 0, 0, 0, 0
CTUN, 135268, 0, 0, 0, 0, 0.49, 0.49, 0, 0, 0, 1
ATT, 135278, 0, -4.28, 0, -0.26, 267.22, 267.22, 0, 0
RCIN, 135278, 900, 900, 900, 900, 900, 900, 900, 900, 0, 0, 0, 0, 0, 0
GPS, 1, 0, 0, 0, 99.99, 0, 0, 0.49, -17, 0, 0, -6.938894E-18, 1501593749
FMT, 129, 23, PARM, Nf, Name,Value
FMT, 130, 45, GPS, BIHBcLLeeEefI, Status,TimeMS,Week,NSats,HDop,Lat,Lng,RelAlt,Alt,Spd,GCrs,VZ,T
FMT, 131, 31, IMU, Iffffff, TimeMS,GyrX,GyrY,GyrZ,AccX,AccY,AccZ
