FMT, 128, 89, FMT, BBnNZ, Type,Length,Name,Format,Columns
FMT, 129, 23, PARM, Nf, Name,Value
FMT, 130, 45, GPS, BIHBcLLeeEefI, Status,TimeMS,Week,NSats,HDop,Lat,Lng,RelAlt,Alt,Spd,GCrs,VZ,T
FMT, 131, 31, IMU, Iffffff, TimeMS,GyrX,GyrY,GyrZ,AccX,AccY,AccZ
FMT, 132, 67, MSG, Z, Message
FMT, 133, 35, RCIN, Ihhhhhhhhhhhhhh, TimeMS,C1,C2,C3,C4,C5,C6,C7,C8,C9,C10,C11,C12,C13,C14
FMT, 134, 23, RCOU, Ihhhhhhhh, TimeMS,Chan1,Chan2,Chan3,Chan4,Chan5,Chan6,Chan7,Chan8
FMT, 136, 21, BARO, Iffcf, TimeMS,Alt,Press,Temp,CRt
FMT, 137, 13, POWR, ICCH, TimeMS,Vcc,VServo,Flags
FMT, 145, 41, CMD, IHHHfffffff, TimeMS,CTot,CNum,CId,Prm1,Prm2,Prm3,Prm4,Lat,Lng,Alt
FMT, 146, 16, RAD, IBBBBBHH, TimeMS,RSSI,RemRSSI,TxBuf,Noise,RemNoise,RxErrors,Fixed
FMT, 148, 31, CAM, IHLLeeccC, GPSTime,GPSWeek,Lat,Lng,Alt,RelAlt,Roll,Pitch,Yaw
FMT, 25, 25, ATUN, BBfffff, Axis,TuneStep,RateMin,RateMax,RPGain,RDGain,SPGain
FMT, 26, 9, ATDE, cf, Angle,Rate
FMT, 9, 23, CURR, IhIhhhf, TimeMS,ThrOut,ThrInt,Volt,Curr,Vcc,CurrTot
FMT, 12, 20, OF, hhBccee, Dx,Dy,SQual,X,Y,Roll,Pitch
FMT, 5, 47, NTUN, Iffffffffff, TimeMS,DPosX,DPosY,PosX,PosY,DVelX,DVelY,VelX,VelY,DAccX,DAccY
FMT, 4, 33, CTUN, Ihhhffecchh, TimeMS,ThrIn,AngBst,ThrOut,DAlt,Alt,BarAlt,DSAlt,SAlt,DCRt,CRt
FMT, 15, 25, MAG, Ihhhhhhhhh, TimeMS,MagX,MagY,MagZ,OfsX,OfsY,OfsZ,MOfsX,MOfsY,MOfsZ
FMT, 6, 17, PM, HHIhBHB, NLon,NLoop,MaxT,PMT,I2CErr,INSErr,INAVErr
FMT, 1, 23, ATT, IccccCCCC, TimeMS,DesRoll,Roll,DesPitch,Pitch,DesYaw,Yaw,ErrRP,ErrYaw
FMT, 3, 6, MODE, Mh, Mode,ThrCrs
FMT, 10, 3, STRT, , 
FMT, 13, 4, EV, B, Id
FMT, 20, 6, D16, Bh, Id,Value
FMT, 21, 6, DU16, BH, Id,Value
FMT, 22, 8, D32, Bi, Id,Value
FMT, 23, 8, DU32, BI, Id,Value
FMT, 24, 8, DFLT, Bf, Id,Value
FMT, 19, 5, ERR, BB, Subsys,ECode
PARM, SYSID_SW_MREV, 120
PARM, SYSID_SW_TYPE, 10
PARM, SYSID_THISMAV, 1
PARM, SYSID_MYGCS, 255
PARM, SERIAL0_BAUD, 115
PARM, SERIAL1_BAUD, 57
PARM, TELEM_DELAY, 0
PARM, RTL_ALT, 1500
PARM, RNGFND_GAIN, 0.8
PARM, FS_BATT_ENABLE, 0
PARM, FS_BATT_VOLTAGE, 10.5
PARM, FS_BATT_MAH, 0
PARM, FS_GPS_ENABLE, 1
PARM, FS_GCS_ENABLE, 1
PARM, GPS_HDOP_GOOD, 230
PARM, MAG_ENABLE, 1
PARM, FLOW_ENABLE, 0
PARM, SUPER_SIMPLE, 0
PARM, RTL_ALT_FINAL, 0
PARM, RSSI_PIN, -1
PARM, RSSI_RANGE, 5
PARM, WP_YAW_BEHAVIOR, 2
PARM, RTL_LOIT_TIME, 5000
PARM, LAND_SPEED, 50
PARM, PILOT_VELZ_MAX, 250
PARM, PILOT_ACCEL_Z, 250
PARM, THR_MIN, 130
PARM, THR_MAX, 1000
PARM, FS_THR_ENABLE, 0
PARM, FS_THR_VALUE, 975
PARM, TRIM_THROTTLE, 450
PARM, THR_MID, 500
PARM, THR_DZ, 100
PARM, FLTMODE1, 0
PARM, FLTMODE2, 0
PARM, FLTMODE3, 0
PARM, FLTMODE4, 0
PARM, FLTMODE5, 0
PARM, FLTMODE6, 0
PARM, SIMPLE, 0
PARM, LOG_BITMASK, 894
PARM, ESC, 0
PARM, TUNE, 0
PARM, TUNE_LOW, 0
PARM, TUNE_HIGH, 1000
PARM, FRAME, 1
PARM, CH7_OPT, 0
PARM, CH8_OPT, 0
PARM, ARMING_CHECK, 0
PARM, ANGLE_MAX, 4500
PARM, RC_FEEL_RP, 100
PARM, PHLD_BRAKE_RATE, 8
PARM, PHLD_BRAKE_ANGLE, 3000
PARM, LAND_REPOSITION, 1
PARM, EKF_CHECK_THRESH, 0.8
PARM, DCM_CHECK_THRESH, 0.8
PARM, RC1_MIN, 1100
PARM, RC1_TRIM, 900
PARM, RC1_MAX, 1900
PARM, RC1_REV, 1
PARM, RC1_DZ, 30
PARM, RC2_MIN, 1100
PARM, RC2_TRIM, 900
PARM, RC2_MAX, 1900
PARM, RC2_REV, 1
PARM, RC2_DZ, 30
PARM, RC3_MIN, 1100
PARM, RC3_TRIM, 900
PARM, RC3_MAX, 1900
PARM, RC3_REV, 1
PARM, RC3_DZ, 30
PARM, RC4_MIN, 1100
PARM, RC4_TRIM, 900
PARM, RC4_MAX, 1900
PARM, RC4_REV, 1
PARM, RC4_DZ, 40
PARM, RC5_MIN, 1100
PARM, RC5_TRIM, 900
PARM, RC5_MAX, 1900
PARM, RC5_REV, 1
PARM, RC5_DZ, 0
PARM, RC5_FUNCTION, 0
PARM, RC6_MIN, 1100
PARM, RC6_TRIM, 900
PARM, RC6_MAX, 1900
PARM, RC6_REV, 1
PARM, RC6_DZ, 0
PARM, RC6_FUNCTION, 0
PARM, RC7_MIN, 1100
PARM, RC7_TRIM, 900
PARM, RC7_MAX, 1900
PARM, RC7_REV, 1
PARM, RC7_DZ, 0
PARM, RC7_FUNCTION, 0
PARM, RC8_MIN, 1100
PARM, RC8_TRIM, 900
PARM, RC8_MAX, 1900
PARM, RC8_REV, 1
PARM, RC8_DZ, 0
PARM, RC8_FUNCTION, 0
PARM, RC10_MIN, 1100
PARM, RC10_TRIM, 0
PARM, RC10_MAX, 1900
PARM, RC10_REV, 1
PARM, RC10_DZ, 0
PARM, RC10_FUNCTION, 0
PARM, RC11_MIN, 1100
PARM, RC11_TRIM, 0
PARM, RC11_MAX, 1900
PARM, RC11_REV, 1
PARM, RC11_DZ, 0
PARM, RC11_FUNCTION, 0
PARM, RC_SPEED, 490
PARM, ACRO_RP_P, 4.5
PARM, ACRO_YAW_P, 4.5
PARM, ACRO_BAL_ROLL, 1
PARM, ACRO_BAL_PITCH, 1
PARM, ACRO_TRAINER, 2
PARM, ACRO_EXPO, 0.3
PARM, RATE_RLL_P, 0.15
PARM, RATE_RLL_I, 0.1
PARM, RATE_RLL_D, 0.004
PARM, RATE_RLL_IMAX, 1000
PARM, RATE_PIT_P, 0.15
PARM, RATE_PIT_I, 0.1
PARM, RATE_PIT_D, 0.004
PARM, RATE_PIT_IMAX, 1000
PARM, RATE_YAW_P, 0.2
PARM, RATE_YAW_I, 0.02
PARM, RATE_YAW_D, 0
PARM, RATE_YAW_IMAX, 1000
PARM, LOITER_LAT_P, 1
PARM, LOITER_LAT_I, 0.5
PARM, LOITER_LAT_D, 0
PARM, LOITER_LAT_IMAX, 1000
PARM, LOITER_LON_P, 1
PARM, LOITER_LON_I, 0.5
PARM, LOITER_LON_D, 0
PARM, LOITER_LON_IMAX, 1000
PARM, THR_RATE_P, 5
PARM, THR_ACCEL_P, 0.5
PARM, THR_ACCEL_I, 1
PARM, THR_ACCEL_D, 0
PARM, THR_ACCEL_IMAX, 800
PARM, OF_RLL_P, 2.5
PARM, OF_RLL_I, 0.5
PARM, OF_RLL_D, 0.12
PARM, OF_RLL_IMAX, 100
PARM, OF_PIT_P, 2.5
PARM, OF_PIT_I, 0.5
PARM, OF_PIT_D, 0.12
PARM, OF_PIT_IMAX, 100
PARM, STB_RLL_P, 4.5
PARM, STB_PIT_P, 4.5
PARM, STB_YAW_P, 4.5
PARM, THR_ALT_P, 1
PARM, HLD_LAT_P, 1
PARM, CAM_TRIGG_TYPE, 0
PARM, CAM_DURATION, 10
PARM, CAM_SERVO_ON, 1300
PARM, CAM_SERVO_OFF, 1100
PARM, CAM_TRIGG_DIST, 0
PARM, RELAY_PIN, 13
PARM, RELAY_PIN2, -1
PARM, COMPASS_OFS_X, 67
PARM, COMPASS_OFS_Y, 130
PARM, COMPASS_OFS_Z, 43
PARM, COMPASS_DEC, 0.1408009
PARM, COMPASS_LEARN, 1
PARM, COMPASS_USE, 1
PARM, COMPASS_AUTODEC, 1
PARM, COMPASS_MOTCT, 0
PARM, COMPASS_MOT_X, 0
PARM, COMPASS_MOT_Y, 0
PARM, COMPASS_MOT_Z, 0
PARM, COMPASS_ORIENT, 8
PARM, COMPASS_EXTERNAL, 1
PARM, INS_PRODUCT_ID, 0
PARM, INS_ACCSCAL_X, 0.993845
PARM, INS_ACCSCAL_Y, 0.996743
PARM, INS_ACCSCAL_Z, 0.9828588
PARM, INS_ACCOFFS_X, -0.04287017
PARM, INS_ACCOFFS_Y, 0.2343776
PARM, INS_ACCOFFS_Z, -0.1386581
PARM, INS_GYROFFS_X, 0.004123851
PARM, INS_GYROFFS_Y, -0.02554659
PARM, INS_GYROFFS_Z, 0.007146233
PARM, INS_MPU6K_FILTER, 0
PARM, INAV_TC_XY, 2.5
PARM, INAV_TC_Z, 5
PARM, WPNAV_SPEED, 500
PARM, WPNAV_RADIUS, 200
PARM, WPNAV_SPEED_UP, 250
PARM, WPNAV_SPEED_DN, 150
PARM, WPNAV_LOIT_SPEED, 500
PARM, WPNAV_ACCEL, 100
PARM, WPNAV_ACCEL_Z, 100
PARM, WPNAV_LOIT_JERK, 1000
PARM, CIRCLE_RADIUS, 1000
PARM, CIRCLE_RATE, 20
PARM, ATC_RATE_RP_MAX, 18000
PARM, ATC_RATE_Y_MAX, 9000
PARM, ATC_SLEW_YAW, 1000
PARM, ATC_ACCEL_RP_MAX, 0
PARM, ATC_ACCEL_Y_MAX, 0
PARM, ATC_RATE_FF_ENAB, 0
PARM, POSCON_THR_HOVER, 450
PARM, SR0_RAW_SENS, 2
PARM, SR0_EXT_STAT, 2
PARM, SR0_RC_CHAN, 2
PARM, SR0_RAW_CTRL, 2
PARM, SR0_POSITION, 3
PARM, SR0_EXTRA1, 10
PARM, SR0_EXTRA2, 10
PARM, SR0_EXTRA3, 3
PARM, SR0_PARAMS, 10
PARM, SR1_RAW_SENS, 2
PARM, SR1_EXT_STAT, 2
PARM, SR1_RC_CHAN, 2
PARM, SR1_RAW_CTRL, 2
PARM, SR1_POSITION, 2
PARM, SR1_EXTRA1, 2
PARM, SR1_EXTRA2, 2
PARM, SR1_EXTRA3, 2
PARM, SR1_PARAMS, 0
PARM, AHRS_GPS_GAIN, 1
PARM, AHRS_GPS_USE, 1
PARM, AHRS_YAW_P, 0.1
PARM, AHRS_RP_P, 0.1
PARM, AHRS_WIND_MAX, 0
PARM, AHRS_TRIM_X, 0.003329636
PARM, AHRS_TRIM_Y, 0.006029837
PARM, AHRS_TRIM_Z, 0
PARM, AHRS_ORIENTATION, 0
PARM, AHRS_COMP_BETA, 0.1
PARM, AHRS_GPS_MINSATS, 6
PARM, MNT_MODE, 0
PARM, MNT_RETRACT_X, 0
PARM, MNT_RETRACT_Y, 0
PARM, MNT_RETRACT_Z, 0
PARM, MNT_NEUTRAL_X, 0
PARM, MNT_NEUTRAL_Y, 0
PARM, MNT_NEUTRAL_Z, 0
PARM, MNT_CONTROL_X, 0
PARM, MNT_CONTROL_Y, 0
PARM, MNT_CONTROL_Z, 0
PARM, MNT_STAB_ROLL, 0
PARM, MNT_STAB_TILT, 0
PARM, MNT_STAB_PAN, 0
PARM, MNT_RC_IN_ROLL, 0
PARM, MNT_ANGMIN_ROL, -4500
PARM, MNT_ANGMAX_ROL, 4500
PARM, MNT_RC_IN_TILT, 0
PARM, MNT_ANGMIN_TIL, -4500
PARM, MNT_ANGMAX_TIL, 4500
PARM, MNT_RC_IN_PAN, 0
PARM, MNT_ANGMIN_PAN, -4500
PARM, MNT_ANGMAX_PAN, 4500
PARM, MNT_JSTICK_SPD, 0
PARM, BATT_MONITOR, 0
PARM, BATT_VOLT_PIN, -1
PARM, BATT_CURR_PIN, -1
PARM, BATT_VOLT_MULT, 10.1
PARM, BATT_AMP_PERVOLT, 17
PARM, BATT_AMP_OFFSET, 0
PARM, BATT_CAPACITY, 3300
PARM, BATT_VOLT2_PIN, -1
PARM, BATT_VOLT2_MULT, 1
PARM, GND_ABS_PRESS, 41526.07
PARM, GND_TEMP, 35.24499
PARM, GND_ALT_OFFSET, 0
PARM, GPS_TYPE, 1
PARM, GPS_NAVFILTER, 8
PARM, SCHED_DEBUG, 0
PARM, FENCE_ENABLE, 0
PARM, FENCE_TYPE, 3
PARM, FENCE_ACTION, 1
PARM, FENCE_ALT_MAX, 100
PARM, FENCE_RADIUS, 300
PARM, FENCE_MARGIN, 2
PARM, GPSGLITCH_ENABLE, 1
PARM, GPSGLITCH_RADIUS, 200
PARM, GPSGLITCH_ACCEL, 1000
PARM, BAROGLTCH_ENABLE, 1
PARM, BAROGLTCH_DIST, 500
PARM, BAROGLTCH_ACCEL, 1500
PARM, MOT_TCRV_ENABLE, 1
PARM, MOT_TCRV_MIDPCT, 52
PARM, MOT_TCRV_MAXPCT, 93
PARM, MOT_SPIN_ARMED, 70
PARM, RCMAP_ROLL, 1
PARM, RCMAP_PITCH, 2
PARM, RCMAP_THROTTLE, 3
PARM, RCMAP_YAW, 4
PARM, MIS_TOTAL, 0
PARM, MIS_RESTART, 0
PARM, RNGFND_TYPE, 0
PARM, RNGFND_PIN, -1
PARM, RNGFND_SCALING, 3
PARM, RNGFND_OFFSET, 0
PARM, RNGFND_FUNCTION, 0
PARM, RNGFND_MIN_CM, 20
PARM, RNGFND_MAX_CM, 700
PARM, RNGFND_STOP_PIN, -1
PARM, RNGFND_SETTLE_MS, 0
PARM, RNGFND_RMETRIC, 1
MSG, ArduCopter V3.2.1 (36b405fb)
MSG, Frame: QUAD
MODE, Stabilize, 450
EV, 10
MODE, Stabilize, 450
GPS, 1, 164624000, 2004, 0, 99.99, 39.9202993, -105.1130825, 0, 1743.65, 1.24, 145.74, 0, 42962
ERR, 7, 1
CTUN, 43021, 0, 0, 0, 0, 0, -0.08, 0, 0, 0, -1
ATT, 43030, 0, 0.15, 0, -0.14, 301.07, 301.07, 0, 0
RCIN, 43030, 900, 900, 900, 900, 900, 900, 900, 900, 0, 0, 0, 0, 0, 0
GPS, 1, 164624000, 2004, 0, 99.99, 39.9203125, -105.1131021, 0, 1743.65, 1.24, 145.74, 0, 43100
CTUN, 43121, 0, 0, 0, 0, 0, -0.1, 0, 0, 0, -1
ATT, 43130, 0, 0.15, 0, -0.14, 301.06, 301.06, 0, 0
RCIN, 43130, 900, 900, 900, 900, 900, 900, 900, 900, 0, 0, 0, 0, 0, 0
CTUN, 43221, 0, 0, 0, 0, 0, -0.23, 0, 0, 0, -1
ATT, 43230, 0, 0.15, 0, -0.14, 301.06, 301.06, 0, 0
RCIN, 43231, 900, 900, 900, 900, 900, 900, 900, 900, 0, 0, 0, 0, 0, 0
GPS, 1, 164624000, 2004, 0, 99.99, 39.920314, -105.1131043, -0.01, 1743.65, 1.24, 145.74, 0, 43300
CTUN, 43321, 0, 0, 0, 0, -0.01, 0, 0, 0, 0, -2
ATT, 43330, 0, 0.15, 0, -0.14, 301.06, 301.06, 0, 0
RCIN, 43330, 900, 900, 900, 900, 900, 900, 900, 900, 0, 0, 0, 0, 0, 0
CTUN, 43421, 0, 0, 0, 0, -0.01, -0.06, 0, 0, 0, -2
ATT, 43430, 0, 0.15, 0, -0.14, 301.06, 301.06, 0, 0
RCIN, 43430, 900, 900, 900, 900, 900, 900, 900, 900, 0, 0, 0, 0, 0, 0
GPS, 1, 164624000, 2004, 0, 99.99, 39.9203154, -105.1131065, -0.02, 1743.65, 1.24, 145.74, 0, 43501
CTUN, 43521, 0, 0, 0, 0, -0.02, -0.37, 0, 0, 0, -2
DU32, 7, 663769
CURR, 43522, 0, 0, 0, 0, 5028, 0
ATT, 43530, 0, 0.16, 0, -0.14, 301.06, 301.06, 0, 0
RCIN, 43530, 900, 900, 900, 900, 900, 900, 900, 900, 0, 0, 0, 0, 0, 0
CTUN, 43621, 0, 0, 0, 0, -0.04, -0.23, 0, 0, 0, -2
ATT, 43630, 0, 0.15, 0, -0.14, 301.06, 301.06, 0, 0.55
RCIN, 43630, 900, 900, 900, 900, 900, 900, 900, 900, 0, 0, 0, 0, 0, 0
GPS, 1, 164624000, 2004, 0, 99.99, 39.9203169, -105.1131087, -0.05, 1743.65, 1.24, 145.74, 0, 43700
CTUN, 43721, 0, 0, 0, 0, -0.06, -0.13, 0, 0, 0, -2
ATT, 43731, 0, 0.15, 0, -0.14, 301.31, 301.31, 0, 0.55
RCIN, 43731, 900, 900, 900, 900, 900, 900, 900, 900, 0, 0, 0, 0, 0, 0
CTUN, 43821, 0, 0, 0, 0, -0.06, 0, 0, 0, 0, -2
ATT, 43830, 0, 0.16, 0, -0.14, 301.55, 301.55, 0, 0.01
RCIN, 43830, 900, 900, 900, 900, 900, 900, 900, 900, 0, 0, 0, 0, 0, 0
GPS, 1, 164624000, 2004, 0, 99.99, 39.9203184, -105.1131108, -0.06, 1743.65, 1.24, 145.74, 0, 43900
CTUN, 43921, 0, 0, 0, 0, -0.06, 0.29, 0, 0, 0, -2
ATT, 43930, 0, 0.16, 0, -0.14, 301.55, 301.55, 0, 0.55
RCIN, 43930, 900, 900, 900, 900, 900, 900, 900, 900, 0, 0, 0, 0, 0, 0
CTUN, 44021, 0, 0, 0, 0, -0.04, -0.1, 0, 0, 0, -2
ATT, 44031, 0, 0.16, 0, -0.14, 301.8, 301.8, 0, 0.54
RCIN, 44031, 900, 900, 900, 900, 900, 900, 900, 900, 0, 0, 0, 0, 0, 0
GPS, 1, 164624000, 2004, 0, 99.99, 39.9203198, -105.113113, -0.05, 1743.65, 1.24, 145.74, 0, 44100
CTUN, 44121, 0, 0, 0, 0, -0.05, -0.08, 0, 0, 0, -2
ATT, 44130, 0, 0.16, 0, -0.14, 302.04, 302.04, 0, 0.01
RCIN, 44130, 900, 900, 900, 900, 900, 900, 900, 900, 0, 0, 0, 0, 0, 0
CTUN, 44221, 0, 0, 0, 0, -0.05, -0.02, 0, 0, 0, -2
ATT, 44230, 0, 0.16, 0, -0.14, 302.03, 302.03, 0, 0.02
RCIN, 44231, 900, 900, 900, 900, 900, 900, 900, 900, 0, 0, 0, 0, 0, 0
GPS, 1, 164624000, 2004, 0, 99.99, 39.9203213, -105.1131152, -0.05, 1743.65, 1.24, 145.74, 0, 44300
CTUN, 44321, 0, 0, 0, 0, -0.05, 0.04, 0, 0, 0, -2
ATT, 44330, 0, 0.15, 0, -0.14, 302.02, 302.02, 0, 0.01
RCIN, 44330, 900, 900, 900, 900, 900, 900, 900, 900, 0, 0, 0, 0, 0, 0
CTUN, 44421, 0, 0, 0, 0, -0.05, -0.09, 0, 0, 0, -2
ATT, 44430, 0, 0.15, 0, -0.14, 302.01, 302.01, 0, 0.02
RCIN, 44431, 900, 900, 900, 900, 900, 900, 900, 900, 0, 0, 0, 0, 0, 0
GPS, 1, 164624000, 2004, 0, 99.99, 39.9203228, -105.1131174, -0.06, 1743.65, 1.24, 145.74, 0, 44500
CTUN, 44521, 0, 0, 0, 0, -0.06, 0.09, 0, 0, 0, -2
DU32, 7, 663769
CURR, 44522, 0, 0, 0, 0, 5028, 0
ATT, 44530, 0, 0.15, 0, -0.15, 302, 302, 0, 0.01
RCIN, 44531, 900, 900, 900, 900, 900, 900, 900, 900, 0, 0, 0, 0, 0, 0
CTUN, 44621, 0, 0, 0, 0, -0.05, -0.02, 0, 0, 0, -2
ATT, 44630, 0, 0.15, 0, -0.14, 301.99, 301.99, 0, 0.02
RCIN, 44630, 900, 900, 900, 900, 900, 900, 900, 900, 0, 0, 0, 0, 0, 0
GPS, 1, 164624000, 2004, 0, 99.99, 39.9203242, -105.1131196, -0.05, 1743.65, 1.24, 145.74, 0, 44700
CTUN, 44721, 0, 0, 0, 0, -0.05, -0.1, 0, 0, 0, -2
ATT, 44730, 0, 0.15, 0, -0.15, 301.99, 301.99, 0, 0.01
RCIN, 44731, 900, 900, 900, 900, 900, 900, 900, 900, 0, 0, 0, 0, 0, 0
CTUN, 44821, 0, 0, 0, 0, -0.06, -0.32, 0, 0, 0, -2
ATT, 44830, 0, 0.15, 0, -0.15, 301.98, 301.98, 0, 0.02
RCIN, 44830, 900, 900, 900, 900, 900, 900, 900, 900, 0, 0, 0, 0, 0, 0
GPS, 1, 164624000, 2004, 0, 99.99, 39.9203257, -105.1131217, -0.07, 1743.65, 1.24, 145.74, 0, 44900
CTUN, 44921, 0, 0, 0, 0, -0.07, -0.1, 0, 0, 0, -2
ATT, 44930, 0, 0.15, 0, -0.15, 301.97, 301.97, 0, 0.02
RCIN, 44931, 900, 900, 900, 900, 900, 900, 900, 900, 0, 0, 0, 0, 0, 0
CTUN, 45021, 0, 0, 0, 0, -0.08, -0.15, 0, 0, 0, -2
ATT, 45030, 0, 0.15, 0, -0.15, 301.96, 301.96, 0, 0.01
RCIN, 45030, 900, 900, 900, 900, 900, 900, 900, 900, 0, 0, 0, 0, 0, 0
GPS, 1, 164624000, 2004, 0, 99.99, 39.9203272, -105.1131239, -0.09, 1743.65, 1.24, 145.74, 0, 45100
CTUN, 45121, 0, 0, 0, 0, -0.09, 0.05, 0, 0, 0, -2
ATT, 45130, 0, 0.15, 0, -0.15, 301.95, 301.95, 0, 0.54
RCIN, 45131, 900, 900, 900, 900, 900, 900, 900, 900, 0, 0, 0, 0, 0, 0
CTUN, 45221, 0, 0, 0, 0, -0.08, -0.22, 0, 0, 0, -2
ATT, 45231, 0, 0.15, 0, -0.15, 302.2, 302.2, 0, 0.02
RCIN, 45231, 900, 900, 900, 900, 900, 900, 900, 900, 0, 0, 0, 0, 0, 0
GPS, 1, 164624000, 2004, 0, 99.99, 39.9203286, -105.1131261, -0.09, 1743.65, 1.24, 145.74, 0, 45300
CTUN, 45322, 0, 0, 0, 0, -0.09, -0.21, 0, 0, 0, -3
ATT, 45331, 0, 0.15, 0, -0.15, 302.19, 302.19, 0, 0.02
RCIN, 45331, 900, 900, 900, 900, 900, 900, 900, 900, 0, 0, 0, 0, 0, 0
CTUN, 45421, 0, 0, 0, 0, -0.1, -0.05, 0, 0, 0, -3
ATT, 45431, 0, 0.15, 0, -0.15, 302.18, 302.18, 0, 0.02
RCIN, 45431, 900, 900, 900, 900, 900, 900, 900, 900, 0, 0, 0, 0, 0, 0
GPS, 1, 164624000, 2004, 0, 99.99, 39.9203301, -105.1131283, -0.1, 1743.65, 1.24, 145.74, 0, 45500
CTUN, 45521, 0, 0, 0, 0, -0.1, -0.09, 0, 0, 0, -3
DU32, 7, 663769
CURR, 45522, 0, 0, 0, 0, 5006, 0
PM, 13, 1000, 1817960, 12, 0, 0, 255
ATT, 45531, 0, 0.15, 0, -0.15, 302.17, 302.17, 0, 0.02
RCIN, 45531, 900, 900, 900, 900, 900, 900, 900, 900, 0, 0, 0, 0, 0, 0
CTUN, 45621, 0, 0, 0, 0, -0.11, -0.12, 0, 0, 0, -3
ATT, 45630, 0, 0.15, 0, -0.15, 302.16, 302.16, 0, 0.02
RCIN, 45630, 900, 900, 900, 900, 900, 900, 900, 900, 0, 0, 0, 0, 0, 0
GPS, 1, 164624000, 2004, 0, 99.99, 39.9203316, -105.1131305, -0.11, 1743.65, 1.24, 145.74, 0, 45700
CTUN, 45721, 0, 0, 0, 0, -0.11, -0.12, 0, 0, 0, -3
ATT, 45730, 0, 0.15, 0, -0.15, 302.14, 302.14, 0, 0.02
RCIN, 45730, 900, 900, 900, 900, 900, 900, 900, 900, 0, 0, 0, 0, 0, 0
CTUN, 45821, 0, 0, 0, 0, -0.11, 0.09, 0, 0, 0, -3
ATT, 45830, 0, 0.15, 0, -0.15, 302.13, 302.13, 0, 0.02
RCIN, 45830, 900, 900, 900, 900, 900, 900, 900, 900, 0, 0, 0, 0, 0, 0
GPS, 1, 164624000, 2004, 0, 99.99, 39.920333, -105.1131326, -0.11, 1743.65, 1.24, 145.74, 0, 45900
CTUN, 45921, 0, 0, 0, 0, -0.11, -0.07, 0, 0, 0, -3
ATT, 45930, 0, 0.15, 0, -0.15, 302.12, 302.12, 0, 0.02
RCIN, 45930, 900, 900, 900, 900, 900, 900, 900, 900, 0, 0, 0, 0, 0, 0
CTUN, 46021, 0, 0, 0, 0, -0.11, -0.19, 0, 0, 0, -3
ATT, 46030, 0, 0.14, 0, -0.15, 302.11, 302.11, 0, 0.02
RCIN, 46030, 900, 900, 900, 900, 900, 900, 900, 900, 0, 0, 0, 0, 0, 0
GPS, 1, 164624000, 2004, 0, 99.99, 39.9203345, -105.1131348, -0.11, 1743.65, 1.24, 145.74, 0, 46100
CTUN, 46121, 0, 0, 0, 0, -0.12, -0.11, 0, 0, 0, -3
ATT, 46130, 0, 0.14, 0, -0.15, 302.1, 302.1, 0, 0.02
RCIN, 46130, 900, 900, 900, 900, 900, 900, 900, 900, 0, 0, 0, 0, 0, 0
CTUN, 46221, 0, 0, 0, 0, -0.12, 0.04, 0, 0, 0, -3
ATT, 46230, 0, 0.14, 0, -0.15, 302.09, 302.09, 0, 0.02
RCIN, 46230, 900, 900, 900, 900, 900, 900, 900, 900, 0, 0, 0, 0, 0, 0
GPS, 1, 164624000, 2004, 0, 99.99, 39.920336, -105.113137, -0.11, 1743.65, 1.24, 145.74, 0, 46300
CTUN, 46321, 0, 0, 0, 0, -0.11, -0.02, 0, 0, 0, -3
ATT, 46330, 0, 0.14, 0, -0.15, 302.08, 302.08, 0, 0.01
RCIN, 46330, 900, 900, 900, 900, 900, 900, 900, 900, 0, 0, 0, 0, 0, 0
CTUN, 46422, 0, 0, 0, 0, -0.11, 0.07, 0, 0, 0, -3
ATT, 46431, 0, 0.14, 0, -0.15, 302.07, 302.07, 0, 0.02
RCIN, 46431, 900, 900, 900, 900, 900, 900, 900, 900, 0, 0, 0, 0, 0, 0
GPS, 1, 164624000, 2004, 0, 99.99, 39.9203374, -105.1131392, -0.1, 1743.65, 1.24, 145.74, 0, 46500
CTUN, 46521, 0, 0, 0, 0, -0.1, -0.02, 0, 0, 0, -3
DU32, 7, 663769
CURR, 46522, 0, 0, 0, 0, 5051, 0
ATT, 46530, 0, 0.14, 0, -0.14, 302.06, 302.06, 0, 0.02
RCIN, 46530, 900, 900, 900, 900, 900, 900, 900, 900, 0, 0, 0, 0, 0, 0
CTUN, 46621, 0, 0, 0, 0, -0.1, -0.28, 0, 0, 0, -3
ATT, 46631, 0, 0.14, 0, -0.14, 302.05, 302.05, 0, 0.02
RCIN, 46631, 900, 900, 900, 900, 900, 900, 900, 900, 0, 0, 0, 0, 0, 0
GPS, 1, 164624000, 2004, 0, 99.99, 39.9203389, -105.1131414, -0.11, 1743.65, 1.24, 145.74, 0, 46700
CTUN, 46721, 0, 0, 0, 0, -0.12, -0.29, 0, 0, 0, -3
ATT, 46730, 0, 0.14, 0, -0.14, 302.04, 302.04, 0, 0.02
RCIN, 46731, 900, 900, 900, 900, 900, 900, 900, 900, 0, 0, 0, 0, 0, 0
CTUN, 46821, 0, 0, 0, 0, -0.13, -0.12, 0, 0, 0, -3
ATT, 46831, 0, 0.14, 0, -0.14, 302.03, 302.03, 0, 0.54
RCIN, 46832, 900, 900, 900, 900, 900, 900, 900, 900, 0, 0, 0, 0, 0, 0
GPS, 1, 164624000, 2004, 0, 99.99, 39.9203404, -105.1131435, -0.13, 1743.65, 1.24, 145.74, 0, 46900
CTUN, 46921, 0, 0, 0, 0, -0.13, -0.02, 0, 0, 0, -3
ATT, 46930, 0, 0.14, 0, -0.15, 302.28, 302.28, 0, 0.02
RCIN, 46931, 900, 900, 900, 900, 900, 900, 900, 900, 0, 0, 0, 0, 0, 0
CTUN, 47021, 0, 0, 0, 0, -0.13, 0.1, 0, 0, 0, -3
ATT, 47031, 0, 0.14, 0, -0.15, 302.26, 302.26, 0, 0.54
RCIN, 47031, 900, 900, 900, 900, 900, 900, 900, 900, 0, 0, 0, 0, 0, 0
GPS, 1, 164624000, 2004, 0, 99.99, 39.9203418, -105.1131457, -0.12, 1743.65, 0, 145.74, 0, 47100
CTUN, 47121, 0, 0, 0, 0, -0.12, -0.03, 0, 0, 0, -3
ATT, 47130, 0, 0.14, 0, -0.15, 302.51, 302.51, 0, 0.02
RCIN, 47130, 900, 900, 900, 900, 900, 900, 900, 900, 0, 0, 0, 0, 0, 0
CTUN, 47221, 0, 0, 0, 0, -0.12, -0.11, 0, 0, 0, -3
ATT, 47230, 0, 0.14, 0, -0.15, 302.5, 302.5, 0, 0.02
RCIN, 47230, 900, 900, 900, 900, 900, 900, 900, 900, 0, 0, 0, 0, 0, 0
GPS, 1, 164624000, 2004, 0, 99.99, 39.9203418, -105.1131457, -0.12, 1743.65, 0, 145.74, 0, 47300
CTUN, 47321, 0, 0, 0, 0, -0.12, -0.06, 0, 0, 0, -3
ATT, 47330, 0, 0.14, 0, -0.15, 302.48, 302.48, 0, 0.02
RCIN, 47331, 900, 900, 900, 900, 900, 900, 900, 900, 0, 0, 0, 0, 0, 0
CTUN, 47421, 0, 0, 0, 0, -0.12, -0.05, 0, 0, 0, -3
ATT, 47430, 0, 0.14, 0, -0.14, 302.47, 302.47, 0, 0.02
RCIN, 47430, 900, 900, 900, 900, 900, 900, 900, 900, 0, 0, 0, 0, 0, 0
GPS, 1, 164624000, 2004, 0, 99.99, 39.9203418, -105.1131457, -0.12, 1743.65, 0, 145.74, 0, 47500
CTUN, 47521, 0, 0, 0, 0, -0.12, -0.3, 0, 0, 0, -3
DU32, 7, 663769
CURR, 47522, 0, 0, 0, 0, 5006, 0
ATT, 47530, 0, 0.14, 0, -0.14, 302.46, 302.46, 0, 0.02
RCIN, 47531, 900, 900, 900, 900, 900, 900, 900, 900, 0, 0, 0, 0, 0, 0
CTUN, 47621, 0, 0, 0, 0, -0.13, 0.05, 0, 0, 0, -3
ATT, 47630, 0, 0.14, 0, -0.14, 302.45, 302.45, 0, 0.02
RCIN, 47630, 900, 900, 900, 900, 900, 900, 900, 900, 0, 0, 0, 0, 0, 0
GPS, 1, 164624000, 2004, 0, 99.99, 39.9203418, -105.1131457, -0.13, 1743.65, 0, 145.74, 0, 47700
CTUN, 47721, 0, 0, 0, 0, -0.13, -0.05, 0, 0, 0, -3
ATT, 47730, 0, 0.14, 0, -0.14, 302.44, 302.44, 0, 0.02
RCIN, 47730, 900, 900, 900, 900, 900, 900, 900, 900, 0, 0, 0, 0, 0, 0
CTUN, 47821, 0, 0, 0, 0, -0.12, -0.12, 0, 0, 0, -3
ATT, 47830, 0, 0.14, 0, -0.14, 302.42, 302.42, 0, 0.02
RCIN, 47831, 900, 900, 900, 900, 900, 900, 900, 900, 0, 0, 0, 0, 0, 0
GPS, 1, 164624000, 2004, 0, 99.99, 39.9203418, -105.1131457, -0.13, 1743.65, 0, 145.74, 0, 47900
CTUN, 47921, 0, 0, 0, 0, -0.13, -0.11, 0, 0, 0, -3
ATT, 47930, 0, 0.13, 0, -0.14, 302.41, 302.41, 0, 0.02
RCIN, 47931, 900, 900, 900, 900, 900, 900, 900, 900, 0, 0, 0, 0, 0, 0
CTUN, 48021, 0, 0, 0, 0, -0.13, -0.09, 0, 0, 0, -3
ATT, 48031, 0, 0.13, 0, -0.14, 302.39, 302.39, 0, 0.02
RCIN, 48031, 900, 900, 900, 900, 900, 900, 900, 900, 0, 0, 0, 0, 0, 0
GPS, 1, 164624000, 2004, 0, 99.99, 39.9203418, -105.1131457, -0.13, 1743.65, 0, 145.74, 0, 48100
CTUN, 48121, 0, 0, 0, 0, -0.13, -0.15, 0, 0, 0, -3
ATT, 48130, 0, 0.13, 0, -0.14, 302.38, 302.38, 0, 0.02
RCIN, 48130, 900, 900, 900, 900, 900, 900, 900, 900, 0, 0, 0, 0, 0, 0
CTUN, 48221, 0, 0, 0, 0, -0.14, -0.2, 0, 0, 0, -3
ATT, 48231, 0, 0.13, 0, -0.14, 302.38, 302.38, 0, 0.02
RCIN, 48231, 900, 900, 900, 900, 900, 900, 900, 900, 0, 0, 0, 0, 0, 0
GPS, 1, 164624000, 2004, 0, 99.99, 39.9203418, -105.1131457, -0.14, 1743.65, 0, 145.74, 0, 48301
CTUN, 48321, 0, 0, 0, 0, -0.14, 0.09, 0, 0, 0, -3
ATT, 48330, 0, 0.13, 0, -0.14, 302.37, 302.37, 0, 0.02
RCIN, 48330, 900, 900, 900, 900, 900, 900, 900, 900, 0, 0, 0, 0, 0, 0
CTUN, 48421, 0, 0, 0, 0, -0.13, -0.01, 0, 0, 0, -3
ATT, 48430, 0, 0.13, 0, -0.14, 302.36, 302.36, 0, 0.02
RCIN, 48431, 900, 900, 900, 900, 900, 900, 900, 900, 0, 0, 0, 0, 0, 0
GPS, 1, 164624000, 2004, 0, 99.99, 39.9203418, -105.1131457, -0.13, 1743.65, 0, 145.74, 0, 48500
CTUN, 48521, 0, 0, 0, 0, -0.13, -0.15, 0, 0, 0, -3
DU32, 7, 663769
CURR, 48522, 0, 0, 0, 0, 5028, 0
ATT, 48530, 0, 0.13, 0, -0.14, 302.35, 302.35, 0, 0.02
RCIN, 48530, 900, 900, 900, 900, 900, 900, 900, 900, 0, 0, 0, 0, 0, 0
CTUN, 48621, 0, 0, 0, 0, -0.13, -0.13, 0, 0, 0, -3
ATT, 48630, 0, 0.12, 0, -0.14, 302.35, 302.35, 0, 0.02
RCIN, 48630, 900, 900, 900, 900, 900, 900, 900, 900, 0, 0, 0, 0, 0, 0
GPS, 1, 164624000, 2004, 0, 99.99, 39.9203418, -105.1131457, -0.14, 1743.65, 0, 145.74, 0, 48700
CTUN, 48721, 0, 0, 0, 0, -0.14, -0.03, 0, 0, 0, -3
ATT, 48730, 0, 0.12, 0, -0.13, 302.34, 302.34, 0, 0.02
RCIN, 48730, 900, 900, 900, 900, 900, 900, 900, 900, 0, 0, 0, 0, 0, 0
CTUN, 48821, 0, 0, 0, 0, -0.13, -0.16, 0, 0, 0, -3
ATT, 48830, 0, 0.12, 0, -0.13, 302.33, 302.33, 0, 0.02
RCIN, 48830, 900, 900, 900, 900, 900, 900, 900, 900, 0, 0, 0, 0, 0, 0
GPS, 1, 164624000, 2004, 0, 99.99, 39.9203418, -105.1131457, -0.14, 1743.65, 0, 145.74, 0, 48900
CTUN, 48921, 0, 0, 0, 0, -0.14, -0.01, 0, 0, 0, -3
ATT, 48931, 0, 0.12, 0, -0.13, 302.33, 302.33, 0, 0.02
RCIN, 48931, 900, 900, 900, 900, 900, 900, 900, 900, 0, 0, 0, 0, 0, 0
CTUN, 49021, 0, 0, 0, 0, -0.13, -0.06, 0, 0, 0, -3
ATT, 49031, 0, 0.12, 0, -0.13, 302.32, 302.32, 0, 0.02
RCIN, 49031, 900, 900, 900, 900, 900, 900, 900, 900, 0, 0, 0, 0, 0, 0
GPS, 1, 164624000, 2004, 0, 99.99, 39.9203418, -105.1131457, -0.13, 1743.65, 0, 145.74, 0, 49100
CTUN, 49121, 0, 0, 0, 0, -0.13, 0.05, 0, 0, 0, -3
ATT, 49130, 0, 0.11, 0, -0.13, 302.31, 302.31, 0, 0.55
RCIN, 49130, 900, 900, 900, 900, 900, 900, 900, 900, 0, 0, 0, 0, 0, 0
CTUN, 49221, 0, 0, 0, 0, -0.12, -0.25, 0, 0, 0, -2
ATT, 49230, 0, 0.11, 0, -0.13, 302.56, 302.56, 0, 0.54
RCIN, 49230, 900, 900, 900, 900, 900, 900, 900, 900, 0, 0, 0, 0, 0, 0
GPS, 1, 164624000, 2004, 0, 99.99, 39.9203418, -105.1131457, -0.13, 1743.65, 0, 145.74, 0, 49300
CTUN, 49321, 0, 0, 0, 0, -0.14, -0.13, 0, 0, 0, -3
ATT, 49330, 0, 0.11, 0, -0.13, 302.81, 302.81, 0, 0.03
RCIN, 49330, 900, 900, 900, 900, 900, 900, 900, 900, 0, 0, 0, 0, 0, 0
CTUN, 49421, 0, 0, 0, 0, -0.14, -0.07, 0, 0, 0, -3
ATT, 49430, 0, 0.11, 0, -0.13, 302.8, 302.8, 0, 0.03
RCIN, 49431, 900, 900, 900, 900, 900, 900, 900, 900, 0, 0, 0, 0, 0, 0
GPS, 1, 164624000, 2004, 0, 99.99, 39.9203418, -105.1131457, -0.14, 1743.65, 0, 145.74, 0, 49501
CTUN, 49521, 0, 0, 0, 0, -0.14, 0.02, 0, 0, 0, -3
DU32, 7, 663769
CURR, 49522, 0, 0, 0, 0, 4940, 0
ATT, 49530, 0, 0.11, 0, -0.13, 302.8, 302.8, 0, 0.53
RCIN, 49530, 900, 900, 900, 900, 900, 900, 900, 900, 0, 0, 0, 0, 0, 0
CTUN, 49621, 0, 0, 0, 0, -0.13, 0.03, 0, 0, 0, -2
ATT, 49630, 0, 0.11, 0, -0.13, 303.04, 303.04, 0, 0.53
RCIN, 49630, 900, 900, 900, 900, 900, 900, 900, 900, 0, 0, 0, 0, 0, 0
GPS, 1, 164624000, 2004, 0, 99.99, 39.9203418, -105.1131457, -0.13, 1743.65, 0, 145.74, 0, 49702
CTUN, 49721, 0, 0, 0, 0, -0.12, -0.18, 0, 0, 0, -2
ATT, 49730, 0, 0.11, 0, -0.13, 303.29, 303.29, 0, 0.04
RCIN, 49731, 900, 900, 900, 900, 900, 900, 900, 900, 0, 0, 0, 0, 0, 0
CTUN, 49821, 0, 0, 0, 0, -0.13, -0.31, 0, 0, 0, -2
ATT, 49830, 0, 0.11, 0, -0.13, 303.27, 303.27, 0, 0.04
RCIN, 49830, 900, 900, 900, 900, 900, 900, 900, 900, 0, 0, 0, 0, 0, 0
GPS, 1, 164624000, 2004, 0, 99.99, 39.9203418, -105.1131457, -0.14, 1743.65, 0, 145.74, 0, 49900
CTUN, 49921, 0, 0, 0, 0, -0.14, -0.26, 0, 0, 0, -2
ATT, 49930, 0, 0.11, 0, -0.13, 303.26, 303.26, 0, 0.04
RCIN, 49931, 900, 900, 900, 900, 900, 900, 900, 900, 0, 0, 0, 0, 0, 0
CTUN, 50021, 0, 0, 0, 0, -0.15, -0.2, 0, 0, 0, -3
ATT, 50030, 0, 0.11, 0, -0.13, 303.24, 303.24, 0, 0.04
RCIN, 50031, 900, 900, 900, 900, 900, 900, 900, 900, 0, 0, 0, 0, 0, 0
GPS, 1, 164624000, 2004, 0, 99.99, 39.9203418, -105.1131457, -0.16, 1743.65, 0, 145.74, 0, 50100
CTUN, 50122, 0, 0, 0, 0, -0.16, -0.1, 0, 0, 0, -3
ATT, 50130, 0, 0.11, 0, -0.13, 303.23, 303.23, 0, 0.03
RCIN, 50130, 900, 900, 900, 900, 900, 900, 900, 900, 0, 0, 0, 0, 0, 0
CTUN, 50221, 0, 0, 0, 0, -0.16, -0.09, 0, 0, 0, -3
ATT, 50230, 0, 0.11, 0, -0.13, 303.21, 303.21, 0, 0.03
RCIN, 50230, 900, 900, 900, 900, 900, 900, 900, 900, 0, 0, 0, 0, 0, 0
GPS, 1, 164624000, 2004, 0, 99.99, 39.9203418, -105.1131457, -0.16, 1743.65, 0, 145.74, 0, 50300
CTUN, 50321, 0, 0, 0, 0, -0.16, -0.17, 0, 0, 0, -2
ATT, 50331, 0, 0.11, 0, -0.13, 303.2, 303.2, 0, 0.04
RCIN, 50332, 900, 900, 900, 900, 900, 900, 900, 900, 0, 0, 0, 0, 0, 0
CTUN, 50421, 0, 0, 0, 0, -0.16, 0.03, 0, 0, 0, -3
ATT, 50430, 0, 0.11, 0, -0.13, 303.18, 303.18, 0, 0.04
RCIN, 50431, 900, 900, 900, 900, 900, 900, 900, 900, 0, 0, 0, 0, 0, 0
GPS, 1, 164624000, 2004, 0, 99.99, 39.9203418, -105.1131457, -0.16, 1743.65, 0, 145.74, 0, 50500
CTUN, 50521, 0, 0, 0, 0, -0.15, -0.19, 0, 0, 0, -2
DU32, 7, 663769
CURR, 50522, 0, 0, 0, 0, 5028, 0
ATT, 50530, 0, 0.11, 0, -0.13, 303.17, 303.17, 0, 0.04
RCIN, 50530, 900, 900, 900, 900, 900, 900, 900, 900, 0, 0, 0, 0, 0, 0
CTUN, 50621, 0, 0, 0, 0, -0.16, -0.01, 0, 0, 0, -3
ATT, 50630, 0, 0.11, 0, -0.12, 303.15, 303.15, 0, 0.53
RCIN, 50630, 900, 900, 900, 900, 900, 900, 900, 900, 0, 0, 0, 0, 0, 0
GPS, 1, 164624000, 2004, 0, 99.99, 39.9203418, -105.1131457, -0.15, 1743.65, 0, 145.74, 0, 50700
CTUN, 50721, 0, 0, 0, 0, -0.15, -0.01, 0, 0, 0, -2
ATT, 50731, 0, 0.11, 0, -0.12, 303.39, 303.39, 0, 0.04
RCIN, 50731, 900, 900, 900, 900, 900, 900, 900, 900, 0, 0, 0, 0, 0, 0
CTUN, 50821, 0, 0, 0, 0, -0.15, -0.31, 0, 0, 0, -2
ATT, 50830, 0, 0.11, 0, -0.12, 303.38, 303.38, 0, 0.04
RCIN, 50830, 900, 900, 900, 900, 900, 900, 900, 900, 0, 0, 0, 0, 0, 0
GPS, 1, 164624000, 2004, 0, 99.99, 39.9203418, -105.1131457, -0.16, 1743.65, 0, 145.74, 0, 50900
CTUN, 50921, 0, 0, 0, 0, -0.16, -0.05, 0, 0, 0, -2
ATT, 50930, 0, 0.11, 0, -0.12, 303.37, 303.37, 0, 0.04
RCIN, 50930, 900, 900, 900, 900, 900, 900, 900, 900, 0, 0, 0, 0, 0, 0
CTUN, 51021, 0, 0, 0, 0, -0.16, -0.29, 0, 0, 0, -2
ATT, 51030, 0, 0.11, 0, -0.12, 303.35, 303.35, 0, 0.04
RCIN, 51030, 900, 900, 900, 900, 900, 900, 900, 900, 0, 0, 0, 0, 0, 0
GPS, 1, 164624000, 2004, 0, 99.99, 39.9203418, -105.1131457, -0.17, 1743.65, 0, 145.74, 0, 51100
CTUN, 51121, 0, 0, 0, 0, -0.17, 0.07, 0, 0, 0, -2
ATT, 51130, 0, 0.11, 0, -0.12, 303.33, 303.33, 0, 0.04
RCIN, 51131, 900, 900, 900, 900, 900, 900, 900, 900, 0, 0, 0, 0, 0, 0
CTUN, 51221, 0, 0, 0, 0, -0.16, 0.23, 0, 0, 0, -2
ATT, 51230, 0, 0.11, 0, -0.12, 303.32, 303.32, 0, 0.04
RCIN, 51230, 900, 900, 900, 900, 900, 900, 900, 900, 0, 0, 0, 0, 0, 0
GPS, 1, 164624000, 2004, 0, 99.99, 39.9203418, -105.1131457, -0.14, 1743.65, 0, 145.74, 0, 51301
CTUN, 51321, 0, 0, 0, 0, -0.13, -0.16, 0, 0, 0, -2
ATT, 51330, 0, 0.1, 0, -0.12, 303.3, 303.3, 0, 0.04
RCIN, 51330, 900, 900, 900, 900, 900, 900, 900, 900, 0, 0, 0, 0, 0, 0
CTUN, 51421, 0, 0, 0, 0, -0.14, 0.35, 0, 0, 0, -2
ATT, 51430, 0, 0.1, 0, -0.12, 303.29, 303.29, 0, 0.04
RCIN, 51430, 900, 900, 900, 900, 900, 900, 900, 900, 0, 0, 0, 0, 0, 0
GPS, 1, 164624000, 2004, 0, 99.99, 39.9203418, -105.1131457, -0.12, 1743.65, 0, 145.74, 0, 51500
CTUN, 51521, 0, 0, 0, 0, -0.11, 0.02, 0, 0, 0, -1
DU32, 7, 663769
CURR, 51522, 0, 0, 0, 0, 5028, 0
ATT, 51530, 0, 0.1, 0, -0.12, 303.27, 303.27, 0, 0.04
RCIN, 51530, 900, 900, 900, 900, 900, 900, 900, 900, 0, 0, 0, 0, 0, 0
CTUN, 51621, 0, 0, 0, 0, -0.1, 0.06, 0, 0, 0, -1
ATT, 51630, 0, 0.1, 0, -0.12, 303.26, 303.26, 0, 0.04
RCIN, 51630, 900, 900, 900, 900, 900, 900, 900, 900, 0, 0, 0, 0, 0, 0
GPS, 1, 164624000, 2004, 0, 99.99, 39.9203418, -105.1131457, -0.1, 1743.65, 0, 145.74, 0, 51701
CTUN, 51721, 0, 0, 0, 0, -0.09, -0.03, 0, 0, 0, -1
ATT, 51730, 0, 0.1, 0, -0.12, 303.24, 303.24, 0, 0.04
RCIN, 51730, 900, 900, 900, 900, 900, 900, 900, 900, 0, 0, 0, 0, 0, 0
CTUN, 51821, 0, 0, 0, 0, -0.09, -0.1, 0, 0, 0, 0
ATT, 51831, 0, 0.1, 0, -0.11, 303.23, 303.23, 0, 0.04
RCIN, 51831, 900, 900, 900, 900, 900, 900, 900, 900, 0, 0, 0, 0, 0, 0
GPS, 1, 164624000, 2004, 0, 99.99, 39.9203418, -105.1131457, -0.09, 1743.65, 0, 145.74, 0, 51900
CTUN, 51921, 0, 0, 0, 0, -0.09, 0.19, 0, 0, 0, 0
ATT, 51930, 0, 0.1, 0, -0.11, 303.22, 303.22, 0, 0.03
RCIN, 51931, 900, 900, 900, 900, 900, 900, 900, 900, 0, 0, 0, 0, 0, 0
CTUN, 52021, 0, 0, 0, 0, -0.08, -0.1, 0, 0, 0, 0
ATT, 52030, 0, 0.1, 0, -0.11, 303.2, 303.2, 0, 0.03
RCIN, 52030, 900, 900, 900, 900, 900, 900, 900, 900, 0, 0, 0, 0, 0, 0
GPS, 1, 164624000, 2004, 0, 99.99, 39.9203418, -105.1131457, -0.08, 1743.65, 0, 145.74, 0, 52101
CTUN, 52121, 0, 0, 0, 0, -0.08, 0.02, 0, 0, 0, 0
ATT, 52130, 0, 0.1, 0, -0.12, 303.19, 303.19, 0, 0.03
RCIN, 52130, 900, 900, 900, 900, 900, 900, 900, 900, 0, 0, 0, 0, 0, 0
CTUN, 52221, 0, 0, 0, 0, -0.07, 0.06, 0, 0, 0, 0
ATT, 52230, 0, 0.1, 0, -0.11, 303.17, 303.17, 0, 0.04
RCIN, 52230, 900, 900, 900, 900, 900, 900, 900, 900, 0, 0, 0, 0, 0, 0
GPS, 1, 164624000, 2004, 0, 99.99, 39.9203418, -105.1131457, -0.07, 1743.65, 0, 145.74, 0, 52301
CTUN, 52321, 0, 0, 0, 0, -0.06, -0.31, 0, 0, 0, 0
ATT, 52331, 0, 0.1, 0, -0.11, 303.16, 303.16, 0, 0.52
RCIN, 52331, 900, 900, 900, 900, 900, 900, 900, 900, 0, 0, 0, 0, 0, 0
CTUN, 52421, 0, 0, 0, 0, -0.08, -0.2, 0, 0, 0, 0
ATT, 52430, 0, 0.1, 0, -0.12, 303.41, 303.41, 0, 0.04
RCIN, 52430, 900, 900, 900, 900, 900, 900, 900, 900, 0, 0, 0, 0, 0, 0
GPS, 1, 164624000, 2004, 0, 99.99, 39.9203418, -105.1131457, -0.09, 1743.65, 0, 145.74, 0, 52501
CTUN, 52521, 0, 0, 0, 0, -0.09, 0, 0, 0, 0, 0
DU32, 7, 663769
CURR, 52522, 0, 0, 0, 0, 5028, 0
ATT, 52530, 0, 0.1, 0, -0.12, 303.39, 303.39, 0, 0.04
RCIN, 52530, 900, 900, 900, 900, 900, 900, 900, 900, 0, 0, 0, 0, 0, 0
CTUN, 52621, 0, 0, 0, 0, -0.08, 0.1, 0, 0, 0, 0
ATT, 52630, 0, 0.1, 0, -0.12, 303.37, 303.37, 0, 0.04
RCIN, 52631, 900, 900, 900, 900, 900, 900, 900, 900, 0, 0, 0, 0, 0, 0
GPS, 1, 164624000, 2004, 0, 99.99, 39.9203418, -105.1131457, -0.07, 1743.65, 0, 145.74, 0, 52701
CTUN, 52721, 0, 0, 0, 0, -0.07, -0.04, 0, 0, 0, 0
ATT, 52731, 0, 0.1, 0, -0.12, 303.36, 303.36, 0, 0.04
RCIN, 52731, 900, 900, 900, 900, 900, 900, 900, 900, 0, 0, 0, 0, 0, 0
CTUN, 52821, 0, 0, 0, 0, -0.07, -0.01, 0, 0, 0, 0
ATT, 52830, 0, 0.1, 0, -0.12, 303.34, 303.34, 0, 0.04
RCIN, 52830, 900, 900, 900, 900, 900, 900, 900, 900, 0, 0, 0, 0, 0, 0
GPS, 1, 164624000, 2004, 0, 99.99, 39.9203418, -105.1131457, -0.07, 1743.65, 0, 145.74, 0, 52901
CTUN, 52921, 0, 0, 0, 0, -0.07, -0.09, 0, 0, 0, 0
ATT, 52930, 0, 0.1, 0, -0.12, 303.33, 303.33, 0, 0.04
RCIN, 52930, 900, 900, 900, 900, 900, 900, 900, 900, 0, 0, 0, 0, 0, 0
CTUN, 53021, 0, 0, 0, 0, -0.07, 0.07, 0, 0, 0, 0
ATT, 53030, 0, 0.09, 0, -0.12, 303.31, 303.31, 0, 0.04
RCIN, 53031, 900, 900, 900, 900, 900, 900, 900, 900, 0, 0, 0, 0, 0, 0
GPS, 1, 164624000, 2004, 0, 99.99, 39.9203418, -105.1131457, -0.06, 1743.65, 0, 145.74, 0, 53101
CTUN, 53121, 0, 0, 0, 0, -0.06, 0.05, 0, 0, 0, 0
ATT, 53130, 0, 0.09, 0, -0.12, 303.3, 303.3, 0, 0.04
RCIN, 53131, 900, 900, 900, 900, 900, 900, 900, 900, 0, 0, 0, 0, 0, 0
CTUN, 53221, 0, 0, 0, 0, -0.05, -0.32, 0, 0, 0, 0
ATT, 53230, 0, 0.09, 0, -0.12, 303.28, 303.28, 0, 0.04
RCIN, 53230, 900, 900, 900, 900, 900, 900, 900, 900, 0, 0, 0, 0, 0, 0
GPS, 1, 164624000, 2004, 0, 99.99, 39.9203418, -105.1131457, -0.06, 1743.65, 0, 145.74, 0, 53301
CTUN, 53321, 0, 0, 0, 0, -0.07, 0.04, 0, 0, 0, 0
ATT, 53330, 0, 0.09, 0, -0.13, 303.27, 303.27, 0, 0.04
RCIN, 53330, 900, 900, 900, 900, 900, 900, 900, 900, 0, 0, 0, 0, 0, 0
CTUN, 53422, 0, 0, 0, 0, -0.06, 0, 0, 0, 0, 0
ATT, 53431, 0, 0.1, 0, -0.12, 303.26, 303.26, 0, 0.04
RCIN, 53431, 900, 900, 900, 900, 900, 900, 900, 900, 0, 0, 0, 0, 0, 0
GPS, 1, 164624000, 2004, 0, 99.99, 39.9203418, -105.1131457, -0.06, 1743.65, 0, 145.74, 0, 53500
CTUN, 53521, 0, 0, 0, 0, -0.06, -0.34, 0, 0, 0, 0
DU32, 7, 663769
CURR, 53522, 0, 0, 0, 0, 5006, 0
ATT, 53530, 0, 0.09, 0, -0.12, 303.25, 303.25, 0, 0.03
RCIN, 53530, 900, 900, 900, 900, 900, 900, 900, 900, 0, 0, 0, 0, 0, 0
CTUN, 53621, 0, 0, 0, 0, -0.08, -0.07, 0, 0, 0, 0
ATT, 53631, 0, 0.1, 0, -0.12, 303.24, 303.24, 0, 0.04
RCIN, 53631, 900, 900, 900, 900, 900, 900, 900, 900, 0, 0, 0, 0, 0, 0
GPS, 1, 164624000, 2004, 0, 99.99, 39.9203418, -105.1131457, -0.08, 1743.65, 0, 145.74, 0, 53700
CTUN, 53721, 0, 0, 0, 0, -0.08, -0.17, 0, 0, 0, 0
ATT, 53730, 0, 0.1, 0, -0.12, 303.23, 303.23, 0, 0.53
RCIN, 53730, 900, 900, 900, 900, 900, 900, 900, 900, 0, 0, 0, 0, 0, 0
CTUN, 53821, 0, 0, 0, 0, -0.08, -0.1, 0, 0, 0, 0
ATT, 53830, 0, 0.1, 0, -0.12, 303.48, 303.48, 0, 0.04
RCIN, 53831, 900, 900, 900, 900, 900, 900, 900, 900, 0, 0, 0, 0, 0, 0
GPS, 1, 164624000, 2004, 0, 99.99, 39.9203418, -105.1131457, -0.08, 1743.65, 0, 145.74, 0, 53901
CTUN, 53921, 0, 0, 0, 0, -0.08, 0.13, 0, 0, 0, 0
ATT, 53930, 0, 0.1, 0, -0.12, 303.47, 303.47, 0, 0.04
RCIN, 53931, 900, 900, 900, 900, 900, 900, 900, 900, 0, 0, 0, 0, 0, 0
CTUN, 54021, 0, 0, 0, 0, -0.07, -0.07, 0, 0, 0, 0
ATT, 54030, 0, 0.1, 0, -0.12, 303.46, 303.46, 0, 0.04
RCIN, 54030, 900, 900, 900, 900, 900, 900, 900, 900, 0, 0, 0, 0, 0, 0
GPS, 1, 164624000, 2004, 0, 99.99, 39.9203418, -105.1131457, -0.07, 1743.65, 0, 145.74, 0, 54100
CTUN, 54121, 0, 0, 0, 0, -0.07, -0.11, 0, 0, 0, 0
ATT, 54130, 0, 0.09, 0, -0.12, 303.44, 303.44, 0, 0.04
RCIN, 54130, 900, 900, 900, 900, 900, 900, 900, 900, 0, 0, 0, 0, 0, 0
CTUN, 54221, 0, 0, 0, 0, -0.07, 0.03, 0, 0, 0, 0
ATT, 54230, 0, 0.09, 0, -0.12, 303.43, 303.43, 0, 0.51
RCIN, 54230, 900, 900, 900, 900, 900, 900, 900, 900, 0, 0, 0, 0, 0, 0
GPS, 1, 164624000, 2004, 0, 99.99, 39.9203418, -105.1131457, -0.07, 1743.65, 0, 145.74, 0, 54300
CTUN, 54321, 0, 0, 0, 0, -0.07, 0.06, 0, 0, 0, 0
ATT, 54330, 0, 0.1, 0, -0.12, 303.67, 303.67, 0, 0.04
RCIN, 54330, 900, 900, 900, 900, 900, 900, 900, 900, 0, 0, 0, 0, 0, 0
CTUN, 54421, 0, 0, 0, 0, -0.06, 0.06, 0, 0, 0, 0
ATT, 54430, 0, 0.1, 0, -0.12, 303.66, 303.66, 0, 0.04
RCIN, 54430, 900, 900, 900, 900, 900, 900, 900, 900, 0, 0, 0, 0, 0, 0
GPS, 1, 164624000, 2004, 0, 99.99, 39.9203418, -105.1131457, -0.05, 1743.65, 0, 145.74, 0, 54500
CTUN, 54521, 0, 0, 0, 0, -0.05, -0.2, 0, 0, 0, 0
DU32, 7, 663769
CURR, 54522, 0, 0, 0, 0, 4984, 0
ATT, 54530, 0, 0.1, 0, -0.12, 303.65, 303.65, 0, 0.04
RCIN, 54530, 900, 900, 900, 900, 900, 900, 900, 900, 0, 0, 0, 0, 0, 0
CTUN, 54621, 0, 0, 0, 0, -0.06, -0.11, 0, 0, 0, 0
ATT, 54631, 0, 0.1, 0, -0.12, 303.64, 303.64, 0, 0.52
RCIN, 54631, 900, 900, 900, 900, 900, 900, 900, 900, 0, 0, 0, 0, 0, 0
GPS, 1, 164624000, 2004, 0, 99.99, 39.9203418, -105.1131457, -0.06, 1743.65, 0, 145.74, 0, 54701
CTUN, 54721, 0, 0, 0, 0, -0.07, 0.22, 0, 0, 0, 0
ATT, 54730, 0, 0.09, 0, -0.12, 303.88, 303.88, 0, 0.52
RCIN, 54730, 900, 900, 900, 900, 900, 900, 900, 900, 0, 0, 0, 0, 0, 0
CTUN, 54821, 0, 0, 0, 0, -0.05, -0.14, 0, 0, 0, 0
ATT, 54830, 0, 0.09, 0, -0.12, 304.12, 304.12, 0, 0.05
RCIN, 54830, 900, 900, 900, 900, 900, 900, 900, 900, 0, 0, 0, 0, 0, 0
GPS, 1, 164624000, 2004, 0, 99.99, 39.9203418, -105.1131457, -0.05, 1743.65, 0, 145.74, 0, 54901
CTUN, 54921, 0, 0, 0, 0, -0.05, -0.03, 0, 0, 0, 0
ATT, 54930, 0, 0.09, 0, -0.12, 304.1, 304.1, 0, 0.05
RCIN, 54930, 900, 900, 900, 900, 900, 900, 900, 900, 0, 0, 0, 0, 0, 0
CTUN, 55021, 0, 0, 0, 0, -0.05, 0.11, 0, 0, 0, 0
ATT, 55030, 0, 0.09, 0, -0.12, 304.09, 304.09, 0, 0.05
RCIN, 55030, 900, 900, 900, 900, 900, 900, 900, 900, 0, 0, 0, 0, 0, 0
GPS, 1, 164624000, 2004, 0, 99.99, 39.9203418, -105.1131457, -0.05, 1743.65, 0, 145.74, 0, 55100
CTUN, 55121, 0, 0, 0, 0, -0.04, -0.18, 0, 0, 0, 0
ATT, 55130, 0, 0.09, 0, -0.13, 304.07, 304.07, 0, 0.52
RCIN, 55130, 900, 900, 900, 900, 900, 900, 900, 900, 0, 0, 0, 0, 0, 0
CTUN, 55221, 0, 0, 0, 0, -0.05, -0.17, 0, 0, 0, 0
ATT, 55230, 0, 0.1, 0, -0.12, 304.31, 304.31, 0, 0.05
RCIN, 55230, 900, 900, 900, 900, 900, 900, 900, 900, 0, 0, 0, 0, 0, 0
GPS, 1, 164624000, 2004, 0, 99.99, 39.9203418, -105.1131457, -0.06, 1743.65, 0, 145.74, 0, 55301
CTUN, 55321, 0, 0, 0, 0, -0.06, -0.19, 0, 0, 0, 0
ATT, 55330, 0, 0.09, 0, -0.12, 304.3, 304.3, 0, 0.51
RCIN, 55330, 900, 900, 900, 900, 900, 900, 900, 900, 0, 0, 0, 0, 0, 0
CTUN, 55421, 0, 0, 0, 0, -0.07, -0.11, 0, 0, 0, 0
ATT, 55430, 0, 0.09, 0, -0.13, 304.54, 304.54, 0, 0.06
RCIN, 55430, 900, 900, 900, 900, 900, 900, 900, 900, 0, 0, 0, 0, 0, 0
GPS, 1, 164624000, 2004, 0, 99.99, 39.9203418, -105.1131457, -0.07, 1743.65, 0, 145.74, 0, 55500
CTUN, 55521, 0, 0, 0, 0, -0.07, 0, 0, 0, 0, 0
DU32, 7, 663769
CURR, 55522, 0, 0, 0, 0, 5028, 0
PM, 1, 1000, 10511, 10, 0, 0, 255
ATT, 55530, 0, 0.09, 0, -0.12, 304.51, 304.51, 0, 0.06
RCIN, 55531, 900, 900, 900, 900, 900, 900, 900, 900, 0, 0, 0, 0, 0, 0
CTUN, 55621, 0, 0, 0, 0, -0.07, 0.15, 0, 0, 0, 0
ATT, 55631, 0, 0.09, 0, -0.12, 304.49, 304.49, 0, 0.06
RCIN, 55631, 900, 900, 900, 900, 900, 900, 900, 900, 0, 0, 0, 0, 0, 0
GPS, 1, 164624000, 2004, 0, 99.99, 39.9203418, -105.1131457, -0.06, 1743.65, 0, 145.74, 0, 55700
CTUN, 55721, 0, 0, 0, 0, -0.05, -0.13, 0, 0, 0, 0
ATT, 55730, 0, 0.09, 0, -0.12, 304.47, 304.47, 0, 0.06
RCIN, 55730, 900, 900, 900, 900, 900, 900, 900, 900, 0, 0, 0, 0, 0, 0
CTUN, 55821, 0, 0, 0, 0, -0.06, -0.01, 0, 0, 0, 0
ATT, 55830, 0, 0.09, 0, -0.12, 304.45, 304.45, 0, 0.06
RCIN, 55830, 900, 900, 900, 900, 900, 900, 900, 900, 0, 0, 0, 0, 0, 0
GPS, 1, 164624000, 2004, 0, 99.99, 39.9203418, -105.1131457, -0.06, 1743.65, 0, 145.74, 0, 55900
CTUN, 55921, 0, 0, 0, 0, -0.06, 0.1, 0, 0, 0, 0
ATT, 55930, 0, 0.09, 0, -0.12, 304.43, 304.43, 0, 0.06
RCIN, 55930, 900, 900, 900, 900, 900, 900, 900, 900, 0, 0, 0, 0, 0, 0
CTUN, 56021, 0, 0, 0, 0, -0.05, 0.21, 0, 0, 0, 0
ATT, 56030, 0, 0.09, 0, -0.12, 304.41, 304.41, 0, 0.06
RCIN, 56030, 900, 900, 900, 900, 900, 900, 900, 900, 0, 0, 0, 0, 0, 0
GPS, 1, 164624000, 2004, 0, 99.99, 39.9203418, -105.1131457, -0.03, 1743.65, 0, 145.74, 0, 56102
CTUN, 56121, 0, 0, 0, 0, -0.03, -0.01, 0, 0, 0, 0
ATT, 56131, 0, 0.09, 0, -0.12, 304.39, 304.39, 0, 0.05
RCIN, 56131, 900, 900, 900, 900, 900, 900, 900, 900, 0, 0, 0, 0, 0, 0
CTUN, 56221, 0, 0, 0, 0, -0.03, -0.09, 0, 0, 0, 0
ATT, 56230, 0, 0.1, 0, -0.12, 304.37, 304.37, 0, 0.06
RCIN, 56230, 900, 900, 900, 900, 900, 900, 900, 900, 0, 0, 0, 0, 0, 0
GPS, 1, 164624000, 2004, 0, 99.99, 39.9203418, -105.1131457, -0.03, 1743.65, 0, 145.74, 0, 56300
CTUN, 56321, 0, 0, 0, 0, -0.03, -0.26, 0, 0, 0, 0
ATT, 56330, 0, 0.09, 0, -0.12, 304.35, 304.35, 0, 0.06
RCIN, 56330, 900, 900, 900, 900, 900, 900, 900, 900, 0, 0, 0, 0, 0, 0
CTUN, 56421, 0, 0, 0, 0, -0.05, -0.31, 0, 0, 0, 0
ATT, 56430, 0, 0.09, 0, -0.12, 304.33, 304.33, 0, 0.06
RCIN, 56430, 900, 900, 900, 900, 900, 900, 900, 900, 0, 0, 0, 0, 0, 0
GPS, 1, 164624000, 2004, 0, 99.99, 39.9203418, -105.1131457, -0.06, 1743.65, 0, 145.74, 0, 56501
CTUN, 56521, 0, 0, 0, 0, -0.06, 0, 0, 0, 0, 0
DU32, 7, 663769
CURR, 56522, 0, 0, 0, 0, 4984, 0
ATT, 56530, 0, 0.09, 0, -0.12, 304.32, 304.32, 0, 0.06
RCIN, 56530, 900, 900, 900, 900, 900, 900, 900, 900, 0, 0, 0, 0, 0, 0
CTUN, 56621, 0, 0, 0, 0, -0.06, -0.02, 0, 0, 0, 0
ATT, 56630, 0, 0.09, 0, -0.12, 304.3, 304.3, 0, 0.06
RCIN, 56630, 900, 900, 900, 900, 900, 900, 900, 900, 0, 0, 0, 0, 0, 0
GPS, 1, 164624000, 2004, 0, 99.99, 39.9203418, -105.1131457, -0.06, 1743.65, 0, 145.74, 0, 56701
CTUN, 56721, 0, 0, 0, 0, -0.06, -0.09, 0, 0, 0, 0
ATT, 56730, 0, 0.09, 0, -0.12, 304.28, 304.28, 0, 0.06
RCIN, 56730, 900, 900, 900, 900, 900, 900, 900, 900, 0, 0, 0, 0, 0, 0
CTUN, 56821, 0, 0, 0, 0, -0.06, -0.14, 0, 0, 0, 0
ATT, 56830, 0, 0.09, 0, -0.12, 304.26, 304.26, 0, 0.05
RCIN, 56830, 900, 900, 900, 900, 900, 900, 900, 900, 0, 0, 0, 0, 0, 0
GPS, 1, 164624000, 2004, 0, 99.99, 39.9203418, -105.1131457, -0.06, 1743.65, 0, 145.74, 0, 56901
CTUN, 56922, 0, 0, 0, 0, -0.07, -0.02, 0, 0, 0, 0
ATT, 56930, 0, 0.09, 0, -0.12, 304.24, 304.24, 0, 0.06
RCIN, 56930, 900, 900, 900, 900, 900, 900, 900, 900, 0, 0, 0, 0, 0, 0
CTUN, 57021, 0, 0, 0, 0, -0.06, 0.07, 0, 0, 0, 0
ATT, 57030, 0, 0.09, 0, -0.12, 304.22, 304.22, 0, 0.05
RCIN, 57030, 900, 900, 900, 900, 900, 900, 900, 900, 0, 0, 0, 0, 0, 0
GPS, 1, 164624000, 2004, 0, 99.99, 39.9203418, -105.1131457, -0.06, 1743.65, 0, 145.74, 0, 57100
CTUN, 57121, 0, 0, 0, 0, -0.05, -0.18, 0, 0, 0, 0
ATT, 57131, 0, 0.08, 0, -0.12, 304.2, 304.2, 0, 0.05
RCIN, 57131, 900, 900, 900, 900, 900, 900, 900, 900, 0, 0, 0, 0, 0, 0
CTUN, 57221, 0, 0, 0, 0, -0.06, 0.11, 0, 0, 0, 0
ATT, 57231, 0, 0.09, 0, -0.12, 304.18, 304.18, 0, 0.05
RCIN, 57231, 900, 900, 900, 900, 900, 900, 900, 900, 0, 0, 0, 0, 0, 0
GPS, 1, 164624000, 2004, 0, 99.99, 39.9203418, -105.1131457, -0.05, 1743.65, 0, 145.74, 0, 57300
CTUN, 57321, 0, 0, 0, 0, -0.05, -0.17, 0, 0, 0, 0
ATT, 57331, 0, 0.09, 0, -0.12, 304.17, 304.17, 0, 0.05
RCIN, 57331, 900, 900, 900, 900, 900, 900, 900, 900, 0, 0, 0, 0, 0, 0
CTUN, 57421, 0, 0, 0, 0, -0.06, 0.05, 0, 0, 0, 0
ATT, 57430, 0, 0.08, 0, -0.12, 304.15, 304.15, 0, 0.5
RCIN, 57430, 900, 900, 900, 900, 900, 900, 900, 900, 0, 0, 0, 0, 0, 0
GPS, 1, 164624000, 2004, 0, 99.99, 39.9203418, -105.1131457, -0.05, 1743.65, 0, 145.74, 0, 57500
CTUN, 57521, 0, 0, 0, 0, -0.05, -0.36, 0, 0, 0, 0
DU32, 7, 663769
CURR, 57522, 0, 0, 0, 0, 5028, 0
EV, 10
MODE, Stabilize, 450
GPS, 1, 164624000, 2004, 0, 99.99, 39.9203418, -105.1131457, 0, 1743.65, 0, 145.74, 0, 66531
CTUN, 66550, 0, 0, 0, 0, 0, 0.05, 0, 0, 0, 0
DU32, 7, 663769
CURR, 66551, 0, 0, 0, 0, 5028, 0
ATT, 66559, 0, 0.15, 0, -0.11, 304.32, 304.32, 0, 0.06
RCIN, 66559, 900, 900, 900, 900, 900, 900, 900, 900, 0, 0, 0, 0, 0, 0
CTUN, 66650, 0, 0, 0, 0, 0, -0.11, 0, 0, 0, 0
ATT, 66659, 0, 0.15, 0, -0.11, 304.3, 304.3, 0, 0.06
RCIN, 66660, 900, 900, 900, 900, 900, 900, 900, 900, 0, 0, 0, 0, 0, 0
GPS, 1, 164624000, 2004, 0, 99.99, 39.9203418, -105.1131457, 0, 1743.65, 0, 145.74, 0, 66709
CTUN, 66750, 0, 0, 0, 0, 0, 0.29, 0, 0, 0, 0
ATT, 66759, 0, 0.15, 0, -0.11, 304.29, 304.29, 0, 0.05
RCIN, 66760, 900, 900, 900, 900, 900, 900, 900, 900, 0, 0, 0, 0, 0, 0
CTUN, 66850, 0, 0, 0, 0, 0.01, 0.15, 0, 0, 0, 0
ATT, 66859, 0, 0.14, 0, -0.11, 304.27, 304.27, 0, 0.06
RCIN, 66860, 900, 900, 900, 900, 900, 900, 900, 900, 0, 0, 0, 0, 0, 0
GPS, 1, 164624000, 2004, 0, 99.99, 39.9203418, -105.1131457, 0.01, 1743.65, 0, 145.74, 0, 66909
CTUN, 66950, 0, 0, 0, 0, 0.02, -0.12, 0, 0, 0, 0
ATT, 66959, 0, 0.14, 0, -0.11, 304.25, 304.25, 0, 0.06
RCIN, 66959, 900, 900, 900, 900, 900, 900, 900, 900, 0, 0, 0, 0, 0, 0
CTUN, 67050, 0, 0, 0, 0, 0.01, 0.25, 0, 0, 0, 0
ATT, 67059, 0, 0.14, 0, -0.11, 304.23, 304.23, 0, 0.05
RCIN, 67059, 900, 900, 900, 900, 900, 900, 900, 900, 0, 0, 0, 0, 0, 0
GPS, 1, 164624000, 2004, 0, 99.99, 39.9203418, -105.1131457, 0.02, 1743.65, 0, 145.74, 0, 67109
CTUN, 67151, 0, 0, 0, 0, 0.02, 0.03, 0, 0, 0, 0
ATT, 67159, 0, 0.14, 0, -0.11, 304.22, 304.22, 0, 0.05
RCIN, 67160, 900, 900, 900, 900, 900, 900, 900, 900, 0, 0, 0, 0, 0, 0
CTUN, 67250, 0, 0, 0, 0, 0.02, -0.08, 0, 0, 0, 0
ATT, 67260, 0, 0.14, 0, -0.1, 304.2, 304.2, 0, 0.51
RCIN, 67260, 900, 900, 900, 900, 900, 900, 900, 900, 0, 0, 0, 0, 0, 0
GPS, 1, 164624000, 2004, 0, 99.99, 39.9203418, -105.1131457, 0.02, 1743.65, 0, 145.74, 0, 67309
CTUN, 67351, 0, 0, 0, 0, 0.02, 0.29, 0, 0, 0, 0
ATT, 67359, 0, 0.14, 0, -0.11, 304.44, 304.44, 0, 0.06
RCIN, 67359, 900, 900, 900, 900, 900, 900, 900, 900, 0, 0, 0, 0, 0, 0
CTUN, 67450, 0, 0, 0, 0, 0.03, 0.31, 0, 0, 0, 1
ATT, 67459, 0, 0.14, 0, -0.1, 304.43, 304.43, 0, 0.06
RCIN, 67459, 900, 900, 900, 900, 900, 900, 900, 900, 0, 0, 0, 0, 0, 0
GPS, 1, 164624000, 2004, 0, 99.99, 39.9203418, -105.1131457, 0.05, 1743.65, 0, 145.74, 0, 67509
CTUN, 67550, 0, 0, 0, 0, 0.05, 0.06, 0, 0, 0, 1
DU32, 7, 663769
CURR, 67551, 0, 0, 0, 0, 4984, 0
ATT, 67560, 0, 0.13, 0, -0.1, 304.4, 304.4, 0, 0.51
RCIN, 67561, 900, 900, 900, 900, 900, 900, 900, 900, 0, 0, 0, 0, 0, 0
CTUN, 67650, 0, 0, 0, 0, 0.05, 0.03, 0, 0, 0, 1
ATT, 67659, 0, 0.13, 0, -0.1, 304.64, 304.64, 0, 0.06
RCIN, 67660, 900, 900, 900, 900, 900, 900, 900, 900, 0, 0, 0, 0, 0, 0
GPS, 1, 164624000, 2004, 0, 99.99, 39.9203418, -105.1131457, 0.05, 1743.65, 0, 145.74, 0, 67709
CTUN, 67750, 0, 0, 0, 0, 0.05, 0.19, 0, 0, 0, 1
ATT, 67761, 0, 0.13, 0, -0.1, 304.62, 304.62, 0, 0.06
RCIN, 67761, 900, 900, 900, 900, 900, 900, 900, 900, 0, 0, 0, 0, 0, 0
CTUN, 67850, 0, 0, 0, 0, 0.06, -0.08, 0, 0, 0, 1
ATT, 67859, 0, 0.13, 0, -0.1, 304.6, 304.6, 0, 0.06
RCIN, 67860, 900, 900, 900, 900, 900, 900, 900, 900, 0, 0, 0, 0, 0, 0
GPS, 1, 164624000, 2004, 0, 99.99, 39.9203418, -105.1131457, 0.06, 1743.65, 0, 145.74, 0, 67909
CTUN, 67950, 0, 0, 0, 0, 0.06, 0.15, 0, 0, 0, 1
ATT, 67960, 0, 0.13, 0, -0.1, 304.58, 304.58, 0, 0.5
RCIN, 67961, 900, 900, 900, 900, 900, 900, 900, 900, 0, 0, 0, 0, 0, 0
CTUN, 68050, 0, 0, 0, 0, 0.06, 0.05, 0, 0, 0, 1
ATT, 68059, 0, 0.13, 0, -0.1, 304.82, 304.82, 0, 0.06
RCIN, 68059, 900, 900, 900, 900, 900, 900, 900, 900, 0, 0, 0, 0, 0, 0
GPS, 1, 164624000, 2004, 0, 99.99, 39.9203418, -105.1131457, 0.06, 1743.65, 0, 145.74, 0, 68109
CTUN, 68150, 0, 0, 0, 0, 0.06, 0.03, 0, 0, 0, 1
ATT, 68159, 0, 0.13, 0, -0.1, 304.8, 304.8, 0, 0.06
RCIN, 68160, 900, 900, 900, 900, 900, 900, 900, 900, 0, 0, 0, 0, 0, 0
CTUN, 68250, 0, 0, 0, 0, 0.06, 0.2, 0, 0, 0, 1
ATT, 68259, 0, 0.13, 0, -0.1, 304.78, 304.78, 0, 0.06
RCIN, 68259, 900, 900, 900, 900, 900, 900, 900, 900, 0, 0, 0, 0, 0, 0
GPS, 1, 164624000, 2004, 0, 99.99, 39.9203418, -105.1131457, 0.07, 1743.65, 0, 145.74, 0, 68309
CTUN, 68350, 0, 0, 0, 0, 0.07, 0.05, 0, 0, 0, 1
ATT, 68359, 0, 0.13, 0, -0.1, 304.76, 304.76, 0, 0.06
RCIN, 68359, 900, 900, 900, 900, 900, 900, 900, 900, 0, 0, 0, 0, 0, 0
CTUN, 68450, 0, 0, 0, 0, 0.08, 0.35, 0, 0, 0, 1
ATT, 68459, 0, 0.13, 0, -0.1, 304.74, 304.74, 0, 0.06
RCIN, 68460, 900, 900, 900, 900, 900, 900, 900, 900, 0, 0, 0, 0, 0, 0
GPS, 1, 164624000, 2004, 0, 99.99, 39.9203418, -105.1131457, 0.09, 1743.65, 0, 145.74, 0, 68509
CTUN, 68550, 0, 0, 0, 0, 0.09, 0.2, 0, 0, 0, 2
DU32, 7, 663769
CURR, 68551, 0, 0, 0, 0, 5028, 0
ATT, 68559, 0, 0.13, 0, -0.1, 304.71, 304.71, 0, 0.06
RCIN, 68560, 900, 900, 900, 900, 900, 900, 900, 900, 0, 0, 0, 0, 0, 0
CTUN, 68650, 0, 0, 0, 0, 0.1, 0.12, 0, 0, 0, 2
ATT, 68660, 0, 0.13, 0, -0.1, 304.69, 304.69, 0, 0.06
RCIN, 68660, 900, 900, 900, 900, 900, 900, 900, 900, 0, 0, 0, 0, 0, 0
GPS, 1, 164624000, 2004, 0, 99.99, 39.9203418, -105.1131457, 0.11, 1743.65, 0, 145.74, 0, 68709
CTUN, 68750, 0, 0, 0, 0, 0.11, 0.02, 0, 0, 0, 2
ATT, 68759, 0, 0.13, 0, -0.1, 304.67, 304.67, 0, 0.06
RCIN, 68759, 900, 900, 900, 900, 900, 900, 900, 900, 0, 0, 0, 0, 0, 0
CTUN, 68850, 0, 0, 0, 0, 0.1, 0.21, 0, 0, 0, 2
ATT, 68859, 0, 0.13, 0, -0.1, 304.65, 304.65, 0, 0.06
RCIN, 68859, 900, 900, 900, 900, 900, 900, 900, 900, 0, 0, 0, 0, 0, 0
GPS, 1, 164624000, 2004, 0, 99.99, 39.9203418, -105.1131457, 0.11, 1743.65, 0, 145.74, 0, 68911
CTUN, 68952, 0, 0, 0, 0, 0.11, 0.07, 0, 0, 0, 2
ATT, 68961, 0, 0.13, 0, -0.1, 304.63, 304.63, 0, 0.06
RCIN, 68961, 900, 900, 900, 900, 900, 900, 900, 900, 0, 0, 0, 0, 0, 0
CTUN, 69051, 0, 0, 0, 0, 0.11, 0.22, 0, 0, 0, 2
ATT, 69060, 0, 0.13, 0, -0.1, 304.61, 304.61, 0, 0.06
RCIN, 69061, 900, 900, 900, 900, 900, 900, 900, 900, 0, 0, 0, 0, 0, 0
GPS, 1, 164624000, 2004, 0, 99.99, 39.9203418, -105.1131457, 0.12, 1743.65, 0, 145.74, 0, 69110
CTUN, 69152, 0, 0, 0, 0, 0.12, 0.24, 0, 0, 0, 2
ATT, 69162, 0, 0.13, 0, -0.1, 304.58, 304.58, 0, 0.5
RCIN, 69162, 900, 900, 900, 900, 900, 900, 900, 900, 0, 0, 0, 0, 0, 0
CTUN, 69251, 0, 0, 0, 0, 0.13, 0.27, 0, 0, 0, 2
ATT, 69261, 0, 0.13, 0, -0.1, 304.82, 304.82, 0, 0.06
RCIN, 69261, 900, 900, 900, 900, 900, 900, 900, 900, 0, 0, 0, 0, 0, 0
GPS, 1, 164624000, 2004, 0, 99.99, 39.9203418, -105.1131457, 0.14, 1743.65, 0, 145.74, 0, 69310
CTUN, 69351, 0, 0, 0, 0, 0.14, 0.09, 0, 0, 0, 2
ATT, 69360, 0, 0.13, 0, -0.1, 304.8, 304.8, 0, 0.07
RCIN, 69360, 900, 900, 900, 900, 900, 900, 900, 900, 0, 0, 0, 0, 0, 0
CTUN, 69452, 0, 0, 0, 0, 0.14, 0.07, 0, 0, 0, 2
ATT, 69461, 0, 0.13, 0, -0.1, 304.77, 304.77, 0, 0.06
RCIN, 69462, 900, 900, 900, 900, 900, 900, 900, 900, 0, 0, 0, 0, 0, 0
GPS, 1, 164624000, 2004, 0, 99.99, 39.9203418, -105.1131457, 0.14, 1743.65, 0, 145.74, 0, 69510
CTUN, 69551, 0, 0, 0, 0, 0.14, 0, 0, 0, 0, 2
DU32, 7, 663769
CURR, 69552, 0, 0, 0, 0, 5028, 0
ATT, 69560, 0, 0.13, 0, -0.1, 304.75, 304.75, 0, 0.5
RCIN, 69561, 900, 900, 900, 900, 900, 900, 900, 900, 0, 0, 0, 0, 0, 0
CTUN, 69650, 0, 0, 0, 0, 0.13, 0.14, 0, 0, 0, 2
ATT, 69660, 0, 0.13, 0, -0.11, 304.99, 304.99, 0, 0.07
RCIN, 69660, 900, 900, 900, 900, 900, 900, 900, 900, 0, 0, 0, 0, 0, 0
GPS, 1, 164624000, 2004, 0, 99.99, 39.9203418, -105.1131457, 0.14, 1743.65, 0, 145.74, 0, 69711
CTUN, 69751, 0, 0, 0, 0, 0.14, 0.15, 0, 0, 0, 2
ATT, 69761, 0, 0.13, 0, -0.1, 304.96, 304.96, 0, 0.5
RCIN, 69761, 900, 900, 900, 900, 900, 900, 900, 900, 0, 0, 0, 0, 0, 0
CTUN, 69850, 0, 0, 0, 0, 0.14, 0.21, 0, 0, 0, 2
ATT, 69860, 0, 0.13, 0, -0.11, 305.2, 305.2, 0, 0.07
RCIN, 69860, 900, 900, 900, 900, 900, 900, 900, 900, 0, 0, 0, 0, 0, 0
GPS, 1, 164624000, 2004, 0, 99.99, 39.9203418, -105.1131457, 0.14, 1743.65, 0, 145.74, 0, 69909
CTUN, 69952, 0, 0, 0, 0, 0.15, 0.22, 0, 0, 0, 2
ATT, 69961, 0, 0.13, 0, -0.11, 305.18, 305.18, 0, 0.5
RCIN, 69961, 900, 900, 900, 900, 900, 900, 900, 900, 0, 0, 0, 0, 0, 0
CTUN, 70051, 0, 0, 0, 0, 0.16, 0.17, 0, 0, 0, 2
ATT, 70061, 0, 0.13, 0, -0.11, 305.41, 305.41, 0, 0.49
RCIN, 70061, 900, 900, 900, 900, 900, 900, 900, 900, 0, 0, 0, 0, 0, 0
GPS, 1, 164624000, 2004, 0, 99.99, 39.9203418, -105.1131457, 0.16, 1743.65, 0, 145.74, 0, 70110
CTUN, 70150, 0, 0, 0, 0, 0.16, 0.19, 0, 0, 0, 2
ATT, 70160, 0, 0.13, 0, -0.11, 305.64, 305.64, 0, 0.08
RCIN, 70160, 900, 900, 900, 900, 900, 900, 900, 900, 0, 0, 0, 0, 0, 0
CTUN, 70251, 0, 0, 0, 0, 0.16, 0, 0, 0, 0, 2
ATT, 70261, 0, 0.13, 0, -0.11, 305.61, 305.61, 0, 0.08
RCIN, 70261, 900, 900, 900, 900, 900, 900, 900, 900, 0, 0, 0, 0, 0, 0
GPS, 1, 164624000, 2004, 0, 99.99, 39.9203418, -105.1131457, 0.16, 1743.65, 0, 145.74, 0, 70310
CTUN, 70350, 0, 0, 0, 0, 0.16, -0.03, 0, 0, 0, 2
ATT, 70360, 0, 0.13, 0, -0.1, 305.59, 305.59, 0, 0.08
RCIN, 70360, 900, 900, 900, 900, 900, 900, 900, 900, 0, 0, 0, 0, 0, 0
CTUN, 70452, 0, 0, 0, 0, 0.15, 0.08, 0, 0, 0, 2
ATT, 70461, 0, 0.12, 0, -0.1, 305.56, 305.56, 0, 0.08
RCIN, 70461, 900, 900, 900, 900, 900, 900, 900, 900, 0, 0, 0, 0, 0, 0
GPS, 1, 164624000, 2004, 0, 99.99, 39.9203418, -105.1131457, 0.15, 1743.65, 0, 145.74, 0, 70510
CTUN, 70551, 0, 0, 0, 0, 0.15, 0.13, 0, 0, 0, 2
DU32, 7, 663769
CURR, 70552, 0, 0, 0, 0, 5006, 0
ATT, 70560, 0, 0.12, 0, -0.1, 305.53, 305.53, 0, 0.08
RCIN, 70561, 900, 900, 900, 900, 900, 900, 900, 900, 0, 0, 0, 0, 0, 0
CTUN, 70650, 0, 0, 0, 0, 0.15, 0.02, 0, 0, 0, 2
ATT, 70660, 0, 0.12, 0, -0.1, 305.5, 305.5, 0, 0.08
RCIN, 70660, 900, 900, 900, 900, 900, 900, 900, 900, 0, 0, 0, 0, 0, 0
GPS, 1, 164624000, 2004, 0, 99.99, 39.9203418, -105.1131457, 0.14, 1743.65, 0, 145.74, 0, 70711
CTUN, 70751, 0, 0, 0, 0, 0.14, 0.01, 0, 0, 0, 2
ATT, 70761, 0, 0.12, 0, -0.1, 305.47, 305.47, 0, 0.08
RCIN, 70761, 900, 900, 900, 900, 900, 900, 900, 900, 0, 0, 0, 0, 0, 0
CTUN, 70850, 0, 0, 0, 0, 0.14, 0.32, 0, 0, 0, 2
ATT, 70860, 0, 0.12, 0, -0.1, 305.44, 305.44, 0, 0.08
RCIN, 70860, 900, 900, 900, 900, 900, 900, 900, 900, 0, 0, 0, 0, 0, 0
GPS, 1, 164624000, 2004, 0, 99.99, 39.9203418, -105.1131457, 0.14, 1743.65, 0, 145.74, 0, 70909
CTUN, 70952, 0, 0, 0, 0, 0.15, 0, 0, 0, 0, 2
ATT, 70961, 0, 0.12, 0, -0.1, 305.41, 305.41, 0, 0.08
RCIN, 70961, 900, 900, 900, 900, 900, 900, 900, 900, 0, 0, 0, 0, 0, 0
CTUN, 71051, 0, 0, 0, 0, 0.14, -0.08, 0, 0, 0, 2
ATT, 71060, 0, 0.12, 0, -0.1, 305.38, 305.38, 0, 0.08
RCIN, 71060, 900, 900, 900, 900, 900, 900, 900, 900, 0, 0, 0, 0, 0, 0
GPS, 1, 164624000, 2004, 0, 99.99, 39.9203418, -105.1131457, 0.14, 1743.65, 0, 145.74, 0, 71110
CTUN, 71150, 0, 0, 0, 0, 0.13, 0.07, 0, 0, 0, 1
ATT, 71160, 0, 0.12, 0, -0.1, 305.36, 305.36, 0, 0.07
RCIN, 71160, 900, 900, 900, 900, 900, 900, 900, 900, 0, 0, 0, 0, 0, 0
CTUN, 71251, 0, 0, 0, 0, 0.13, 0.08, 0, 0, 0, 1
ATT, 71261, 0, 0.12, 0, -0.1, 305.34, 305.34, 0, 0.08
RCIN, 71261, 900, 900, 900, 900, 900, 900, 900, 900, 0, 0, 0, 0, 0, 0
GPS, 1, 164624000, 2004, 0, 99.99, 39.9203418, -105.1131457, 0.13, 1743.65, 0, 145.74, 0, 71310
CTUN, 71350, 0, 0, 0, 0, 0.13, -0.01, 0, 0, 0, 1
ATT, 71360, 0, 0.11, 0, -0.1, 305.31, 305.31, 0, 0.07
RCIN, 71360, 900, 900, 900, 900, 900, 900, 900, 900, 0, 0, 0, 0, 0, 0
CTUN, 71452, 0, 0, 0, 0, 0.12, 0, 0, 0, 0, 1
ATT, 71461, 0, 0.11, 0, -0.1, 305.29, 305.29, 0, 0.07
RCIN, 71461, 900, 900, 900, 900, 900, 900, 900, 900, 0, 0, 0, 0, 0, 0
GPS, 1, 164624000, 2004, 0, 99.99, 39.9203418, -105.1131457, 0.12, 1743.65, 0, 145.74, 0, 71510
CTUN, 71551, 0, 0, 0, 0, 0.12, -0.09, 0, 0, 0, 1
DU32, 7, 663769
CURR, 71552, 0, 0, 0, 0, 5028, 0
ATT, 71560, 0, 0.11, 0, -0.1, 305.26, 305.26, 0, 0.49
RCIN, 71561, 900, 900, 900, 900, 900, 900, 900, 900, 0, 0, 0, 0, 0, 0
CTUN, 71650, 0, 0, 0, 0, 0.11, -0.09, 0, 0, 0, 1
ATT, 71659, 0, 0.11, 0, -0.1, 305.49, 305.49, 0, 0.08
RCIN, 71660, 900, 900, 900, 900, 900, 900, 900, 900, 0, 0, 0, 0, 0, 0
GPS, 1, 164624000, 2004, 0, 99.99, 39.9203418, -105.1131457, 0.1, 1743.65, 0, 145.74, 0, 71711
CTUN, 71751, 0, 0, 0, 0, 0.09, 0.27, 0, 0, 0, 0
ATT, 71761, 0, 0.11, 0, -0.09, 305.46, 305.46, 0, 0.08
RCIN, 71761, 900, 900, 900, 900, 900, 900, 900, 900, 0, 0, 0, 0, 0, 0
CTUN, 71850, 0, 0, 0, 0, 0.11, 0.31, 0, 0, 0, 1
ATT, 71860, 0, 0.11, 0, -0.09, 305.43, 305.43, 0, 0.08
RCIN, 71860, 900, 900, 900, 900, 900, 900, 900, 900, 0, 0, 0, 0, 0, 0
GPS, 1, 164624000, 2004, 0, 99.99, 39.9203418, -105.1131457, 0.11, 1743.65, 0, 145.74, 0, 71909
CTUN, 71951, 0, 0, 0, 0, 0.12, 0.26, 0, 0, 0, 1
ATT, 71961, 0, 0.11, 0, -0.09, 305.41, 305.41, 0, 0.07
RCIN, 71961, 900, 900, 900, 900, 900, 900, 900, 900, 0, 0, 0, 0, 0, 0
CTUN, 72051, 0, 0, 0, 0, 0.13, 0.07, 0, 0, 0, 1
ATT, 72060, 0, 0.1, 0, -0.09, 305.38, 305.38, 0, 0.07
RCIN, 72061, 900, 900, 900, 900, 900, 900, 900, 900, 0, 0, 0, 0, 0, 0
GPS, 1, 164624000, 2004, 0, 99.99, 39.9203418, -105.1131457, 0.13, 1743.65, 0, 145.74, 0, 72110
CTUN, 72150, 0, 0, 0, 0, 0.13, 0.1, 0, 0, 0, 1
ATT, 72159, 0, 0.1, 0, -0.09, 305.35, 305.35, 0, 0.07
RCIN, 72160, 900, 900, 900, 900, 900, 900, 900, 900, 0, 0, 0, 0, 0, 0
CTUN, 72251, 0, 0, 0, 0, 0.13, -0.09, 0, 0, 0, 1
ATT, 72261, 0, 0.1, 0, -0.09, 305.33, 305.33, 0, 0.08
RCIN, 72261, 900, 900, 900, 900, 900, 900, 900, 900, 0, 0, 0, 0, 0, 0
GPS, 1, 164624000, 2004, 0, 99.99, 39.9203418, -105.1131457, 0.12, 1743.65, 0, 145.74, 0, 72310
CTUN, 72350, 0, 0, 0, 0, 0.12, -0.13, 0, 0, 0, 1
ATT, 72360, 0, 0.1, 0, -0.09, 305.3, 305.3, 0, 0.07
RCIN, 72360, 900, 900, 900, 900, 900, 900, 900, 900, 0, 0, 0, 0, 0, 0
CTUN, 72452, 0, 0, 0, 0, 0.1, 0.25, 0, 0, 0, 0
ATT, 72461, 0, 0.1, 0, -0.09, 305.28, 305.28, 0, 0.07
RCIN, 72461, 900, 900, 900, 900, 900, 900, 900, 900, 0, 0, 0, 0, 0, 0
GPS, 1, 164624000, 2004, 0, 99.99, 39.9203418, -105.1131457, 0.11, 1743.65, 0, 145.74, 0, 72510
CTUN, 72551, 0, 0, 0, 0, 0.11, 0.12, 0, 0, 0, 0
DU32, 7, 663769
CURR, 72552, 0, 0, 0, 0, 5028, 0
ATT, 72560, 0, 0.1, 0, -0.09, 305.25, 305.25, 0, 0.07
RCIN, 72560, 900, 900, 900, 900, 900, 900, 900, 900, 0, 0, 0, 0, 0, 0
CTUN, 72650, 0, 0, 0, 0, 0.11, 0, 0, 0, 0, 0
ATT, 72659, 0, 0.1, 0, -0.09, 305.23, 305.23, 0, 0.07
RCIN, 72660, 900, 900, 900, 900, 900, 900, 900, 900, 0, 0, 0, 0, 0, 0
GPS, 1, 164624000, 2004, 0, 99.99, 39.9203418, -105.1131457, 0.11, 1743.65, 0, 145.74, 0, 72711
CTUN, 72751, 0, 0, 0, 0, 0.11, 0.19, 0, 0, 0, 0
ATT, 72761, 0, 0.1, 0, -0.09, 305.2, 305.2, 0, 0.07
RCIN, 72761, 900, 900, 900, 900, 900, 900, 900, 900, 0, 0, 0, 0, 0, 0
CTUN, 72850, 0, 0, 0, 0, 0.11, 0.01, 0, 0, 0, 0
ATT, 72860, 0, 0.1, 0, -0.09, 305.18, 305.18, 0, 0.07
RCIN, 72860, 900, 900, 900, 900, 900, 900, 900, 900, 0, 0, 0, 0, 0, 0
GPS, 1, 164624000, 2004, 0, 99.99, 39.9203418, -105.1131457, 0.11, 1743.65, 0, 145.74, 0, 72909
CTUN, 72951, 0, 0, 0, 0, 0.11, 0.13, 0, 0, 0, 0
ATT, 72961, 0, 0.09, 0, -0.09, 305.15, 305.15, 0, 0.07
RCIN, 72961, 900, 900, 900, 900, 900, 900, 900, 900, 0, 0, 0, 0, 0, 0
CTUN, 73051, 0, 0, 0, 0, 0.11, 0.02, 0, 0, 0, 0
ATT, 73060, 0, 0.09, 0, -0.08, 305.13, 305.13, 0, 0.07
RCIN, 73061, 900, 900, 900, 900, 900, 900, 900, 900, 0, 0, 0, 0, 0, 0
GPS, 1, 164624000, 2004, 0, 99.99, 39.9203418, -105.1131457, 0.11, 1743.65, 0, 145.74, 0, 73109
CTUN, 73150, 0, 0, 0, 0, 0.1, 0.13, 0, 0, 0, 0
ATT, 73160, 0, 0.09, 0, -0.08, 305.11, 305.11, 0, 0.07
RCIN, 73160, 900, 900, 900, 900, 900, 900, 900, 900, 0, 0, 0, 0, 0, 0
CTUN, 73251, 0, 0, 0, 0, 0.11, 0.2, 0, 0, 0, 0
ATT, 73260, 0, 0.09, 0, -0.08, 305.08, 305.08, 0, 0.49
RCIN, 73261, 900, 900, 900, 900, 900, 900, 900, 900, 0, 0, 0, 0, 0, 0
GPS, 1, 164624000, 2004, 0, 99.99, 39.9203418, -105.1131457, 0.11, 1743.65, 0, 145.74, 0, 73310
CTUN, 73350, 0, 0, 0, 0, 0.11, -0.08, 0, 0, 0, 0
ATT, 73360, 0, 0.09, 0, -0.08, 305.31, 305.31, 0, 0.07
RCIN, 73360, 900, 900, 900, 900, 900, 900, 900, 900, 0, 0, 0, 0, 0, 0
CTUN, 73450, 0, 0, 0, 0, 0.1, -0.02, 0, 0, 0, 0
ATT, 73461, 0, 0.09, 0, -0.08, 305.29, 305.29, 0, 0.07
RCIN, 73461, 900, 900, 900, 900, 900, 900, 900, 900, 0, 0, 0, 0, 0, 0
GPS, 1, 164624000, 2004, 0, 99.99, 39.9203418, -105.1131457, 0.1, 1743.65, 0, 145.74, 0, 73510
CTUN, 73551, 0, 0, 0, 0, 0.09, -0.06, 0, 0, 0, 0
DU32, 7, 663769
CURR, 73552, 0, 0, 0, 0, 5028, 0
ATT, 73560, 0, 0.09, 0, -0.08, 305.27, 305.27, 0, 0.07
RCIN, 73560, 900, 900, 900, 900, 900, 900, 900, 900, 0, 0, 0, 0, 0, 0
CTUN, 73650, 0, 0, 0, 0, 0.09, 0.22, 0, 0, 0, 0
ATT, 73659, 0, 0.09, 0, -0.08, 305.24, 305.24, 0, 0.07
RCIN, 73660, 900, 900, 900, 900, 900, 900, 900, 900, 0, 0, 0, 0, 0, 0
GPS, 1, 164624000, 2004, 0, 99.99, 39.9203418, -105.1131457, 0.09, 1743.65, 0, 145.74, 0, 73711
CTUN, 73751, 0, 0, 0, 0, 0.09, 0.02, 0, 0, 0, 0
ATT, 73761, 0, 0.09, 0, -0.08, 305.21, 305.21, 0, 0.07
RCIN, 73761, 900, 900, 900, 900, 900, 900, 900, 900, 0, 0, 0, 0, 0, 0
CTUN, 73850, 0, 0, 0, 0, 0.09, 0.22, 0, 0, 0, 0
ATT, 73860, 0, 0.09, 0, -0.08, 305.19, 305.19, 0, 0.07
RCIN, 73860, 900, 900, 900, 900, 900, 900, 900, 900, 0, 0, 0, 0, 0, 0
GPS, 1, 164624000, 2004, 0, 99.99, 39.9203418, -105.1131457, 0.09, 1743.65, 0, 145.74, 0, 73909
CTUN, 73950, 0, 0, 0, 0, 0.1, 0.25, 0, 0, 0, 0
ATT, 73961, 0, 0.09, 0, -0.08, 305.17, 305.17, 0, 0.07
RCIN, 73961, 900, 900, 900, 900, 900, 900, 900, 900, 0, 0, 0, 0, 0, 0
CTUN, 74051, 0, 0, 0, 0, 0.11, 0.18, 0, 0, 0, 0
ATT, 74060, 0, 0.09, 0, -0.08, 305.15, 305.15, 0, 0.07
RCIN, 74060, 900, 900, 900, 900, 900, 900, 900, 900, 0, 0, 0, 0, 0, 0
GPS, 1, 164624000, 2004, 0, 99.99, 39.9203418, -105.1131457, 0.11, 1743.65, 0, 145.74, 0, 74110
CTUN, 74150, 0, 0, 0, 0, 0.11, 0.2, 0, 0, 0, 0
ATT, 74159, 0, 0.09, 0, -0.08, 305.12, 305.12, 0, 0.5
RCIN, 74160, 900, 900, 900, 900, 900, 900, 900, 900, 0, 0, 0, 0, 0, 0
CTUN, 74251, 0, 0, 0, 0, 0.12, 0.12, 0, 0, 0, 0
ATT, 74260, 0, 0.09, 0, -0.08, 305.36, 305.36, 0, 0.07
RCIN, 74261, 900, 900, 900, 900, 900, 900, 900, 900, 0, 0, 0, 0, 0, 0
GPS, 1, 164624000, 2004, 0, 99.99, 39.9203418, -105.1131457, 0.12, 1743.65, 0, 145.74, 0, 74310
CTUN, 74350, 0, 0, 0, 0, 0.12, 0.2, 0, 0, 0, 0
ATT, 74360, 0, 0.09, 0, -0.08, 305.34, 305.34, 0, 0.07
RCIN, 74360, 900, 900, 900, 900, 900, 900, 900, 900, 0, 0, 0, 0, 0, 0
CTUN, 74451, 0, 0, 0, 0, 0.12, 0.13, 0, 0, 0, 0
ATT, 74461, 0, 0.09, 0, -0.08, 305.31, 305.31, 0, 0.07
RCIN, 74461, 900, 900, 900, 900, 900, 900, 900, 900, 0, 0, 0, 0, 0, 0
GPS, 1, 164624000, 2004, 0, 99.99, 39.9203418, -105.1131457, 0.13, 1743.65, 0, 145.74, 0, 74510
CTUN, 74551, 0, 0, 0, 0, 0.13, 0.07, 0, 0, 0, 0
DU32, 7, 663769
CURR, 74552, 0, 0, 0, 0, 5006, 0
ATT, 74560, 0, 0.09, 0, -0.07, 305.29, 305.29, 0, 0.07
RCIN, 74561, 900, 900, 900, 900, 900, 900, 900, 900, 0, 0, 0, 0, 0, 0
CTUN, 74651, 0, 0, 0, 0, 0.12, 0.02, 0, 0, 0, 0
ATT, 74659, 0, 0.09, 0, -0.08, 305.27, 305.27, 0, 0.07
RCIN, 74660, 900, 900, 900, 900, 900, 900, 900, 900, 0, 0, 0, 0, 0, 0
GPS, 1, 164624000, 2004, 0, 99.99, 39.9203418, -105.1131457, 0.12, 1743.65, 0, 145.74, 0, 74709
CTUN, 74751, 0, 0, 0, 0, 0.12, -0.08, 0, 0, 0, 0
ATT, 74761, 0, 0.09, 0, -0.08, 305.24, 305.24, 0, 0.07
RCIN, 74761, 900, 900, 900, 900, 900, 900, 900, 900, 0, 0, 0, 0, 0, 0
CTUN, 74851, 0, 0, 0, 0, 0.11, 0.14, 0, 0, 0, 0
ATT, 74860, 0, 0.09, 0, -0.08, 305.22, 305.22, 0, 0.07
RCIN, 74860, 900, 900, 900, 900, 900, 900, 900, 900, 0, 0, 0, 0, 0, 0
GPS, 1, 164624000, 2004, 0, 99.99, 39.9203418, -105.1131457, 0.11, 1743.65, 0, 145.74, 0, 74910
CTUN, 74950, 0, 0, 0, 0, 0.11, 0.11, 0, 0, 0, 0
ATT, 74959, 0, 0.09, 0, -0.08, 305.19, 305.19, 0, 0.07
RCIN, 74959, 900, 900, 900, 900, 900, 900, 900, 900, 0, 0, 0, 0, 0, 0
CTUN, 75052, 0, 0, 0, 0, 0.11, 0.04, 0, 0, 0, 0
ATT, 75060, 0, 0.09, 0, -0.08, 305.17, 305.17, 0, 0.07
RCIN, 75060, 900, 900, 900, 900, 900, 900, 900, 900, 0, 0, 0, 0, 0, 0
GPS, 1, 164624000, 2004, 0, 99.99, 39.9203418, -105.1131457, 0.11, 1743.65, 0, 145.74, 0, 75110
CTUN, 75150, 0, 0, 0, 0, 0.1, -0.04, 0, 0, 0, 0
ATT, 75159, 0, 0.09, 0, -0.08, 305.15, 305.15, 0, 0.49
RCIN, 75159, 900, 900, 900, 900, 900, 900, 900, 900, 0, 0, 0, 0, 0, 0
CTUN, 75252, 0, 0, 0, 0, 0.1, 0.1, 0, 0, 0, 0
ATT, 75261, 0, 0.09, 0, -0.08, 305.39, 305.39, 0, 0.07
RCIN, 75261, 900, 900, 900, 900, 900, 900, 900, 900, 0, 0, 0, 0, 0, 0
GPS, 1, 164624000, 2004, 0, 99.99, 39.9203418, -105.1131457, 0.1, 1743.65, 0, 145.74, 0, 75311
CTUN, 75351, 0, 0, 0, 0, 0.1, 0.15, 0, 0, 0, 0
ATT, 75361, 0, 0.09, 0, -0.08, 305.36, 305.36, 0, 0.07
RCIN, 75361, 900, 900, 900, 900, 900, 900, 900, 900, 0, 0, 0, 0, 0, 0
CTUN, 75452, 0, 0, 0, 0, 0.1, 0.1, 0, 0, 0, 0
ATT, 75460, 0, 0.09, 0, -0.08, 305.34, 305.34, 0, 0.08
RCIN, 75461, 900, 900, 900, 900, 900, 900, 900, 900, 0, 0, 0, 0, 0, 0
GPS, 1, 164624000, 2004, 0, 99.99, 39.9203418, -105.1131457, 0.1, 1743.65, 0, 145.74, 0, 75511
CTUN, 75551, 0, 0, 0, 0, 0.1, 0.21, 0, 0, 0, 0
DU32, 7, 663769
CURR, 75552, 0, 0, 0, 0, 5006, 0
PM, 33, 1000, 37983, 10, 0, 0, 255
ATT, 75561, 0, 0.09, 0, -0.07, 305.31, 305.31, 0, 0.07
RCIN, 75561, 900, 900, 900, 900, 900, 900, 900, 900, 0, 0, 0, 0, 0, 0
CTUN, 75652, 0, 0, 0, 0, 0.11, 0.1, 0, 0, 0, 0
ATT, 75660, 0, 0.09, 0, -0.07, 305.29, 305.29, 0, 0.49
RCIN, 75661, 900, 900, 900, 900, 900, 900, 900, 900, 0, 0, 0, 0, 0, 0
GPS, 1, 164624000, 2004, 0, 99.99, 39.9203418, -105.1131457, 0.11, 1743.65, 0, 145.74, 0, 75711
CTUN, 75751, 0, 0, 0, 0, 0.11, 0.11, 0, 0, 0, 0
ATT, 75761, 0, 0.09, 0, -0.08, 305.52, 305.52, 0, 0.08
RCIN, 75761, 900, 900, 900, 900, 900, 900, 900, 900, 0, 0, 0, 0, 0, 0
CTUN, 75852, 0, 0, 0, 0, 0.11, 0.09, 0, 0, 0, 0
ATT, 75861, 0, 0.09, 0, -0.07, 305.5, 305.5, 0, 0.07
RCIN, 75861, 900, 900, 900, 900, 900, 900, 900, 900, 0, 0, 0, 0, 0, 0
GPS, 1, 164624000, 2004, 0, 99.99, 39.9203418, -105.1131457, 0.11, 1743.65, 0, 145.74, 0, 75911
CTUN, 75951, 0, 0, 0, 0, 0.11, 0.11, 0, 0, 0, 0
ATT, 75961, 0, 0.09, 0, -0.07, 305.47, 305.47, 0, 0.08
RCIN, 75961, 900, 900, 900, 900, 900, 900, 900, 900, 0, 0, 0, 0, 0, 0
CTUN, 76051, 0, 0, 0, 0, 0.11, -0.1, 0, 0, 0, 0
ATT, 76062, 0, 0.09, 0, -0.07, 305.45, 305.45, 0, 0.49
RCIN, 76062, 900, 900, 900, 900, 900, 900, 900, 900, 0, 0, 0, 0, 0, 0
GPS, 1, 164624000, 2004, 0, 99.99, 39.9203418, -105.1131457, 0.1, 1743.65, 0, 145.74, 0, 76111
CTUN, 76151, 0, 0, 0, 0, 0.09, 0.03, 0, 0, 0, 0
ATT, 76161, 0, 0.09, 0, -0.07, 305.68, 305.68, 0, 0.08
RCIN, 76161, 900, 900, 900, 900, 900, 900, 900, 900, 0, 0, 0, 0, 0, 0
CTUN, 76251, 0, 0, 0, 0, 0.09, 0.23, 0, 0, 0, 0
ATT, 76262, 0, 0.09, 0, -0.07, 305.65, 305.65, 0, 0.48
RCIN, 76262, 900, 900, 900, 900, 900, 900, 900, 900, 0, 0, 0, 0, 0, 0
GPS, 1, 164624000, 2004, 0, 99.99, 39.9203418, -105.1131457, 0.1, 1743.65, 0, 145.74, 0, 76311
CTUN, 76351, 0, 0, 0, 0, 0.1, 0.12, 0, 0, 0, 0
ATT, 76361, 0, 0.09, 0, -0.08, 305.88, 305.88, 0, 0.08
RCIN, 76361, 900, 900, 900, 900, 900, 900, 900, 900, 0, 0, 0, 0, 0, 0
CTUN, 76451, 0, 0, 0, 0, 0.1, 0.22, 0, 0, 0, 0
ATT, 76461, 0, 0.09, 0, -0.07, 305.85, 305.85, 0, 0.09
RCIN, 76461, 900, 900, 900, 900, 900, 900, 900, 900, 0, 0, 0, 0, 0, 0
GPS, 1, 164624000, 2004, 0, 99.99, 39.9203418, -105.1131457, 0.1, 1743.65, 0, 145.74, 0, 76511
CTUN, 76551, 0, 0, 0, 0, 0.11, 0, 0, 0, 0, 0
DU32, 7, 663769
CURR, 76552, 0, 0, 0, 0, 4962, 0
ATT, 76561, 0, 0.09, 0, -0.07, 305.82, 305.82, 0, 0.08
RCIN, 76561, 900, 900, 900, 900, 900, 900, 900, 900, 0, 0, 0, 0, 0, 0
CTUN, 76651, 0, 0, 0, 0, 0.1, 0.14, 0, 0, 0, 0
ATT, 76661, 0, 0.09, 0, -0.07, 305.8, 305.8, 0, 0.08
RCIN, 76661, 900, 900, 900, 900, 900, 900, 900, 900, 0, 0, 0, 0, 0, 0
GPS, 1, 164624000, 2004, 0, 99.99, 39.9203418, -105.1131457, 0.1, 1743.65, 0, 145.74, 0, 76711
CTUN, 76751, 0, 0, 0, 0, 0.1, 0, 0, 0, 0, 0
ATT, 76761, 0, 0.09, 0, -0.07, 305.76, 305.76, 0, 0.08
RCIN, 76761, 900, 900, 900, 900, 900, 900, 900, 900, 0, 0, 0, 0, 0, 0
CTUN, 76851, 0, 0, 0, 0, 0.1, 0.05, 0, 0, 0, 0
ATT, 76861, 0, 0.09, 0, -0.07, 305.73, 305.73, 0, 0.08
RCIN, 76861, 900, 900, 900, 900, 900, 900, 900, 900, 0, 0, 0, 0, 0, 0
GPS, 1, 164624000, 2004, 0, 99.99, 39.9203418, -105.1131457, 0.1, 1743.65, 0, 145.74, 0, 76911
CTUN, 76951, 0, 0, 0, 0, 0.09, -0.02, 0, 0, 0, 0
ATT, 76960, 0, 0.09, 0, -0.06, 305.71, 305.71, 0, 0.08
RCIN, 76961, 900, 900, 900, 900, 900, 900, 900, 900, 0, 0, 0, 0, 0, 0
CTUN, 77051, 0, 0, 0, 0, 0.09, 0.21, 0, 0, 0, 0
ATT, 77061, 0, 0.09, 0, -0.06, 305.68, 305.68, 0, 0.08
RCIN, 77061, 900, 900, 900, 900, 900, 900, 900, 900, 0, 0, 0, 0, 0, 0
GPS, 1, 164624000, 2004, 0, 99.99, 39.9203418, -105.1131457, 0.09, 1743.65, 0, 145.74, 0, 77111
CTUN, 77151, 0, 0, 0, 0, 0.09, 0.39, 0, 0, 0, 0
ATT, 77161, 0, 0.09, 0, -0.06, 305.66, 305.66, 0, 0.08
RCIN, 77161, 900, 900, 900, 900, 900, 900, 900, 900, 0, 0, 0, 0, 0, 0
CTUN, 77251, 0, 0, 0, 0, 0.11, 0.01, 0, 0, 0, 0
ATT, 77261, 0, 0.09, 0, -0.06, 305.63, 305.63, 0, 0.08
RCIN, 77261, 900, 900, 900, 900, 900, 900, 900, 900, 0, 0, 0, 0, 0, 0
GPS, 1, 164624000, 2004, 0, 99.99, 39.9203418, -105.1131457, 0.11, 1743.65, 0, 145.74, 0, 77311
CTUN, 77351, 0, 0, 0, 0, 0.11, -0.07, 0, 0, 0, 0
ATT, 77361, 0, 0.09, 0, -0.06, 305.6, 305.6, 0, 0.08
RCIN, 77361, 900, 900, 900, 900, 900, 900, 900, 900, 0, 0, 0, 0, 0, 0
CTUN, 77451, 0, 0, 0, 0, 0.1, 0.2, 0, 0, 0, 0
ATT, 77461, 0, 0.09, 0, -0.06, 305.57, 305.57, 0, 0.08
RCIN, 77461, 900, 900, 900, 900, 900, 900, 900, 900, 0, 0, 0, 0, 0, 0
GPS, 1, 164624000, 2004, 0, 99.99, 39.9203418, -105.1131457, 0.1, 1743.65, 0, 145.74, 0, 77511
CTUN, 77551, 0, 0, 0, 0, 0.1, 0.11, 0, 0, 0, 0
DU32, 7, 663769
CURR, 77552, 0, 0, 0, 0, 5028, 0
ATT, 77561, 0, 0.09, 0, -0.06, 305.55, 305.55, 0, 0.49
RCIN, 77561, 900, 900, 900, 900, 900, 900, 900, 900, 0, 0, 0, 0, 0, 0
CTUN, 77651, 0, 0, 0, 0, 0.1, 0.07, 0, 0, 0, 0
ATT, 77660, 0, 0.09, 0, -0.06, 305.78, 305.78, 0, 0.08
RCIN, 77661, 900, 900, 900, 900, 900, 900, 900, 900, 0, 0, 0, 0, 0, 0
GPS, 1, 164624000, 2004, 0, 99.99, 39.9203418, -105.1131457, 0.1, 1743.65, 0, 145.74, 0, 77710
CTUN, 77751, 0, 0, 0, 0, 0.1, 0.14, 0, 0, 0, 0
ATT, 77761, 0, 0.09, 0, -0.06, 305.75, 305.75, 0, 0.08
RCIN, 77761, 900, 900, 900, 900, 900, 900, 900, 900, 0, 0, 0, 0, 0, 0
CTUN, 77851, 0, 0, 0, 0, 0.1, 0.2, 0, 0, 0, 0
ATT, 77861, 0, 0.09, 0, -0.06, 305.72, 305.72, 0, 0.08
RCIN, 77861, 900, 900, 900, 900, 900, 900, 900, 900, 0, 0, 0, 0, 0, 0
GPS, 1, 164624000, 2004, 0, 99.99, 39.9203418, -105.1131457, 0.11, 1743.65, 0, 145.74, 0, 77912
CTUN, 77951, 0, 0, 0, 0, 0.11, 0.43, 0, 0, 0, 0
ATT, 77960, 0, 0.09, 0, -0.06, 305.7, 305.7, 0, 0.08
RCIN, 77961, 900, 900, 900, 900, 900, 900, 900, 900, 0, 0, 0, 0, 0, 0
CTUN, 78051, 0, 0, 0, 0, 0.13, 0.15, 0, 0, 0, 0
ATT, 78061, 0, 0.09, 0, -0.06, 305.67, 305.67, 0, 0.08
RCIN, 78061, 900, 900, 900, 900, 900, 900, 900, 900, 0, 0, 0, 0, 0, 0
GPS, 1, 164624000, 2004, 0, 99.99, 39.9203418, -105.1131457, 0.13, 1743.65, 0, 145.74, 0, 78111
CTUN, 78151, 0, 0, 0, 0, 0.13, -0.08, 0, 0, 0, 0
ATT, 78161, 0, 0.09, 0, -0.06, 305.64, 305.64, 0, 0.08
RCIN, 78161, 900, 900, 900, 900, 900, 900, 900, 900, 0, 0, 0, 0, 0, 0
CTUN, 78251, 0, 0, 0, 0, 0.12, 0.17, 0, 0, 0, 0
ATT, 78260, 0, 0.09, 0, -0.06, 305.61, 305.61, 0, 0.08
RCIN, 78261, 900, 900, 900, 900, 900, 900, 900, 900, 0, 0, 0, 0, 0, 0
GPS, 1, 164624000, 2004, 0, 99.99, 39.9203418, -105.1131457, 0.12, 1743.65, 0, 145.74, 0, 78311
CTUN, 78351, 0, 0, 0, 0, 0.12, 0.32, 0, 0, 0, 0
ATT, 78361, 0, 0.09, 0, -0.06, 305.58, 305.58, 0, 0.49
RCIN, 78361, 900, 900, 900, 900, 900, 900, 900, 900, 0, 0, 0, 0, 0, 0
CTUN, 78451, 0, 0, 0, 0, 0.14, 0.24, 0, 0, 0, 0
ATT, 78460, 0, 0.09, 0, -0.06, 305.82, 305.82, 0, 0.08
RCIN, 78461, 900, 900, 900, 900, 900, 900, 900, 900, 0, 0, 0, 0, 0, 0
GPS, 1, 164624000, 2004, 0, 99.99, 39.9203418, -105.1131457, 0.14, 1743.65, 0, 145.74, 0, 78511
CTUN, 78551, 0, 0, 0, 0, 0.14, 0.26, 0, 0, 0, 0
DU32, 7, 663769
CURR, 78552, 0, 0, 0, 0, 5006, 0
ATT, 78561, 0, 0.09, 0, -0.06, 305.79, 305.79, 0, 0.08
RCIN, 78562, 900, 900, 900, 900, 900, 900, 900, 900, 0, 0, 0, 0, 0, 0
CTUN, 78651, 0, 0, 0, 0, 0.15, 0.03, 0, 0, 0, 1
ATT, 78661, 0, 0.09, 0, -0.06, 305.76, 305.76, 0, 0.08
RCIN, 78661, 900, 900, 900, 900, 900, 900, 900, 900, 0, 0, 0, 0, 0, 0
GPS, 1, 164624000, 2004, 0, 99.99, 39.9203418, -105.1131457, 0.15, 1743.65, 0, 145.74, 0, 78711
CTUN, 78751, 0, 0, 0, 0, 0.15, 0.12, 0, 0, 0, 0
ATT, 78761, 0, 0.09, 0, -0.06, 305.73, 305.73, 0, 0.5
RCIN, 78761, 900, 900, 900, 900, 900, 900, 900, 900, 0, 0, 0, 0, 0, 0
CTUN, 78851, 0, 0, 0, 0, 0.14, 0.07, 0, 0, 0, 0
ATT, 78861, 0, 0.09, 0, -0.06, 305.97, 305.97, 0, 0.09
RCIN, 78861, 900, 900, 900, 900, 900, 900, 900, 900, 0, 0, 0, 0, 0, 0
GPS, 1, 164624000, 2004, 0, 99.99, 39.9203418, -105.1131457, 0.14, 1743.65, 0, 145.74, 0, 78911
CTUN, 78951, 0, 0, 0, 0, 0.14, 0.09, 0, 0, 0, 0
ATT, 78961, 0, 0.08, 0, -0.06, 305.93, 305.93, 0, 0.48
RCIN, 78961, 900, 900, 900, 900, 900, 900, 900, 900, 0, 0, 0, 0, 0, 0
CTUN, 79051, 0, 0, 0, 0, 0.14, 0.15, 0, 0, 0, 0
ATT, 79061, 0, 0.08, 0, -0.07, 306.16, 306.16, 0, 0.09
RCIN, 79061, 900, 900, 900, 900, 900, 900, 900, 900, 0, 0, 0, 0, 0, 0
GPS, 1, 164624000, 2004, 0, 99.99, 39.9203418, -105.1131457, 0.14, 1743.65, 0, 145.74, 0, 79111
CTUN, 79152, 0, 0, 0, 0, 0.14, 0.17, 0, 0, 0, 0
ATT, 79161, 0, 0.08, 0, -0.06, 306.13, 306.13, 0, 0.09
RCIN, 79161, 900, 900, 900, 900, 900, 900, 900, 900, 0, 0, 0, 0, 0, 0
CTUN, 79251, 0, 0, 0, 0, 0.14, 0.12, 0, 0, 0, 0
ATT, 79261, 0, 0.08, 0, -0.06, 306.1, 306.1, 0, 0.48
RCIN, 79261, 900, 900, 900, 900, 900, 900, 900, 900, 0, 0, 0, 0, 0, 0
GPS, 1, 164624000, 2004, 0, 99.99, 39.9203418, -105.1131457, 0.14, 1743.65, 0, 145.74, 0, 79310
CTUN, 79351, 0, 0, 0, 0, 0.14, 0.18, 0, 0, 0, 0
ATT, 79362, 0, 0.08, 0, -0.06, 306.33, 306.33, 0, 0.09
RCIN, 79362, 900, 900, 900, 900, 900, 900, 900, 900, 0, 0, 0, 0, 0, 0
CTUN, 79451, 0, 0, 0, 0, 0.14, 0.17, 0, 0, 0, 0
ATT, 79461, 0, 0.08, 0, -0.07, 306.29, 306.29, 0, 0.09
RCIN, 79461, 900, 900, 900, 900, 900, 900, 900, 900, 0, 0, 0, 0, 0, 0
GPS, 1, 164624000, 2004, 0, 99.99, 39.9203418, -105.1131457, 0.15, 1743.65, 0, 145.74, 0, 79511
CTUN, 79551, 0, 0, 0, 0, 0.15, 0.32, 0, 0, 0, 0
DU32, 7, 663769
CURR, 79552, 0, 0, 0, 0, 4984, 0
ATT, 79562, 0, 0.08, 0, -0.07, 306.26, 306.26, 0, 0.09
RCIN, 79562, 900, 900, 900, 900, 900, 900, 900, 900, 0, 0, 0, 0, 0, 0
CTUN, 79651, 0, 0, 0, 0, 0.16, 0.07, 0, 0, 0, 0
ATT, 79661, 0, 0.08, 0, -0.07, 306.23, 306.23, 0, 0.09
RCIN, 79661, 900, 900, 900, 900, 900, 900, 900, 900, 0, 0, 0, 0, 0, 0
GPS, 1, 164624000, 2004, 0, 99.99, 39.9203418, -105.1131457, 0.16, 1743.65, 0, 145.74, 0, 79711
CTUN, 79751, 0, 0, 0, 0, 0.15, -0.08, 0, 0, 0, 0
ATT, 79761, 0, 0.08, 0, -0.06, 306.2, 306.2, 0, 0.09
RCIN, 79761, 900, 900, 900, 900, 900, 900, 900, 900, 0, 0, 0, 0, 0, 0
CTUN, 79851, 0, 0, 0, 0, 0.14, 0.25, 0, 0, 0, 0
ATT, 79861, 0, 0.08, 0, -0.06, 306.16, 306.16, 0, 0.09
RCIN, 79861, 900, 900, 900, 900, 900, 900, 900, 900, 0, 0, 0, 0, 0, 0
GPS, 1, 164624000, 2004, 0, 99.99, 39.9203418, -105.1131457, 0.14, 1743.65, 0, 145.74, 0, 79911
CTUN, 79951, 0, 0, 0, 0, 0.15, 0.24, 0, 0, 0, 0
ATT, 79961, 0, 0.08, 0, -0.06, 306.13, 306.13, 0, 0.09
RCIN, 79961, 900, 900, 900, 900, 900, 900, 900, 900, 0, 0, 0, 0, 0, 0
CTUN, 80051, 0, 0, 0, 0, 0.15, 0.07, 0, 0, 0, 0
ATT, 80061, 0, 0.08, 0, -0.06, 306.1, 306.1, 0, 0.09
RCIN, 80061, 900, 900, 900, 900, 900, 900, 900, 900, 0, 0, 0, 0, 0, 0
GPS, 1, 164624000, 2004, 0, 99.99, 39.9203418, -105.1131457, 0.15, 1743.65, 0, 145.74, 0, 80111
CTUN, 80151, 0, 0, 0, 0, 0.15, -0.04, 0, 0, 0, 0
ATT, 80161, 0, 0.08, 0, -0.06, 306.06, 306.06, 0, 0.09
RCIN, 80161, 900, 900, 900, 900, 900, 900, 900, 900, 0, 0, 0, 0, 0, 0
CTUN, 80251, 0, 0, 0, -6.583518E-26, 13920.13, 11073178.37, 282.26, 231.18, 0, 0
FMT, 129, 23, PARM, Nf, Name,Value
FMT, 130, 45, GPS, BIHBcLLeeEefI, Status,TimeMS,Week,NSats,HDop,Lat,Lng,RelAlt,Alt,Spd,GCrs,VZ,T
FMT, 131, 31, IMU, Iffffff, TimeMS,GyrX,GyrY,GyrZ,AccX,AccY,AccZ
