FMT, 128, 89, FMT, BBnNZ, Type,Length,Name,Format,Columns
FMT, 129, 23, PARM, Nf, Name,Value
FMT, 130, 45, GPS, BIHBcLLeeEefI, Status,TimeMS,Week,NSats,HDop,Lat,Lng,RelAlt,Alt,Spd,GCrs,VZ,T
FMT, 131, 31, IMU, Iffffff, TimeMS,GyrX,GyrY,GyrZ,AccX,AccY,AccZ
FMT, 132, 67, MSG, Z, Message
FMT, 133, 35, RCIN, Ihhhhhhhhhhhhhh, TimeMS,C1,C2,C3,C4,C5,C6,C7,C8,C9,C10,C11,C12,C13,C14
FMT, 134, 23, RCOU, Ihhhhhhhh, TimeMS,Chan1,Chan2,Chan3,Chan4,Chan5,Chan6,Chan7,Chan8
FMT, 136, 21, BARO, Iffcf, TimeMS,Alt,Press,Temp,CRt
FMT, 137, 13, POWR, ICCH, TimeMS,Vcc,VServo,Flags
FMT, 145, 41, CMD, IHHHfffffff, TimeMS,CTot,CNum,CId,Prm1,Prm2,Prm3,Prm4,Lat,Lng,Alt
FMT, 146, 16, RAD, IBBBBBHH, TimeMS,RSSI,RemRSSI,TxBuf,Noise,RemNoise,RxErrors,Fixed
FMT, 148, 31, CAM, IHLLeeccC, GPSTime,GPSWeek,Lat,Lng,Alt,RelAlt,Roll,Pitch,Yaw
FMT, 25, 25, ATUN, BBfffff, Axis,TuneStep,RateMin,RateMax,RPGain,RDGain,SPGain
FMT, 26, 9, ATDE, cf, Angle,Rate
FMT, 9, 23, CURR, IhIhhhf, TimeMS,ThrOut,ThrInt,Volt,Curr,Vcc,CurrTot
FMT, 12, 20, OF, hhBccee, Dx,Dy,SQual,X,Y,Roll,Pitch
FMT, 5, 47, NTUN, Iffffffffff, TimeMS,DPosX,DPosY,PosX,PosY,DVelX,DVelY,VelX,VelY,DAccX,DAccY
FMT, 4, 33, CTUN, Ihhhffecchh, TimeMS,ThrIn,AngBst,ThrOut,DAlt,Alt,BarAlt,DSAlt,SAlt,DCRt,CRt
FMT, 15, 25, MAG, Ihhhhhhhhh, TimeMS,MagX,MagY,MagZ,OfsX,OfsY,OfsZ,MOfsX,MOfsY,MOfsZ
FMT, 6, 17, PM, HHIhBHB, NLon,NLoop,MaxT,PMT,I2CErr,INSErr,INAVErr
FMT, 1, 23, ATT, IccccCCCC, TimeMS,DesRoll,Roll,DesPitch,Pitch,DesYaw,Yaw,ErrRP,ErrYaw
FMT, 3, 6, MODE, Mh, Mode,ThrCrs
FMT, 10, 3, STRT, , 
FMT, 13, 4, EV, B, Id
FMT, 20, 6, D16, Bh, Id,Value
FMT, 21, 6, DU16, BH, Id,Value
FMT, 22, 8, D32, Bi, Id,Value
FMT, 23, 8, DU32, BI, Id,Value
FMT, 24, 8, DFLT, Bf, Id,Value
FMT, 19, 5, ERR, BB, Subsys,ECode
PARM, SYSID_SW_MREV, 120
PARM, SYSID_SW_TYPE, 10
PARM, SYSID_THISMAV, 1
PARM, SYSID_MYGCS, 255
PARM, SERIAL0_BAUD, 115
PARM, SERIAL1_BAUD, 57
PARM, TELEM_DELAY, 0
PARM, RTL_ALT, 1500
PARM, RNGFND_GAIN, 0.8
PARM, FS_BATT_ENABLE, 0
PARM, FS_BATT_VOLTAGE, 10.5
PARM, FS_BATT_MAH, 0
PARM, FS_GPS_ENABLE, 1
PARM, FS_GCS_ENABLE, 1
PARM, GPS_HDOP_GOOD, 230
PARM, MAG_ENABLE, 1
PARM, FLOW_ENABLE, 0
PARM, SUPER_SIMPLE, 0
PARM, RTL_ALT_FINAL, 0
PARM, RSSI_PIN, -1
PARM, RSSI_RANGE, 5
PARM, WP_YAW_BEHAVIOR, 2
PARM, RTL_LOIT_TIME, 5000
PARM, LAND_SPEED, 50
PARM, PILOT_VELZ_MAX, 250
PARM, PILOT_ACCEL_Z, 250
PARM, THR_MIN, 130
PARM, THR_MAX, 1000
PARM, FS_THR_ENABLE, 0
PARM, FS_THR_VALUE, 975
PARM, TRIM_THROTTLE, 450
PARM, THR_MID, 500
PARM, THR_DZ, 100
PARM, FLTMODE1, 0
PARM, FLTMODE2, 0
PARM, FLTMODE3, 0
PARM, FLTMODE4, 0
PARM, FLTMODE5, 0
PARM, FLTMODE6, 0
PARM, SIMPLE, 0
PARM, LOG_BITMASK, 894
PARM, ESC, 0
PARM, TUNE, 0
PARM, TUNE_LOW, 0
PARM, TUNE_HIGH, 1000
PARM, FRAME, 1
PARM, CH7_OPT, 0
PARM, CH8_OPT, 0
PARM, ARMING_CHECK, 0
PARM, ANGLE_MAX, 4500
PARM, RC_FEEL_RP, 100
PARM, PHLD_BRAKE_RATE, 8
PARM, PHLD_BRAKE_ANGLE, 3000
PARM, LAND_REPOSITION, 1
PARM, EKF_CHECK_THRESH, 0.8
PARM, DCM_CHECK_THRESH, 0.8
PARM, RC1_MIN, 1100
PARM, RC1_TRIM, 900
PARM, RC1_MAX, 1900
PARM, RC1_REV, 1
PARM, RC1_DZ, 30
PARM, RC2_MIN, 1100
PARM, RC2_TRIM, 900
PARM, RC2_MAX, 1900
PARM, RC2_REV, 1
PARM, RC2_DZ, 30
PARM, RC3_MIN, 1100
PARM, RC3_TRIM, 900
PARM, RC3_MAX, 1900
PARM, RC3_REV, 1
PARM, RC3_DZ, 30
PARM, RC4_MIN, 1100
PARM, RC4_TRIM, 900
PARM, RC4_MAX, 1900
PARM, RC4_REV, 1
PARM, RC4_DZ, 40
PARM, RC5_MIN, 1100
PARM, RC5_TRIM, 900
PARM, RC5_MAX, 1900
PARM, RC5_REV, 1
PARM, RC5_DZ, 0
PARM, RC5_FUNCTION, 0
PARM, RC6_MIN, 1100
PARM, RC6_TRIM, 900
PARM, RC6_MAX, 1900
PARM, RC6_REV, 1
PARM, RC6_DZ, 0
PARM, RC6_FUNCTION, 0
PARM, RC7_MIN, 1100
PARM, RC7_TRIM, 900
PARM, RC7_MAX, 1900
PARM, RC7_REV, 1
PARM, RC7_DZ, 0
PARM, RC7_FUNCTION, 0
PARM, RC8_MIN, 1100
PARM, RC8_TRIM, 900
PARM, RC8_MAX, 1900
PARM, RC8_REV, 1
PARM, RC8_DZ, 0
PARM, RC8_FUNCTION, 0
PARM, RC10_MIN, 1100
PARM, RC10_TRIM, 0
PARM, RC10_MAX, 1900
PARM, RC10_REV, 1
PARM, RC10_DZ, 0
PARM, RC10_FUNCTION, 0
PARM, RC11_MIN, 1100
PARM, RC11_TRIM, 0
PARM, RC11_MAX, 1900
PARM, RC11_REV, 1
PARM, RC11_DZ, 0
PARM, RC11_FUNCTION, 0
PARM, RC_SPEED, 490
PARM, ACRO_RP_P, 4.5
PARM, ACRO_YAW_P, 4.5
PARM, ACRO_BAL_ROLL, 1
PARM, ACRO_BAL_PITCH, 1
PARM, ACRO_TRAINER, 2
PARM, ACRO_EXPO, 0.3
PARM, RATE_RLL_P, 0.15
PARM, RATE_RLL_I, 0.1
PARM, RATE_RLL_D, 0.004
PARM, RATE_RLL_IMAX, 1000
PARM, RATE_PIT_P, 0.15
PARM, RATE_PIT_I, 0.1
PARM, RATE_PIT_D, 0.004
PARM, RATE_PIT_IMAX, 1000
PARM, RATE_YAW_P, 0.2
PARM, RATE_YAW_I, 0.02
PARM, RATE_YAW_D, 0
PARM, RATE_YAW_IMAX, 1000
PARM, LOITER_LAT_P, 1
PARM, LOITER_LAT_I, 0.5
PARM, LOITER_LAT_D, 0
PARM, LOITER_LAT_IMAX, 1000
PARM, LOITER_LON_P, 1
PARM, LOITER_LON_I, 0.5
PARM, LOITER_LON_D, 0
PARM, LOITER_LON_IMAX, 1000
PARM, THR_RATE_P, 5
PARM, THR_ACCEL_P, 0.5
PARM, THR_ACCEL_I, 1
PARM, THR_ACCEL_D, 0
PARM, THR_ACCEL_IMAX, 800
PARM, OF_RLL_P, 2.5
PARM, OF_RLL_I, 0.5
PARM, OF_RLL_D, 0.12
PARM, OF_RLL_IMAX, 100
PARM, OF_PIT_P, 2.5
PARM, OF_PIT_I, 0.5
PARM, OF_PIT_D, 0.12
PARM, OF_PIT_IMAX, 100
PARM, STB_RLL_P, 4.5
PARM, STB_PIT_P, 4.5
PARM, STB_YAW_P, 4.5
PARM, THR_ALT_P, 1
PARM, HLD_LAT_P, 1
PARM, CAM_TRIGG_TYPE, 0
PARM, CAM_DURATION, 10
PARM, CAM_SERVO_ON, 1300
PARM, CAM_SERVO_OFF, 1100
PARM, CAM_TRIGG_DIST, 0
PARM, RELAY_PIN, 13
PARM, RELAY_PIN2, -1
PARM, COMPASS_OFS_X, 67
PARM, COMPASS_OFS_Y, 130
PARM, COMPASS_OFS_Z, 43
PARM, COMPASS_DEC, 0
PARM, COMPASS_LEARN, 1
PARM, COMPASS_USE, 1
PARM, COMPASS_AUTODEC, 1
PARM, COMPASS_MOTCT, 0
PARM, COMPASS_MOT_X, 0
PARM, COMPASS_MOT_Y, 0
PARM, COMPASS_MOT_Z, 0
PARM, COMPASS_ORIENT, 8
PARM, COMPASS_EXTERNAL, 1
PARM, INS_PRODUCT_ID, 0
PARM, INS_ACCSCAL_X, 0.993845
PARM, INS_ACCSCAL_Y, 0.996743
PARM, INS_ACCSCAL_Z, 0.9828588
PARM, INS_ACCOFFS_X, -0.04287017
PARM, INS_ACCOFFS_Y, 0.2343776
PARM, INS_ACCOFFS_Z, -0.1386581
PARM, INS_GYROFFS_X, 0.006316142
PARM, INS_GYROFFS_Y, -0.008747885
PARM, INS_GYROFFS_Z, 0.008753205
PARM, INS_MPU6K_FILTER, 0
PARM, INAV_TC_XY, 2.5
PARM, INAV_TC_Z, 5
PARM, WPNAV_SPEED, 500
PARM, WPNAV_RADIUS, 200
PARM, WPNAV_SPEED_UP, 250
PARM, WPNAV_SPEED_DN, 150
PARM, WPNAV_LOIT_SPEED, 500
PARM, WPNAV_ACCEL, 100
PARM, WPNAV_ACCEL_Z, 100
PARM, WPNAV_LOIT_JERK, 1000
PARM, CIRCLE_RADIUS, 1000
PARM, CIRCLE_RATE, 20
PARM, ATC_RATE_RP_MAX, 18000
PARM, ATC_RATE_Y_MAX, 9000
PARM, ATC_SLEW_YAW, 1000
PARM, ATC_ACCEL_RP_MAX, 0
PARM, ATC_ACCEL_Y_MAX, 0
PARM, ATC_RATE_FF_ENAB, 0
PARM, POSCON_THR_HOVER, 450
PARM, SR0_RAW_SENS, 2
PARM, SR0_EXT_STAT, 2
PARM, SR0_RC_CHAN, 2
PARM, SR0_RAW_CTRL, 2
PARM, SR0_POSITION, 2
PARM, SR0_EXTRA1, 4
PARM, SR0_EXTRA2, 4
PARM, SR0_EXTRA3, 2
PARM, SR0_PARAMS, 10
PARM, SR1_RAW_SENS, 2
PARM, SR1_EXT_STAT, 2
PARM, SR1_RC_CHAN, 2
PARM, SR1_RAW_CTRL, 2
PARM, SR1_POSITION, 2
PARM, SR1_EXTRA1, 2
PARM, SR1_EXTRA2, 2
PARM, SR1_EXTRA3, 2
PARM, SR1_PARAMS, 0
PARM, AHRS_GPS_GAIN, 1
PARM, AHRS_GPS_USE, 1
PARM, AHRS_YAW_P, 0.1
PARM, AHRS_RP_P, 0.1
PARM, AHRS_WIND_MAX, 0
PARM, AHRS_TRIM_X, 0.003329636
PARM, AHRS_TRIM_Y, 0.006029837
PARM, AHRS_TRIM_Z, 0
PARM, AHRS_ORIENTATION, 0
PARM, AHRS_COMP_BETA, 0.1
PARM, AHRS_GPS_MINSATS, 6
PARM, MNT_MODE, 0
PARM, MNT_RETRACT_X, 0
PARM, MNT_RETRACT_Y, 0
PARM, MNT_RETRACT_Z, 0
PARM, MNT_NEUTRAL_X, 0
PARM, MNT_NEUTRAL_Y, 0
PARM, MNT_NEUTRAL_Z, 0
PARM, MNT_CONTROL_X, 0
PARM, MNT_CONTROL_Y, 0
PARM, MNT_CONTROL_Z, 0
PARM, MNT_STAB_ROLL, 0
PARM, MNT_STAB_TILT, 0
PARM, MNT_STAB_PAN, 0
PARM, MNT_RC_IN_ROLL, 0
PARM, MNT_ANGMIN_ROL, -4500
PARM, MNT_ANGMAX_ROL, 4500
PARM, MNT_RC_IN_TILT, 0
PARM, MNT_ANGMIN_TIL, -4500
PARM, MNT_ANGMAX_TIL, 4500
PARM, MNT_RC_IN_PAN, 0
PARM, MNT_ANGMIN_PAN, -4500
PARM, MNT_ANGMAX_PAN, 4500
PARM, MNT_JSTICK_SPD, 0
PARM, BATT_MONITOR, 0
PARM, BATT_VOLT_PIN, -1
PARM, BATT_CURR_PIN, -1
PARM, BATT_VOLT_MULT, 10.1
PARM, BATT_AMP_PERVOLT, 17
PARM, BATT_AMP_OFFSET, 0
PARM, BATT_CAPACITY, 3300
PARM, BATT_VOLT2_PIN, -1
PARM, BATT_VOLT2_MULT, 1
PARM, GND_ABS_PRESS, 41517.57
PARM, GND_TEMP, 28.52663
PARM, GND_ALT_OFFSET, 0
PARM, GPS_TYPE, 1
PARM, GPS_NAVFILTER, 8
PARM, SCHED_DEBUG, 0
PARM, FENCE_ENABLE, 0
PARM, FENCE_TYPE, 3
PARM, FENCE_ACTION, 1
PARM, FENCE_ALT_MAX, 100
PARM, FENCE_RADIUS, 300
PARM, FENCE_MARGIN, 2
PARM, GPSGLITCH_ENABLE, 1
PARM, GPSGLITCH_RADIUS, 200
PARM, GPSGLITCH_ACCEL, 1000
PARM, BAROGLTCH_ENABLE, 1
PARM, BAROGLTCH_DIST, 500
PARM, BAROGLTCH_ACCEL, 1500
PARM, MOT_TCRV_ENABLE, 1
PARM, MOT_TCRV_MIDPCT, 52
PARM, MOT_TCRV_MAXPCT, 93
PARM, MOT_SPIN_ARMED, 70
PARM, RCMAP_ROLL, 1
PARM, RCMAP_PITCH, 2
PARM, RCMAP_THROTTLE, 3
PARM, RCMAP_YAW, 4
PARM, MIS_TOTAL, 0
PARM, MIS_RESTART, 0
PARM, RNGFND_TYPE, 0
PARM, RNGFND_PIN, -1
PARM, RNGFND_SCALING, 3
PARM, RNGFND_OFFSET, 0
PARM, RNGFND_FUNCTION, 0
PARM, RNGFND_MIN_CM, 20
PARM, RNGFND_MAX_CM, 700
PARM, RNGFND_STOP_PIN, -1
PARM, RNGFND_SETTLE_MS, 0
PARM, RNGFND_RMETRIC, 1
MSG, ArduCopter V3.2.1 (36b405fb)
MSG, Frame: QUAD
MODE, Stabilize, 450
EV, 10
MODE, Stabilize, 450
GPS, 1, 0, 0, 0, 99.99, 39.9202139, -105.1131312, 0, 1694.55, 0, 0, 0, 81274
ATT, 81333, 0, -1.15, 0, -0.43, 84.3, 84.3, 0, 0
RCIN, 81333, 900, 900, 900, 900, 900, 900, 900, 900, 0, 0, 0, 0, 0, 0
CTUN, 81343, 0, 0, 0, 0, 0, -0.02, 0, 0, 0, 2
GPS, 1, 0, 0, 0, 99.99, 39.9202139, -105.1131312, 0, 1694.55, 0, 0, 0, 81393
ATT, 81433, 0, -1.15, 0, -0.42, 84.3, 84.3, 0, 0
RCIN, 81433, 900, 900, 900, 900, 900, 900, 900, 900, 0, 0, 0, 0, 0, 0
CTUN, 81443, 0, 0, 0, 0, 0, -0.19, 0, 0, 0, 2
DU32, 7, 663768
CURR, 81533, 0, 0, 0, 0, 5006, 0
ATT, 81535, 0, -1.15, 0, -0.42, 84.3, 84.3, 0, 0
RCIN, 81535, 900, 900, 900, 900, 900, 900, 900, 900, 0, 0, 0, 0, 0, 0
CTUN, 81544, 0, 0, 0, 0, 0, -0.04, 0, 0, 0, 2
GPS, 1, 0, 0, 0, 99.99, 39.9202139, -105.1131312, -0.01, 1694.55, 0, 0, 0, 81593
ATT, 81633, 0, -1.15, 0, -0.42, 84.3, 84.3, 0, 0
RCIN, 81633, 900, 900, 900, 900, 900, 900, 900, 900, 0, 0, 0, 0, 0, 0
CTUN, 81643, 0, 0, 0, 0, -0.01, -0.13, 0, 0, 0, 1
ATT, 81733, 0, -1.15, 0, -0.42, 84.3, 84.3, 0, 0
RCIN, 81734, 900, 900, 900, 900, 900, 900, 900, 900, 0, 0, 0, 0, 0, 0
CTUN, 81744, 0, 0, 0, 0, -0.01, -0.04, 0, 0, 0, 1
GPS, 1, 0, 0, 0, 99.99, 39.9202139, -105.1131312, -0.01, 1694.55, 0, 0, 0, 81793
ATT, 81833, 0, -1.15, 0, -0.42, 84.3, 84.3, 0, 0
RCIN, 81833, 900, 900, 900, 900, 900, 900, 900, 900, 0, 0, 0, 0, 0, 0
CTUN, 81843, 0, 0, 0, 0, -0.01, -0.08, 0, 0, 0, 1
ATT, 81934, 0, -1.15, 0, -0.41, 84.3, 84.3, 0, 0
RCIN, 81934, 900, 900, 900, 900, 900, 900, 900, 900, 0, 0, 0, 0, 0, 0
CTUN, 81944, 0, 0, 0, 0, -0.01, 0.13, 0, 0, 0, 1
GPS, 1, 0, 0, 0, 99.99, 39.9202139, -105.1131312, -0.01, 1694.55, 0, 0, 0, 81993
ATT, 82033, 0, -1.15, 0, -0.41, 84.3, 84.3, 0, 0
RCIN, 82033, 900, 900, 900, 900, 900, 900, 900, 900, 0, 0, 0, 0, 0, 0
CTUN, 82043, 0, 0, 0, 0, 0, 0, 0, 0, 0, 2
ATT, 82134, 0, -1.15, 0, -0.41, 84.3, 84.3, 0, 0
RCIN, 82134, 900, 900, 900, 900, 900, 900, 900, 900, 0, 0, 0, 0, 0, 0
CTUN, 82143, 0, 0, 0, 0, 0, -0.11, 0, 0, 0, 2
GPS, 1, 0, 0, 0, 99.99, 39.9202139, -105.1131312, 0, 1694.55, 0, 0, 0, 82193
ATT, 82234, 0, -1.15, 0, -0.41, 84.3, 84.3, 0, 0
RCIN, 82234, 900, 900, 900, 900, 900, 900, 900, 900, 0, 0, 0, 0, 0, 0
CTUN, 82244, 0, 0, 0, 0, 0, -0.12, 0, 0, 0, 2
ATT, 82333, 0, -1.15, 0, -0.4, 84.3, 84.3, 0, 0
RCIN, 82333, 900, 900, 900, 900, 900, 900, 900, 900, 0, 0, 0, 0, 0, 0
CTUN, 82343, 0, 0, 0, 0, -0.01, -0.08, 0, 0, 0, 2
GPS, 1, 0, 0, 0, 99.99, 39.9202139, -105.1131312, -0.01, 1694.55, 0, 0, 0, 82393
ATT, 82433, 0, -1.15, 0, -0.4, 84.3, 84.3, 0, 0
RCIN, 82433, 900, 900, 900, 900, 900, 900, 900, 900, 0, 0, 0, 0, 0, 0
CTUN, 82443, 0, 0, 0, 0, -0.01, 0.19, 0, 0, 0, 2
DU32, 7, 663768
CURR, 82533, 0, 0, 0, 0, 5006, 0
ATT, 82534, 0, -1.16, 0, -0.4, 84.3, 84.3, 0, 0
RCIN, 82534, 900, 900, 900, 900, 900, 900, 900, 900, 0, 0, 0, 0, 0, 0
CTUN, 82543, 0, 0, 0, 0, 0, 0, 0, 0, 0, 2
GPS, 1, 0, 0, 0, 99.99, 39.9202139, -105.1131312, 0, 1694.55, 0, 0, 0, 82594
ATT, 82634, 0, -1.16, 0, -0.4, 84.3, 84.3, 0, 0
RCIN, 82634, 900, 900, 900, 900, 900, 900, 900, 900, 0, 0, 0, 0, 0, 0
CTUN, 82643, 0, 0, 0, 0, 0, 0.08, 0, 0, 0, 2
ATT, 82733, 0, -1.16, 0, -0.39, 84.3, 84.3, 0, 0
RCIN, 82734, 900, 900, 900, 900, 900, 900, 900, 900, 0, 0, 0, 0, 0, 0
CTUN, 82744, 0, 0, 0, 0, 0, 0.07, 0, 0, 0, 2
GPS, 1, 0, 0, 0, 99.99, 39.9202139, -105.1131312, 0.01, 1694.55, 0, 0, 0, 82793
ATT, 82833, 0, -1.16, 0, -0.39, 84.3, 84.3, 0, 0
RCIN, 82833, 900, 900, 900, 900, 900, 900, 900, 900, 0, 0, 0, 0, 0, 0
CTUN, 82843, 0, 0, 0, 0, 0.01, 0, 0, 0, 0, 2
ATT, 82933, 0, -1.16, 0, -0.39, 84.3, 84.3, 0, 0
RCIN, 82933, 900, 900, 900, 900, 900, 900, 900, 900, 0, 0, 0, 0, 0, 0
CTUN, 82943, 0, 0, 0, 0, 0.01, 0.15, 0, 0, 0, 2
GPS, 1, 0, 0, 0, 99.99, 39.9202139, -105.1131312, 0.02, 1694.55, 0, 0, 0, 82993
ATT, 83033, 0, -1.16, 0, -0.39, 84.3, 84.3, 0, 0
RCIN, 83033, 900, 900, 900, 900, 900, 900, 900, 900, 0, 0, 0, 0, 0, 0
CTUN, 83043, 0, 0, 0, 0, 0.02, 0.14, 0, 0, 0, 2
ATT, 83133, 0, -1.16, 0, -0.39, 84.3, 84.3, 0, 0
RCIN, 83133, 900, 900, 900, 900, 900, 900, 900, 900, 0, 0, 0, 0, 0, 0
CTUN, 83143, 0, 0, 0, 0, 0.03, 0.02, 0, 0, 0, 2
GPS, 1, 0, 0, 0, 99.99, 39.9202139, -105.1131312, 0.04, 1694.55, 0, 0, 0, 83193
ATT, 83233, 0, -1.16, 0, -0.39, 84.3, 84.3, 0, 0
RCIN, 83233, 900, 900, 900, 900, 900, 900, 900, 900, 0, 0, 0, 0, 0, 0
CTUN, 83244, 0, 0, 0, 0, 0.04, 0.16, 0, 0, 0, 3
ATT, 83333, 0, -1.16, 0, -0.38, 84.3, 84.3, 0, 0
RCIN, 83333, 900, 900, 900, 900, 900, 900, 900, 900, 0, 0, 0, 0, 0, 0
CTUN, 83343, 0, 0, 0, 0, 0.05, 0.18, 0, 0, 0, 3
GPS, 1, 0, 0, 0, 99.99, 39.9202139, -105.1131312, 0.05, 1694.55, 0, 0, 0, 83393
ATT, 83433, 0, -1.16, 0, -0.38, 84.3, 84.3, 0, 0
RCIN, 83433, 900, 900, 900, 900, 900, 900, 900, 900, 0, 0, 0, 0, 0, 0
CTUN, 83443, 0, 0, 0, 0, 0.06, -0.07, 0, 0, 0, 3
DU32, 7, 663768
CURR, 83533, 0, 0, 0, 0, 5006, 0
ATT, 83534, 0, -1.16, 0, -0.38, 84.29, 84.29, 0, 0
RCIN, 83534, 900, 900, 900, 900, 900, 900, 900, 900, 0, 0, 0, 0, 0, 0
CTUN, 83543, 0, 0, 0, 0, 0.06, 0.3, 0, 0, 0, 3
GPS, 1, 0, 0, 0, 99.99, 39.9202139, -105.1131312, 0.06, 1694.55, 0, 0, 0, 83593
ATT, 83634, 0, -1.16, 0, -0.38, 84.3, 84.3, 0, 0
RCIN, 83634, 900, 900, 900, 900, 900, 900, 900, 900, 0, 0, 0, 0, 0, 0
CTUN, 83643, 0, 0, 0, 0, 0.07, -0.08, 0, 0, 0, 3
ATT, 83734, 0, -1.16, 0, -0.37, 84.29, 84.29, 0, 0
RCIN, 83734, 900, 900, 900, 900, 900, 900, 900, 900, 0, 0, 0, 0, 0, 0
CTUN, 83744, 0, 0, 0, 0, 0.07, -0.06, 0, 0, 0, 3
GPS, 1, 0, 0, 0, 99.99, 39.9202139, -105.1131312, 0.07, 1694.55, 0, 0, 0, 83793
ATT, 83834, 0, -1.17, 0, -0.37, 84.29, 84.29, 0, 0
RCIN, 83834, 900, 900, 900, 900, 900, 900, 900, 900, 0, 0, 0, 0, 0, 0
CTUN, 83844, 0, 0, 0, 0, 0.06, -0.1, 0, 0, 0, 3
ATT, 83933, 0, -1.16, 0, -0.37, 84.29, 84.29, 0, 0
RCIN, 83933, 900, 900, 900, 900, 900, 900, 900, 900, 0, 0, 0, 0, 0, 0
CTUN, 83943, 0, 0, 0, 0, 0.06, 0.19, 0, 0, 0, 2
GPS, 1, 0, 0, 0, 99.99, 39.9202139, -105.1131312, 0.06, 1694.55, 0, 0, 0, 83993
ATT, 84034, 0, -1.16, 0, -0.37, 84.29, 84.29, 0, 0
RCIN, 84035, 900, 900, 900, 900, 900, 900, 900, 900, 0, 0, 0, 0, 0, 0
CTUN, 84043, 0, 0, 0, 0, 0.07, 0.05, 0, 0, 0, 3
ATT, 84133, 0, -1.16, 0, -0.37, 84.3, 84.3, 0, 0
RCIN, 84133, 900, 900, 900, 900, 900, 900, 900, 900, 0, 0, 0, 0, 0, 0
CTUN, 84143, 0, 0, 0, 0, 0.07, -0.07, 0, 0, 0, 3
GPS, 1, 0, 0, 0, 99.99, 39.9202139, -105.1131312, 0.07, 1694.55, 0, 0, 0, 84193
ATT, 84233, 0, -1.16, 0, -0.37, 84.29, 84.29, 0, 0
RCIN, 84233, 900, 900, 900, 900, 900, 900, 900, 900, 0, 0, 0, 0, 0, 0
CTUN, 84244, 0, 0, 0, 0, 0.06, 0.19, 0, 0, 0, 3
ATT, 84333, 0, -1.16, 0, -0.37, 84.3, 84.3, 0, 0
RCIN, 84333, 900, 900, 900, 900, 900, 900, 900, 900, 0, 0, 0, 0, 0, 0
CTUN, 84343, 0, 0, 0, 0, 0.07, 0, 0, 0, 0, 3
GPS, 1, 0, 0, 0, 99.99, 39.9202139, -105.1131312, 0.07, 1694.55, 0, 0, 0, 84393
ATT, 84433, 0, -1.16, 0, -0.36, 84.3, 84.3, 0, 0
RCIN, 84433, 900, 900, 900, 900, 900, 900, 900, 900, 0, 0, 0, 0, 0, 0
CTUN, 84443, 0, 0, 0, 0, 0.07, 0.15, 0, 0, 0, 3
DU32, 7, 663768
CURR, 84533, 0, 0, 0, 0, 5028, 0
ATT, 84534, 0, -1.16, 0, -0.36, 84.3, 84.3, 0, 0
RCIN, 84534, 900, 900, 900, 900, 900, 900, 900, 900, 0, 0, 0, 0, 0, 0
CTUN, 84543, 0, 0, 0, 0, 0.08, 0.08, 0, 0, 0, 3
GPS, 1, 0, 0, 0, 99.99, 39.9202139, -105.1131312, 0.08, 1694.55, 0, 0, 0, 84593
ATT, 84633, 0, -1.16, 0, -0.36, 84.3, 84.3, 0, 0
RCIN, 84633, 900, 900, 900, 900, 900, 900, 900, 900, 0, 0, 0, 0, 0, 0
CTUN, 84643, 0, 0, 0, 0, 0.08, 0.18, 0, 0, 0, 3
ATT, 84733, 0, -1.16, 0, -0.36, 84.3, 84.3, 0, 0
RCIN, 84733, 900, 900, 900, 900, 900, 900, 900, 900, 0, 0, 0, 0, 0, 0
CTUN, 84743, 0, 0, 0, 0, 0.09, -0.09, 0, 0, 0, 3
GPS, 1, 0, 0, 0, 99.99, 39.9202139, -105.1131312, 0.09, 1694.55, 0, 0, 0, 84793
ATT, 84833, 0, -1.16, 0, -0.35, 84.3, 84.3, 0, 0
RCIN, 84834, 900, 900, 900, 900, 900, 900, 900, 900, 0, 0, 0, 0, 0, 0
CTUN, 84843, 0, 0, 0, 0, 0.09, 0.05, 0, 0, 0, 3
ATT, 84933, 0, -1.16, 0, -0.35, 84.3, 84.3, 0, 0
RCIN, 84934, 900, 900, 900, 900, 900, 900, 900, 900, 0, 0, 0, 0, 0, 0
CTUN, 84943, 0, 0, 0, 0, 0.09, 0.08, 0, 0, 0, 3
GPS, 1, 0, 0, 0, 99.99, 39.9202139, -105.1131312, 0.09, 1694.55, 0, 0, 0, 85012
ATT, 85034, 0, -1.16, 0, -0.35, 84.3, 84.3, 0, 0
RCIN, 85034, 900, 900, 900, 900, 900, 900, 900, 900, 0, 0, 0, 0, 0, 0
CTUN, 85044, 0, 0, 0, 0, 0.09, 0.02, 0, 0, 0, 3
ATT, 85133, 0, -1.16, 0, -0.35, 84.3, 84.3, 0, 0
RCIN, 85133, 900, 900, 900, 900, 900, 900, 900, 900, 0, 0, 0, 0, 0, 0
CTUN, 85143, 0, 0, 0, 0, 0.09, 0.11, 0, 0, 0, 3
GPS, 1, 0, 0, 0, 99.99, 39.9202139, -105.1131312, 0.09, 1694.55, 0, 0, 0, 85193
ATT, 85233, 0, -1.16, 0, -0.35, 84.3, 84.3, 0, 0
RCIN, 85233, 900, 900, 900, 900, 900, 900, 900, 900, 0, 0, 0, 0, 0, 0
CTUN, 85243, 0, 0, 0, 0, 0.09, 0, 0, 0, 0, 3
ATT, 85334, 0, -1.16, 0, -0.35, 84.3, 84.3, 0, 0
RCIN, 85334, 900, 900, 900, 900, 900, 900, 900, 900, 0, 0, 0, 0, 0, 0
CTUN, 85344, 0, 0, 0, 0, 0.09, 0.08, 0, 0, 0, 3
GPS, 1, 0, 0, 0, 99.99, 39.9202139, -105.1131312, 0.09, 1694.55, 0, 0, 0, 85393
ATT, 85433, 0, -1.16, 0, -0.34, 84.3, 84.3, 0, 0
RCIN, 85433, 900, 900, 900, 900, 900, 900, 900, 900, 0, 0, 0, 0, 0, 0
CTUN, 85443, 0, 0, 0, 0, 0.1, 0.1, 0, 0, 0, 3
DU32, 7, 663768
CURR, 85533, 0, 0, 0, 0, 4984, 0
ATT, 85534, 0, -1.16, 0, -0.34, 84.3, 84.3, 0, 0
RCIN, 85534, 900, 900, 900, 900, 900, 900, 900, 900, 0, 0, 0, 0, 0, 0
CTUN, 85543, 0, 0, 0, 0, 0.1, -0.04, 0, 0, 0, 3
GPS, 1, 0, 0, 0, 99.99, 39.9202139, -105.1131312, 0.1, 1694.55, 0, 0, 0, 85593
ATT, 85633, 0, -1.16, 0, -0.34, 84.3, 84.3, 0, 0
RCIN, 85633, 900, 900, 900, 900, 900, 900, 900, 900, 0, 0, 0, 0, 0, 0
CTUN, 85643, 0, 0, 0, 0, 0.09, -0.05, 0, 0, 0, 3
ATT, 85733, 0, -1.17, 0, -0.34, 84.3, 84.3, 0, 0
RCIN, 85733, 900, 900, 900, 900, 900, 900, 900, 900, 0, 0, 0, 0, 0, 0
CTUN, 85743, 0, 0, 0, 0, 0.09, 0.14, 0, 0, 0, 2
GPS, 1, 0, 0, 0, 99.99, 39.9202139, -105.1131312, 0.09, 1694.55, 0, 0, 0, 85793
ATT, 85833, 0, -1.17, 0, -0.34, 84.3, 84.3, 0, 0
RCIN, 85833, 900, 900, 900, 900, 900, 900, 900, 900, 0, 0, 0, 0, 0, 0
CTUN, 85843, 0, 0, 0, 0, 0.09, 0, 0, 0, 0, 2
ATT, 85933, 0, -1.17, 0, -0.34, 84.29, 84.29, 0, 0
RCIN, 85933, 900, 900, 900, 900, 900, 900, 900, 900, 0, 0, 0, 0, 0, 0
CTUN, 85943, 0, 0, 0, 0, 0.09, 0.15, 0, 0, 0, 2
GPS, 1, 0, 0, 0, 99.99, 39.9202139, -105.1131312, 0.09, 1694.55, 0, 0, 0, 85993
ATT, 86033, 0, -1.17, 0, -0.34, 84.29, 84.29, 0, 0
RCIN, 86033, 900, 900, 900, 900, 900, 900, 900, 900, 0, 0, 0, 0, 0, 0
CTUN, 86043, 0, 0, 0, 0, 0.1, -0.01, 0, 0, 0, 2
ATT, 86133, 0, -1.17, 0, -0.34, 84.29, 84.29, 0, 0
RCIN, 86133, 900, 900, 900, 900, 900, 900, 900, 900, 0, 0, 0, 0, 0, 0
CTUN, 86143, 0, 0, 0, 0, 0.09, -0.12, 0, 0, 0, 2
GPS, 1, 0, 0, 0, 99.99, 39.9202139, -105.1131312, 0.09, 1694.55, 0, 0, 0, 86193
ATT, 86234, 0, -1.17, 0, -0.34, 84.29, 84.29, 0, 0
RCIN, 86234, 900, 900, 900, 900, 900, 900, 900, 900, 0, 0, 0, 0, 0, 0
CTUN, 86243, 0, 0, 0, 0, 0.08, -0.03, 0, 0, 0, 2
ATT, 86333, 0, -1.17, 0, -0.33, 84.29, 84.29, 0, 0
RCIN, 86333, 900, 900, 900, 900, 900, 900, 900, 900, 0, 0, 0, 0, 0, 0
CTUN, 86343, 0, 0, 0, 0, 0.08, -0.02, 0, 0, 0, 2
GPS, 1, 0, 0, 0, 99.99, 39.9202139, -105.1131312, 0.08, 1694.55, 0, 0, 0, 86393
ATT, 86434, 0, -1.18, 0, -0.34, 84.29, 84.29, 0, 0
RCIN, 86434, 900, 900, 900, 900, 900, 900, 900, 900, 0, 0, 0, 0, 0, 0
CTUN, 86443, 0, 0, 0, 0, 0.08, 0, 0, 0, 0, 2
DU32, 7, 663768
CURR, 86533, 0, 0, 0, 0, 4984, 0
ATT, 86534, 0, -1.18, 0, -0.33, 84.29, 84.29, 0, 0
RCIN, 86534, 900, 900, 900, 900, 900, 900, 900, 900, 0, 0, 0, 0, 0, 0
PM, 9, 1000, 1817586, 11, 0, 0, 0
CTUN, 86543, 0, 0, 0, 0, 0.07, 0.03, 0, 0, 0, 2
GPS, 1, 0, 0, 0, 99.99, 39.9202139, -105.1131312, 0.07, 1694.55, 0, 0, 0, 86593
ATT, 86634, 0, -1.18, 0, -0.33, 84.29, 84.29, 0, 0
RCIN, 86634, 900, 900, 900, 900, 900, 900, 900, 900, 0, 0, 0, 0, 0, 0
CTUN, 86644, 0, 0, 0, 0, 0.07, -0.04, 0, 0, 0, 2
ATT, 86733, 0, -1.18, 0, -0.33, 84.29, 84.29, 0, 0
RCIN, 86733, 900, 900, 900, 900, 900, 900, 900, 900, 0, 0, 0, 0, 0, 0
CTUN, 86743, 0, 0, 0, 0, 0.07, -0.11, 0, 0, 0, 2
GPS, 1, 0, 0, 0, 99.99, 39.9202139, -105.1131312, 0.06, 1694.55, 0, 0, 0, 86793
ATT, 86833, 0, -1.17, 0, -0.33, 84.29, 84.29, 0, 0
RCIN, 86833, 900, 900, 900, 900, 900, 900, 900, 900, 0, 0, 0, 0, 0, 0
CTUN, 86843, 0, 0, 0, 0, 0.06, -0.05, 0, 0, 0, 2
ATT, 86933, 0, -1.17, 0, -0.33, 84.29, 84.29, 0, 0
RCIN, 86933, 900, 900, 900, 900, 900, 900, 900, 900, 0, 0, 0, 0, 0, 0
CTUN, 86943, 0, 0, 0, 0, 0.06, -0.02, 0, 0, 0, 1
GPS, 1, 0, 0, 0, 99.99, 39.9202139, -105.1131312, 0.05, 1694.55, 0, 0, 0, 87012
ATT, 87033, 0, -1.18, 0, -0.32, 84.28, 84.28, 0, 0
RCIN, 87033, 900, 900, 900, 900, 900, 900, 900, 900, 0, 0, 0, 0, 0, 0
CTUN, 87043, 0, 0, 0, 0, 0.05, 0.02, 0, 0, 0, 1
ATT, 87133, 0, -1.18, 0, -0.32, 84.29, 84.29, 0, 0
RCIN, 87133, 900, 900, 900, 900, 900, 900, 900, 900, 0, 0, 0, 0, 0, 0
CTUN, 87143, 0, 0, 0, 0, 0.05, 0.01, 0, 0, 0, 1
GPS, 1, 0, 0, 0, 99.99, 39.9202139, -105.1131312, 0.05, 1694.55, 0, 0, 0, 87193
ATT, 87234, 0, -1.18, 0, -0.32, 84.29, 84.29, 0, 0
RCIN, 87234, 900, 900, 900, 900, 900, 900, 900, 900, 0, 0, 0, 0, 0, 0
CTUN, 87243, 0, 0, 0, 0, 0.05, -0.2, 0, 0, 0, 1
ATT, 87333, 0, -1.18, 0, -0.32, 84.29, 84.29, 0, 0
RCIN, 87333, 900, 900, 900, 900, 900, 900, 900, 900, 0, 0, 0, 0, 0, 0
CTUN, 87343, 0, 0, 0, 0, 0.04, 0.08, 0, 0, 0, 1
GPS, 1, 0, 0, 0, 99.99, 39.9202139, -105.1131312, 0.04, 1694.55, 0, 0, 0, 87393
ATT, 87433, 0, -1.18, 0, -0.32, 84.29, 84.29, 0, 0
RCIN, 87433, 900, 900, 900, 900, 900, 900, 900, 900, 0, 0, 0, 0, 0, 0
CTUN, 87443, 0, 0, 0, 0, 0.04, -0.04, 0, 0, 0, 1
DU32, 7, 663768
CURR, 87533, 0, 0, 0, 0, 4984, 0
ATT, 87534, 0, -1.18, 0, -0.32, 84.29, 84.29, 0, 0
RCIN, 87534, 900, 900, 900, 900, 900, 900, 900, 900, 0, 0, 0, 0, 0, 0
CTUN, 87543, 0, 0, 0, 0, 0.04, 0.13, 0, 0, 0, 1
GPS, 1, 0, 0, 0, 99.99, 39.9202139, -105.1131312, 0.04, 1694.55, 0, 0, 0, 87593
ATT, 87633, 0, -1.18, 0, -0.32, 84.29, 84.29, 0, 0
RCIN, 87633, 900, 900, 900, 900, 900, 900, 900, 900, 0, 0, 0, 0, 0, 0
CTUN, 87643, 0, 0, 0, 0, 0.05, 0.05, 0, 0, 0, 1
ATT, 87733, 0, -1.18, 0, -0.32, 84.29, 84.29, 0, 0
RCIN, 87734, 900, 900, 900, 900, 900, 900, 900, 900, 0, 0, 0, 0, 0, 0
CTUN, 87743, 0, 0, 0, 0, 0.05, -0.05, 0, 0, 0, 1
GPS, 1, 0, 0, 0, 99.99, 39.9202139, -105.1131312, 0.05, 1694.55, 0, 0, 0, 87793
ATT, 87834, 0, -1.18, 0, -0.32, 84.29, 84.29, 0, 0
RCIN, 87834, 900, 900, 900, 900, 900, 900, 900, 900, 0, 0, 0, 0, 0, 0
CTUN, 87843, 0, 0, 0, 0, 0.05, -0.09, 0, 0, 0, 1
ATT, 87933, 0, -1.18, 0, -0.32, 84.29, 84.29, 0, 0
RCIN, 87933, 900, 900, 900, 900, 900, 900, 900, 900, 0, 0, 0, 0, 0, 0
CTUN, 87943, 0, 0, 0, 0, 0.04, 0.11, 0, 0, 0, 1
GPS, 1, 0, 0, 0, 99.99, 39.9202139, -105.1131312, 0.04, 1694.55, 0, 0, 0, 87993
ATT, 88034, 0, -1.19, 0, -0.32, 84.28, 84.28, 0, 0
RCIN, 88034, 900, 900, 900, 900, 900, 900, 900, 900, 0, 0, 0, 0, 0, 0
CTUN, 88043, 0, 0, 0, 0, 0.04, 0.12, 0, 0, 0, 1
ATT, 88134, 0, -1.19, 0, -0.32, 84.29, 84.29, 0, 0
RCIN, 88134, 900, 900, 900, 900, 900, 900, 900, 900, 0, 0, 0, 0, 0, 0
CTUN, 88144, 0, 0, 0, 0, 0.05, -0.09, 0, 0, 0, 2
GPS, 1, 0, 0, 0, 99.99, 39.9202139, -105.1131312, 0.05, 1694.55, 0, 0, 0, 88193
ATT, 88233, 0, -1.19, 0, -0.32, 84.29, 84.29, 0, 0
RCIN, 88233, 900, 900, 900, 900, 900, 900, 900, 900, 0, 0, 0, 0, 0, 0
CTUN, 88243, 0, 0, 0, 0, 0.04, -0.07, 0, 0, 0, 1
ATT, 88334, 0, -1.19, 0, -0.32, 84.28, 84.28, 0, 0
RCIN, 88334, 900, 900, 900, 900, 900, 900, 900, 900, 0, 0, 0, 0, 0, 0
CTUN, 88344, 0, 0, 0, 0, 0.04, 0.17, 0, 0, 0, 1
GPS, 1, 0, 0, 0, 99.99, 39.9202139, -105.1131312, 0.04, 1694.55, 0, 0, 0, 88393
ATT, 88433, 0, -1.19, 0, -0.31, 84.29, 84.29, 0, 0
RCIN, 88434, 900, 900, 900, 900, 900, 900, 900, 900, 0, 0, 0, 0, 0, 0
CTUN, 88443, 0, 0, 0, 0, 0.05, 0.07, 0, 0, 0, 1
DU32, 7, 663768
CURR, 88534, 0, 0, 0, 0, 4984, 0
ATT, 88535, 0, -1.19, 0, -0.31, 84.29, 84.29, 0, 0
RCIN, 88535, 900, 900, 900, 900, 900, 900, 900, 900, 0, 0, 0, 0, 0, 0
CTUN, 88543, 0, 0, 0, 0, 0.05, 0.11, 0, 0, 0, 2
GPS, 1, 0, 0, 0, 99.99, 39.9202139, -105.1131312, 0.06, 1694.55, 0, 0, 0, 88593
ATT, 88633, 0, -1.19, 0, -0.31, 84.29, 84.29, 0, 0
RCIN, 88633, 900, 900, 900, 900, 900, 900, 900, 900, 0, 0, 0, 0, 0, 0
CTUN, 88643, 0, 0, 0, 0, 0.06, 0.23, 0, 0, 0, 2
ATT, 88733, 0, -1.19, 0, -0.31, 84.29, 84.29, 0, 0
RCIN, 88733, 900, 900, 900, 900, 900, 900, 900, 900, 0, 0, 0, 0, 0, 0
CTUN, 88745, 0, 0, 0, 0, 0.07, 0.12, 0, 0, 0, 2
GPS, 1, 0, 0, 0, 99.99, 39.9202139, -105.1131312, 0.07, 1694.55, 0, 0, 0, 88793
ATT, 88834, 0, -1.19, 0, -0.32, 84.29, 84.29, 0, 0
RCIN, 88834, 900, 900, 900, 900, 900, 900, 900, 900, 0, 0, 0, 0, 0, 0
CTUN, 88843, 0, 0, 0, 0, 0.08, 0.27, 0, 0, 0, 2
ATT, 88933, 0, -1.19, 0, -0.31, 84.29, 84.29, 0, 0
RCIN, 88933, 900, 900, 900, 900, 900, 900, 900, 900, 0, 0, 0, 0, 0, 0
CTUN, 88944, 0, 0, 0, 0, 0.09, 0.16, 0, 0, 0, 2
GPS, 1, 0, 0, 0, 99.99, 39.9202139, -105.1131312, 0.09, 1694.55, 0, 0, 0, 88993
ATT, 89033, 0, -1.19, 0, -0.31, 84.28, 84.28, 0, 0
RCIN, 89033, 900, 900, 900, 900, 900, 900, 900, 900, 0, 0, 0, 0, 0, 0
CTUN, 89043, 0, 0, 0, 0, 0.1, -0.05, 0, 0, 0, 2
ATT, 89134, 0, -1.19, 0, -0.31, 84.28, 84.28, 0, 0
RCIN, 89134, 900, 900, 900, 900, 900, 900, 900, 900, 0, 0, 0, 0, 0, 0
CTUN, 89145, 0, 0, 0, 0, 0.09, 0.06, 0, 0, 0, 2
GPS, 1, 0, 0, 0, 99.99, 39.9202139, -105.1131312, 0.09, 1694.55, 0, 0, 0, 89193
ATT, 89233, 0, -1.19, 0, -0.31, 84.28, 84.28, 0, 0
RCIN, 89233, 900, 900, 900, 900, 900, 900, 900, 900, 0, 0, 0, 0, 0, 0
CTUN, 89243, 0, 0, 0, 0, 0.09, 0.14, 0, 0, 0, 2
ATT, 89333, 0, -1.19, 0, -0.31, 84.28, 84.28, 0, 0
RCIN, 89333, 900, 900, 900, 900, 900, 900, 900, 900, 0, 0, 0, 0, 0, 0
CTUN, 89343, 0, 0, 0, 0, 0.1, 0.02, 0, 0, 0, 2
GPS, 1, 0, 0, 0, 99.99, 39.9202139, -105.1131312, 0.1, 1694.55, 0, 0, 0, 89393
ATT, 89433, 0, -1.19, 0, -0.31, 84.28, 84.28, 0, 0
RCIN, 89434, 900, 900, 900, 900, 900, 900, 900, 900, 0, 0, 0, 0, 0, 0
CTUN, 89443, 0, 0, 0, 0, 0.1, -0.16, 0, 0, 0, 2
DU32, 7, 663768
CURR, 89533, 0, 0, 0, 0, 5006, 0
ATT, 89534, 0, -1.19, 0, -0.31, 84.28, 84.28, 0, 0
RCIN, 89535, 900, 900, 900, 900, 900, 900, 900, 900, 0, 0, 0, 0, 0, 0
CTUN, 89543, 0, 0, 0, 0, 0.08, 0.1, 0, 0, 0, 2
GPS, 1, 0, 0, 0, 99.99, 39.9202139, -105.1131312, 0.08, 1694.55, 0, 0, 0, 89593
ATT, 89633, 0, -1.18, 0, -0.31, 84.29, 84.29, 0, 0
RCIN, 89633, 900, 900, 900, 900, 900, 900, 900, 900, 0, 0, 0, 0, 0, 0
CTUN, 89643, 0, 0, 0, 0, 0.09, 0.24, 0, 0, 0, 2
ATT, 89733, 0, -1.19, 0, -0.31, 84.28, 84.28, 0, 0
RCIN, 89733, 900, 900, 900, 900, 900, 900, 900, 900, 0, 0, 0, 0, 0, 0
CTUN, 89743, 0, 0, 0, 0, 0.1, -0.09, 0, 0, 0, 2
GPS, 1, 0, 0, 0, 99.99, 39.9202139, -105.1131312, 0.09, 1694.55, 0, 0, 0, 89793
ATT, 89834, 0, -1.19, 0, -0.31, 84.29, 84.29, 0, 0
RCIN, 89834, 900, 900, 900, 900, 900, 900, 900, 900, 0, 0, 0, 0, 0, 0
CTUN, 89843, 0, 0, 0, 0, 0.09, 0.05, 0, 0, 0, 2
ATT, 89933, 0, -1.19, 0, -0.31, 84.28, 84.28, 0, 0
RCIN, 89933, 900, 900, 900, 900, 900, 900, 900, 900, 0, 0, 0, 0, 0, 0
CTUN, 89943, 0, 0, 0, 0, 0.09, 0.17, 0, 0, 0, 2
GPS, 1, 0, 0, 0, 99.99, 39.9202139, -105.1131312, 0.09, 1694.55, 0, 0, 0, 89993
ATT, 90034, 0, -1.19, 0, -0.31, 84.29, 84.29, 0, 0
RCIN, 90034, 900, 900, 900, 900, 900, 900, 900, 900, 0, 0, 0, 0, 0, 0
CTUN, 90043, 0, 0, 0, 0, 0.1, -0.17, 0, 0, 0, 2
ATT, 90137, 0, -1.19, 0, -0.31, 84.28, 84.28, 0, 0
RCIN, 90137, 900, 900, 900, 900, 900, 900, 900, 900, 0, 0, 0, 0, 0, 0
CTUN, 90146, 0, 0, 0, 0, 0.08, -0.02, 0, 0, 0, 2
GPS, 1, 0, 0, 0, 99.99, 39.9202139, -105.1131312, 0.08, 1694.55, 0, 0, 0, 90196
ATT, 90236, 0, -1.19, 0, -0.32, 84.28, 84.28, 0, 0
RCIN, 90236, 900, 900, 900, 900, 900, 900, 900, 900, 0, 0, 0, 0, 0, 0
CTUN, 90246, 0, 0, 0, 0, 0.08, 0.04, 0, 0, 0, 1
ATT, 90336, 0, -1.19, 0, -0.32, 84.29, 84.29, 0, 0
RCIN, 90337, 900, 900, 900, 900, 900, 900, 900, 900, 0, 0, 0, 0, 0, 0
CTUN, 90346, 0, 0, 0, 0, 0.08, 0.17, 0, 0, 0, 1
GPS, 1, 0, 0, 0, 99.99, 39.9202139, -105.1131312, 0.08, 1694.55, 0, 0, 0, 90396
ATT, 90436, 0, -1.19, 0, -0.32, 84.28, 84.28, 0, 0
RCIN, 90436, 900, 900, 900, 900, 900, 900, 900, 900, 0, 0, 0, 0, 0, 0
CTUN, 90446, 0, 0, 0, 0, 0.08, 0.17, 0, 0, 0, 2
DU32, 7, 663768
CURR, 90536, 0, 0, 0, 0, 5006, 0
ATT, 90537, 0, -1.19, 0, -0.32, 84.29, 84.29, 0, 0
RCIN, 90537, 900, 900, 900, 900, 900, 900, 900, 900, 0, 0, 0, 0, 0, 0
CTUN, 90547, 0, 0, 0, 0, 0.09, 0.14, 0, 0, 0, 2
GPS, 1, 0, 0, 0, 99.99, 39.9202139, -105.1131312, 0.1, 1694.55, 0, 0, 0, 90596
ATT, 90636, 0, -1.19, 0, -0.32, 84.28, 84.28, 0, 0
RCIN, 90636, 900, 900, 900, 900, 900, 900, 900, 900, 0, 0, 0, 0, 0, 0
CTUN, 90646, 0, 0, 0, 0, 0.1, -0.03, 0, 0, 0, 2
ATT, 90737, 0, -1.2, 0, -0.31, 84.28, 84.28, 0, 0
RCIN, 90737, 900, 900, 900, 900, 900, 900, 900, 900, 0, 0, 0, 0, 0, 0
CTUN, 90747, 0, 0, 0, 0, 0.09, -0.03, 0, 0, 0, 1
GPS, 1, 0, 0, 0, 99.99, 39.9202139, -105.1131312, 0.09, 1694.55, 0, 0, 0, 90796
ATT, 90836, 0, -1.2, 0, -0.31, 84.28, 84.28, 0, 0
RCIN, 90836, 900, 900, 900, 900, 900, 900, 900, 900, 0, 0, 0, 0, 0, 0
CTUN, 90846, 0, 0, 0, 0, 0.09, 0.05, 0, 0, 0, 1
ATT, 90936, 0, -1.2, 0, -0.31, 84.28, 84.28, 0, 0
RCIN, 90936, 900, 900, 900, 900, 900, 900, 900, 900, 0, 0, 0, 0, 0, 0
CTUN, 90946, 0, 0, 0, 0, 0.09, -0.02, 0, 0, 0, 1
GPS, 1, 0, 0, 0, 99.99, 39.9202139, -105.1131312, 0.08, 1694.55, 0, 0, 0, 90997
ATT, 91036, 0, -1.2, 0, -0.31, 84.29, 84.29, 0, 0
RCIN, 91037, 900, 900, 900, 900, 900, 900, 900, 900, 0, 0, 0, 0, 0, 0
CTUN, 91047, 0, 0, 0, 0, 0.08, 0.04, 0, 0, 0, 1
ATT, 91137, 0, -1.2, 0, -0.31, 84.29, 84.29, 0, 0
RCIN, 91137, 900, 900, 900, 900, 900, 900, 900, 900, 0, 0, 0, 0, 0, 0
CTUN, 91147, 0, 0, 0, 0, 0.08, 0.11, 0, 0, 0, 1
GPS, 1, 0, 0, 0, 99.99, 39.9202139, -105.1131312, 0.08, 1694.55, 0, 0, 0, 91197
ATT, 91237, 0, -1.2, 0, -0.31, 84.29, 84.29, 0, 0
RCIN, 91237, 900, 900, 900, 900, 900, 900, 900, 900, 0, 0, 0, 0, 0, 0
CTUN, 91247, 0, 0, 0, 0, 0.08, -0.07, 0, 0, 0, 1
ATT, 91336, 0, -1.21, 0, -0.31, 84.28, 84.28, 0, 0
RCIN, 91336, 900, 900, 900, 900, 900, 900, 900, 900, 0, 0, 0, 0, 0, 0
CTUN, 91346, 0, 0, 0, 0, 0.08, -0.01, 0, 0, 0, 1
GPS, 1, 0, 0, 0, 99.99, 39.9202139, -105.1131312, 0.07, 1694.55, 0, 0, 0, 91397
ATT, 91437, 0, -1.2, 0, -0.32, 84.29, 84.29, 0, 0
RCIN, 91437, 900, 900, 900, 900, 900, 900, 900, 900, 0, 0, 0, 0, 0, 0
CTUN, 91446, 0, 0, 0, 0, 0.07, 0.16, 0, 0, 0, 1
DU32, 7, 663768
CURR, 91536, 0, 0, 0, 0, 5006, 0
ATT, 91537, 0, -1.21, 0, -0.32, 84.29, 84.29, 0, 0
RCIN, 91538, 900, 900, 900, 900, 900, 900, 900, 900, 0, 0, 0, 0, 0, 0
CTUN, 91546, 0, 0, 0, 0, 0.08, 0.1, 0, 0, 0, 1
GPS, 1, 0, 0, 0, 99.99, 39.9202139, -105.1131312, 0.08, 1694.55, 0, 0, 0, 91596
ATT, 91636, 0, -1.2, 0, -0.32, 84.29, 84.29, 0, 0
RCIN, 91636, 900, 900, 900, 900, 900, 900, 900, 900, 0, 0, 0, 0, 0, 0
CTUN, 91646, 0, 0, 0, 0, 0.08, 0.17, 0, 0, 0, 1
ATT, 91736, 0, -1.2, 0, -0.32, 84.29, 84.29, 0, 0
RCIN, 91736, 900, 900, 900, 900, 900, 900, 900, 900, 0, 0, 0, 0, 0, 0
CTUN, 91746, 0, 0, 0, 0, 0.09, -0.11, 0, 0, 0, 2
GPS, 1, 0, 0, 0, 99.99, 39.9202139, -105.1131312, 0.08, 1694.55, 0, 0, 0, 91796
ATT, 91837, 0, -1.2, 0, -0.32, 84.29, 84.29, 0, 0
RCIN, 91837, 900, 900, 900, 900, 900, 900, 900, 900, 0, 0, 0, 0, 0, 0
CTUN, 91846, 0, 0, 0, 0, 0.08, 0.08, 0, 0, 0, 2
ATT, 91936, 0, -1.2, 0, -0.31, 84.29, 84.29, 0, 0
RCIN, 91936, 900, 900, 900, 900, 900, 900, 900, 900, 0, 0, 0, 0, 0, 0
CTUN, 91946, 0, 0, 0, 0, 0.08, -0.01, 0, 0, 0, 1
GPS, 1, 0, 0, 0, 99.99, 39.9202139, -105.1131312, 0.08, 1694.55, 0, 0, 0, 91996
ATT, 92036, 0, -1.2, 0, -0.31, 84.29, 84.29, 0, 0
RCIN, 92036, 900, 900, 900, 900, 900, 900, 900, 900, 0, 0, 0, 0, 0, 0
CTUN, 92046, 0, 0, 0, 0, 0.08, -0.04, 0, 0, 0, 1
ATT, 92136, 0, -1.2, 0, -0.31, 84.29, 84.29, 0, 0
RCIN, 92137, 900, 900, 900, 900, 900, 900, 900, 900, 0, 0, 0, 0, 0, 0
CTUN, 92146, 0, 0, 0, 0, 0.07, 0, 0, 0, 0, 1
GPS, 1, 0, 0, 0, 99.99, 39.9202139, -105.1131312, 0.07, 1694.55, 0, 0, 0, 92196
ATT, 92236, 0, -1.2, 0, -0.31, 84.29, 84.29, 0, 0
RCIN, 92237, 900, 900, 900, 900, 900, 900, 900, 900, 0, 0, 0, 0, 0, 0
CTUN, 92246, 0, 0, 0, 0, 0.07, 0.04, 0, 0, 0, 1
ATT, 92337, 0, -1.2, 0, -0.31, 84.28, 84.28, 0, 0
RCIN, 92337, 900, 900, 900, 900, 900, 900, 900, 900, 0, 0, 0, 0, 0, 0
CTUN, 92346, 0, 0, 0, 0, 0.07, 0.13, 0, 0, 0, 1
GPS, 1, 0, 0, 0, 99.99, 39.9202139, -105.1131312, 0.07, 1694.55, 0, 0, 0, 92396
ATT, 92436, 0, -1.2, 0, -0.3, 84.28, 84.28, 0, 0
RCIN, 92436, 900, 900, 900, 900, 900, 900, 900, 900, 0, 0, 0, 0, 0, 0
CTUN, 92446, 0, 0, 0, 0, 0.07, 0.27, 0, 0, 0, 1
DU32, 7, 663768
CURR, 92536, 0, 0, 0, 0, 5006, 0
ATT, 92537, 0, -1.21, 0, -0.3, 84.28, 84.28, 0, 0
RCIN, 92537, 900, 900, 900, 900, 900, 900, 900, 900, 0, 0, 0, 0, 0, 0
CTUN, 92546, 0, 0, 0, 0, 0.09, 0.12, 0, 0, 0, 2
GPS, 1, 0, 0, 0, 99.99, 39.9202139, -105.1131312, 0.09, 1694.55, 0, 0, 0, 92596
ATT, 92636, 0, -1.21, 0, -0.3, 84.28, 84.28, 0, 0
RCIN, 92637, 900, 900, 900, 900, 900, 900, 900, 900, 0, 0, 0, 0, 0, 0
CTUN, 92646, 0, 0, 0, 0, 0.09, 0.04, 0, 0, 0, 2
ATT, 92736, 0, -1.21, 0, -0.3, 84.28, 84.28, 0, 0
RCIN, 92736, 900, 900, 900, 900, 900, 900, 900, 900, 0, 0, 0, 0, 0, 0
CTUN, 92746, 0, 0, 0, 0, 0.09, 0.06, 0, 0, 0, 1
GPS, 1, 0, 0, 0, 99.99, 39.9202139, -105.1131312, 0.09, 1694.55, 0, 0, 0, 92796
ATT, 92836, 0, -1.21, 0, -0.3, 84.28, 84.28, 0, 0
RCIN, 92837, 900, 900, 900, 900, 900, 900, 900, 900, 0, 0, 0, 0, 0, 0
CTUN, 92846, 0, 0, 0, 0, 0.09, -0.14, 0, 0, 0, 1
ATT, 92937, 0, -1.21, 0, -0.3, 84.28, 84.28, 0, 0
RCIN, 92937, 900, 900, 900, 900, 900, 900, 900, 900, 0, 0, 0, 0, 0, 0
CTUN, 92946, 0, 0, 0, 0, 0.08, 0.01, 0, 0, 0, 1
GPS, 1, 0, 0, 0, 99.99, 39.9202139, -105.1131312, 0.08, 1694.55, 0, 0, 0, 92996
ATT, 93037, 0, -1.21, 0, -0.3, 84.28, 84.28, 0, 0
RCIN, 93038, 900, 900, 900, 900, 900, 900, 900, 900, 0, 0, 0, 0, 0, 0
CTUN, 93046, 0, 0, 0, 0, 0.08, 0.12, 0, 0, 0, 1
ATT, 93136, 0, -1.21, 0, -0.3, 84.29, 84.29, 0, 0
RCIN, 93136, 900, 900, 900, 900, 900, 900, 900, 900, 0, 0, 0, 0, 0, 0
CTUN, 93146, 0, 0, 0, 0, 0.08, 0.17, 0, 0, 0, 1
GPS, 1, 0, 0, 0, 99.99, 39.9202139, -105.1131312, 0.09, 1694.55, 0, 0, 0, 93196
ATT, 93236, 0, -1.22, 0, -0.3, 84.29, 84.29, 0, 0
RCIN, 93236, 900, 900, 900, 900, 900, 900, 900, 900, 0, 0, 0, 0, 0, 0
CTUN, 93247, 0, 0, 0, 0, 0.09, 0.19, 0, 0, 0, 1
ATT, 93336, 0, -1.22, 0, -0.3, 84.29, 84.29, 0, 0
RCIN, 93336, 900, 900, 900, 900, 900, 900, 900, 900, 0, 0, 0, 0, 0, 0
CTUN, 93346, 0, 0, 0, 0, 0.1, -0.13, 0, 0, 0, 1
GPS, 1, 0, 0, 0, 99.99, 39.9202139, -105.1131312, 0.09, 1694.55, 0, 0, 0, 93396
ATT, 93437, 0, -1.22, 0, -0.3, 84.29, 84.29, 0, 0
RCIN, 93437, 900, 900, 900, 900, 900, 900, 900, 900, 0, 0, 0, 0, 0, 0
CTUN, 93448, 0, 0, 0, 0, 0.09, 0, 0, 0, 0, 1
DU32, 7, 663768
CURR, 93536, 0, 0, 0, 0, 5006, 0
ATT, 93537, 0, -1.22, 0, -0.3, 84.29, 84.29, 0, 0
RCIN, 93537, 900, 900, 900, 900, 900, 900, 900, 900, 0, 0, 0, 0, 0, 0
CTUN, 93546, 0, 0, 0, 0, 0.08, 0, 0, 0, 0, 1
GPS, 1, 0, 0, 0, 99.99, 39.9202139, -105.1131312, 0.08, 1694.55, 0, 0, 0, 93596
ATT, 93636, 0, -1.22, 0, -0.3, 84.29, 84.29, 0, 0
RCIN, 93636, 900, 900, 900, 900, 900, 900, 900, 900, 0, 0, 0, 0, 0, 0
CTUN, 93646, 0, 0, 0, 0, 0.08, -0.01, 0, 0, 0, 1
ATT, 93736, 0, -1.22, 0, -0.3, 84.29, 84.29, 0, 0
RCIN, 93736, 900, 900, 900, 900, 900, 900, 900, 900, 0, 0, 0, 0, 0, 0
CTUN, 93746, 0, 0, 0, 0, 0.07, 0.06, 0, 0, 0, 1
GPS, 1, 0, 0, 0, 99.99, 39.9202139, -105.1131312, 0.07, 1694.55, 0, 0, 0, 93796
ATT, 93836, 0, -1.22, 0, -0.3, 84.29, 84.29, 0, 0
RCIN, 93836, 900, 900, 900, 900, 900, 900, 900, 900, 0, 0, 0, 0, 0, 0
CTUN, 93846, 0, 0, 0, 0, 0.07, 0, 0, 0, 0, 1
ATT, 93937, 0, -1.22, 0, -0.3, 84.29, 84.29, 0, 0
RCIN, 93937, 900, 900, 900, 900, 900, 900, 900, 900, 0, 0, 0, 0, 0, 0
CTUN, 93947, 0, 0, 0, 0, 0.07, -0.08, 0, 0, 0, 1
GPS, 1, 0, 0, 0, 99.99, 39.9202139, -105.1131312, 0.07, 1694.55, 0, 0, 0, 93996
ATT, 94037, 0, -1.22, 0, -0.3, 84.29, 84.29, 0, 0
RCIN, 94037, 900, 900, 900, 900, 900, 900, 900, 900, 0, 0, 0, 0, 0, 0
CTUN, 94046, 0, 0, 0, 0, 0.06, 0.08, 0, 0, 0, 1
ATT, 94136, 0, -1.22, 0, -0.3, 84.29, 84.29, 0, 0
RCIN, 94136, 900, 900, 900, 900, 900, 900, 900, 900, 0, 0, 0, 0, 0, 0
CTUN, 94146, 0, 0, 0, 0, 0.07, 0.11, 0, 0, 0, 1
GPS, 1, 0, 0, 0, 99.99, 39.9202139, -105.1131312, 0.07, 1694.55, 0, 0, 0, 94196
ATT, 94236, 0, -1.22, 0, -0.3, 84.29, 84.29, 0, 0
RCIN, 94236, 900, 900, 900, 900, 900, 900, 900, 900, 0, 0, 0, 0, 0, 0
CTUN, 94246, 0, 0, 0, 0, 0.07, 0.06, 0, 0, 0, 1
ATT, 94337, 0, -1.22, 0, -0.3, 84.29, 84.29, 0, 0
RCIN, 94337, 900, 900, 900, 900, 900, 900, 900, 900, 0, 0, 0, 0, 0, 0
CTUN, 94346, 0, 0, 0, 0, 0.07, 0.23, 0, 0, 0, 1
GPS, 1, 0, 0, 0, 99.99, 39.9202139, -105.1131312, 0.08, 1694.55, 0, 0, 0, 94396
ATT, 94436, 0, -1.22, 0, -0.3, 84.29, 84.29, 0, 0
RCIN, 94436, 900, 900, 900, 900, 900, 900, 900, 900, 0, 0, 0, 0, 0, 0
CTUN, 94446, 0, 0, 0, 0, 0.08, 0.09, 0, 0, 0, 1
DU32, 7, 663768
CURR, 94536, 0, 0, 0, 0, 5006, 0
ATT, 94537, 0, -1.22, 0, -0.3, 84.29, 84.29, 0, 0
RCIN, 94538, 900, 900, 900, 900, 900, 900, 900, 900, 0, 0, 0, 0, 0, 0
CTUN, 94546, 0, 0, 0, 0, 0.08, 0.04, 0, 0, 0, 1
GPS, 1, 0, 0, 0, 99.99, 39.9202139, -105.1131312, 0.08, 1694.55, 0, 0, 0, 94596
ATT, 94637, 0, -1.22, 0, -0.3, 84.29, 84.29, 0, 0
RCIN, 94637, 900, 900, 900, 900, 900, 900, 900, 900, 0, 0, 0, 0, 0, 0
CTUN, 94647, 0, 0, 0, 0, 0.08, 0.2, 0, 0, 0, 1
ATT, 94736, 0, -1.22, 0, -0.31, 84.29, 84.29, 0, 0
RCIN, 94736, 900, 900, 900, 900, 900, 900, 900, 900, 0, 0, 0, 0, 0, 0
CTUN, 94746, 0, 0, 0, 0, 0.09, 0, 0, 0, 0, 1
GPS, 1, 0, 0, 0, 99.99, 39.9202139, -105.1131312, 0.09, 1694.55, 0, 0, 0, 94796
ATT, 94836, 0, -1.22, 0, -0.31, 84.29, 84.29, 0, 0
RCIN, 94836, 900, 900, 900, 900, 900, 900, 900, 900, 0, 0, 0, 0, 0, 0
CTUN, 94846, 0, 0, 0, 0, 0.09, 0.08, 0, 0, 0, 1
ATT, 94936, 0, -1.22, 0, -0.31, 84.29, 84.29, 0, 0
RCIN, 94936, 900, 900, 900, 900, 900, 900, 900, 900, 0, 0, 0, 0, 0, 0
CTUN, 94946, 0, 0, 0, 0, 0.09, -0.08, 0, 0, 0, 1
GPS, 1, 0, 0, 0, 99.99, 39.9202139, -105.1131312, 0.09, 1694.55, 0, 0, 0, 94996
ATT, 95036, 0, -1.22, 0, -0.3, 84.29, 84.29, 0, 0
RCIN, 95037, 900, 900, 900, 900, 900, 900, 900, 900, 0, 0, 0, 0, 0, 0
CTUN, 95047, 0, 0, 0, 0, 0.08, -0.05, 0, 0, 0, 1
ATT, 95136, 0, -1.22, 0, -0.3, 84.28, 84.28, 0, 0
RCIN, 95136, 900, 900, 900, 900, 900, 900, 900, 900, 0, 0, 0, 0, 0, 0
CTUN, 95146, 0, 0, 0, 0, 0.08, 0.06, 0, 0, 0, 1
GPS, 1, 0, 0, 0, 99.99, 39.9202139, -105.1131312, 0.07, 1694.55, 0, 0, 0, 95196
ATT, 95236, 0, -1.22, 0, -0.3, 84.29, 84.29, 0, 0
RCIN, 95236, 900, 900, 900, 900, 900, 900, 900, 900, 0, 0, 0, 0, 0, 0
CTUN, 95246, 0, 0, 0, 0, 0.08, 0.12, 0, 0, 0, 1
ATT, 95336, 0, -1.23, 0, -0.3, 84.29, 84.29, 0, 0
RCIN, 95336, 900, 900, 900, 900, 900, 900, 900, 900, 0, 0, 0, 0, 0, 0
CTUN, 95346, 0, 0, 0, 0, 0.08, -0.06, 0, 0, 0, 1
GPS, 1, 0, 0, 0, 99.99, 39.9202139, -105.1131312, 0.08, 1694.55, 0, 0, 0, 95396
ATT, 95436, 0, -1.23, 0, -0.3, 84.28, 84.28, 0, 0
RCIN, 95437, 900, 900, 900, 900, 900, 900, 900, 900, 0, 0, 0, 0, 0, 0
CTUN, 95446, 0, 0, 0, 0, 0.07, 0.1, 0, 0, 0, 1
DU32, 7, 663768
CURR, 95536, 0, 0, 0, 0, 4984, 0
EV, 10
MODE, Stabilize, 450
ATT, 102968, 0, -1.18, 0, -0.15, 84.27, 84.27, 0, 0
RCIN, 102968, 900, 900, 900, 900, 900, 900, 900, 900, 0, 0, 0, 0, 0, 0
CTUN, 102977, 0, 0, 0, 0, 0, 0.19, 0, 0, 0, 0
GPS, 1, 0, 0, 0, 99.99, 39.9202139, -105.1131312, 0, 1694.55, 0, 0, 0, 103006
ATT, 103067, 0, -1.18, 0, -0.15, 84.28, 84.28, 0, 0
RCIN, 103067, 900, 900, 900, 900, 900, 900, 900, 900, 0, 0, 0, 0, 0, 0
CTUN, 103076, 0, 0, 0, 0, 0.01, 0.05, 0, 0, 0, 1
ATT, 103167, 0, -1.18, 0, -0.15, 84.28, 84.28, 0, 0
RCIN, 103167, 900, 900, 900, 900, 900, 900, 900, 900, 0, 0, 0, 0, 0, 0
CTUN, 103176, 0, 0, 0, 0, 0.01, 0.15, 0, 0, 0, 1
GPS, 1, 0, 0, 0, 99.99, 39.9202139, -105.1131312, 0.01, 1694.55, 0, 0, 0, 103206
ATT, 103266, 0, -1.18, 0, -0.16, 84.28, 84.28, 0, 0
RCIN, 103267, 900, 900, 900, 900, 900, 900, 900, 900, 0, 0, 0, 0, 0, 0
CTUN, 103276, 0, 0, 0, 0, 0.02, 0.06, 0, 0, 0, 1
ATT, 103367, 0, -1.18, 0, -0.16, 84.28, 84.28, 0, 0
RCIN, 103367, 900, 900, 900, 900, 900, 900, 900, 900, 0, 0, 0, 0, 0, 0
CTUN, 103376, 0, 0, 0, 0, 0.02, -0.01, 0, 0, 0, 1
GPS, 1, 0, 0, 0, 99.99, 39.9202139, -105.1131312, 0.02, 1694.55, 0, 0, 0, 103406
ATT, 103467, 0, -1.18, 0, -0.16, 84.28, 84.28, 0, 0
RCIN, 103467, 900, 900, 900, 900, 900, 900, 900, 900, 0, 0, 0, 0, 0, 0
CTUN, 103476, 0, 0, 0, 0, 0.02, 0.07, 0, 0, 0, 1
DU32, 7, 663768
CURR, 103567, 0, 0, 0, 0, 5028, 0
ATT, 103568, 0, -1.18, 0, -0.17, 84.28, 84.28, 0, 0
RCIN, 103568, 900, 900, 900, 900, 900, 900, 900, 900, 0, 0, 0, 0, 0, 0
CTUN, 103576, 0, 0, 0, 0, 0.03, 0.21, 0, 0, 0, 1
GPS, 1, 0, 0, 0, 99.99, 39.9202139, -105.1131312, 0.03, 1694.55, 0, 0, 0, 103606
ATT, 103667, 0, -1.18, 0, -0.17, 84.28, 84.28, 0, 0
RCIN, 103667, 900, 900, 900, 900, 900, 900, 900, 900, 0, 0, 0, 0, 0, 0
CTUN, 103676, 0, 0, 0, 0, 0.04, -0.05, 0, 0, 0, 1
ATT, 103767, 0, -1.18, 0, -0.18, 84.28, 84.28, 0, 0
RCIN, 103767, 900, 900, 900, 900, 900, 900, 900, 900, 0, 0, 0, 0, 0, 0
CTUN, 103776, 0, 0, 0, 0, 0.04, 0.04, 0, 0, 0, 1
GPS, 1, 0, 0, 0, 99.99, 39.9202139, -105.1131312, 0.04, 1694.55, 0, 0, 0, 103806
ATT, 103866, 0, -1.18, 0, -0.18, 84.28, 84.28, 0, 0
RCIN, 103867, 900, 900, 900, 900, 900, 900, 900, 900, 0, 0, 0, 0, 0, 0
CTUN, 103876, 0, 0, 0, 0, 0.04, 0.09, 0, 0, 0, 1
ATT, 103968, 0, -1.18, 0, -0.18, 84.28, 84.28, 0, 0
RCIN, 103968, 900, 900, 900, 900, 900, 900, 900, 900, 0, 0, 0, 0, 0, 0
CTUN, 103976, 0, 0, 0, 0, 0.04, 0.05, 0, 0, 0, 1
GPS, 1, 0, 0, 0, 99.99, 39.9202139, -105.1131312, 0.04, 1694.55, 0, 0, 0, 104006
ATT, 104066, 0, -1.18, 0, -0.19, 84.28, 84.28, 0, 0
RCIN, 104066, 900, 900, 900, 900, 900, 900, 900, 900, 0, 0, 0, 0, 0, 0
CTUN, 104076, 0, 0, 0, 0, 0.04, 0.11, 0, 0, 0, 1
ATT, 104167, 0, -1.18, 0, -0.19, 84.29, 84.29, 0, 0
RCIN, 104167, 900, 900, 900, 900, 900, 900, 900, 900, 0, 0, 0, 0, 0, 0
CTUN, 104176, 0, 0, 0, 0, 0.05, 0.03, 0, 0, 0, 1
GPS, 1, 0, 0, 0, 99.99, 39.9202139, -105.1131312, 0.05, 1694.55, 0, 0, 0, 104208
ATT, 104268, 0, -1.18, 0, -0.19, 84.28, 84.28, 0, 0
RCIN, 104268, 900, 900, 900, 900, 900, 900, 900, 900, 0, 0, 0, 0, 0, 0
CTUN, 104278, 0, 0, 0, 0, 0.05, 0.02, 0, 0, 0, 1
ATT, 104368, 0, -1.18, 0, -0.19, 84.28, 84.28, 0, 0
RCIN, 104368, 900, 900, 900, 900, 900, 900, 900, 900, 0, 0, 0, 0, 0, 0
CTUN, 104377, 0, 0, 0, 0, 0.05, 0.1, 0, 0, 0, 1
GPS, 1, 0, 0, 0, 99.99, 39.9202139, -105.1131312, 0.05, 1694.55, 0, 0, 0, 104406
ATT, 104469, 0, -1.18, 0, -0.19, 84.28, 84.28, 0, 0
RCIN, 104469, 900, 900, 900, 900, 900, 900, 900, 900, 0, 0, 0, 0, 0, 0
CTUN, 104478, 0, 0, 0, 0, 0.06, 0, 0, 0, 0, 1
DU32, 7, 663768
CURR, 104568, 0, 0, 0, 0, 5028, 0
ATT, 104569, 0, -1.18, 0, -0.2, 84.29, 84.29, 0, 0
RCIN, 104570, 900, 900, 900, 900, 900, 900, 900, 900, 0, 0, 0, 0, 0, 0
CTUN, 104578, 0, 0, 0, 0, 0.05, 0.28, 0, 0, 0, 1
GPS, 1, 0, 0, 0, 99.99, 39.9202139, -105.1131312, 0.06, 1694.55, 0, 0, 0, 104606
ATT, 104667, 0, -1.18, 0, -0.2, 84.29, 84.29, 0, 0
RCIN, 104668, 900, 900, 900, 900, 900, 900, 900, 900, 0, 0, 0, 0, 0, 0
CTUN, 104676, 0, 0, 0, 0, 0.07, 0, 0, 0, 0, 1
ATT, 104770, 0, -1.18, 0, -0.2, 84.29, 84.29, 0, 0
RCIN, 104770, 900, 900, 900, 900, 900, 900, 900, 900, 0, 0, 0, 0, 0, 0
CTUN, 104778, 0, 0, 0, 0, 0.07, 0.03, 0, 0, 0, 1
GPS, 1, 0, 0, 0, 99.99, 39.9202139, -105.1131312, 0.06, 1694.55, 0, 0, 0, 104807
ATT, 104867, 0, -1.18, 0, -0.21, 84.29, 84.29, 0, 0
RCIN, 104867, 900, 900, 900, 900, 900, 900, 900, 900, 0, 0, 0, 0, 0, 0
CTUN, 104877, 0, 0, 0, 0, 0.06, -0.11, 0, 0, 0, 1
ATT, 104969, 0, -1.18, 0, -0.22, 84.28, 84.28, 0, 0
RCIN, 104969, 900, 900, 900, 900, 900, 900, 900, 900, 0, 0, 0, 0, 0, 0
CTUN, 104978, 0, 0, 0, 0, 0.06, 0.03, 0, 0, 0, 1
GPS, 1, 0, 0, 0, 99.99, 39.9202139, -105.1131312, 0.05, 1694.55, 0, 0, 0, 105007
ATT, 105067, 0, -1.19, 0, -0.22, 84.28, 84.28, 0, 0
RCIN, 105068, 900, 900, 900, 900, 900, 900, 900, 900, 0, 0, 0, 0, 0, 0
CTUN, 105077, 0, 0, 0, 0, 0.05, 0.15, 0, 0, 0, 1
ATT, 105167, 0, -1.19, 0, -0.22, 84.29, 84.29, 0, 0
RCIN, 105168, 900, 900, 900, 900, 900, 900, 900, 900, 0, 0, 0, 0, 0, 0
CTUN, 105177, 0, 0, 0, 0, 0.06, 0.23, 0, 0, 0, 1
GPS, 1, 0, 0, 0, 99.99, 39.9202139, -105.1131312, 0.06, 1694.55, 0, 0, 0, 105206
ATT, 105268, 0, -1.18, 0, -0.22, 84.29, 84.29, 0, 0
RCIN, 105268, 900, 900, 900, 900, 900, 900, 900, 900, 0, 0, 0, 0, 0, 0
CTUN, 105278, 0, 0, 0, 0, 0.07, 0.07, 0, 0, 0, 1
ATT, 105368, 0, -1.19, 0, -0.22, 84.29, 84.29, 0, 0
RCIN, 105368, 900, 900, 900, 900, 900, 900, 900, 900, 0, 0, 0, 0, 0, 0
CTUN, 105377, 0, 0, 0, 0, 0.07, 0.08, 0, 0, 0, 1
GPS, 1, 0, 0, 0, 99.99, 39.9202139, -105.1131312, 0.07, 1694.55, 0, 0, 0, 105406
ATT, 105468, 0, -1.19, 0, -0.23, 84.29, 84.29, 0, 0
RCIN, 105468, 900, 900, 900, 900, 900, 900, 900, 900, 0, 0, 0, 0, 0, 0
CTUN, 105478, 0, 0, 0, 0, 0.08, 0.23, 0, 0, 0, 1
DU32, 7, 663768
CURR, 105568, 0, 0, 0, 0, 5006, 0
ATT, 105569, 0, -1.19, 0, -0.23, 84.29, 84.29, 0, 0
RCIN, 105569, 900, 900, 900, 900, 900, 900, 900, 900, 0, 0, 0, 0, 0, 0
CTUN, 105577, 0, 0, 0, 0, 0.09, -0.11, 0, 0, 0, 1
GPS, 1, 0, 0, 0, 99.99, 39.9202139, -105.1131312, 0.08, 1694.55, 0, 0, 0, 105606
ATT, 105667, 0, -1.19, 0, -0.23, 84.29, 84.29, 0, 0
RCIN, 105668, 900, 900, 900, 900, 900, 900, 900, 900, 0, 0, 0, 0, 0, 0
CTUN, 105677, 0, 0, 0, 0, 0.08, -0.05, 0, 0, 0, 1
ATT, 105769, 0, -1.19, 0, -0.23, 84.29, 84.29, 0, 0
RCIN, 105769, 900, 900, 900, 900, 900, 900, 900, 900, 0, 0, 0, 0, 0, 0
CTUN, 105778, 0, 0, 0, 0, 0.07, 0.07, 0, 0, 0, 1
GPS, 1, 0, 0, 0, 99.99, 39.9202139, -105.1131312, 0.07, 1694.55, 0, 0, 0, 105807
ATT, 105867, 0, -1.19, 0, -0.24, 84.29, 84.29, 0, 0
RCIN, 105868, 900, 900, 900, 900, 900, 900, 900, 900, 0, 0, 0, 0, 0, 0
CTUN, 105877, 0, 0, 0, 0, 0.07, 0.31, 0, 0, 0, 1
ATT, 105967, 0, -1.19, 0, -0.24, 84.29, 84.29, 0, 0
RCIN, 105967, 900, 900, 900, 900, 900, 900, 900, 900, 0, 0, 0, 0, 0, 0
CTUN, 105976, 0, 0, 0, 0, 0.09, 0.35, 0, 0, 0, 1
GPS, 1, 0, 0, 0, 99.99, 39.9202139, -105.1131312, 0.09, 1694.55, 0, 0, 0, 106007
ATT, 106067, 0, -1.19, 0, -0.24, 84.29, 84.29, 0, 0
RCIN, 106068, 900, 900, 900, 900, 900, 900, 900, 900, 0, 0, 0, 0, 0, 0
CTUN, 106077, 0, 0, 0, 0, 0.1, 0.17, 0, 0, 0, 1
ATT, 106168, 0, -1.19, 0, -0.24, 84.29, 84.29, 0, 0
RCIN, 106168, 900, 900, 900, 900, 900, 900, 900, 900, 0, 0, 0, 0, 0, 0
CTUN, 106176, 0, 0, 0, 0, 0.11, 0.17, 0, 0, 0, 2
GPS, 1, 0, 0, 0, 99.99, 39.9202139, -105.1131312, 0.11, 1694.55, 0, 0, 0, 106206
ATT, 106268, 0, -1.19, 0, -0.25, 84.29, 84.29, 0, 0
RCIN, 106268, 900, 900, 900, 900, 900, 900, 900, 900, 0, 0, 0, 0, 0, 0
CTUN, 106278, 0, 0, 0, 0, 0.12, 0.1, 0, 0, 0, 2
ATT, 106367, 0, -1.19, 0, -0.25, 84.29, 84.29, 0, 0
RCIN, 106368, 900, 900, 900, 900, 900, 900, 900, 900, 0, 0, 0, 0, 0, 0
CTUN, 106377, 0, 0, 0, 0, 0.12, 0.15, 0, 0, 0, 2
GPS, 1, 0, 0, 0, 99.99, 39.9202139, -105.1131312, 0.12, 1694.55, 0, 0, 0, 106406
ATT, 106467, 0, -1.19, 0, -0.25, 84.29, 84.29, 0, 0
RCIN, 106467, 900, 900, 900, 900, 900, 900, 900, 900, 0, 0, 0, 0, 0, 0
CTUN, 106476, 0, 0, 0, 0, 0.12, 0.17, 0, 0, 0, 2
DU32, 7, 663768
CURR, 106567, 0, 0, 0, 0, 5006, 0
ATT, 106569, 0, -1.19, 0, -0.25, 84.29, 84.29, 0, 0
RCIN, 106570, 900, 900, 900, 900, 900, 900, 900, 900, 0, 0, 0, 0, 0, 0
PM, 11, 1000, 39587, 10, 0, 0, 0
CTUN, 106577, 0, 0, 0, 0, 0.13, 0.12, 0, 0, 0, 2
GPS, 1, 0, 0, 0, 99.99, 39.9202139, -105.1131312, 0.13, 1694.55, 0, 0, 0, 106606
ATT, 106667, 0, -1.19, 0, -0.26, 84.29, 84.29, 0, 0
RCIN, 106667, 900, 900, 900, 900, 900, 900, 900, 900, 0, 0, 0, 0, 0, 0
CTUN, 106676, 0, 0, 0, 0, 0.13, -0.01, 0, 0, 0, 2
ATT, 106768, 0, -1.19, 0, -0.26, 84.29, 84.29, 0, 0
RCIN, 106769, 900, 900, 900, 900, 900, 900, 900, 900, 0, 0, 0, 0, 0, 0
CTUN, 106778, 0, 0, 0, 0, 0.12, 0.13, 0, 0, 0, 2
GPS, 1, 0, 0, 0, 99.99, 39.9202139, -105.1131312, 0.12, 1694.55, 0, 0, 0, 106807
ATT, 106867, 0, -1.19, 0, -0.26, 84.29, 84.29, 0, 0
RCIN, 106867, 900, 900, 900, 900, 900, 900, 900, 900, 0, 0, 0, 0, 0, 0
CTUN, 106877, 0, 0, 0, 0, 0.13, -0.13, 0, 0, 0, 2
ATT, 106967, 0, -1.2, 0, -0.26, 84.29, 84.29, 0, 0
RCIN, 106967, 900, 900, 900, 900, 900, 900, 900, 900, 0, 0, 0, 0, 0, 0
CTUN, 106976, 0, 0, 0, 0, 0.11, 0.14, 0, 0, 0, 1
GPS, 1, 0, 0, 0, 99.99, 39.9202139, -105.1131312, 0.11, 1694.55, 0, 0, 0, 107006
ATT, 107067, 0, -1.2, 0, -0.27, 84.29, 84.29, 0, 0
RCIN, 107067, 900, 900, 900, 900, 900, 900, 900, 900, 0, 0, 0, 0, 0, 0
CTUN, 107077, 0, 0, 0, 0, 0.12, 0.02, 0, 0, 0, 2
ATT, 107167, 0, -1.2, 0, -0.27, 84.29, 84.29, 0, 0
RCIN, 107167, 900, 900, 900, 900, 900, 900, 900, 900, 0, 0, 0, 0, 0, 0
CTUN, 107176, 0, 0, 0, 0, 0.11, -0.01, 0, 0, 0, 1
GPS, 1, 0, 0, 0, 99.99, 39.9202139, -105.1131312, 0.11, 1694.55, 0, 0, 0, 107206
ATT, 107268, 0, -1.2, 0, -0.27, 84.29, 84.29, 0, 0
RCIN, 107269, 900, 900, 900, 900, 900, 900, 900, 900, 0, 0, 0, 0, 0, 0
CTUN, 107278, 0, 0, 0, 0, 0.11, -0.16, 0, 0, 0, 1
ATT, 107367, 0, -1.2, 0, -0.28, 84.29, 84.29, 0, 0
RCIN, 107368, 900, 900, 900, 900, 900, 900, 900, 900, 0, 0, 0, 0, 0, 0
CTUN, 107377, 0, 0, 0, 0, 0.09, 0.08, 0, 0, 0, 1
GPS, 1, 0, 0, 0, 99.99, 39.9202139, -105.1131312, 0.09, 1694.55, 0, 0, 0, 107406
ATT, 107467, 0, -1.2, 0, -0.28, 84.29, 84.29, 0, 0
RCIN, 107467, 900, 900, 900, 900, 900, 900, 900, 900, 0, 0, 0, 0, 0, 0
CTUN, 107476, 0, 0, 0, 0, 0.09, 0.04, 0, 0, 0, 1
DU32, 7, 663768
CURR, 107567, 0, 0, 0, 0, 5028, 0
ATT, 107569, 0, -1.2, 0, -0.28, 84.29, 84.29, 0, 0
RCIN, 107570, 900, 900, 900, 900, 900, 900, 900, 900, 0, 0, 0, 0, 0, 0
CTUN, 107577, 0, 0, 0, 0, 0.09, 0.27, 0, 0, 0, 1
GPS, 1, 0, 0, 0, 99.99, 39.9202139, -105.1131312, 0.09, 1694.55, 0, 0, 0, 107606
ATT, 107667, 0, -1.2, 0, -0.28, 84.29, 84.29, 0, 0
RCIN, 107667, 900, 900, 900, 900, 900, 900, 900, 900, 0, 0, 0, 0, 0, 0
CTUN, 107676, 0, 0, 0, 0, 0.1, 0.23, 0, 0, 0, 1
ATT, 107769, 0, -1.2, 0, -0.28, 84.29, 84.29, 0, 0
RCIN, 107770, 900, 900, 900, 900, 900, 900, 900, 900, 0, 0, 0, 0, 0, 0
CTUN, 107778, 0, 0, 0, 0, 0.11, -0.04, 0, 0, 0, 1
GPS, 1, 0, 0, 0, 99.99, 39.9202139, -105.1131312, 0.11, 1694.55, 0, 0, 0, 107807
ATT, 107867, 0, -1.2, 0, -0.29, 84.29, 84.29, 0, 0
RCIN, 107868, 900, 900, 900, 900, 900, 900, 900, 900, 0, 0, 0, 0, 0, 0
CTUN, 107877, 0, 0, 0, 0, 0.11, 0.08, 0, 0, 0, 1
ATT, 107967, 0, -1.2, 0, -0.29, 84.29, 84.29, 0, 0
RCIN, 107967, 900, 900, 900, 900, 900, 900, 900, 900, 0, 0, 0, 0, 0, 0
CTUN, 107977, 0, 0, 0, 0, 0.1, 0.15, 0, 0, 0, 1
GPS, 1, 0, 0, 0, 99.99, 39.9202139, -105.1131312, 0.11, 1694.55, 0, 0, 0, 108006
ATT, 108067, 0, -1.2, 0, -0.29, 84.29, 84.29, 0, 0
RCIN, 108067, 900, 900, 900, 900, 900, 900, 900, 900, 0, 0, 0, 0, 0, 0
CTUN, 108077, 0, 0, 0, 0, 0.11, 0.02, 0, 0, 0, 1
ATT, 108167, 0, -1.19, 0, -0.3, 84.29, 84.29, 0, 0
RCIN, 108168, 900, 900, 900, 900, 900, 900, 900, 900, 0, 0, 0, 0, 0, 0
CTUN, 108177, 0, 0, 0, 0, 0.11, 0.14, 0, 0, 0, 1
GPS, 1, 0, 0, 0, 99.99, 39.9202139, -105.1131312, 0.11, 1694.55, 0, 0, 0, 108206
ATT, 108266, 0, -1.19, 0, -0.3, 84.29, 84.29, 0, 0
RCIN, 108267, 900, 900, 900, 900, 900, 900, 900, 900, 0, 0, 0, 0, 0, 0
CTUN, 108277, 0, 0, 0, 0, 0.11, -0.04, 0, 0, 0, 1
ATT, 108368, 0, -1.19, 0, -0.3, 84.29, 84.29, 0, 0
RCIN, 108368, 900, 900, 900, 900, 900, 900, 900, 900, 0, 0, 0, 0, 0, 0
CTUN, 108378, 0, 0, 0, 0, 0.1, 0.08, 0, 0, 0, 1
GPS, 1, 0, 0, 0, 99.99, 39.9202139, -105.1131312, 0.1, 1694.55, 0, 0, 0, 108406
ATT, 108466, 0, -1.2, 0, -0.3, 84.29, 84.29, 0, 0
RCIN, 108467, 900, 900, 900, 900, 900, 900, 900, 900, 0, 0, 0, 0, 0, 0
CTUN, 108476, 0, 0, 0, 0, 0.1, 0.14, 0, 0, 0, 1
DU32, 7, 663768
CURR, 108567, 0, 0, 0, 0, 5006, 0
ATT, 108569, 0, -1.2, 0, -0.31, 84.29, 84.29, 0, 0
RCIN, 108569, 900, 900, 900, 900, 900, 900, 900, 900, 0, 0, 0, 0, 0, 0
CTUN, 108578, 0, 0, 0, 0, 0.1, 0.13, 0, 0, 0, 1
GPS, 1, 0, 0, 0, 99.99, 39.9202139, -105.1131312, 0.1, 1694.55, 0, 0, 0, 108606
ATT, 108666, 0, -1.19, 0, -0.31, 84.29, 84.29, 0, 0
RCIN, 108667, 900, 900, 900, 900, 900, 900, 900, 900, 0, 0, 0, 0, 0, 0
CTUN, 108676, 0, 0, 0, 0, 0.11, 0.23, 0, 0, 0, 1
ATT, 108767, 0, -1.2, 0, -0.31, 84.29, 84.29, 0, 0
RCIN, 108767, 900, 900, 900, 900, 900, 900, 900, 900, 0, 0, 0, 0, 0, 0
CTUN, 108776, 0, 0, 0, 0, 0.11, 0.16, 0, 0, 0, 1
GPS, 1, 0, 0, 0, 99.99, 39.9202139, -105.1131312, 0.12, 1694.55, 0, 0, 0, 108807
ATT, 108867, 0, -1.2, 0, -0.32, 84.29, 84.29, 0, 0
RCIN, 108867, 900, 900, 900, 900, 900, 900, 900, 900, 0, 0, 0, 0, 0, 0
CTUN, 108877, 0, 0, 0, 0, 0.12, -0.21, 0, 0, 0, 1
ATT, 108967, 0, -1.19, 0, -0.32, 84.29, 84.29, 0, 0
RCIN, 108968, 900, 900, 900, 900, 900, 900, 900, 900, 0, 0, 0, 0, 0, 0
CTUN, 108976, 0, 0, 0, 0, 0.1, 0.04, 0, 0, 0, 0
GPS, 1, 0, 0, 0, 99.99, 39.9202139, -105.1131312, 0.1, 1694.55, 0, 0, 0, 109006
ATT, 109067, 0, -1.19, 0, -0.32, 84.29, 84.29, 0, 0
RCIN, 109067, 900, 900, 900, 900, 900, 900, 900, 900, 0, 0, 0, 0, 0, 0
CTUN, 109077, 0, 0, 0, 0, 0.1, 0.09, 0, 0, 0, 0
ATT, 109168, 0, -1.19, 0, -0.32, 84.29, 84.29, 0, 0
RCIN, 109168, 900, 900, 900, 900, 900, 900, 900, 900, 0, 0, 0, 0, 0, 0
CTUN, 109176, 0, 0, 0, 0, 0.1, 0.27, 0, 0, 0, 0
GPS, 1, 0, 0, 0, 99.99, 39.9202139, -105.1131312, 0.1, 1694.55, 0, 0, 0, 109206
ATT, 109267, 0, -1.19, 0, -0.32, 84.29, 84.29, 0, 0
RCIN, 109267, 900, 900, 900, 900, 900, 900, 900, 900, 0, 0, 0, 0, 0, 0
CTUN, 109276, 0, 0, 0, 0, 0.11, 0.23, 0, 0, 0, 1
ATT, 109367, 0, -1.2, 0, -0.32, 84.29, 84.29, 0, 0
RCIN, 109367, 900, 900, 900, 900, 900, 900, 900, 900, 0, 0, 0, 0, 0, 0
CTUN, 109377, 0, 0, 0, 0, 0.12, 0.34, 0, 0, 0, 1
GPS, 1, 0, 0, 0, 99.99, 39.9202139, -105.1131312, 0.12, 1694.55, 0, 0, 0, 109406
ATT, 109467, 0, -1.2, 0, -0.32, 84.29, 84.29, 0, 0
RCIN, 109467, 900, 900, 900, 900, 900, 900, 900, 900, 0, 0, 0, 0, 0, 0
CTUN, 109476, 0, 0, 0, 0, 0.13, 0, 0, 0, 0, 1
DU32, 7, 663768
CURR, 109567, 0, 0, 0, 0, 5006, 0
ATT, 109569, 0, -1.2, 0, -0.32, 84.29, 84.29, 0, 0
RCIN, 109569, 900, 900, 900, 900, 900, 900, 900, 900, 0, 0, 0, 0, 0, 0
CTUN, 109577, 0, 0, 0, 0, 0.13, 0, 0, 0, 0, 1
GPS, 1, 0, 0, 0, 99.99, 39.9202139, -105.1131312, 0.12, 1694.55, 0, 0, 0, 109606
ATT, 109666, 0, -1.2, 0, -0.33, 84.29, 84.29, 0, 0
RCIN, 109667, 900, 900, 900, 900, 900, 900, 900, 900, 0, 0, 0, 0, 0, 0
CTUN, 109676, 0, 0, 0, 0, 0.12, 0.19, 0, 0, 0, 1
ATT, 109767, 0, -1.2, 0, -0.33, 84.29, 84.29, 0, 0
RCIN, 109767, 900, 900, 900, 900, 900, 900, 900, 900, 0, 0, 0, 0, 0, 0
CTUN, 109776, 0, 0, 0, 0, 0.13, 0, 0, 0, 0, 1
GPS, 1, 0, 0, 0, 99.99, 39.9202139, -105.1131312, 0.12, 1694.55, 0, 0, 0, 109806
ATT, 109867, 0, -1.2, 0, -0.33, 84.29, 84.29, 0, 0
RCIN, 109867, 900, 900, 900, 900, 900, 900, 900, 900, 0, 0, 0, 0, 0, 0
CTUN, 109876, 0, 0, 0, 0, 0.12, 0.08, 0, 0, 0, 1
ATT, 109968, 0, -1.2, 0, -0.34, 84.29, 84.29, 0, 0
RCIN, 109968, 900, 900, 900, 900, 900, 900, 900, 900, 0, 0, 0, 0, 0, 0
CTUN, 109976, 0, 0, 0, 0, 0.12, 0.2, 0, 0, 0, 1
GPS, 1, 0, 0, 0, 99.99, 39.9202139, -105.1131312, 0.12, 1694.55, 0, 0, 0, 110006
ATT, 110066, 0, -1.2, 0, -0.34, 84.29, 84.29, 0, 0
RCIN, 110067, 900, 900, 900, 900, 900, 900, 900, 900, 0, 0, 0, 0, 0, 0
CTUN, 110077, 0, 0, 0, 0, 0.12, 0.12, 0, 0, 0, 1
ATT, 110167, 0, -1.2, 0, -0.34, 84.29, 84.29, 0, 0
RCIN, 110167, 900, 900, 900, 900, 900, 900, 900, 900, 0, 0, 0, 0, 0, 0
CTUN, 110176, 0, 0, 0, 0, 0.12, 0.04, 0, 0, 0, 1
GPS, 1, 0, 0, 0, 99.99, 39.9202139, -105.1131312, 0.12, 1694.55, 0, 0, 0, 110206
ATT, 110267, 0, -1.2, 0, -0.34, 84.29, 84.29, 0, 0
RCIN, 110267, 900, 900, 900, 900, 900, 900, 900, 900, 0, 0, 0, 0, 0, 0
CTUN, 110276, 0, 0, 0, 0, 0.12, 0.08, 0, 0, 0, 1
ATT, 110368, 0, -1.2, 0, -0.34, 84.29, 84.29, 0, 0
RCIN, 110368, 900, 900, 900, 900, 900, 900, 900, 900, 0, 0, 0, 0, 0, 0
CTUN, 110377, 0, 0, 0, 0, 0.12, 0, 0, 0, 0, 1
GPS, 1, 0, 0, 0, 99.99, 39.9202139, -105.1131312, 0.12, 1694.55, 0, 0, 0, 110406
ATT, 110466, 0, -1.2, 0, -0.35, 84.29, 84.29, 0, 0
RCIN, 110467, 900, 900, 900, 900, 900, 900, 900, 900, 0, 0, 0, 0, 0, 0
CTUN, 110476, 0, 0, 0, 0, 0.11, 0.04, 0, 0, 0, 1
DU32, 7, 663768
CURR, 110566, 0, 0, 0, 0, 5006, 0
ATT, 110568, 0, -1.2, 0, -0.35, 84.28, 84.28, 0, 0
RCIN, 110568, 900, 900, 900, 900, 900, 900, 900, 900, 0, 0, 0, 0, 0, 0
CTUN, 110577, 0, 0, 0, 0, 0.11, -0.08, 0, 0, 0, 0
GPS, 1, 0, 0, 0, 99.99, 39.9202139, -105.1131312, 0.11, 1694.55, 0, 0, 0, 110606
ATT, 110667, 0, -1.2, 0, -0.35, 84.28, 84.28, 0, 0
RCIN, 110667, 900, 900, 900, 900, 900, 900, 900, 900, 0, 0, 0, 0, 0, 0
CTUN, 110676, 0, 0, 0, 0, 0.1, 0.13, 0, 0, 0, 0
ATT, 110767, 0, -1.2, 0, -0.35, 84.28, 84.28, 0, 0
RCIN, 110767, 900, 900, 900, 900, 900, 900, 900, 900, 0, 0, 0, 0, 0, 0
CTUN, 110776, 0, 0, 0, 0, 0.1, 0.26, 0, 0, 0, 0
GPS, 1, 0, 0, 0, 99.99, 39.9202139, -105.1131312, 0.1, 1694.55, 0, 0, 0, 110807
ATT, 110867, 0, -1.2, 0, -0.36, 84.29, 84.29, 0, 0
RCIN, 110867, 900, 900, 900, 900, 900, 900, 900, 900, 0, 0, 0, 0, 0, 0
CTUN, 110876, 0, 0, 0, 0, 0.11, 0.02, 0, 0, 0, 1
ATT, 110967, 0, -1.2, 0, -0.36, 84.29, 84.29, 0, 0
RCIN, 110967, 900, 900, 900, 900, 900, 900, 900, 900, 0, 0, 0, 0, 0, 0
CTUN, 110976, 0, 0, 0, 0, 0.11, 0.37, 0, 0, 0, 1
GPS, 1, 0, 0, 0, 99.99, 39.9202139, -105.1131312, 0.11, 1694.55, 0, 0, 0, 111007
ATT, 111067, 0, -1.2, 0, -0.36, 84.29, 84.29, 0, 0
RCIN, 111067, 900, 900, 900, 900, 900, 900, 900, 900, 0, 0, 0, 0, 0, 0
CTUN, 111076, 0, 0, 0, 0, 0.12, 0.02, 0, 0, 0, 1
ATT, 111167, 0, -1.2, 0, -0.36, 84.29, 84.29, 0, 0
RCIN, 111167, 900, 900, 900, 900, 900, 900, 900, 900, 0, 0, 0, 0, 0, 0
CTUN, 111176, 0, 0, 0, 0, 0.12, 0.19, 0, 0, 0, 1
GPS, 1, 0, 0, 0, 99.99, 39.9202139, -105.1131312, 0.12, 1694.55, 0, 0, 0, 111206
ATT, 111267, 0, -1.2, 0, -0.36, 84.29, 84.29, 0, 0
RCIN, 111267, 900, 900, 900, 900, 900, 900, 900, 900, 0, 0, 0, 0, 0, 0
CTUN, 111276, 0, 0, 0, 0, 0.13, 0.2, 0, 0, 0, 1
ATT, 111367, 0, -1.2, 0, -0.36, 84.29, 84.29, 0, 0
RCIN, 111367, 900, 900, 900, 900, 900, 900, 900, 900, 0, 0, 0, 0, 0, 0
CTUN, 111376, 0, 0, 0, 0, 0.13, 0.26, 0, 0, 0, 1
GPS, 1, 0, 0, 0, 99.99, 39.9202139, -105.1131312, 0.13, 1694.55, 0, 0, 0, 111406
ATT, 111466, 0, -1.2, 0, -0.37, 84.29, 84.29, 0, 0
RCIN, 111467, 900, 900, 900, 900, 900, 900, 900, 900, 0, 0, 0, 0, 0, 0
CTUN, 111476, 0, 0, 0, 0, 0.14, -0.01, 0, 0, 0, 1
DU32, 7, 663768
CURR, 111566, 0, 0, 0, 0, 5006, 0
ATT, 111567, 0, -1.2, 0, -0.37, 84.29, 84.29, 0, 0
RCIN, 111568, 900, 900, 900, 900, 900, 900, 900, 900, 0, 0, 0, 0, 0, 0
CTUN, 111576, 0, 0, 0, 0, 0.13, 0.35, 0, 0, 0, 1
GPS, 1, 0, 0, 0, 99.99, 39.9202139, -105.1131312, 0.14, 1694.55, 0, 0, 0, 111606
ATT, 111666, 0, -1.2, 0, -0.37, 84.29, 84.29, 0, 0
RCIN, 111667, 900, 900, 900, 900, 900, 900, 900, 900, 0, 0, 0, 0, 0, 0
CTUN, 111676, 0, 0, 0, 0, 0.15, -0.1, 0, 0, 0, 1
ATT, 111767, 0, -1.2, 0, -0.38, 84.29, 84.29, 0, 0
RCIN, 111768, 900, 900, 900, 900, 900, 900, 900, 900, 0, 0, 0, 0, 0, 0
CTUN, 111776, 0, 0, 0, 0, 0.14, 0.04, 0, 0, 0, 1
GPS, 1, 0, 0, 0, 99.99, 39.9202139, -105.1131312, 0.13, 1694.55, 0, 0, 0, 111806
ATT, 111866, 0, -1.21, 0, -0.38, 84.29, 84.29, 0, 0
RCIN, 111867, 900, 900, 900, 900, 900, 900, 900, 900, 0, 0, 0, 0, 0, 0
CTUN, 111876, 0, 0, 0, 0, 0.13, 0.1, 0, 0, 0, 1
ATT, 111967, 0, -1.21, 0, -0.38, 84.29, 84.29, 0, 0
RCIN, 111968, 900, 900, 900, 900, 900, 900, 900, 900, 0, 0, 0, 0, 0, 0
CTUN, 111976, 0, 0, 0, 0, 0.13, 0.14, 0, 0, 0, 1
GPS, 1, 0, 0, 0, 99.99, 39.9202139, -105.1131312, 0.13, 1694.55, 0, 0, 0, 112006
ATT, 112067, 0, -1.21, 0, -0.38, 84.28, 84.28, 0, 0
RCIN, 112067, 900, 900, 900, 900, 900, 900, 900, 900, 0, 0, 0, 0, 0, 0
CTUN, 112076, 0, 0, 0, 0, 0.13, 0.29, 0, 0, 0, 1
ATT, 112167, 0, -1.21, 0, -0.38, 84.28, 84.28, 0, 0
RCIN, 112167, 900, 900, 900, 900, 900, 900, 900, 900, 0, 0, 0, 0, 0, 0
CTUN, 112176, 0, 0, 0, 0, 0.14, 0.21, 0, 0, 0, 1
GPS, 1, 0, 0, 0, 99.99, 39.9202139, -105.1131312, 0.15, 1694.55, 0, 0, 0, 112206
ATT, 112266, 0, -1.21, 0, -0.39, 84.29, 84.29, 0, 0
RCIN, 112267, 900, 900, 900, 900, 900, 900, 900, 900, 0, 0, 0, 0, 0, 0
CTUN, 112276, 0, 0, 0, 0, 0.15, 0.1, 0, 0, 0, 1
ATT, 112367, 0, -1.21, 0, -0.39, 84.29, 84.29, 0, 0
RCIN, 112368, 900, 900, 900, 900, 900, 900, 900, 900, 0, 0, 0, 0, 0, 0
CTUN, 112376, 0, 0, 0, 0, 0.15, -0.02, 0, 0, 0, 2
GPS, 1, 0, 0, 0, 99.99, 39.9202139, -105.1131312, 0.15, 1694.55, 0, 0, 0, 112406
ATT, 112466, 0, -1.21, 0, -0.39, 84.29, 84.29, 0, 0
RCIN, 112467, 900, 900, 900, 900, 900, 900, 900, 900, 0, 0, 0, 0, 0, 0
CTUN, 112476, 0, 0, 0, 0, 0.14, 0, 0, 0, 0, 1
DU32, 7, 663768
CURR, 112566, 0, 0, 0, 0, 5006, 0
ATT, 112567, 0, -1.21, 0, -0.4, 84.28, 84.28, 0, 0
RCIN, 112568, 900, 900, 900, 900, 900, 900, 900, 900, 0, 0, 0, 0, 0, 0
CTUN, 112576, 0, 0, 0, 0, 0.14, 0.24, 0, 0, 0, 1
GPS, 1, 0, 0, 0, 99.99, 39.9202139, -105.1131312, 0.14, 1694.55, 0, 0, 0, 112606
ATT, 112667, 0, -1.21, 0, -0.4, 84.28, 84.28, 0, 0
RCIN, 112668, 900, 900, 900, 900, 900, 900, 900, 900, 0, 0, 0, 0, 0, 0
CTUN, 112676, 0, 0, 0, 0, 0.14, 0.34, 0, 0, 0, 1
ATT, 112767, 0, -1.21, 0, -0.4, 84.29, 84.29, 0, 0
RCIN, 112767, 900, 900, 900, 900, 900, 900, 900, 900, 0, 0, 0, 0, 0, 0
CTUN, 112776, 0, 0, 0, 0, 0.15, 0.05, 0, 0, 0, 2
GPS, 1, 0, 0, 0, 99.99, 39.9202139, -105.1131312, 0.16, 1694.55, 0, 0, 0, 112806
ATT, 112867, 0, -1.21, 0, -0.4, 84.29, 84.29, 0, 0
RCIN, 112868, 900, 900, 900, 900, 900, 900, 900, 900, 0, 0, 0, 0, 0, 0
CTUN, 112876, 0, 0, 0, 0, 0.15, 0.1, 0, 0, 0, 2
ATT, 112967, 0, -1.21, 0, -0.41, 84.29, 84.29, 0, 0
RCIN, 112967, 900, 900, 900, 900, 900, 900, 900, 900, 0, 0, 0, 0, 0, 0
CTUN, 112976, 0, 0, 0, 0, 0.15, 0.15, 0, 0, 0, 1
GPS, 1, 0, 0, 0, 99.99, 39.9202139, -105.1131312, 0.15, 1694.55, 0, 0, 0, 113006
ATT, 113067, 0, -1.21, 0, -0.41, 84.29, 84.29, 0, 0
RCIN, 113067, 900, 900, 900, 900, 900, 900, 900, 900, 0, 0, 0, 0, 0, 0
CTUN, 113077, 0, 0, 0, 0, 0.15, -0.03, 0, 0, 0, 2
ATT, 113167, 0, -1.21, 0, -0.41, 84.29, 84.29, 0, 0
RCIN, 113168, 900, 900, 900, 900, 900, 900, 900, 900, 0, 0, 0, 0, 0, 0
CTUN, 113176, 0, 0, 0, 0, 0.14, 0.42, 0, 0, 0, 1
GPS, 1, 0, 0, 0, 99.99, 39.9202139, -105.1131312, 0.15, 1694.55, 0, 0, 0, 113206
ATT, 113266, 0, -1.21, 0, -0.41, 84.29, 84.29, 0, 0
RCIN, 113267, 900, 900, 900, 900, 900, 900, 900, 900, 0, 0, 0, 0, 0, 0
CTUN, 113276, 0, 0, 0, 0, 0.16, -0.07, 0, 0, 0, 1
ATT, 113367, 0, -1.21, 0, -0.41, 84.29, 84.29, 0, 0
RCIN, 113367, 900, 900, 900, 900, 900, 900, 900, 900, 0, 0, 0, 0, 0, 0
CTUN, 113376, 0, 0, 0, 0, 0.15, 0.07, 0, 0, 0, 1
GPS, 1, 0, 0, 0, 99.99, 39.9202139, -105.1131312, 0.15, 1694.55, 0, 0, 0, 113406
ATT, 113467, 0, -1.21, 0, -0.41, 84.29, 84.29, 0, 0
RCIN, 113467, 900, 900, 900, 900, 900, 900, 900, 900, 0, 0, 0, 0, 0, 0
CTUN, 113476, 0, 0, 0, 0, 0.15, 0.11, 0, 0, 0, 1
DU32, 7, 663768
CURR, 113566, 0, 0, 0, 0, 4984, 0
ATT, 113567, 0, -1.21, 0, -0.41, 84.29, 84.29, 0, 0
RCIN, 113568, 900, 900, 900, 900, 900, 900, 900, 900, 0, 0, 0, 0, 0, 0
CTUN, 113576, 0, 0, 0, 0, 0.15, 0.11, 0, 0, 0, 1
GPS, 1, 0, 0, 0, 99.99, 39.9202139, -105.1131312, 0.15, 1694.55, 0, 0, 0, 113606
ATT, 113666, 0, -1.22, 0, -0.42, 84.29, 84.29, 0, 0
RCIN, 113667, 900, 900, 900, 900, 900, 900, 900, 900, 0, 0, 0, 0, 0, 0
CTUN, 113676, 0, 0, 0, 0, 0.15, 0.11, 0, 0, 0, 1
ATT, 113768, 0, -1.22, 0, -0.42, 84.29, 84.29, 0, 0
RCIN, 113768, 900, 900, 900, 900, 900, 900, 900, 900, 0, 0, 0, 0, 0, 0
CTUN, 113776, 0, 0, 0, 0, 0.15, 0.21, 0, 0, 0, 1
GPS, 1, 0, 0, 0, 99.99, 39.9202139, -105.1131312, 0.15, 1694.55, 0, 0, 0, 113806
ATT, 113866, 0, -1.22, 0, -0.42, 84.29, 84.29, 0, 0
RCIN, 113867, 900, 900, 900, 900, 900, 900, 900, 900, 0, 0, 0, 0, 0, 0
CTUN, 113876, 0, 0, 0, 0, 0.15, 0.21, 0, 0, 0, 1
ATT, 113967, 0, -1.22, 0, -0.42, 84.29, 84.29, 0, 0
RCIN, 113967, 900, 900, 900, 900, 900, 900, 900, 900, 0, 0, 0, 0, 0, 0
CTUN, 113976, 0, 0, 0, 0, 0.16, 0.18, 0, 0, 0, 1
GPS, 1, 0, 0, 0, 99.99, 39.9202139, -105.1131312, 0.16, 1694.55, 0, 0, 0, 114006
ATT, 114066, 0, -1.22, 0, -0.42, 84.29, 84.29, 0, 0
RCIN, 114067, 900, 900, 900, 900, 900, 900, 900, 900, 0, 0, 0, 0, 0, 0
CTUN, 114076, 0, 0, 0, 0, 0.16, 0.01, 0, 0, 0, 1
ATT, 114167, 0, -1.22, 0, -0.42, 84.29, 84.29, 0, 0
RCIN, 114167, 900, 900, 900, 900, 900, 900, 900, 900, 0, 0, 0, 0, 0, 0
CTUN, 114176, 0, 0, 0, 0, 0.15, 0.13, 0, 0, 0, 1
GPS, 1, 0, 0, 0, 99.99, 39.9202139, -105.1131312, 0.15, 1694.55, 0, 0, 0, 114206
ATT, 114266, 0, -1.22, 0, -0.43, 84.29, 84.29, 0, 0
RCIN, 114267, 900, 900, 900, 900, 900, 900, 900, 900, 0, 0, 0, 0, 0, 0
CTUN, 114276, 0, 0, 0, 0, 0.15, 0.07, 0, 0, 0, 1
ATT, 114368, 0, -1.22, 0, -0.43, 84.29, 84.29, 0, 0
RCIN, 114368, 900, 900, 900, 900, 900, 900, 900, 900, 0, 0, 0, 0, 0, 0
CTUN, 114376, 0, 0, 0, 0, 0.15, 0.33, 0, 0, 0, 1
GPS, 1, 0, 0, 0, 99.99, 39.9202139, -105.1131312, 0.15, 1694.55, 0, 0, 0, 114406
ATT, 114466, 0, -1.22, 0, -0.43, 84.29, 84.29, 0, 0
RCIN, 114467, 900, 900, 900, 900, 900, 900, 900, 900, 0, 0, 0, 0, 0, 0
CTUN, 114476, 0, 0, 0, 0, 0.16, 0.14, 0, 0, 0, 1
DU32, 7, 663768
CURR, 114566, 0, 0, 0, 0, 5006, 0
ATT, 114567, 0, -1.22, 0, -0.44, 84.29, 84.29, 0, 0
RCIN, 114568, 900, 900, 900, 900, 900, 900, 900, 900, 0, 0, 0, 0, 0, 0
CTUN, 114576, 0, 0, 0, 0, 0.16, 0.3, 0, 0, 0, 1
GPS, 1, 0, 0, 0, 99.99, 39.9202139, -105.1131312, 0.17, 1694.55, 0, 0, 0, 114606
ATT, 114666, 0, -1.22, 0, -0.44, 84.29, 84.29, 0, 0
RCIN, 114667, 900, 900, 900, 900, 900, 900, 900, 900, 0, 0, 0, 0, 0, 0
CTUN, 114676, 0, 0, 0, 0, 0.17, 0.09, 0, 0, 0, 1
ATT, 114767, 0, -1.22, 0, -0.44, 84.29, 84.29, 0, 0
RCIN, 114768, 900, 900, 900, 900, 900, 900, 900, 900, 0, 0, 0, 0, 0, 0
CTUN, 114776, 0, 0, 0, 0, 0.17, 0.14, 0, 0, 0, 1
GPS, 1, 0, 0, 0, 99.99, 39.9202139, -105.1131312, 0.17, 1694.55, 0, 0, 0, 114806
ATT, 114867, 0, -1.22, 0, -0.44, 84.29, 84.29, 0, 0
RCIN, 114867, 900, 900, 900, 900, 900, 900, 900, 900, 0, 0, 0, 0, 0, 0
CTUN, 114876, 0, 0, 0, 0, 0.17, 0.25, 0, 0, 0, 1
ATT, 114967, 0, -1.23, 0, -0.44, 84.29, 84.29, 0, 0
RCIN, 114967, 900, 900, 900, 900, 900, 900, 900, 900, 0, 0, 0, 0, 0, 0
CTUN, 114976, 0, 0, 0, 0, 0.18, -0.08, 0, 0, 0, 2
GPS, 1, 0, 0, 0, 99.99, 39.9202139, -105.1131312, 0.17, 1694.55, 0, 0, 0, 115006
ATT, 115066, 0, -1.23, 0, -0.44, 84.29, 84.29, 0, 0
RCIN, 115067, 900, 900, 900, 900, 900, 900, 900, 900, 0, 0, 0, 0, 0, 0
CTUN, 115076, 0, 0, 0, 0, 0.16, 0.28, 0, 0, 0, 1
ATT, 115167, 0, -1.23, 0, -0.45, 84.29, 84.29, 0, 0
RCIN, 115168, 900, 900, 900, 900, 900, 900, 900, 900, 0, 0, 0, 0, 0, 0
CTUN, 115176, 0, 0, 0, 0, 0.17, 0.15, 0, 0, 0, 1
GPS, 1, 0, 0, 0, 99.99, 39.9202139, -105.1131312, 0.17, 1694.55, 0, 0, 0, 115206
ATT, 115266, 0, -1.23, 0, -0.45, 84.28, 84.28, 0, 0
RCIN, 115267, 900, 900, 900, 900, 900, 900, 900, 900, 0, 0, 0, 0, 0, 0
CTUN, 115276, 0, 0, 0, 0, 0.17, 0.17, 0, 0, 0, 1
ATT, 115367, 0, -1.23, 0, -0.45, 84.29, 84.29, 0, 0
RCIN, 115368, 900, 900, 900, 900, 900, 900, 900, 900, 0, 0, 0, 0, 0, 0
CTUN, 115376, 0, 0, 0, 0, 0.17, 0.06, 0, 0, 0, 1
GPS, 1, 0, 0, 0, 99.99, 39.9202139, -105.1131312, 0.17, 1694.55, 0, 0, 0, 115406
ATT, 115467, 0, -1.23, 0, -0.45, 84.29, 84.29, 0, 0
RCIN, 115467, 900, 900, 900, 900, 900, 900, 900, 900, 0, 0, 0, 0, 0, 0
CTUN, 115476, 0, 0, 0, 0, 0.17, -0.1, 0, 0, 0, 1
DU32, 7, 663768
CURR, 115566, 0, 0, 0, 0, 5006, 0
ATT, 115567, 0, -1.24, 0, -0.45, 84.29, 84.29, 0, 0
RCIN, 115568, 900, 900, 900, 900, 900, 900, 900, 900, 0, 0, 0, 0, 0, 0
CTUN, 115576, 0, 0, 0, 0, 0.16, 0.14, 0, 0, 0, 1
GPS, 1, 0, 0, 0, 99.99, 39.9202139, -105.1131312, 0.16, 1694.55, 0, 0, 0, 115606
ATT, 115666, 0, -1.24, 0, -0.45, 84.29, 84.29, 0, 0
RCIN, 115667, 900, 900, 900, 900, 900, 900, 900, 900, 0, 0, 0, 0, 0, 0
CTUN, 115676, 0, 0, 0, 0, 0.16, 0.06, 0, 0, 0, 1
ATT, 115768, 0, -1.24, 0, -0.46, 84.29, 84.29, 0, 0
RCIN, 115768, 900, 900, 900, 900, 900, 900, 900, 900, 0, 0, 0, 0, 0, 0
CTUN, 115776, 0, 0, 0, 0, 0.15, 0.04, 0, 0, 0, 1
GPS, 1, 0, 0, 0, 99.99, 39.9202139, -105.1131312, 0.15, 1694.55, 0, 0, 0, 115806
ATT, 115867, 0, -1.24, 0, -0.46, 84.29, 84.29, 0, 0
RCIN, 115867, 900, 900, 900, 900, 900, 900, 900, 900, 0, 0, 0, 0, 0, 0
CTUN, 115876, 0, 0, 0, 0, 0.15, 0.11, 0, 0, 0, 1
ATT, 115968, 0, -1.24, 0, -0.46, 84.29, 84.29, 0, 0
RCIN, 115968, 900, 900, 900, 900, 900, 900, 900, 900, 0, 0, 0, 0, 0, 0
CTUN, 115976, 0, 0, 0, 0, 0.15, 0.06, 0, 0, 0, 1
GPS, 1, 0, 0, 0, 99.99, 39.9202139, -105.1131312, 0.14, 1694.55, 0, 0, 0, 116006
ATT, 116066, 0, -1.24, 0, -0.47, 84.29, 84.29, 0, 0
RCIN, 116067, 900, 900, 900, 900, 900, 900, 900, 900, 0, 0, 0, 0, 0, 0
CTUN, 116076, 0, 0, 0, 0, 0.14, 0.25, 0, 0, 0, 1
ATT, 116167, 0, -1.24, 0, -0.47, 84.29, 84.29, 0, 0
RCIN, 116167, 900, 900, 900, 900, 900, 900, 900, 900, 0, 0, 0, 0, 0, 0
CTUN, 116177, 0, 0, 0, 0, 0.15, 0.11, 0, 0, 0, 1
GPS, 1, 0, 0, 0, 99.99, 39.9202139, -105.1131312, 0.15, 1694.55, 0, 0, 0, 116206
ATT, 116267, 0, -1.24, 0, -0.47, 84.29, 84.29, 0, 0
RCIN, 116267, 900, 900, 900, 900, 900, 900, 900, 900, 0, 0, 0, 0, 0, 0
CTUN, 116276, 0, 0, 0, 0, 0.15, 0.33, 0, 0, 0, 1
ATT, 116367, 0, -1.24, 0, -0.47, 84.29, 84.29, 0, 0
RCIN, 116367, 900, 900, 900, 900, 900, 900, 900, 900, 0, 0, 0, 0, 0, 0
CTUN, 116378, 0, 0, 0, 0, 0.16, -0.11, 0, 0, 0, 1
GPS, 1, 0, 0, 0, 99.99, 39.9202139, -105.1131312, 0.16, 1694.55, 0, 0, 0, 116406
ATT, 116467, 0, -1.24, 0, -0.47, 84.29, 84.29, 0, 0
RCIN, 116467, 900, 900, 900, 900, 900, 900, 900, 900, 0, 0, 0, 0, 0, 0
CTUN, 116476, 0, 0, 0, 0, 0.15, 0.21, 0, 0, 0, 1
DU32, 7, 663768
CURR, 116566, 0, 0, 0, 0, 5006, 0
ATT, 116568, 0, -1.24, 0, -0.48, 84.29, 84.29, 0, 0
RCIN, 116568, 900, 900, 900, 900, 900, 900, 900, 900, 0, 0, 0, 0, 0, 0
PM, 22, 1000, 11674, 10, 0, 0, 0
CTUN, 116576, 0, 0, 0, 0, 0.15, 0.39, 0, 0, 0, 1
GPS, 1, 0, 0, 0, 99.99, 39.9202139, -105.1131312, 0.15, 1694.55, 0, 0, 0, 116606
ATT, 116666, 0, -1.24, 0, -0.48, 84.29, 84.29, 0, 0
RCIN, 116666, 900, 900, 900, 900, 900, 900, 900, 900, 0, 0, 0, 0, 0, 0
CTUN, 116676, 0, 0, 0, 0, 0.16, 0.15, 0, 0, 0, 1
ATT, 116767, 0, -1.24, 0, -0.48, 84.29, 84.29, 0, 0
RCIN, 116767, 900, 900, 900, 900, 900, 900, 900, 900, 0, 0, 0, 0, 0, 0
CTUN, 116776, 0, 0, 0, 0, 0.17, 0.33, 0, 0, 0, 1
GPS, 1, 0, 0, 0, 99.99, 39.9202139, -105.1131312, 0.17, 1694.55, 0, 0, 0, 116806
ATT, 116866, 0, -1.25, 0, -0.48, 84.29, 84.29, 0, 0
RCIN, 116867, 900, 900, 900, 900, 900, 900, 900, 900, 0, 0, 0, 0, 0, 0
CTUN, 116876, 0, 0, 0, 0, 0.18, -0.05, 0, 0, 0, 1
ATT, 116967, 0, -1.25, 0, -0.48, 84.29, 84.29, 0, 0
RCIN, 116967, 900, 900, 900, 900, 900, 900, 900, 900, 0, 0, 0, 0, 0, 0
CTUN, 116976, 0, 0, 0, 0, 0.17, 0.11, 0, 0, 0, 1
GPS, 1, 0, 0, 0, 99.99, 39.9202139, -105.1131312, 0.16, 1694.55, 0, 0, 0, 117025
ATT, 117066, 0, -1.25, 0, -0.49, 84.29, 84.29, 0, 0
RCIN, 117067, 900, 900, 900, 900, 900, 900, 900, 900, 0, 0, 0, 0, 0, 0
CTUN, 117076, 0, 0, 0, 0, 0.16, 0.07, 0, 0, 0, 1
ATT, 117167, 0, -1.25, 0, -0.49, 84.29, 84.29, 0, 0
RCIN, 117167, 900, 900, 900, 900, 900, 900, 900, 900, 0, 0, 0, 0, 0, 0
CTUN, 117176, 0, 0, 0, 0, 0.16, 0.23, 0, 0, 0, 1
GPS, 1, 0, 0, 0, 99.99, 39.9202139, -105.1131312, 0.16, 1694.55, 0, 0, 0, 117207
ATT, 117266, 0, -1.25, 0, -0.49, 84.29, 84.29, 0, 0
RCIN, 117267, 900, 900, 900, 900, 900, 900, 900, 900, 0, 0, 0, 0, 0, 0
CTUN, 117276, 0, 0, 0, 0, 0.16, 0.03, 0, 0, 0, 1
ATT, 117366, 0, -1.25, 0, -0.49, 84.29, 84.29, 0, 0
RCIN, 117367, 900, 900, 900, 900, 900, 900, 900, 900, 0, 0, 0, 0, 0, 0
CTUN, 117376, 0, 0, 0, 0, 0.16, 0.15, 0, 0, 0, 1
GPS, 1, 0, 0, 0, 99.99, 39.9202139, -105.1131312, 0.16, 1694.55, 0, 0, 0, 117425
ATT, 117466, 0, -1.25, 0, -0.49, 84.29, 84.29, 0, 0
RCIN, 117466, 900, -27229, -32640, 18009, 21581, 16896, 28226, 23118, 0, 0, 0, 0, 0, 21504
FMT, 129, 23, PARM, Nf, Name,Value
FMT, 130, 45, GPS, BIHBcLLeeEefI, Status,TimeMS,Week,NSats,HDop,Lat,Lng,RelAlt,Alt,Spd,GCrs,VZ,T
FMT, 131, 31, IMU, Iffffff, TimeMS,GyrX,GyrY,GyrZ,AccX,AccY,AccZ
